<!doctype html public "-//w3c//dtd html 4.0 transitional//en">
<html><head>
<title>Static Call Graph - [.\out_585\rcu_585.axf]</title></head>
<body><HR>
<H1>Static Call Graph for image .\out_585\rcu_585.axf</H1><HR>
<BR><P>#&#060CALLGRAPH&#062# ARM Linker, 5060960: Last Updated: Sat Mar 18 14:20:40 2023
<BR><P>
<H3>Maximum Stack Usage =        536 bytes + Unknown(Cycles, Untraceable Function Pointers)</H3><H3>
Call chain for Maximum Stack Depth:</H3>
app_con_fsm_init &rArr; port_alt_pair_init &rArr; multi_bond_clear_eeprom &rArr; nv_prom_write_data &rArr; app_spi_flash_write_random_page_data &rArr; spi_flash_block_erase_no_wait &rArr; spi_flash_set_write_enable &rArr; spi_flash_wait_till_ready &rArr; spi_flash_read_status_reg &rArr; spi_transaction &rArr; spi_access
<P>
<H3>
Mutually Recursive functions
</H3> <LI><a href="#[3]">SVC_Handler</a>&nbsp;&nbsp;&nbsp;&rArr;&nbsp;&nbsp;&nbsp;<a href="#[3]">SVC_Handler</a><BR>
 <LI><a href="#[4]">PendSV_Handler</a>&nbsp;&nbsp;&nbsp;&rArr;&nbsp;&nbsp;&nbsp;<a href="#[4]">PendSV_Handler</a><BR>
 <LI><a href="#[c]">ADC_Handler</a>&nbsp;&nbsp;&nbsp;&rArr;&nbsp;&nbsp;&nbsp;<a href="#[c]">ADC_Handler</a><BR>
 <LI><a href="#[301]">app_leds_update_state</a>&nbsp;&nbsp;&nbsp;&rArr;&nbsp;&nbsp;&nbsp;<a href="#[239]">app_leds_ramp</a><BR>
 <LI><a href="#[241]">user_action_triggered</a>&nbsp;&nbsp;&nbsp;&rArr;&nbsp;&nbsp;&nbsp;<a href="#[22c]">app_con_fsm_state_update</a><BR>
</UL>
<P>
<H3>
Function Pointers
</H3><UL>
 <LI><a href="#[c]">ADC_Handler</a> from boot_vectors.o(.text) referenced from boot_vectors.o(RESET)
 <LI><a href="#[e]">BLE_RF_DIAG_Handler</a> from rwble.o(.text) referenced from boot_vectors.o(RESET)
 <LI><a href="#[6]">BLE_WAKEUP_LP_Handler</a> from rwble.o(.text) referenced from boot_vectors.o(RESET)
 <LI><a href="#[7d]">DCoffsetCalibration_func</a> from da14585_symbols.txt(ABSOLUTE) referenced from jump_table.o(.constdata)
 <LI><a href="#[1a]">DMA_Handler</a> from dma.o(.text) referenced from boot_vectors.o(RESET)
 <LI><a href="#[23]">DMA_callback</a> from pdm_mic.o(.text) referenced from pdm_mic.o(.text)
 <LI><a href="#[10]">GPIO0_Handler</a> from gpio.o(.text) referenced from boot_vectors.o(RESET)
 <LI><a href="#[11]">GPIO1_Handler</a> from gpio.o(.text) referenced from boot_vectors.o(RESET)
 <LI><a href="#[12]">GPIO2_Handler</a> from gpio.o(.text) referenced from boot_vectors.o(RESET)
 <LI><a href="#[13]">GPIO3_Handler</a> from gpio.o(.text) referenced from boot_vectors.o(RESET)
 <LI><a href="#[14]">GPIO4_Handler</a> from gpio.o(.text) referenced from boot_vectors.o(RESET)
 <LI><a href="#[2]">HardFault_Handler</a> from boot_vectors.o(.text) referenced from boot_vectors.o(RESET)
 <LI><a href="#[22]">HardFault_HandlerC</a> from hardfault_handler.o(.text) referenced from boot_vectors.o(.text)
 <LI><a href="#[a]">I2C_Handler</a> from boot_vectors.o(.text) referenced from boot_vectors.o(RESET)
 <LI><a href="#[d]">KEYBRD_Handler</a> from port_kbd.o(.text) referenced from boot_vectors.o(RESET)
 <LI><a href="#[1]">NMI_Handler</a> from boot_vectors.o(.text) referenced from boot_vectors.o(RESET)
 <LI><a href="#[21]">NMI_HandlerC</a> from nmi_handler.o(.text) referenced from boot_vectors.o(.text)
 <LI><a href="#[106]">PATCHED_atts_mtu_exc_req</a> from patch.o(.text) referenced from patch.o(.constdata)
 <LI><a href="#[17]">PCM_Handler</a> from boot_vectors.o(.text) referenced from boot_vectors.o(RESET)
 <LI><a href="#[70]">PK_PointMult_func</a> from da14585_symbols.txt(ABSOLUTE) referenced from jump_table.o(.constdata)
 <LI><a href="#[4]">PendSV_Handler</a> from boot_vectors.o(.text) referenced from boot_vectors.o(RESET)
 <LI><a href="#[7e]">PllLF_IFF_MIX_CapCalibration_func</a> from da14585_symbols.txt(ABSOLUTE) referenced from jump_table.o(.constdata)
 <LI><a href="#[29]">RADIOCNTL_Handler</a> from rf_585.o(.text) referenced from rf_585.o(.text)
 <LI><a href="#[1b]">RESERVED21_Handler</a> from boot_vectors.o(.text) referenced from boot_vectors.o(RESET)
 <LI><a href="#[1c]">RESERVED22_Handler</a> from boot_vectors.o(.text) referenced from boot_vectors.o(RESET)
 <LI><a href="#[1d]">RESERVED23_Handler</a> from boot_vectors.o(.text) referenced from boot_vectors.o(RESET)
 <LI><a href="#[f]">RFCAL_Handler</a> from boot_vectors.o(.text) referenced from boot_vectors.o(RESET)
 <LI><a href="#[0]">Reset_Handler</a> from boot_vectors.o(.text) referenced from boot_vectors.o(RESET)
 <LI><a href="#[b]">SPI_Handler</a> from boot_vectors.o(.text) referenced from boot_vectors.o(RESET)
 <LI><a href="#[18]">SRCIN_Handler</a> from pdm.o(.text) referenced from boot_vectors.o(RESET)
 <LI><a href="#[19]">SRCOUT_Handler</a> from pdm.o(.text) referenced from boot_vectors.o(RESET)
 <LI><a href="#[3]">SVC_Handler</a> from boot_vectors.o(.text) referenced from boot_vectors.o(RESET)
 <LI><a href="#[15]">SWTIM_Handler</a> from timer0.o(.text) referenced from boot_vectors.o(RESET)
 <LI><a href="#[5]">SysTick_Handler</a> from systick.o(.text) referenced from boot_vectors.o(RESET)
 <LI><a href="#[1f]">SystemInit</a> from system_armcm0.o(.text) referenced from boot_vectors.o(.text)
 <LI><a href="#[9]">UART2_Handler</a> from uart2.o(.text) referenced from boot_vectors.o(RESET)
 <LI><a href="#[8]">UART_Handler</a> from da14585_symbols.txt(ABSOLUTE) referenced from boot_vectors.o(RESET)
 <LI><a href="#[3b]">UART_Handler_func</a> from da14585_symbols.txt(ABSOLUTE) referenced from jump_table.o(.constdata)
 <LI><a href="#[16]">WKUP_QUADEC_Handler</a> from wkupct_quadec.o(.text) referenced from boot_vectors.o(RESET)
 <LI><a href="#[20]">__main</a> from entry.o(.ARM.Collect$$$$00000000) referenced from boot_vectors.o(.text)
 <LI><a href="#[e1]">app_audio_init</a> from app_audio.o(.text) referenced from user_modules.o(.constdata)
 <LI><a href="#[c8]">app_bass_alert_timer_handler</a> from app_bass_task.o(.text) referenced from app_bass_task.o(.constdata)
 <LI><a href="#[b2]">app_bass_create_db</a> from app_bass.o(.text) referenced 2 times from app.o(.constdata)
 <LI><a href="#[b3]">app_bass_enable</a> from app_bass.o(.text) referenced 2 times from app.o(.constdata)
 <LI><a href="#[d2]">app_bass_process_handler</a> from app_bass_task.o(.text) referenced from app_entry_point.o(.constdata)
 <LI><a href="#[c7]">app_bass_timer_handler</a> from app_bass_task.o(.text) referenced from app_bass_task.o(.constdata)
 <LI><a href="#[f0]">app_con_fsm_handle_adv_notification</a> from app_con_fsm.o(.text) referenced from app_adv_fsm.o(.constdata)
 <LI><a href="#[d5]">app_con_fsm_init</a> from app_con_fsm.o(.text) referenced from user_modules.o(.constdata)
 <LI><a href="#[d7]">app_con_fsm_on_ble_powered</a> from app_con_fsm.o(.text) referenced from user_modules.o(.constdata)
 <LI><a href="#[d6]">app_con_fsm_on_disconnect</a> from app_con_fsm.o(.text) referenced from user_modules.o(.constdata)
 <LI><a href="#[d8]">app_con_fsm_on_system_powered</a> from app_con_fsm.o(.text) referenced from user_modules.o(.constdata)
 <LI><a href="#[ef]">app_custs1_create_db</a> from app_customs.o(.text) referenced from user_custs_config.o(.constdata)
 <LI><a href="#[d4]">app_custs1_process_handler</a> from app_customs_task.o(.text) referenced from app_entry_point.o(.constdata)
 <LI><a href="#[b1]">app_diss_create_db</a> from app_diss.o(.text) referenced 2 times from app.o(.constdata)
 <LI><a href="#[d1]">app_diss_process_handler</a> from app_diss_task.o(.text) referenced from app_entry_point.o(.constdata)
 <LI><a href="#[c3]">app_entry_point_handler</a> from app_entry_point.o(.text) referenced from app_task.o(.constdata)
 <LI><a href="#[ce]">app_gap_process_handler</a> from app_task.o(.text) referenced from app_entry_point.o(.constdata)
 <LI><a href="#[de]">app_hid_report_init</a> from app_hid_report.o(.text) referenced from user_modules.o(.constdata)
 <LI><a href="#[e0]">app_hid_report_on_system_powered</a> from app_hid_report.o(.text) referenced from user_modules.o(.constdata)
 <LI><a href="#[b4]">app_hogpd_create_db</a> from app_hogpd.o(.text) referenced from app.o(.constdata)
 <LI><a href="#[b5]">app_hogpd_enable</a> from app_hogpd.o(.text) referenced from app.o(.constdata)
 <LI><a href="#[da]">app_kbd_init</a> from app_kbd.o(.text) referenced from user_modules.o(.constdata)
 <LI><a href="#[d9]">app_kbd_init_scan_gpios</a> from app_kbd.o(.text) referenced from user_modules.o(.constdata)
 <LI><a href="#[dc]">app_kbd_on_ble_powered</a> from app_kbd.o(.text) referenced from user_modules.o(.constdata)
 <LI><a href="#[dd]">app_kbd_on_system_powered</a> from app_kbd.o(.text) referenced from user_modules.o(.constdata)
 <LI><a href="#[db]">app_kbd_stop_reporting</a> from app_kbd.o(.text) referenced from user_modules.o(.constdata)
 <LI><a href="#[ed]">app_leds_init</a> from app_leds.o(.text) referenced from user_modules.o(.constdata)
 <LI><a href="#[ec]">app_leds_init_gpios</a> from app_leds.o(.text) referenced from user_modules.o(.constdata)
 <LI><a href="#[2e]">app_leds_ramp_callback_function</a> from app_leds.o(.text) referenced from app_leds.o(.text)
 <LI><a href="#[f9]">app_leds_timer_1_handler</a> from app_leds.o(.text) referenced from port_leds.o(.constdata)
 <LI><a href="#[fa]">app_leds_timer_2_handler</a> from app_leds.o(.text) referenced from port_leds.o(.constdata)
 <LI><a href="#[d0]">app_msg_utils_api_process_handler</a> from app_easy_msg_utils.o(.text) referenced from app_entry_point.o(.constdata)
 <LI><a href="#[e8]">app_spi_flash_power_down</a> from app_flash.o(.text) referenced from user_modules.o(.constdata)
 <LI><a href="#[e5]">app_stream_init</a> from app_stream.o(.text) referenced from user_modules.o(.constdata)
 <LI><a href="#[e7]">app_stream_queue_data</a> from app_stream.o(.text) referenced from user_modules.o(.constdata)
 <LI><a href="#[e6]">app_stream_stop</a> from app_stream.o(.text) referenced from user_modules.o(.constdata)
 <LI><a href="#[b6]">app_suotar_create_db</a> from app_suotar.o(.text) referenced from app.o(.constdata)
 <LI><a href="#[d3]">app_suotar_process_handler</a> from app_suotar_task.o(.text) referenced from app_entry_point.o(.constdata)
 <LI><a href="#[cf]">app_timer_api_process_handler</a> from app_easy_timer.o(.text) referenced from app_entry_point.o(.constdata)
 <LI><a href="#[e9]">app_touchpad_init</a> from app_touchpad.o(.text) referenced from user_modules.o(.constdata)
 <LI><a href="#[6d]">attc_l2cc_pdu_recv_handler_func</a> from da14585_symbols.txt(ABSOLUTE) referenced from jump_table.o(.constdata)
 <LI><a href="#[6c]">atts_l2cc_pdu_recv_handler_func</a> from da14585_symbols.txt(ABSOLUTE) referenced from jump_table.o(.constdata)
 <LI><a href="#[107]">atts_mtu_exc_req</a> from da14585_symbols.txt(ABSOLUTE) referenced from patch.o(.constdata)
 <LI><a href="#[f8]">audio_mic_callback</a> from port_audio.o(.text) referenced from port_audio.o(.constdata)
 <LI><a href="#[7b]">ba431_get_rand_func</a> from jump_table.o(.text) referenced from jump_table.o(.constdata)
 <LI><a href="#[c6]">bass_batt_level_ntf_cfg_ind_handler</a> from app_bass_task.o(.text) referenced from app_bass_task.o(.constdata)
 <LI><a href="#[87]">bass_batt_level_upd_req_handler</a> from bass_task.o(.text) referenced from bass_task.o(.constdata)
 <LI><a href="#[c5]">bass_batt_level_upd_rsp_handler</a> from app_bass_task.o(.text) referenced from app_bass_task.o(.constdata)
 <LI><a href="#[85]">bass_cleanup</a> from bass.o(.text) referenced from bass.o(.constdata)
 <LI><a href="#[84]">bass_create</a> from bass.o(.text) referenced from bass.o(.constdata)
 <LI><a href="#[83]">bass_destroy</a> from bass.o(.text) referenced from bass.o(.constdata)
 <LI><a href="#[86]">bass_enable_req_handler</a> from bass_task.o(.text) referenced from bass_task.o(.constdata)
 <LI><a href="#[c4]">bass_enable_rsp_handler</a> from app_bass_task.o(.text) referenced from app_bass_task.o(.constdata)
 <LI><a href="#[82]">bass_init</a> from bass.o(.text) referenced from bass.o(.constdata)
 <LI><a href="#[6e]">crypto_init_func</a> from jump_table.o(.text) referenced from jump_table.o(.constdata)
 <LI><a href="#[8f]">custs1_cleanup</a> from custs1.o(.text) referenced from custs1.o(.constdata)
 <LI><a href="#[8e]">custs1_create</a> from custs1.o(.text) referenced from custs1.o(.constdata)
 <LI><a href="#[8d]">custs1_destroy</a> from custs1.o(.text) referenced from custs1.o(.constdata)
 <LI><a href="#[8c]">custs1_init</a> from custs1.o(.text) referenced from custs1.o(.constdata)
 <LI><a href="#[95]">custs1_val_ind_req_handler</a> from custs1_task.o(.text) referenced from custs1_task.o(.constdata)
 <LI><a href="#[93]">custs1_val_ntf_req_handler</a> from custs1_task.o(.text) referenced from custs1_task.o(.constdata)
 <LI><a href="#[94]">custs1_val_set_req_handler</a> from custs1_task.o(.text) referenced from custs1_task.o(.constdata)
 <LI><a href="#[63]">dbg_init_func_empty</a> from jump_table.o(.text) referenced from jump_table.o(.constdata)
 <LI><a href="#[64]">dbg_platform_reset_complete_func_empty</a> from jump_table.o(.text) referenced from jump_table.o(.constdata)
 <LI><a href="#[79]">dia_rand_func</a> from jump_table.o(.text) referenced from jump_table.o(.constdata)
 <LI><a href="#[7a]">dia_srand_func</a> from jump_table.o(.text) referenced from jump_table.o(.constdata)
 <LI><a href="#[99]">diss_cleanup</a> from diss.o(.text) referenced from diss.o(.constdata)
 <LI><a href="#[98]">diss_create</a> from diss.o(.text) referenced from diss.o(.constdata)
 <LI><a href="#[97]">diss_destroy</a> from diss.o(.text) referenced from diss.o(.constdata)
 <LI><a href="#[96]">diss_init</a> from diss.o(.text) referenced from diss.o(.constdata)
 <LI><a href="#[9a]">diss_set_value_req_handler</a> from diss_task.o(.text) referenced from diss_task.o(.constdata)
 <LI><a href="#[9c]">diss_value_cfm_handler</a> from diss_task.o(.text) referenced from diss_task.o(.constdata)
 <LI><a href="#[c9]">diss_value_req_ind_handler</a> from app_diss_task.o(.text) referenced from app_diss_task.o(.constdata)
 <LI><a href="#[ba]">gapc_cmp_evt_handler</a> from app_task.o(.text) referenced from app_task.o(.constdata)
 <LI><a href="#[bb]">gapc_connection_req_ind_handler</a> from app_task.o(.text) referenced from app_task.o(.constdata)
 <LI><a href="#[bc]">gapc_disconnect_ind_handler</a> from app_task.o(.text) referenced from app_task.o(.constdata)
 <LI><a href="#[bd]">gapc_get_dev_info_req_ind_handler</a> from app_task.o(.text) referenced from app_task.o(.constdata)
 <LI><a href="#[c2]">gapc_le_pkt_size_ind_handler</a> from app_task.o(.text) referenced from app_task.o(.constdata)
 <LI><a href="#[6b]">gapc_lecb_connect_cfm_handler_func</a> from da14585_symbols.txt(ABSOLUTE) referenced from jump_table.o(.constdata)
 <LI><a href="#[c1]">gapc_param_update_req_ind_handler</a> from app_task.o(.text) referenced from app_task.o(.constdata)
 <LI><a href="#[be]">gapc_set_dev_info_req_ind_handler</a> from app_task.o(.text) referenced from app_task.o(.constdata)
 <LI><a href="#[c0]">gapm_adv_report_ind_handler</a> from app_task.o(.text) referenced from app_task.o(.constdata)
 <LI><a href="#[b9]">gapm_cmp_evt_handler</a> from app_task.o(.text) referenced from app_task.o(.constdata)
 <LI><a href="#[b8]">gapm_device_ready_ind_handler</a> from app_task.o(.text) referenced from app_task.o(.constdata)
 <LI><a href="#[bf]">gapm_profile_added_ind_handler</a> from app_task.o(.text) referenced from app_task.o(.constdata)
 <LI><a href="#[88]">gattc_att_info_req_ind_handler</a> from bass_task.o(.text) referenced 2 times from bass_task.o(.constdata)
 <LI><a href="#[8b]">gattc_cmp_evt_handler</a> from bass_task.o(.text) referenced 3 times from bass_task.o(.constdata)
 <LI><a href="#[8a]">gattc_read_req_ind_handler</a> from bass_task.o(.text) referenced 5 times from bass_task.o(.constdata)
 <LI><a href="#[89]">gattc_write_req_ind_handler</a> from bass_task.o(.text) referenced 4 times from bass_task.o(.constdata)
 <LI><a href="#[3d]">gtl_eif_init_func</a> from da14585_symbols.txt(ABSOLUTE) referenced from jump_table.o(.constdata)
 <LI><a href="#[3f]">gtl_eif_read_hdr_func</a> from da14585_symbols.txt(ABSOLUTE) referenced from jump_table.o(.constdata)
 <LI><a href="#[40]">gtl_eif_read_payl_func</a> from da14585_symbols.txt(ABSOLUTE) referenced from jump_table.o(.constdata)
 <LI><a href="#[3e]">gtl_eif_read_start_func</a> from da14585_symbols.txt(ABSOLUTE) referenced from jump_table.o(.constdata)
 <LI><a href="#[42]">gtl_eif_rx_done_func</a> from da14585_symbols.txt(ABSOLUTE) referenced from jump_table.o(.constdata)
 <LI><a href="#[41]">gtl_eif_tx_done_func</a> from da14585_symbols.txt(ABSOLUTE) referenced from jump_table.o(.constdata)
 <LI><a href="#[3c]">gtl_init_func</a> from da14585_symbols.txt(ABSOLUTE) referenced from jump_table.o(.constdata)
 <LI><a href="#[43]">h4tl_init_func</a> from da14585_symbols.txt(ABSOLUTE) referenced from jump_table.o(.constdata)
 <LI><a href="#[48]">h4tl_out_of_sync_func</a> from da14585_symbols.txt(ABSOLUTE) referenced from jump_table.o(.constdata)
 <LI><a href="#[45]">h4tl_read_hdr_func</a> from da14585_symbols.txt(ABSOLUTE) referenced from jump_table.o(.constdata)
 <LI><a href="#[47]">h4tl_read_next_out_of_sync_func</a> from da14585_symbols.txt(ABSOLUTE) referenced from jump_table.o(.constdata)
 <LI><a href="#[46]">h4tl_read_payl_func</a> from da14585_symbols.txt(ABSOLUTE) referenced from jump_table.o(.constdata)
 <LI><a href="#[44]">h4tl_read_start_func</a> from da14585_symbols.txt(ABSOLUTE) referenced from jump_table.o(.constdata)
 <LI><a href="#[4a]">h4tl_rx_done_func</a> from da14585_symbols.txt(ABSOLUTE) referenced from jump_table.o(.constdata)
 <LI><a href="#[49]">h4tl_tx_done_func</a> from da14585_symbols.txt(ABSOLUTE) referenced from jump_table.o(.constdata)
 <LI><a href="#[65]">hci_rd_local_supp_feats_cmd_handler_func</a> from da14585_symbols.txt(ABSOLUTE) referenced from jump_table.o(.constdata)
 <LI><a href="#[a0]">hogpd_cleanup</a> from hogpd.o(.text) referenced from hogpd.o(.constdata)
 <LI><a href="#[9f]">hogpd_create</a> from hogpd.o(.text) referenced from hogpd.o(.constdata)
 <LI><a href="#[9e]">hogpd_destroy</a> from hogpd.o(.text) referenced from hogpd.o(.constdata)
 <LI><a href="#[a1]">hogpd_enable_req_handler</a> from hogpd_task.o(.text) referenced from hogpd_task.o(.constdata)
 <LI><a href="#[9d]">hogpd_init</a> from hogpd.o(.text) referenced from hogpd.o(.constdata)
 <LI><a href="#[a4]">hogpd_proto_mode_cfm_handler</a> from hogpd_task.o(.text) referenced from hogpd_task.o(.constdata)
 <LI><a href="#[a3]">hogpd_report_cfm_handler</a> from hogpd_task.o(.text) referenced from hogpd_task.o(.constdata)
 <LI><a href="#[a2]">hogpd_report_upd_req_handler</a> from hogpd_task.o(.text) referenced from hogpd_task.o(.constdata)
 <LI><a href="#[4b]">ke_task_init_func</a> from da14585_symbols.txt(ABSOLUTE) referenced from jump_table.o(.constdata)
 <LI><a href="#[4c]">ke_timer_init_func</a> from da14585_symbols.txt(ABSOLUTE) referenced from jump_table.o(.constdata)
 <LI><a href="#[69]">l2c_process_sdu_func</a> from da14585_symbols.txt(ABSOLUTE) referenced from jump_table.o(.constdata)
 <LI><a href="#[68]">l2c_send_lecb_message_func</a> from da14585_symbols.txt(ABSOLUTE) referenced from jump_table.o(.constdata)
 <LI><a href="#[66]">l2cc_pdu_pack_func</a> from da14585_symbols.txt(ABSOLUTE) referenced from jump_table.o(.constdata)
 <LI><a href="#[6a]">l2cc_pdu_recv_ind_handler_func</a> from da14585_symbols.txt(ABSOLUTE) referenced from jump_table.o(.constdata)
 <LI><a href="#[67]">l2cc_pdu_unpack_func</a> from da14585_symbols.txt(ABSOLUTE) referenced from jump_table.o(.constdata)
 <LI><a href="#[75]">llc_le_length_conn_init_func</a> from da14585_symbols.txt(ABSOLUTE) referenced from jump_table.o(.constdata)
 <LI><a href="#[74]">llc_le_length_effective_func</a> from da14585_symbols.txt(ABSOLUTE) referenced from jump_table.o(.constdata)
 <LI><a href="#[78]">llc_pdu_send_func</a> from da14585_symbols.txt(ABSOLUTE) referenced from jump_table.o(.constdata)
 <LI><a href="#[77]">lld_data_tx_check_func</a> from da14585_symbols.txt(ABSOLUTE) referenced from jump_table.o(.constdata)
 <LI><a href="#[76]">lld_data_tx_prog_func</a> from da14585_symbols.txt(ABSOLUTE) referenced from jump_table.o(.constdata)
 <LI><a href="#[54]">lld_sleep_compensate_func</a> from rwble.o(.text) referenced from jump_table.o(.constdata)
 <LI><a href="#[55]">lld_sleep_init_func</a> from arch_system.o(.text) referenced from jump_table.o(.constdata)
 <LI><a href="#[57]">lld_sleep_lpcycles_2_us_sel_func</a> from arch_system.o(.text) referenced from jump_table.o(.constdata)
 <LI><a href="#[56]">lld_sleep_us_2_lpcycles_sel_func</a> from arch_system.o(.text) referenced from jump_table.o(.constdata)
 <LI><a href="#[5a]">lld_test_mode_rx_func</a> from da14585_symbols.txt(ABSOLUTE) referenced from jump_table.o(.constdata)
 <LI><a href="#[59]">lld_test_mode_tx_func</a> from da14585_symbols.txt(ABSOLUTE) referenced from jump_table.o(.constdata)
 <LI><a href="#[58]">lld_test_stop_func</a> from da14585_symbols.txt(ABSOLUTE) referenced from jump_table.o(.constdata)
 <LI><a href="#[72]">llm_create_p256_key_func</a> from da14585_symbols.txt(ABSOLUTE) referenced from jump_table.o(.constdata)
 <LI><a href="#[4d]">llm_encryption_done_func</a> from da14585_symbols.txt(ABSOLUTE) referenced from jump_table.o(.constdata)
 <LI><a href="#[6f]">llm_le_adv_report_ind_func</a> from da14585_symbols.txt(ABSOLUTE) referenced from jump_table.o(.constdata)
 <LI><a href="#[73]">llm_p256_req_handler_func</a> from da14585_symbols.txt(ABSOLUTE) referenced from jump_table.o(.constdata)
 <LI><a href="#[71]">llm_p256_start_func</a> from da14585_symbols.txt(ABSOLUTE) referenced from jump_table.o(.constdata)
 <LI><a href="#[1e]">main</a> from arch_main.o(.text) referenced from entry9a.o(.ARM.Collect$$$$0000000B)
 <LI><a href="#[7c]">modulationGainCalibration_func</a> from da14585_symbols.txt(ABSOLUTE) referenced from jump_table.o(.constdata)
 <LI><a href="#[50]">nvds_del_func</a> from nvds.o(.text) referenced from jump_table.o(.constdata)
 <LI><a href="#[4e]">nvds_get_func</a> from nvds.o(.text) referenced from jump_table.o(.constdata)
 <LI><a href="#[51]">nvds_init_func</a> from nvds.o(.text) referenced from jump_table.o(.constdata)
 <LI><a href="#[4f]">nvds_put_func</a> from nvds.o(.text) referenced from jump_table.o(.constdata)
 <LI><a href="#[53]">platform_reset_func</a> from jump_table.o(.text) referenced from jump_table.o(.constdata)
 <LI><a href="#[fe]">port_adv_fsm_adv_timer_handler</a> from port_adv_fsm.o(.text) referenced from port_timer.o(.constdata)
 <LI><a href="#[ff]">port_con_fsm_alt_pair_timer_handler</a> from port_con_fsm_task.o(.text) referenced from port_timer.o(.constdata)
 <LI><a href="#[fd]">port_con_fsm_enc_timer_handler</a> from port_con_fsm_task.o(.text) referenced from port_timer.o(.constdata)
 <LI><a href="#[fc]">port_con_fsm_timer_handler</a> from port_con_fsm_task.o(.text) referenced from port_timer.o(.constdata)
 <LI><a href="#[2f]">port_kbd_scan_systick_Handler</a> from port_kbd.o(.text) referenced from port_kbd.o(.text)
 <LI><a href="#[fb]">port_kbd_scan_timer_handler</a> from port_kbd.o(.text) referenced from port_timer.o(.constdata)
 <LI><a href="#[104]">port_kbd_scan_wakeup_handler</a> from port_kbd.o(.text) referenced from port_wkup.o(.constdata)
 <LI><a href="#[30]">port_leds_pwm_handler</a> from port_leds.o(.text) referenced from port_leds.o(.text)
 <LI><a href="#[102]">port_leds_timer1_handler</a> from port_leds.o(.text) referenced from port_timer.o(.constdata)
 <LI><a href="#[103]">port_leds_timer2_handler</a> from port_leds.o(.text) referenced from port_timer.o(.constdata)
 <LI><a href="#[31]">port_timer_callback</a> from port_timer.o(.text) referenced from port_timer.o(.text)
 <LI><a href="#[105]">port_touchpad_handler</a> from port_touchpad.o(.text) referenced from port_wkup.o(.constdata)
 <LI><a href="#[32]">port_wkup_handler</a> from port_wkup.o(.text) referenced from port_wkup.o(.text)
 <LI><a href="#[5e]">prf_add_profile_func</a> from prf.o(.text) referenced from jump_table.o(.constdata)
 <LI><a href="#[60]">prf_cleanup_func</a> from prf.o(.text) referenced from jump_table.o(.constdata)
 <LI><a href="#[5f]">prf_create_func</a> from prf.o(.text) referenced from jump_table.o(.constdata)
 <LI><a href="#[61]">prf_get_id_from_task_func</a> from prf.o(.text) referenced from jump_table.o(.constdata)
 <LI><a href="#[62]">prf_get_task_from_id_func</a> from prf.o(.text) referenced from jump_table.o(.constdata)
 <LI><a href="#[5d]">prf_init_func</a> from prf.o(.text) referenced from jump_table.o(.constdata)
 <LI><a href="#[2a]">rf_force_agc_enable</a> from rf_585.o(.text) referenced from rf_585.o(.text)
 <LI><a href="#[33]">rf_init_func</a> from rf_585.o(.text) referenced from jump_table.o(.constdata)
 <LI><a href="#[24]">rf_reg_rd</a> from rf_585.o(.text) referenced from rf_585.o(.text)
 <LI><a href="#[25]">rf_reg_wr</a> from rf_585.o(.text) referenced from rf_585.o(.text)
 <LI><a href="#[34]">rf_reinit_func</a> from rf_585.o(.text) referenced from jump_table.o(.constdata)
 <LI><a href="#[28]">rf_reset</a> from rf_585.o(.text) referenced from rf_585.o(.text)
 <LI><a href="#[2b]">rf_rssi_convert</a> from rf_585.o(.text) referenced from rf_585.o(.text)
 <LI><a href="#[27]">rf_sleep</a> from rf_585.o(.text) referenced from rf_585.o(.text)
 <LI><a href="#[26]">rf_txpwr_dbm_get</a> from rf_585.o(.text) referenced from rf_585.o(.text)
 <LI><a href="#[7]">rwble_isr</a> from rwble.o(.text) referenced from boot_vectors.o(RESET)
 <LI><a href="#[52]">rwip_eif_get_func</a> from da14585_symbols.txt(ABSOLUTE) referenced from jump_table.o(.constdata)
 <LI><a href="#[5b]">smpc_check_param_func</a> from da14585_symbols.txt(ABSOLUTE) referenced from jump_table.o(.constdata)
 <LI><a href="#[80]">smpc_dhkey_calc_ind_func</a> from da14585_symbols.txt(ABSOLUTE) referenced from jump_table.o(.constdata)
 <LI><a href="#[5c]">smpc_pdu_recv_func</a> from da14585_symbols.txt(ABSOLUTE) referenced from jump_table.o(.constdata)
 <LI><a href="#[7f]">smpc_public_key_exchange_start_func</a> from da14585_symbols.txt(ABSOLUTE) referenced from jump_table.o(.constdata)
 <LI><a href="#[81]">smpm_ecdh_key_create_func</a> from da14585_symbols.txt(ABSOLUTE) referenced from jump_table.o(.constdata)
 <LI><a href="#[ac]">suotar_cleanup</a> from suotar.o(.text) referenced from suotar.o(.constdata)
 <LI><a href="#[ab]">suotar_create</a> from suotar.o(.text) referenced from suotar.o(.constdata)
 <LI><a href="#[aa]">suotar_destroy</a> from suotar.o(.text) referenced from suotar.o(.constdata)
 <LI><a href="#[cb]">suotar_gpio_map_ind_handler</a> from app_suotar_task.o(.text) referenced from app_suotar_task.o(.constdata)
 <LI><a href="#[a9]">suotar_init</a> from suotar.o(.text) referenced from suotar.o(.constdata)
 <LI><a href="#[af]">suotar_mem_info_update_req_handler</a> from suotar_task.o(.text) referenced from suotar_task.o(.constdata)
 <LI><a href="#[cd]">suotar_patch_data_ind_handler</a> from app_suotar_task.o(.text) referenced from app_suotar_task.o(.constdata)
 <LI><a href="#[cc]">suotar_patch_len_ind_handler</a> from app_suotar_task.o(.text) referenced from app_suotar_task.o(.constdata)
 <LI><a href="#[ca]">suotar_patch_mem_dev_ind_handler</a> from app_suotar_task.o(.text) referenced from app_suotar_task.o(.constdata)
 <LI><a href="#[b0]">suotar_status_update_req_handler</a> from suotar_task.o(.text) referenced from suotar_task.o(.constdata)
 <LI><a href="#[2d]">timer_canceled_handler</a> from app_easy_timer.o(.text) referenced from app_easy_timer.o(.text)
 <LI><a href="#[2c]">timer_modified_handler</a> from app_easy_timer.o(.text) referenced from app_easy_timer.o(.text)
 <LI><a href="#[38]">uart_finish_transfers_func</a> from da14585_symbols.txt(ABSOLUTE) referenced from jump_table.o(.constdata)
 <LI><a href="#[37]">uart_flow_off_func</a> from da14585_symbols.txt(ABSOLUTE) referenced from jump_table.o(.constdata)
 <LI><a href="#[36]">uart_flow_on_func</a> from da14585_symbols.txt(ABSOLUTE) referenced from jump_table.o(.constdata)
 <LI><a href="#[35]">uart_init_func</a> from da14585_symbols.txt(ABSOLUTE) referenced from jump_table.o(.constdata)
 <LI><a href="#[39]">uart_read_func</a> from da14585_symbols.txt(ABSOLUTE) referenced from jump_table.o(.constdata)
 <LI><a href="#[3a]">uart_write_func</a> from da14585_symbols.txt(ABSOLUTE) referenced from jump_table.o(.constdata)
 <LI><a href="#[f7]">user_audio_callback</a> from user_rcu_audio.o(.text) referenced from port_audio.o(.constdata)
 <LI><a href="#[f4]">user_audio_hid_send_report_cb</a> from user_rcu_audio.o(.text) referenced from app_hid_report.o(.constdata)
 <LI><a href="#[e3]">user_audio_on_ble_powered</a> from user_rcu_audio.o(.text) referenced from user_modules.o(.constdata)
 <LI><a href="#[e2]">user_audio_on_disconnect</a> from user_rcu_audio.o(.text) referenced from user_modules.o(.constdata)
 <LI><a href="#[e4]">user_audio_on_system_powered</a> from user_rcu_audio.o(.text) referenced from user_modules.o(.constdata)
 <LI><a href="#[f1]">user_con_fsm_callback</a> from user_rcu.o(.text) referenced from app_con_fsm.o(.constdata)
 <LI><a href="#[f3]">user_flash_erase_callback</a> from user_rcu.o(.text) referenced from app_flash.o(.constdata)
 <LI><a href="#[df]">user_hid_report_on_ble_powered</a> from user_rcu.o(.text) referenced from user_modules.o(.constdata)
 <LI><a href="#[ee]">user_keyboard_led_report_callback</a> from user_rcu_kbd.o(.text) referenced 3 times from app_hogpd_task.o(.constdata)
 <LI><a href="#[ea]">user_mouse_trackpad_on_ble_powered</a> from user_rcu_motion.o(.text) referenced from user_modules.o(.constdata)
 <LI><a href="#[b7]">user_process_catch_rest</a> from user_rcu.o(.text) referenced 2 times from app_task.o(.constdata)
 <LI><a href="#[101]">user_pwr_mgr_inactivity_timer_handler</a> from user_pwr_mgr.o(.text) referenced from port_timer.o(.constdata)
 <LI><a href="#[100]">user_suota_timeout_timer_handler</a> from user_rcu.o(.text) referenced from port_timer.o(.constdata)
 <LI><a href="#[f6]">user_touchpad_on_special_event</a> from user_rcu_motion.o(.text) referenced from app_touchpad.o(.constdata)
 <LI><a href="#[eb]">user_touchpad_on_system_powered</a> from user_rcu_motion.o(.text) referenced from user_modules.o(.constdata)
 <LI><a href="#[f5]">user_touchpad_on_tracking_event</a> from user_rcu_motion.o(.text) referenced from app_touchpad.o(.constdata)
 <LI><a href="#[f2]">user_update_attr_callback</a> from user_rcu.o(.text) referenced from app_con_fsm.o(.constdata)
</UL>
<P>
<H3>
Global Symbols
</H3>
<P><STRONG><a name="[133]"></a>set_system_clocks</STRONG> (Thumb, 0 bytes, Stack size 0 bytes, da14585_symbols.txt(ABSOLUTE))
<BR><BR>[Called By]<UL><LI><a href="#[10e]">&gt;&gt;</a>&nbsp;&nbsp;&nbsp;system_init
</UL>

<P><STRONG><a name="[52]"></a>rwip_eif_get_func</STRONG> (Thumb, 0 bytes, Stack size 0 bytes, da14585_symbols.txt(ABSOLUTE), UNUSED)
<BR>[Address Reference Count : 1]<UL><LI> jump_table.o(.constdata)
</UL>
<P><STRONG><a name="[139]"></a>ble_init</STRONG> (Thumb, 0 bytes, Stack size 0 bytes, da14585_symbols.txt(ABSOLUTE))
<BR><BR>[Called By]<UL><LI><a href="#[10e]">&gt;&gt;</a>&nbsp;&nbsp;&nbsp;system_init
</UL>

<P><STRONG><a name="[198]"></a>ble_regs_push</STRONG> (Thumb, 0 bytes, Stack size 0 bytes, da14585_symbols.txt(ABSOLUTE))
<BR><BR>[Called By]<UL><LI><a href="#[197]">&gt;&gt;</a>&nbsp;&nbsp;&nbsp;patched_ble_regs_push
</UL>

<P><STRONG><a name="[199]"></a>ble_regs_pop</STRONG> (Thumb, 0 bytes, Stack size 0 bytes, da14585_symbols.txt(ABSOLUTE))
<BR><BR>[Called By]<UL><LI><a href="#[188]">&gt;&gt;</a>&nbsp;&nbsp;&nbsp;patched_ble_regs_pop
</UL>

<P><STRONG><a name="[193]"></a>rf_reinit</STRONG> (Thumb, 0 bytes, Stack size 0 bytes, da14585_symbols.txt(ABSOLUTE))
<BR><BR>[Called By]<UL><LI><a href="#[7]">&gt;&gt;</a>&nbsp;&nbsp;&nbsp;rwble_isr
</UL>

<P><STRONG><a name="[8]"></a>UART_Handler</STRONG> (Thumb, 0 bytes, Stack size 0 bytes, da14585_symbols.txt(ABSOLUTE), UNUSED)
<BR>[Address Reference Count : 1]<UL><LI> boot_vectors.o(RESET)
</UL>
<P><STRONG><a name="[215]"></a>platform_reset</STRONG> (Thumb, 0 bytes, Stack size 0 bytes, da14585_symbols.txt(ABSOLUTE))
<BR><BR>[Called By]<UL><LI><a href="#[213]">&gt;&gt;</a>&nbsp;&nbsp;&nbsp;app_suotar_read_mem
<LI><a href="#[1f7]">&gt;&gt;</a>&nbsp;&nbsp;&nbsp;user_on_disconnect
</UL>

<P><STRONG><a name="[201]"></a>prf_get_task_from_id</STRONG> (Thumb, 0 bytes, Stack size 0 bytes, da14585_symbols.txt(ABSOLUTE))
<BR><BR>[Called By]<UL><LI><a href="#[216]">&gt;&gt;</a>&nbsp;&nbsp;&nbsp;suotar_send_mem_info_update_req
<LI><a href="#[209]">&gt;&gt;</a>&nbsp;&nbsp;&nbsp;suotar_send_status_update_req
<LI><a href="#[204]">&gt;&gt;</a>&nbsp;&nbsp;&nbsp;app_batt_set_level
<LI><a href="#[b5]">&gt;&gt;</a>&nbsp;&nbsp;&nbsp;app_hogpd_enable
<LI><a href="#[b3]">&gt;&gt;</a>&nbsp;&nbsp;&nbsp;app_bass_enable
<LI><a href="#[293]">&gt;&gt;</a>&nbsp;&nbsp;&nbsp;app_hogpd_send_report
<LI><a href="#[233]">&gt;&gt;</a>&nbsp;&nbsp;&nbsp;user_audio_set_config_data
</UL>

<P><STRONG><a name="[11e]"></a>dia_rand</STRONG> (Thumb, 0 bytes, Stack size 0 bytes, da14585_symbols.txt(ABSOLUTE))
<BR><BR>[Called By]<UL><LI><a href="#[7b]">&gt;&gt;</a>&nbsp;&nbsp;&nbsp;ba431_get_rand_func
</UL>

<P><STRONG><a name="[132]"></a>dia_srand</STRONG> (Thumb, 0 bytes, Stack size 0 bytes, da14585_symbols.txt(ABSOLUTE))
<BR><BR>[Called By]<UL><LI><a href="#[10e]">&gt;&gt;</a>&nbsp;&nbsp;&nbsp;system_init
<LI><a href="#[130]">&gt;&gt;</a>&nbsp;&nbsp;&nbsp;init_rand_seed_from_trng
</UL>

<P><STRONG><a name="[35f]"></a>modulationGainCalibration</STRONG> (Thumb, 0 bytes, Stack size 0 bytes, da14585_symbols.txt(ABSOLUTE))
<BR><BR>[Called By]<UL><LI><a href="#[12c]">&gt;&gt;</a>&nbsp;&nbsp;&nbsp;rf_calibration_585
</UL>

<P><STRONG><a name="[17d]"></a>DCoffsetCalibration</STRONG> (Thumb, 0 bytes, Stack size 0 bytes, da14585_symbols.txt(ABSOLUTE))
<BR><BR>[Called By]<UL><LI><a href="#[131]">&gt;&gt;</a>&nbsp;&nbsp;&nbsp;trng_acquire
<LI><a href="#[12c]">&gt;&gt;</a>&nbsp;&nbsp;&nbsp;rf_calibration_585
</UL>

<P><STRONG><a name="[17e]"></a>PllLF_IFF_MIX_CapCalibration</STRONG> (Thumb, 0 bytes, Stack size 0 bytes, da14585_symbols.txt(ABSOLUTE))
<BR><BR>[Called By]<UL><LI><a href="#[131]">&gt;&gt;</a>&nbsp;&nbsp;&nbsp;trng_acquire
<LI><a href="#[12c]">&gt;&gt;</a>&nbsp;&nbsp;&nbsp;rf_calibration_585
</UL>

<P><STRONG><a name="[1bf]"></a>co_list_init</STRONG> (Thumb, 0 bytes, Stack size 0 bytes, da14585_symbols.txt(ABSOLUTE))
<BR><BR>[Called By]<UL><LI><a href="#[96]">&gt;&gt;</a>&nbsp;&nbsp;&nbsp;diss_init
<LI><a href="#[8c]">&gt;&gt;</a>&nbsp;&nbsp;&nbsp;custs1_init
</UL>

<P><STRONG><a name="[1c1]"></a>co_list_pop_front</STRONG> (Thumb, 0 bytes, Stack size 0 bytes, da14585_symbols.txt(ABSOLUTE))
<BR><BR>[Called By]<UL><LI><a href="#[97]">&gt;&gt;</a>&nbsp;&nbsp;&nbsp;diss_destroy
<LI><a href="#[8d]">&gt;&gt;</a>&nbsp;&nbsp;&nbsp;custs1_destroy
</UL>

<P><STRONG><a name="[1c5]"></a>co_list_push_back</STRONG> (Thumb, 0 bytes, Stack size 0 bytes, da14585_symbols.txt(ABSOLUTE))
<BR><BR>[Called By]<UL><LI><a href="#[9a]">&gt;&gt;</a>&nbsp;&nbsp;&nbsp;diss_set_value_req_handler
<LI><a href="#[1c3]">&gt;&gt;</a>&nbsp;&nbsp;&nbsp;custs1_att_set_value
</UL>

<P><STRONG><a name="[1c4]"></a>co_list_extract</STRONG> (Thumb, 0 bytes, Stack size 0 bytes, da14585_symbols.txt(ABSOLUTE))
<BR><BR>[Called By]<UL><LI><a href="#[9a]">&gt;&gt;</a>&nbsp;&nbsp;&nbsp;diss_set_value_req_handler
<LI><a href="#[1c3]">&gt;&gt;</a>&nbsp;&nbsp;&nbsp;custs1_att_set_value
</UL>

<P><STRONG><a name="[74]"></a>llc_le_length_effective_func</STRONG> (Thumb, 0 bytes, Stack size 0 bytes, da14585_symbols.txt(ABSOLUTE), UNUSED)
<BR>[Address Reference Count : 1]<UL><LI> jump_table.o(.constdata)
</UL>
<P><STRONG><a name="[75]"></a>llc_le_length_conn_init_func</STRONG> (Thumb, 0 bytes, Stack size 0 bytes, da14585_symbols.txt(ABSOLUTE), UNUSED)
<BR>[Address Reference Count : 1]<UL><LI> jump_table.o(.constdata)
</UL>
<P><STRONG><a name="[78]"></a>llc_pdu_send_func</STRONG> (Thumb, 0 bytes, Stack size 0 bytes, da14585_symbols.txt(ABSOLUTE), UNUSED)
<BR>[Address Reference Count : 1]<UL><LI> jump_table.o(.constdata)
</UL>
<P><STRONG><a name="[191]"></a>lld_crypt_isr</STRONG> (Thumb, 0 bytes, Stack size 0 bytes, da14585_symbols.txt(ABSOLUTE))
<BR><BR>[Called By]<UL><LI><a href="#[7]">&gt;&gt;</a>&nbsp;&nbsp;&nbsp;rwble_isr
</UL>

<P><STRONG><a name="[59]"></a>lld_test_mode_tx_func</STRONG> (Thumb, 0 bytes, Stack size 0 bytes, da14585_symbols.txt(ABSOLUTE), UNUSED)
<BR>[Address Reference Count : 1]<UL><LI> jump_table.o(.constdata)
</UL>
<P><STRONG><a name="[5a]"></a>lld_test_mode_rx_func</STRONG> (Thumb, 0 bytes, Stack size 0 bytes, da14585_symbols.txt(ABSOLUTE), UNUSED)
<BR>[Address Reference Count : 1]<UL><LI> jump_table.o(.constdata)
</UL>
<P><STRONG><a name="[58]"></a>lld_test_stop_func</STRONG> (Thumb, 0 bytes, Stack size 0 bytes, da14585_symbols.txt(ABSOLUTE), UNUSED)
<BR>[Address Reference Count : 1]<UL><LI> jump_table.o(.constdata)
</UL>
<P><STRONG><a name="[77]"></a>lld_data_tx_check_func</STRONG> (Thumb, 0 bytes, Stack size 0 bytes, da14585_symbols.txt(ABSOLUTE), UNUSED)
<BR>[Address Reference Count : 1]<UL><LI> jump_table.o(.constdata)
</UL>
<P><STRONG><a name="[76]"></a>lld_data_tx_prog_func</STRONG> (Thumb, 0 bytes, Stack size 0 bytes, da14585_symbols.txt(ABSOLUTE), UNUSED)
<BR>[Address Reference Count : 1]<UL><LI> jump_table.o(.constdata)
</UL>
<P><STRONG><a name="[190]"></a>lld_evt_timer_isr</STRONG> (Thumb, 0 bytes, Stack size 0 bytes, da14585_symbols.txt(ABSOLUTE))
<BR><BR>[Called By]<UL><LI><a href="#[7]">&gt;&gt;</a>&nbsp;&nbsp;&nbsp;rwble_isr
</UL>

<P><STRONG><a name="[18e]"></a>lld_evt_end_isr</STRONG> (Thumb, 0 bytes, Stack size 0 bytes, da14585_symbols.txt(ABSOLUTE))
<BR><BR>[Called By]<UL><LI><a href="#[7]">&gt;&gt;</a>&nbsp;&nbsp;&nbsp;rwble_isr
</UL>

<P><STRONG><a name="[18c]"></a>lld_evt_rx_isr</STRONG> (Thumb, 0 bytes, Stack size 0 bytes, da14585_symbols.txt(ABSOLUTE))
<BR><BR>[Called By]<UL><LI><a href="#[7]">&gt;&gt;</a>&nbsp;&nbsp;&nbsp;rwble_isr
</UL>

<P><STRONG><a name="[1a0]"></a>lld_sleep_enter</STRONG> (Thumb, 0 bytes, Stack size 0 bytes, da14585_symbols.txt(ABSOLUTE))
<BR><BR>[Called By]<UL><LI><a href="#[115]">&gt;&gt;</a>&nbsp;&nbsp;&nbsp;rwip_sleep
</UL>

<P><STRONG><a name="[6f]"></a>llm_le_adv_report_ind_func</STRONG> (Thumb, 0 bytes, Stack size 0 bytes, da14585_symbols.txt(ABSOLUTE), UNUSED)
<BR>[Address Reference Count : 1]<UL><LI> jump_table.o(.constdata)
</UL>
<P><STRONG><a name="[4d]"></a>llm_encryption_done_func</STRONG> (Thumb, 0 bytes, Stack size 0 bytes, da14585_symbols.txt(ABSOLUTE), UNUSED)
<BR>[Address Reference Count : 1]<UL><LI> jump_table.o(.constdata)
</UL>
<P><STRONG><a name="[71]"></a>llm_p256_start_func</STRONG> (Thumb, 0 bytes, Stack size 0 bytes, da14585_symbols.txt(ABSOLUTE), UNUSED)
<BR>[Address Reference Count : 1]<UL><LI> jump_table.o(.constdata)
</UL>
<P><STRONG><a name="[72]"></a>llm_create_p256_key_func</STRONG> (Thumb, 0 bytes, Stack size 0 bytes, da14585_symbols.txt(ABSOLUTE), UNUSED)
<BR>[Address Reference Count : 1]<UL><LI> jump_table.o(.constdata)
</UL>
<P><STRONG><a name="[73]"></a>llm_p256_req_handler_func</STRONG> (Thumb, 0 bytes, Stack size 0 bytes, da14585_symbols.txt(ABSOLUTE), UNUSED)
<BR>[Address Reference Count : 1]<UL><LI> jump_table.o(.constdata)
</UL>
<P><STRONG><a name="[65]"></a>hci_rd_local_supp_feats_cmd_handler_func</STRONG> (Thumb, 0 bytes, Stack size 0 bytes, da14585_symbols.txt(ABSOLUTE), UNUSED)
<BR>[Address Reference Count : 1]<UL><LI> jump_table.o(.constdata)
</UL>
<P><STRONG><a name="[70]"></a>PK_PointMult_func</STRONG> (Thumb, 0 bytes, Stack size 0 bytes, da14585_symbols.txt(ABSOLUTE), UNUSED)
<BR>[Address Reference Count : 1]<UL><LI> jump_table.o(.constdata)
</UL>
<P><STRONG><a name="[348]"></a>ea_time_get_halfslot_rounded</STRONG> (Thumb, 0 bytes, Stack size 0 bytes, da14585_symbols.txt(ABSOLUTE))
<BR><BR>[Called By]<UL><LI><a href="#[26b]">&gt;&gt;</a>&nbsp;&nbsp;&nbsp;port_get_time
</UL>

<P><STRONG><a name="[18a]"></a>ea_finetimer_isr</STRONG> (Thumb, 0 bytes, Stack size 0 bytes, da14585_symbols.txt(ABSOLUTE))
<BR><BR>[Called By]<UL><LI><a href="#[7]">&gt;&gt;</a>&nbsp;&nbsp;&nbsp;rwble_isr
</UL>

<P><STRONG><a name="[18f]"></a>ea_sw_isr</STRONG> (Thumb, 0 bytes, Stack size 0 bytes, da14585_symbols.txt(ABSOLUTE))
<BR><BR>[Called By]<UL><LI><a href="#[7]">&gt;&gt;</a>&nbsp;&nbsp;&nbsp;rwble_isr
</UL>

<P><STRONG><a name="[110]"></a>ea_sleep_check</STRONG> (Thumb, 0 bytes, Stack size 0 bytes, da14585_symbols.txt(ABSOLUTE))
<BR><BR>[Called By]<UL><LI><a href="#[115]">&gt;&gt;</a>&nbsp;&nbsp;&nbsp;rwip_sleep
<LI><a href="#[1e]">&gt;&gt;</a>&nbsp;&nbsp;&nbsp;main
</UL>

<P><STRONG><a name="[35]"></a>uart_init_func</STRONG> (Thumb, 0 bytes, Stack size 0 bytes, da14585_symbols.txt(ABSOLUTE), UNUSED)
<BR>[Address Reference Count : 1]<UL><LI> jump_table.o(.constdata)
</UL>
<P><STRONG><a name="[36]"></a>uart_flow_on_func</STRONG> (Thumb, 0 bytes, Stack size 0 bytes, da14585_symbols.txt(ABSOLUTE), UNUSED)
<BR>[Address Reference Count : 1]<UL><LI> jump_table.o(.constdata)
</UL>
<P><STRONG><a name="[37]"></a>uart_flow_off_func</STRONG> (Thumb, 0 bytes, Stack size 0 bytes, da14585_symbols.txt(ABSOLUTE), UNUSED)
<BR>[Address Reference Count : 1]<UL><LI> jump_table.o(.constdata)
</UL>
<P><STRONG><a name="[38]"></a>uart_finish_transfers_func</STRONG> (Thumb, 0 bytes, Stack size 0 bytes, da14585_symbols.txt(ABSOLUTE), UNUSED)
<BR>[Address Reference Count : 1]<UL><LI> jump_table.o(.constdata)
</UL>
<P><STRONG><a name="[39]"></a>uart_read_func</STRONG> (Thumb, 0 bytes, Stack size 0 bytes, da14585_symbols.txt(ABSOLUTE), UNUSED)
<BR>[Address Reference Count : 1]<UL><LI> jump_table.o(.constdata)
</UL>
<P><STRONG><a name="[3a]"></a>uart_write_func</STRONG> (Thumb, 0 bytes, Stack size 0 bytes, da14585_symbols.txt(ABSOLUTE), UNUSED)
<BR>[Address Reference Count : 1]<UL><LI> jump_table.o(.constdata)
</UL>
<P><STRONG><a name="[3b]"></a>UART_Handler_func</STRONG> (Thumb, 0 bytes, Stack size 0 bytes, da14585_symbols.txt(ABSOLUTE), UNUSED)
<BR>[Address Reference Count : 1]<UL><LI> jump_table.o(.constdata)
</UL>
<P><STRONG><a name="[7c]"></a>modulationGainCalibration_func</STRONG> (Thumb, 0 bytes, Stack size 0 bytes, da14585_symbols.txt(ABSOLUTE), UNUSED)
<BR>[Address Reference Count : 1]<UL><LI> jump_table.o(.constdata)
</UL>
<P><STRONG><a name="[7d]"></a>DCoffsetCalibration_func</STRONG> (Thumb, 0 bytes, Stack size 0 bytes, da14585_symbols.txt(ABSOLUTE), UNUSED)
<BR>[Address Reference Count : 1]<UL><LI> jump_table.o(.constdata)
</UL>
<P><STRONG><a name="[7e]"></a>PllLF_IFF_MIX_CapCalibration_func</STRONG> (Thumb, 0 bytes, Stack size 0 bytes, da14585_symbols.txt(ABSOLUTE), UNUSED)
<BR>[Address Reference Count : 1]<UL><LI> jump_table.o(.constdata)
</UL>
<P><STRONG><a name="[3c]"></a>gtl_init_func</STRONG> (Thumb, 0 bytes, Stack size 0 bytes, da14585_symbols.txt(ABSOLUTE), UNUSED)
<BR>[Address Reference Count : 1]<UL><LI> jump_table.o(.constdata)
</UL>
<P><STRONG><a name="[3e]"></a>gtl_eif_read_start_func</STRONG> (Thumb, 0 bytes, Stack size 0 bytes, da14585_symbols.txt(ABSOLUTE), UNUSED)
<BR>[Address Reference Count : 1]<UL><LI> jump_table.o(.constdata)
</UL>
<P><STRONG><a name="[3f]"></a>gtl_eif_read_hdr_func</STRONG> (Thumb, 0 bytes, Stack size 0 bytes, da14585_symbols.txt(ABSOLUTE), UNUSED)
<BR>[Address Reference Count : 1]<UL><LI> jump_table.o(.constdata)
</UL>
<P><STRONG><a name="[40]"></a>gtl_eif_read_payl_func</STRONG> (Thumb, 0 bytes, Stack size 0 bytes, da14585_symbols.txt(ABSOLUTE), UNUSED)
<BR>[Address Reference Count : 1]<UL><LI> jump_table.o(.constdata)
</UL>
<P><STRONG><a name="[41]"></a>gtl_eif_tx_done_func</STRONG> (Thumb, 0 bytes, Stack size 0 bytes, da14585_symbols.txt(ABSOLUTE), UNUSED)
<BR>[Address Reference Count : 1]<UL><LI> jump_table.o(.constdata)
</UL>
<P><STRONG><a name="[42]"></a>gtl_eif_rx_done_func</STRONG> (Thumb, 0 bytes, Stack size 0 bytes, da14585_symbols.txt(ABSOLUTE), UNUSED)
<BR>[Address Reference Count : 1]<UL><LI> jump_table.o(.constdata)
</UL>
<P><STRONG><a name="[3d]"></a>gtl_eif_init_func</STRONG> (Thumb, 0 bytes, Stack size 0 bytes, da14585_symbols.txt(ABSOLUTE), UNUSED)
<BR>[Address Reference Count : 1]<UL><LI> jump_table.o(.constdata)
</UL>
<P><STRONG><a name="[44]"></a>h4tl_read_start_func</STRONG> (Thumb, 0 bytes, Stack size 0 bytes, da14585_symbols.txt(ABSOLUTE), UNUSED)
<BR>[Address Reference Count : 1]<UL><LI> jump_table.o(.constdata)
</UL>
<P><STRONG><a name="[45]"></a>h4tl_read_hdr_func</STRONG> (Thumb, 0 bytes, Stack size 0 bytes, da14585_symbols.txt(ABSOLUTE), UNUSED)
<BR>[Address Reference Count : 1]<UL><LI> jump_table.o(.constdata)
</UL>
<P><STRONG><a name="[46]"></a>h4tl_read_payl_func</STRONG> (Thumb, 0 bytes, Stack size 0 bytes, da14585_symbols.txt(ABSOLUTE), UNUSED)
<BR>[Address Reference Count : 1]<UL><LI> jump_table.o(.constdata)
</UL>
<P><STRONG><a name="[47]"></a>h4tl_read_next_out_of_sync_func</STRONG> (Thumb, 0 bytes, Stack size 0 bytes, da14585_symbols.txt(ABSOLUTE), UNUSED)
<BR>[Address Reference Count : 1]<UL><LI> jump_table.o(.constdata)
</UL>
<P><STRONG><a name="[48]"></a>h4tl_out_of_sync_func</STRONG> (Thumb, 0 bytes, Stack size 0 bytes, da14585_symbols.txt(ABSOLUTE), UNUSED)
<BR>[Address Reference Count : 1]<UL><LI> jump_table.o(.constdata)
</UL>
<P><STRONG><a name="[49]"></a>h4tl_tx_done_func</STRONG> (Thumb, 0 bytes, Stack size 0 bytes, da14585_symbols.txt(ABSOLUTE), UNUSED)
<BR>[Address Reference Count : 1]<UL><LI> jump_table.o(.constdata)
</UL>
<P><STRONG><a name="[4a]"></a>h4tl_rx_done_func</STRONG> (Thumb, 0 bytes, Stack size 0 bytes, da14585_symbols.txt(ABSOLUTE), UNUSED)
<BR>[Address Reference Count : 1]<UL><LI> jump_table.o(.constdata)
</UL>
<P><STRONG><a name="[43]"></a>h4tl_init_func</STRONG> (Thumb, 0 bytes, Stack size 0 bytes, da14585_symbols.txt(ABSOLUTE), UNUSED)
<BR>[Address Reference Count : 1]<UL><LI> jump_table.o(.constdata)
</UL>
<P><STRONG><a name="[6d]"></a>attc_l2cc_pdu_recv_handler_func</STRONG> (Thumb, 0 bytes, Stack size 0 bytes, da14585_symbols.txt(ABSOLUTE), UNUSED)
<BR>[Address Reference Count : 1]<UL><LI> jump_table.o(.constdata)
</UL>
<P><STRONG><a name="[34b]"></a>attm_uuid_comp</STRONG> (Thumb, 0 bytes, Stack size 0 bytes, da14585_symbols.txt(ABSOLUTE))
<BR><BR>[Called By]<UL><LI><a href="#[349]">&gt;&gt;</a>&nbsp;&nbsp;&nbsp;port_attmdb_find_by_uuid
</UL>

<P><STRONG><a name="[1a6]"></a>attmdb_add_service</STRONG> (Thumb, 0 bytes, Stack size 0 bytes, da14585_symbols.txt(ABSOLUTE))
<BR><BR>[Called By]<UL><LI><a href="#[1a2]">&gt;&gt;</a>&nbsp;&nbsp;&nbsp;attm_svc_create_db_128
<LI><a href="#[a9]">&gt;&gt;</a>&nbsp;&nbsp;&nbsp;suotar_init
</UL>

<P><STRONG><a name="[1b9]"></a>attmdb_get_service</STRONG> (Thumb, 0 bytes, Stack size 0 bytes, da14585_symbols.txt(ABSOLUTE))
<BR><BR>[Called By]<UL><LI><a href="#[1bc]">&gt;&gt;</a>&nbsp;&nbsp;&nbsp;get_cfg_handle
<LI><a href="#[1b8]">&gt;&gt;</a>&nbsp;&nbsp;&nbsp;get_value_handle
</UL>

<P><STRONG><a name="[1ba]"></a>attmdb_get_attribute</STRONG> (Thumb, 0 bytes, Stack size 0 bytes, da14585_symbols.txt(ABSOLUTE))
<BR><BR>[Called By]<UL><LI><a href="#[1bc]">&gt;&gt;</a>&nbsp;&nbsp;&nbsp;get_cfg_handle
<LI><a href="#[1b8]">&gt;&gt;</a>&nbsp;&nbsp;&nbsp;get_value_handle
</UL>

<P><STRONG><a name="[34a]"></a>attmdb_get_next_att</STRONG> (Thumb, 0 bytes, Stack size 0 bytes, da14585_symbols.txt(ABSOLUTE))
<BR><BR>[Called By]<UL><LI><a href="#[349]">&gt;&gt;</a>&nbsp;&nbsp;&nbsp;port_attmdb_find_by_uuid
</UL>

<P><STRONG><a name="[1a7]"></a>attmdb_att_set_value</STRONG> (Thumb, 0 bytes, Stack size 0 bytes, da14585_symbols.txt(ABSOLUTE))
<BR><BR>[Called By]<UL><LI><a href="#[1a2]">&gt;&gt;</a>&nbsp;&nbsp;&nbsp;attm_svc_create_db_128
<LI><a href="#[ae]">&gt;&gt;</a>&nbsp;&nbsp;&nbsp;gattc_write_req_ind_handler
<LI><a href="#[af]">&gt;&gt;</a>&nbsp;&nbsp;&nbsp;suotar_mem_info_update_req_handler
<LI><a href="#[b0]">&gt;&gt;</a>&nbsp;&nbsp;&nbsp;suotar_status_update_req_handler
<LI><a href="#[ac]">&gt;&gt;</a>&nbsp;&nbsp;&nbsp;suotar_cleanup
<LI><a href="#[a9]">&gt;&gt;</a>&nbsp;&nbsp;&nbsp;suotar_init
<LI><a href="#[9d]">&gt;&gt;</a>&nbsp;&nbsp;&nbsp;hogpd_init
<LI><a href="#[91]">&gt;&gt;</a>&nbsp;&nbsp;&nbsp;gattc_write_req_ind_handler
<LI><a href="#[95]">&gt;&gt;</a>&nbsp;&nbsp;&nbsp;custs1_val_ind_req_handler
<LI><a href="#[93]">&gt;&gt;</a>&nbsp;&nbsp;&nbsp;custs1_val_ntf_req_handler
<LI><a href="#[94]">&gt;&gt;</a>&nbsp;&nbsp;&nbsp;custs1_val_set_req_handler
<LI><a href="#[345]">&gt;&gt;</a>&nbsp;&nbsp;&nbsp;multi_bond_process_next_attribute
</UL>

<P><STRONG><a name="[1bb]"></a>attmdb_get_uuid</STRONG> (Thumb, 0 bytes, Stack size 0 bytes, da14585_symbols.txt(ABSOLUTE))
<BR><BR>[Called By]<UL><LI><a href="#[1bc]">&gt;&gt;</a>&nbsp;&nbsp;&nbsp;get_cfg_handle
<LI><a href="#[1b8]">&gt;&gt;</a>&nbsp;&nbsp;&nbsp;get_value_handle
<LI><a href="#[349]">&gt;&gt;</a>&nbsp;&nbsp;&nbsp;port_attmdb_find_by_uuid
</UL>

<P><STRONG><a name="[1c8]"></a>attmdb_get_value</STRONG> (Thumb, 0 bytes, Stack size 0 bytes, da14585_symbols.txt(ABSOLUTE))
<BR><BR>[Called By]<UL><LI><a href="#[ad]">&gt;&gt;</a>&nbsp;&nbsp;&nbsp;gattc_read_req_ind_handler
<LI><a href="#[95]">&gt;&gt;</a>&nbsp;&nbsp;&nbsp;custs1_val_ind_req_handler
<LI><a href="#[341]">&gt;&gt;</a>&nbsp;&nbsp;&nbsp;prepare_bonding_info
</UL>

<P><STRONG><a name="[1aa]"></a>attmdb_att_set_permission</STRONG> (Thumb, 0 bytes, Stack size 0 bytes, da14585_symbols.txt(ABSOLUTE))
<BR><BR>[Called By]<UL><LI><a href="#[82]">&gt;&gt;</a>&nbsp;&nbsp;&nbsp;bass_init
</UL>

<P><STRONG><a name="[1ca]"></a>attmdb_att_get_permission</STRONG> (Thumb, 0 bytes, Stack size 0 bytes, da14585_symbols.txt(ABSOLUTE))
<BR><BR>[Called By]<UL><LI><a href="#[91]">&gt;&gt;</a>&nbsp;&nbsp;&nbsp;gattc_write_req_ind_handler
</UL>

<P><STRONG><a name="[1a9]"></a>attm_svc_create_db</STRONG> (Thumb, 0 bytes, Stack size 0 bytes, da14585_symbols.txt(ABSOLUTE))
<BR><BR>[Called By]<UL><LI><a href="#[82]">&gt;&gt;</a>&nbsp;&nbsp;&nbsp;bass_init
<LI><a href="#[9d]">&gt;&gt;</a>&nbsp;&nbsp;&nbsp;hogpd_init
<LI><a href="#[96]">&gt;&gt;</a>&nbsp;&nbsp;&nbsp;diss_init
</UL>

<P><STRONG><a name="[1d1]"></a>attmdb_reserve_handle_range</STRONG> (Thumb, 0 bytes, Stack size 0 bytes, da14585_symbols.txt(ABSOLUTE))
<BR><BR>[Called By]<UL><LI><a href="#[9d]">&gt;&gt;</a>&nbsp;&nbsp;&nbsp;hogpd_init
</UL>

<P><STRONG><a name="[107]"></a>atts_mtu_exc_req</STRONG> (Thumb, 0 bytes, Stack size 0 bytes, da14585_symbols.txt(ABSOLUTE), UNUSED)
<BR>[Address Reference Count : 1]<UL><LI> patch.o(.constdata)
</UL>
<P><STRONG><a name="[6c]"></a>atts_l2cc_pdu_recv_handler_func</STRONG> (Thumb, 0 bytes, Stack size 0 bytes, da14585_symbols.txt(ABSOLUTE), UNUSED)
<BR>[Address Reference Count : 1]<UL><LI> jump_table.o(.constdata)
</UL>
<P><STRONG><a name="[356]"></a>atts_allocate_pdu</STRONG> (Thumb, 0 bytes, Stack size 0 bytes, da14585_symbols.txt(ABSOLUTE))
<BR><BR>[Called By]<UL><LI><a href="#[106]">&gt;&gt;</a>&nbsp;&nbsp;&nbsp;PATCHED_atts_mtu_exc_req
</UL>

<P><STRONG><a name="[358]"></a>atts_send_pdu</STRONG> (Thumb, 0 bytes, Stack size 0 bytes, da14585_symbols.txt(ABSOLUTE))
<BR><BR>[Called By]<UL><LI><a href="#[106]">&gt;&gt;</a>&nbsp;&nbsp;&nbsp;PATCHED_atts_mtu_exc_req
</UL>

<P><STRONG><a name="[1df]"></a>gattc_get_mtu</STRONG> (Thumb, 0 bytes, Stack size 0 bytes, da14585_symbols.txt(ABSOLUTE))
<BR><BR>[Called By]<UL><LI><a href="#[ad]">&gt;&gt;</a>&nbsp;&nbsp;&nbsp;gattc_read_req_ind_handler
<LI><a href="#[230]">&gt;&gt;</a>&nbsp;&nbsp;&nbsp;user_audio_set_packet_size
</UL>

<P><STRONG><a name="[359]"></a>gattc_set_mtu</STRONG> (Thumb, 0 bytes, Stack size 0 bytes, da14585_symbols.txt(ABSOLUTE))
<BR><BR>[Called By]<UL><LI><a href="#[106]">&gt;&gt;</a>&nbsp;&nbsp;&nbsp;PATCHED_atts_mtu_exc_req
</UL>

<P><STRONG><a name="[357]"></a>gattm_get_max_mtu</STRONG> (Thumb, 0 bytes, Stack size 0 bytes, da14585_symbols.txt(ABSOLUTE))
<BR><BR>[Called By]<UL><LI><a href="#[106]">&gt;&gt;</a>&nbsp;&nbsp;&nbsp;PATCHED_atts_mtu_exc_req
</UL>

<P><STRONG><a name="[5c]"></a>smpc_pdu_recv_func</STRONG> (Thumb, 0 bytes, Stack size 0 bytes, da14585_symbols.txt(ABSOLUTE), UNUSED)
<BR>[Address Reference Count : 1]<UL><LI> jump_table.o(.constdata)
</UL>
<P><STRONG><a name="[1b5]"></a>gapc_get_conhdl</STRONG> (Thumb, 0 bytes, Stack size 0 bytes, da14585_symbols.txt(ABSOLUTE))
<BR><BR>[Called By]<UL><LI><a href="#[86]">&gt;&gt;</a>&nbsp;&nbsp;&nbsp;bass_enable_req_handler
<LI><a href="#[ae]">&gt;&gt;</a>&nbsp;&nbsp;&nbsp;gattc_write_req_ind_handler
<LI><a href="#[a2]">&gt;&gt;</a>&nbsp;&nbsp;&nbsp;hogpd_report_upd_req_handler
<LI><a href="#[a1]">&gt;&gt;</a>&nbsp;&nbsp;&nbsp;hogpd_enable_req_handler
</UL>

<P><STRONG><a name="[6a]"></a>l2cc_pdu_recv_ind_handler_func</STRONG> (Thumb, 0 bytes, Stack size 0 bytes, da14585_symbols.txt(ABSOLUTE), UNUSED)
<BR>[Address Reference Count : 1]<UL><LI> jump_table.o(.constdata)
</UL>
<P><STRONG><a name="[6b]"></a>gapc_lecb_connect_cfm_handler_func</STRONG> (Thumb, 0 bytes, Stack size 0 bytes, da14585_symbols.txt(ABSOLUTE), UNUSED)
<BR>[Address Reference Count : 1]<UL><LI> jump_table.o(.constdata)
</UL>
<P><STRONG><a name="[66]"></a>l2cc_pdu_pack_func</STRONG> (Thumb, 0 bytes, Stack size 0 bytes, da14585_symbols.txt(ABSOLUTE), UNUSED)
<BR>[Address Reference Count : 1]<UL><LI> jump_table.o(.constdata)
</UL>
<P><STRONG><a name="[67]"></a>l2cc_pdu_unpack_func</STRONG> (Thumb, 0 bytes, Stack size 0 bytes, da14585_symbols.txt(ABSOLUTE), UNUSED)
<BR>[Address Reference Count : 1]<UL><LI> jump_table.o(.constdata)
</UL>
<P><STRONG><a name="[69]"></a>l2c_process_sdu_func</STRONG> (Thumb, 0 bytes, Stack size 0 bytes, da14585_symbols.txt(ABSOLUTE), UNUSED)
<BR>[Address Reference Count : 1]<UL><LI> jump_table.o(.constdata)
</UL>
<P><STRONG><a name="[68]"></a>l2c_send_lecb_message_func</STRONG> (Thumb, 0 bytes, Stack size 0 bytes, da14585_symbols.txt(ABSOLUTE), UNUSED)
<BR>[Address Reference Count : 1]<UL><LI> jump_table.o(.constdata)
</UL>
<P><STRONG><a name="[5b]"></a>smpc_check_param_func</STRONG> (Thumb, 0 bytes, Stack size 0 bytes, da14585_symbols.txt(ABSOLUTE), UNUSED)
<BR>[Address Reference Count : 1]<UL><LI> jump_table.o(.constdata)
</UL>
<P><STRONG><a name="[7f]"></a>smpc_public_key_exchange_start_func</STRONG> (Thumb, 0 bytes, Stack size 0 bytes, da14585_symbols.txt(ABSOLUTE), UNUSED)
<BR>[Address Reference Count : 1]<UL><LI> jump_table.o(.constdata)
</UL>
<P><STRONG><a name="[80]"></a>smpc_dhkey_calc_ind_func</STRONG> (Thumb, 0 bytes, Stack size 0 bytes, da14585_symbols.txt(ABSOLUTE), UNUSED)
<BR>[Address Reference Count : 1]<UL><LI> jump_table.o(.constdata)
</UL>
<P><STRONG><a name="[81]"></a>smpm_ecdh_key_create_func</STRONG> (Thumb, 0 bytes, Stack size 0 bytes, da14585_symbols.txt(ABSOLUTE), UNUSED)
<BR>[Address Reference Count : 1]<UL><LI> jump_table.o(.constdata)
</UL>
<P><STRONG><a name="[19d]"></a>ke_sleep_check</STRONG> (Thumb, 0 bytes, Stack size 0 bytes, da14585_symbols.txt(ABSOLUTE))
<BR><BR>[Called By]<UL><LI><a href="#[115]">&gt;&gt;</a>&nbsp;&nbsp;&nbsp;rwip_sleep
</UL>

<P><STRONG><a name="[25f]"></a>ke_event_get</STRONG> (Thumb, 0 bytes, Stack size 0 bytes, da14585_symbols.txt(ABSOLUTE))
<BR><BR>[Called By]<UL><LI><a href="#[df]">&gt;&gt;</a>&nbsp;&nbsp;&nbsp;user_hid_report_on_ble_powered
</UL>

<P><STRONG><a name="[119]"></a>ke_mem_init</STRONG> (Thumb, 0 bytes, Stack size 0 bytes, da14585_symbols.txt(ABSOLUTE))
<BR><BR>[Called By]<UL><LI><a href="#[1e]">&gt;&gt;</a>&nbsp;&nbsp;&nbsp;main
</UL>

<P><STRONG><a name="[11d]"></a>ke_mem_is_empty</STRONG> (Thumb, 0 bytes, Stack size 0 bytes, da14585_symbols.txt(ABSOLUTE))
<BR><BR>[Called By]<UL><LI><a href="#[11b]">&gt;&gt;</a>&nbsp;&nbsp;&nbsp;arch_turn_peripherals_off
</UL>

<P><STRONG><a name="[1a3]"></a>ke_malloc</STRONG> (Thumb, 0 bytes, Stack size 0 bytes, da14585_symbols.txt(ABSOLUTE))
<BR><BR>[Called By]<UL><LI><a href="#[82]">&gt;&gt;</a>&nbsp;&nbsp;&nbsp;bass_init
<LI><a href="#[1a2]">&gt;&gt;</a>&nbsp;&nbsp;&nbsp;attm_svc_create_db_128
<LI><a href="#[a9]">&gt;&gt;</a>&nbsp;&nbsp;&nbsp;suotar_init
<LI><a href="#[9d]">&gt;&gt;</a>&nbsp;&nbsp;&nbsp;hogpd_init
<LI><a href="#[9a]">&gt;&gt;</a>&nbsp;&nbsp;&nbsp;diss_set_value_req_handler
<LI><a href="#[96]">&gt;&gt;</a>&nbsp;&nbsp;&nbsp;diss_init
<LI><a href="#[1c3]">&gt;&gt;</a>&nbsp;&nbsp;&nbsp;custs1_att_set_value
<LI><a href="#[8c]">&gt;&gt;</a>&nbsp;&nbsp;&nbsp;custs1_init
</UL>

<P><STRONG><a name="[1a8]"></a>ke_free</STRONG> (Thumb, 0 bytes, Stack size 0 bytes, da14585_symbols.txt(ABSOLUTE))
<BR><BR>[Called By]<UL><LI><a href="#[1b3]">&gt;&gt;</a>&nbsp;&nbsp;&nbsp;bass_exe_operation
<LI><a href="#[83]">&gt;&gt;</a>&nbsp;&nbsp;&nbsp;bass_destroy
<LI><a href="#[82]">&gt;&gt;</a>&nbsp;&nbsp;&nbsp;bass_init
<LI><a href="#[1a2]">&gt;&gt;</a>&nbsp;&nbsp;&nbsp;attm_svc_create_db_128
<LI><a href="#[aa]">&gt;&gt;</a>&nbsp;&nbsp;&nbsp;suotar_destroy
<LI><a href="#[a9]">&gt;&gt;</a>&nbsp;&nbsp;&nbsp;suotar_init
<LI><a href="#[9e]">&gt;&gt;</a>&nbsp;&nbsp;&nbsp;hogpd_destroy
<LI><a href="#[9d]">&gt;&gt;</a>&nbsp;&nbsp;&nbsp;hogpd_init
<LI><a href="#[9a]">&gt;&gt;</a>&nbsp;&nbsp;&nbsp;diss_set_value_req_handler
<LI><a href="#[97]">&gt;&gt;</a>&nbsp;&nbsp;&nbsp;diss_destroy
<LI><a href="#[1c7]">&gt;&gt;</a>&nbsp;&nbsp;&nbsp;custs1_exe_operation
<LI><a href="#[1c3]">&gt;&gt;</a>&nbsp;&nbsp;&nbsp;custs1_att_set_value
<LI><a href="#[8d]">&gt;&gt;</a>&nbsp;&nbsp;&nbsp;custs1_destroy
</UL>

<P><STRONG><a name="[1b0]"></a>ke_msg_alloc</STRONG> (Thumb, 0 bytes, Stack size 0 bytes, da14585_symbols.txt(ABSOLUTE))
<BR><BR>[Called By]<UL><LI><a href="#[8a]">&gt;&gt;</a>&nbsp;&nbsp;&nbsp;gattc_read_req_ind_handler
<LI><a href="#[89]">&gt;&gt;</a>&nbsp;&nbsp;&nbsp;gattc_write_req_ind_handler
<LI><a href="#[88]">&gt;&gt;</a>&nbsp;&nbsp;&nbsp;gattc_att_info_req_ind_handler
<LI><a href="#[87]">&gt;&gt;</a>&nbsp;&nbsp;&nbsp;bass_batt_level_upd_req_handler
<LI><a href="#[86]">&gt;&gt;</a>&nbsp;&nbsp;&nbsp;bass_enable_req_handler
<LI><a href="#[1b3]">&gt;&gt;</a>&nbsp;&nbsp;&nbsp;bass_exe_operation
<LI><a href="#[1ae]">&gt;&gt;</a>&nbsp;&nbsp;&nbsp;bass_notify_batt_lvl
<LI><a href="#[1ea]">&gt;&gt;</a>&nbsp;&nbsp;&nbsp;app_easy_gap_dev_config_create_msg
<LI><a href="#[1ec]">&gt;&gt;</a>&nbsp;&nbsp;&nbsp;app_easy_gap_disconnect
<LI><a href="#[1ed]">&gt;&gt;</a>&nbsp;&nbsp;&nbsp;app_easy_gap_confirm
<LI><a href="#[ad]">&gt;&gt;</a>&nbsp;&nbsp;&nbsp;gattc_read_req_ind_handler
<LI><a href="#[ae]">&gt;&gt;</a>&nbsp;&nbsp;&nbsp;gattc_write_req_ind_handler
<LI><a href="#[b0]">&gt;&gt;</a>&nbsp;&nbsp;&nbsp;suotar_status_update_req_handler
<LI><a href="#[a8]">&gt;&gt;</a>&nbsp;&nbsp;&nbsp;gattc_cmp_evt_handler
<LI><a href="#[a7]">&gt;&gt;</a>&nbsp;&nbsp;&nbsp;gattc_read_req_ind_handler
<LI><a href="#[a6]">&gt;&gt;</a>&nbsp;&nbsp;&nbsp;gattc_write_req_ind_handler
<LI><a href="#[a5]">&gt;&gt;</a>&nbsp;&nbsp;&nbsp;gattc_att_info_req_ind_handler
<LI><a href="#[a4]">&gt;&gt;</a>&nbsp;&nbsp;&nbsp;hogpd_proto_mode_cfm_handler
<LI><a href="#[a3]">&gt;&gt;</a>&nbsp;&nbsp;&nbsp;hogpd_report_cfm_handler
<LI><a href="#[a2]">&gt;&gt;</a>&nbsp;&nbsp;&nbsp;hogpd_report_upd_req_handler
<LI><a href="#[a1]">&gt;&gt;</a>&nbsp;&nbsp;&nbsp;hogpd_enable_req_handler
<LI><a href="#[1d4]">&gt;&gt;</a>&nbsp;&nbsp;&nbsp;hogpd_ntf_cfg_ind_send
<LI><a href="#[1d3]">&gt;&gt;</a>&nbsp;&nbsp;&nbsp;hogpd_ntf_send
<LI><a href="#[9c]">&gt;&gt;</a>&nbsp;&nbsp;&nbsp;diss_value_cfm_handler
<LI><a href="#[9b]">&gt;&gt;</a>&nbsp;&nbsp;&nbsp;gattc_read_req_ind_handler
<LI><a href="#[9a]">&gt;&gt;</a>&nbsp;&nbsp;&nbsp;diss_set_value_req_handler
<LI><a href="#[91]">&gt;&gt;</a>&nbsp;&nbsp;&nbsp;gattc_write_req_ind_handler
<LI><a href="#[90]">&gt;&gt;</a>&nbsp;&nbsp;&nbsp;gattc_read_req_ind_handler
<LI><a href="#[95]">&gt;&gt;</a>&nbsp;&nbsp;&nbsp;custs1_val_ind_req_handler
<LI><a href="#[1c7]">&gt;&gt;</a>&nbsp;&nbsp;&nbsp;custs1_exe_operation
<LI><a href="#[ef]">&gt;&gt;</a>&nbsp;&nbsp;&nbsp;app_custs1_create_db
<LI><a href="#[229]">&gt;&gt;</a>&nbsp;&nbsp;&nbsp;app_easy_timer_modify
<LI><a href="#[226]">&gt;&gt;</a>&nbsp;&nbsp;&nbsp;cancel_timer_handler
<LI><a href="#[223]">&gt;&gt;</a>&nbsp;&nbsp;&nbsp;create_timer
<LI><a href="#[221]">&gt;&gt;</a>&nbsp;&nbsp;&nbsp;app_easy_security_request_get_active
<LI><a href="#[21e]">&gt;&gt;</a>&nbsp;&nbsp;&nbsp;pairing_rsp_create_msg
<LI><a href="#[216]">&gt;&gt;</a>&nbsp;&nbsp;&nbsp;suotar_send_mem_info_update_req
<LI><a href="#[209]">&gt;&gt;</a>&nbsp;&nbsp;&nbsp;suotar_send_status_update_req
<LI><a href="#[c9]">&gt;&gt;</a>&nbsp;&nbsp;&nbsp;diss_value_req_ind_handler
<LI><a href="#[204]">&gt;&gt;</a>&nbsp;&nbsp;&nbsp;app_batt_set_level
<LI><a href="#[1f4]">&gt;&gt;</a>&nbsp;&nbsp;&nbsp;user_on_connection
<LI><a href="#[c1]">&gt;&gt;</a>&nbsp;&nbsp;&nbsp;gapc_param_update_req_ind_handler
<LI><a href="#[be]">&gt;&gt;</a>&nbsp;&nbsp;&nbsp;gapc_set_dev_info_req_ind_handler
<LI><a href="#[bd]">&gt;&gt;</a>&nbsp;&nbsp;&nbsp;gapc_get_dev_info_req_ind_handler
<LI><a href="#[b8]">&gt;&gt;</a>&nbsp;&nbsp;&nbsp;gapm_device_ready_ind_handler
<LI><a href="#[b6]">&gt;&gt;</a>&nbsp;&nbsp;&nbsp;app_suotar_create_db
<LI><a href="#[b5]">&gt;&gt;</a>&nbsp;&nbsp;&nbsp;app_hogpd_enable
<LI><a href="#[b4]">&gt;&gt;</a>&nbsp;&nbsp;&nbsp;app_hogpd_create_db
<LI><a href="#[228]">&gt;&gt;</a>&nbsp;&nbsp;&nbsp;app_easy_timer_cancel
<LI><a href="#[b1]">&gt;&gt;</a>&nbsp;&nbsp;&nbsp;app_diss_create_db
<LI><a href="#[b3]">&gt;&gt;</a>&nbsp;&nbsp;&nbsp;app_bass_enable
<LI><a href="#[b2]">&gt;&gt;</a>&nbsp;&nbsp;&nbsp;app_bass_create_db
<LI><a href="#[1eb]">&gt;&gt;</a>&nbsp;&nbsp;&nbsp;app_easy_gap_advertise_stop
<LI><a href="#[2b9]">&gt;&gt;</a>&nbsp;&nbsp;&nbsp;port_con_fsm_send_connection_upd_req
<LI><a href="#[2cf]">&gt;&gt;</a>&nbsp;&nbsp;&nbsp;port_con_fsm_resolve_address
<LI><a href="#[2dd]">&gt;&gt;</a>&nbsp;&nbsp;&nbsp;port_con_fsm_mitm_passcode_report
<LI><a href="#[2d5]">&gt;&gt;</a>&nbsp;&nbsp;&nbsp;port_alt_pair_updatedb_from_bonding_info
<LI><a href="#[2a6]">&gt;&gt;</a>&nbsp;&nbsp;&nbsp;port_adv_fsm_start_adv_undirected
<LI><a href="#[2a5]">&gt;&gt;</a>&nbsp;&nbsp;&nbsp;port_adv_fsm_start_adv_directed
<LI><a href="#[293]">&gt;&gt;</a>&nbsp;&nbsp;&nbsp;app_hogpd_send_report
<LI><a href="#[292]">&gt;&gt;</a>&nbsp;&nbsp;&nbsp;app_hogpd_report_ind_handler
<LI><a href="#[277]">&gt;&gt;</a>&nbsp;&nbsp;&nbsp;user_audio_process_ctrl_packet
<LI><a href="#[233]">&gt;&gt;</a>&nbsp;&nbsp;&nbsp;user_audio_set_config_data
<LI><a href="#[23b]">&gt;&gt;</a>&nbsp;&nbsp;&nbsp;app_hogpd_process_handler
<LI><a href="#[34c]">&gt;&gt;</a>&nbsp;&nbsp;&nbsp;port_create_l2cc_pdu
<LI><a href="#[312]">&gt;&gt;</a>&nbsp;&nbsp;&nbsp;port_security_send_ltk_exch_rsp
<LI><a href="#[314]">&gt;&gt;</a>&nbsp;&nbsp;&nbsp;port_security_send_encrypt_cfm
</UL>

<P><STRONG><a name="[1b1]"></a>ke_msg_send</STRONG> (Thumb, 0 bytes, Stack size 0 bytes, da14585_symbols.txt(ABSOLUTE))
<BR><BR>[Called By]<UL><LI><a href="#[8a]">&gt;&gt;</a>&nbsp;&nbsp;&nbsp;gattc_read_req_ind_handler
<LI><a href="#[89]">&gt;&gt;</a>&nbsp;&nbsp;&nbsp;gattc_write_req_ind_handler
<LI><a href="#[88]">&gt;&gt;</a>&nbsp;&nbsp;&nbsp;gattc_att_info_req_ind_handler
<LI><a href="#[87]">&gt;&gt;</a>&nbsp;&nbsp;&nbsp;bass_batt_level_upd_req_handler
<LI><a href="#[86]">&gt;&gt;</a>&nbsp;&nbsp;&nbsp;bass_enable_req_handler
<LI><a href="#[1b3]">&gt;&gt;</a>&nbsp;&nbsp;&nbsp;bass_exe_operation
<LI><a href="#[1ae]">&gt;&gt;</a>&nbsp;&nbsp;&nbsp;bass_notify_batt_lvl
<LI><a href="#[220]">&gt;&gt;</a>&nbsp;&nbsp;&nbsp;app_easy_security_send_pairing_rsp
<LI><a href="#[1ec]">&gt;&gt;</a>&nbsp;&nbsp;&nbsp;app_easy_gap_disconnect
<LI><a href="#[1ed]">&gt;&gt;</a>&nbsp;&nbsp;&nbsp;app_easy_gap_confirm
<LI><a href="#[ad]">&gt;&gt;</a>&nbsp;&nbsp;&nbsp;gattc_read_req_ind_handler
<LI><a href="#[ae]">&gt;&gt;</a>&nbsp;&nbsp;&nbsp;gattc_write_req_ind_handler
<LI><a href="#[b0]">&gt;&gt;</a>&nbsp;&nbsp;&nbsp;suotar_status_update_req_handler
<LI><a href="#[a8]">&gt;&gt;</a>&nbsp;&nbsp;&nbsp;gattc_cmp_evt_handler
<LI><a href="#[a7]">&gt;&gt;</a>&nbsp;&nbsp;&nbsp;gattc_read_req_ind_handler
<LI><a href="#[a6]">&gt;&gt;</a>&nbsp;&nbsp;&nbsp;gattc_write_req_ind_handler
<LI><a href="#[a5]">&gt;&gt;</a>&nbsp;&nbsp;&nbsp;gattc_att_info_req_ind_handler
<LI><a href="#[a4]">&gt;&gt;</a>&nbsp;&nbsp;&nbsp;hogpd_proto_mode_cfm_handler
<LI><a href="#[a3]">&gt;&gt;</a>&nbsp;&nbsp;&nbsp;hogpd_report_cfm_handler
<LI><a href="#[a2]">&gt;&gt;</a>&nbsp;&nbsp;&nbsp;hogpd_report_upd_req_handler
<LI><a href="#[a1]">&gt;&gt;</a>&nbsp;&nbsp;&nbsp;hogpd_enable_req_handler
<LI><a href="#[1d4]">&gt;&gt;</a>&nbsp;&nbsp;&nbsp;hogpd_ntf_cfg_ind_send
<LI><a href="#[1d3]">&gt;&gt;</a>&nbsp;&nbsp;&nbsp;hogpd_ntf_send
<LI><a href="#[9c]">&gt;&gt;</a>&nbsp;&nbsp;&nbsp;diss_value_cfm_handler
<LI><a href="#[9b]">&gt;&gt;</a>&nbsp;&nbsp;&nbsp;gattc_read_req_ind_handler
<LI><a href="#[9a]">&gt;&gt;</a>&nbsp;&nbsp;&nbsp;diss_set_value_req_handler
<LI><a href="#[91]">&gt;&gt;</a>&nbsp;&nbsp;&nbsp;gattc_write_req_ind_handler
<LI><a href="#[90]">&gt;&gt;</a>&nbsp;&nbsp;&nbsp;gattc_read_req_ind_handler
<LI><a href="#[95]">&gt;&gt;</a>&nbsp;&nbsp;&nbsp;custs1_val_ind_req_handler
<LI><a href="#[1c7]">&gt;&gt;</a>&nbsp;&nbsp;&nbsp;custs1_exe_operation
<LI><a href="#[ef]">&gt;&gt;</a>&nbsp;&nbsp;&nbsp;app_custs1_create_db
<LI><a href="#[229]">&gt;&gt;</a>&nbsp;&nbsp;&nbsp;app_easy_timer_modify
<LI><a href="#[226]">&gt;&gt;</a>&nbsp;&nbsp;&nbsp;cancel_timer_handler
<LI><a href="#[223]">&gt;&gt;</a>&nbsp;&nbsp;&nbsp;create_timer
<LI><a href="#[222]">&gt;&gt;</a>&nbsp;&nbsp;&nbsp;app_easy_security_request
<LI><a href="#[216]">&gt;&gt;</a>&nbsp;&nbsp;&nbsp;suotar_send_mem_info_update_req
<LI><a href="#[209]">&gt;&gt;</a>&nbsp;&nbsp;&nbsp;suotar_send_status_update_req
<LI><a href="#[c9]">&gt;&gt;</a>&nbsp;&nbsp;&nbsp;diss_value_req_ind_handler
<LI><a href="#[204]">&gt;&gt;</a>&nbsp;&nbsp;&nbsp;app_batt_set_level
<LI><a href="#[1f4]">&gt;&gt;</a>&nbsp;&nbsp;&nbsp;user_on_connection
<LI><a href="#[c1]">&gt;&gt;</a>&nbsp;&nbsp;&nbsp;gapc_param_update_req_ind_handler
<LI><a href="#[be]">&gt;&gt;</a>&nbsp;&nbsp;&nbsp;gapc_set_dev_info_req_ind_handler
<LI><a href="#[bd]">&gt;&gt;</a>&nbsp;&nbsp;&nbsp;gapc_get_dev_info_req_ind_handler
<LI><a href="#[b8]">&gt;&gt;</a>&nbsp;&nbsp;&nbsp;gapm_device_ready_ind_handler
<LI><a href="#[b6]">&gt;&gt;</a>&nbsp;&nbsp;&nbsp;app_suotar_create_db
<LI><a href="#[b5]">&gt;&gt;</a>&nbsp;&nbsp;&nbsp;app_hogpd_enable
<LI><a href="#[b4]">&gt;&gt;</a>&nbsp;&nbsp;&nbsp;app_hogpd_create_db
<LI><a href="#[228]">&gt;&gt;</a>&nbsp;&nbsp;&nbsp;app_easy_timer_cancel
<LI><a href="#[b1]">&gt;&gt;</a>&nbsp;&nbsp;&nbsp;app_diss_create_db
<LI><a href="#[b3]">&gt;&gt;</a>&nbsp;&nbsp;&nbsp;app_bass_enable
<LI><a href="#[b2]">&gt;&gt;</a>&nbsp;&nbsp;&nbsp;app_bass_create_db
<LI><a href="#[1f0]">&gt;&gt;</a>&nbsp;&nbsp;&nbsp;app_easy_gap_dev_configure
<LI><a href="#[1eb]">&gt;&gt;</a>&nbsp;&nbsp;&nbsp;app_easy_gap_advertise_stop
<LI><a href="#[2b9]">&gt;&gt;</a>&nbsp;&nbsp;&nbsp;port_con_fsm_send_connection_upd_req
<LI><a href="#[2cf]">&gt;&gt;</a>&nbsp;&nbsp;&nbsp;port_con_fsm_resolve_address
<LI><a href="#[2dd]">&gt;&gt;</a>&nbsp;&nbsp;&nbsp;port_con_fsm_mitm_passcode_report
<LI><a href="#[2d5]">&gt;&gt;</a>&nbsp;&nbsp;&nbsp;port_alt_pair_updatedb_from_bonding_info
<LI><a href="#[2a6]">&gt;&gt;</a>&nbsp;&nbsp;&nbsp;port_adv_fsm_start_adv_undirected
<LI><a href="#[2a5]">&gt;&gt;</a>&nbsp;&nbsp;&nbsp;port_adv_fsm_start_adv_directed
<LI><a href="#[293]">&gt;&gt;</a>&nbsp;&nbsp;&nbsp;app_hogpd_send_report
<LI><a href="#[292]">&gt;&gt;</a>&nbsp;&nbsp;&nbsp;app_hogpd_report_ind_handler
<LI><a href="#[270]">&gt;&gt;</a>&nbsp;&nbsp;&nbsp;port_send_notification
<LI><a href="#[277]">&gt;&gt;</a>&nbsp;&nbsp;&nbsp;user_audio_process_ctrl_packet
<LI><a href="#[233]">&gt;&gt;</a>&nbsp;&nbsp;&nbsp;user_audio_set_config_data
<LI><a href="#[23b]">&gt;&gt;</a>&nbsp;&nbsp;&nbsp;app_hogpd_process_handler
<LI><a href="#[350]">&gt;&gt;</a>&nbsp;&nbsp;&nbsp;stream_queue_data_until
<LI><a href="#[312]">&gt;&gt;</a>&nbsp;&nbsp;&nbsp;port_security_send_ltk_exch_rsp
<LI><a href="#[314]">&gt;&gt;</a>&nbsp;&nbsp;&nbsp;port_security_send_encrypt_cfm
</UL>

<P><STRONG><a name="[381]"></a>ke_msg_send_basic</STRONG> (Thumb, 0 bytes, Stack size 0 bytes, da14585_symbols.txt(ABSOLUTE), UNUSED)
<BR><BR>[Called By]<UL></UL>

<P><STRONG><a name="[4b]"></a>ke_task_init_func</STRONG> (Thumb, 0 bytes, Stack size 0 bytes, da14585_symbols.txt(ABSOLUTE), UNUSED)
<BR>[Address Reference Count : 1]<UL><LI> jump_table.o(.constdata)
</UL>
<P><STRONG><a name="[1de]"></a>ke_task_create</STRONG> (Thumb, 0 bytes, Stack size 0 bytes, da14585_symbols.txt(ABSOLUTE))
<BR><BR>[Called By]<UL><LI><a href="#[13b]">&gt;&gt;</a>&nbsp;&nbsp;&nbsp;app_init
<LI><a href="#[5d]">&gt;&gt;</a>&nbsp;&nbsp;&nbsp;prf_init_func
</UL>

<P><STRONG><a name="[1ab]"></a>ke_state_set</STRONG> (Thumb, 0 bytes, Stack size 0 bytes, da14585_symbols.txt(ABSOLUTE))
<BR><BR>[Called By]<UL><LI><a href="#[13b]">&gt;&gt;</a>&nbsp;&nbsp;&nbsp;app_init
<LI><a href="#[87]">&gt;&gt;</a>&nbsp;&nbsp;&nbsp;bass_batt_level_upd_req_handler
<LI><a href="#[86]">&gt;&gt;</a>&nbsp;&nbsp;&nbsp;bass_enable_req_handler
<LI><a href="#[1b3]">&gt;&gt;</a>&nbsp;&nbsp;&nbsp;bass_exe_operation
<LI><a href="#[82]">&gt;&gt;</a>&nbsp;&nbsp;&nbsp;bass_init
<LI><a href="#[1e7]">&gt;&gt;</a>&nbsp;&nbsp;&nbsp;app_db_init_start
<LI><a href="#[a9]">&gt;&gt;</a>&nbsp;&nbsp;&nbsp;suotar_init
<LI><a href="#[a8]">&gt;&gt;</a>&nbsp;&nbsp;&nbsp;gattc_cmp_evt_handler
<LI><a href="#[a7]">&gt;&gt;</a>&nbsp;&nbsp;&nbsp;gattc_read_req_ind_handler
<LI><a href="#[a6]">&gt;&gt;</a>&nbsp;&nbsp;&nbsp;gattc_write_req_ind_handler
<LI><a href="#[a4]">&gt;&gt;</a>&nbsp;&nbsp;&nbsp;hogpd_proto_mode_cfm_handler
<LI><a href="#[a3]">&gt;&gt;</a>&nbsp;&nbsp;&nbsp;hogpd_report_cfm_handler
<LI><a href="#[a2]">&gt;&gt;</a>&nbsp;&nbsp;&nbsp;hogpd_report_upd_req_handler
<LI><a href="#[9d]">&gt;&gt;</a>&nbsp;&nbsp;&nbsp;hogpd_init
<LI><a href="#[9c]">&gt;&gt;</a>&nbsp;&nbsp;&nbsp;diss_value_cfm_handler
<LI><a href="#[9b]">&gt;&gt;</a>&nbsp;&nbsp;&nbsp;gattc_read_req_ind_handler
<LI><a href="#[96]">&gt;&gt;</a>&nbsp;&nbsp;&nbsp;diss_init
<LI><a href="#[93]">&gt;&gt;</a>&nbsp;&nbsp;&nbsp;custs1_val_ntf_req_handler
<LI><a href="#[1c7]">&gt;&gt;</a>&nbsp;&nbsp;&nbsp;custs1_exe_operation
<LI><a href="#[8c]">&gt;&gt;</a>&nbsp;&nbsp;&nbsp;custs1_init
<LI><a href="#[1f7]">&gt;&gt;</a>&nbsp;&nbsp;&nbsp;user_on_disconnect
<LI><a href="#[1f4]">&gt;&gt;</a>&nbsp;&nbsp;&nbsp;user_on_connection
<LI><a href="#[bf]">&gt;&gt;</a>&nbsp;&nbsp;&nbsp;gapm_profile_added_ind_handler
<LI><a href="#[2ce]">&gt;&gt;</a>&nbsp;&nbsp;&nbsp;port_con_fsm_start_security
<LI><a href="#[2b9]">&gt;&gt;</a>&nbsp;&nbsp;&nbsp;port_con_fsm_send_connection_upd_req
<LI><a href="#[2a6]">&gt;&gt;</a>&nbsp;&nbsp;&nbsp;port_adv_fsm_start_adv_undirected
<LI><a href="#[2a5]">&gt;&gt;</a>&nbsp;&nbsp;&nbsp;port_adv_fsm_start_adv_directed
</UL>

<P><STRONG><a name="[1b4]"></a>ke_state_get</STRONG> (Thumb, 0 bytes, Stack size 0 bytes, da14585_symbols.txt(ABSOLUTE))
<BR><BR>[Called By]<UL><LI><a href="#[87]">&gt;&gt;</a>&nbsp;&nbsp;&nbsp;bass_batt_level_upd_req_handler
<LI><a href="#[86]">&gt;&gt;</a>&nbsp;&nbsp;&nbsp;bass_enable_req_handler
<LI><a href="#[ad]">&gt;&gt;</a>&nbsp;&nbsp;&nbsp;gattc_read_req_ind_handler
<LI><a href="#[ae]">&gt;&gt;</a>&nbsp;&nbsp;&nbsp;gattc_write_req_ind_handler
<LI><a href="#[a8]">&gt;&gt;</a>&nbsp;&nbsp;&nbsp;gattc_cmp_evt_handler
<LI><a href="#[a7]">&gt;&gt;</a>&nbsp;&nbsp;&nbsp;gattc_read_req_ind_handler
<LI><a href="#[a6]">&gt;&gt;</a>&nbsp;&nbsp;&nbsp;gattc_write_req_ind_handler
<LI><a href="#[a4]">&gt;&gt;</a>&nbsp;&nbsp;&nbsp;hogpd_proto_mode_cfm_handler
<LI><a href="#[a3]">&gt;&gt;</a>&nbsp;&nbsp;&nbsp;hogpd_report_cfm_handler
<LI><a href="#[a2]">&gt;&gt;</a>&nbsp;&nbsp;&nbsp;hogpd_report_upd_req_handler
<LI><a href="#[9c]">&gt;&gt;</a>&nbsp;&nbsp;&nbsp;diss_value_cfm_handler
<LI><a href="#[9b]">&gt;&gt;</a>&nbsp;&nbsp;&nbsp;gattc_read_req_ind_handler
<LI><a href="#[93]">&gt;&gt;</a>&nbsp;&nbsp;&nbsp;custs1_val_ntf_req_handler
<LI><a href="#[1f7]">&gt;&gt;</a>&nbsp;&nbsp;&nbsp;user_on_disconnect
<LI><a href="#[bf]">&gt;&gt;</a>&nbsp;&nbsp;&nbsp;gapm_profile_added_ind_handler
<LI><a href="#[bc]">&gt;&gt;</a>&nbsp;&nbsp;&nbsp;gapc_disconnect_ind_handler
<LI><a href="#[bb]">&gt;&gt;</a>&nbsp;&nbsp;&nbsp;gapc_connection_req_ind_handler
<LI><a href="#[b8]">&gt;&gt;</a>&nbsp;&nbsp;&nbsp;gapm_device_ready_ind_handler
<LI><a href="#[2b9]">&gt;&gt;</a>&nbsp;&nbsp;&nbsp;port_con_fsm_send_connection_upd_req
</UL>

<P><STRONG><a name="[1dd]"></a>ke_task_msg_flush</STRONG> (Thumb, 0 bytes, Stack size 0 bytes, da14585_symbols.txt(ABSOLUTE))
<BR><BR>[Called By]<UL><LI><a href="#[5d]">&gt;&gt;</a>&nbsp;&nbsp;&nbsp;prf_init_func
</UL>

<P><STRONG><a name="[4c]"></a>ke_timer_init_func</STRONG> (Thumb, 0 bytes, Stack size 0 bytes, da14585_symbols.txt(ABSOLUTE), UNUSED)
<BR>[Address Reference Count : 1]<UL><LI> jump_table.o(.constdata)
</UL>
<P><STRONG><a name="[1ef]"></a>ke_timer_set</STRONG> (Thumb, 0 bytes, Stack size 0 bytes, da14585_symbols.txt(ABSOLUTE))
<BR><BR>[Called By]<UL><LI><a href="#[223]">&gt;&gt;</a>&nbsp;&nbsp;&nbsp;create_timer
<LI><a href="#[cf]">&gt;&gt;</a>&nbsp;&nbsp;&nbsp;app_timer_api_process_handler
<LI><a href="#[1ee]">&gt;&gt;</a>&nbsp;&nbsp;&nbsp;app_timer_set
</UL>

<P><STRONG><a name="[207]"></a>ke_timer_clear</STRONG> (Thumb, 0 bytes, Stack size 0 bytes, da14585_symbols.txt(ABSOLUTE))
<BR><BR>[Called By]<UL><LI><a href="#[229]">&gt;&gt;</a>&nbsp;&nbsp;&nbsp;app_easy_timer_modify
<LI><a href="#[206]">&gt;&gt;</a>&nbsp;&nbsp;&nbsp;app_batt_poll_stop
<LI><a href="#[228]">&gt;&gt;</a>&nbsp;&nbsp;&nbsp;app_easy_timer_cancel
</UL>

<P><STRONG><a name="[19e]"></a>ke_timer_sleep_check</STRONG> (Thumb, 0 bytes, Stack size 0 bytes, da14585_symbols.txt(ABSOLUTE))
<BR><BR>[Called By]<UL><LI><a href="#[115]">&gt;&gt;</a>&nbsp;&nbsp;&nbsp;rwip_sleep
</UL>

<P><STRONG><a name="[116]"></a>rwip_schedule</STRONG> (Thumb, 0 bytes, Stack size 0 bytes, da14585_symbols.txt(ABSOLUTE))
<BR><BR>[Called By]<UL><LI><a href="#[1e]">&gt;&gt;</a>&nbsp;&nbsp;&nbsp;main
<LI><a href="#[f3]">&gt;&gt;</a>&nbsp;&nbsp;&nbsp;user_flash_erase_callback
</UL>

<P><STRONG><a name="[192]"></a>rwip_wakeup</STRONG> (Thumb, 0 bytes, Stack size 0 bytes, da14585_symbols.txt(ABSOLUTE))
<BR><BR>[Called By]<UL><LI><a href="#[7]">&gt;&gt;</a>&nbsp;&nbsp;&nbsp;rwble_isr
</UL>

<P><STRONG><a name="[194]"></a>rwip_wakeup_end</STRONG> (Thumb, 0 bytes, Stack size 0 bytes, da14585_symbols.txt(ABSOLUTE))
<BR><BR>[Called By]<UL><LI><a href="#[7]">&gt;&gt;</a>&nbsp;&nbsp;&nbsp;rwble_isr
</UL>

<P><STRONG><a name="[12a]"></a>rwip_wakeup_delay_set</STRONG> (Thumb, 0 bytes, Stack size 0 bytes, da14585_symbols.txt(ABSOLUTE))
<BR><BR>[Called By]<UL><LI><a href="#[129]">&gt;&gt;</a>&nbsp;&nbsp;&nbsp;set_sleep_delay
</UL>

<P><STRONG><a name="[127]"></a>__aeabi_uidivmod</STRONG> (Thumb, 0 bytes, Stack size 0 bytes, da14585_symbols.txt(ABSOLUTE))
<BR><BR>[Called By]<UL><LI><a href="#[10f]">&gt;&gt;</a>&nbsp;&nbsp;&nbsp;read_rcx_freq
<LI><a href="#[158]">&gt;&gt;</a>&nbsp;&nbsp;&nbsp;pdm_enable
<LI><a href="#[12d]">&gt;&gt;</a>&nbsp;&nbsp;&nbsp;lld_sleep_us_2_lpcycles_rcx_func
<LI><a href="#[54]">&gt;&gt;</a>&nbsp;&nbsp;&nbsp;lld_sleep_compensate_func
<LI><a href="#[175]">&gt;&gt;</a>&nbsp;&nbsp;&nbsp;spi_flash_write_data
<LI><a href="#[2a6]">&gt;&gt;</a>&nbsp;&nbsp;&nbsp;port_adv_fsm_start_adv_undirected
<LI><a href="#[26a]">&gt;&gt;</a>&nbsp;&nbsp;&nbsp;user_audio_adapt_rate
<LI><a href="#[230]">&gt;&gt;</a>&nbsp;&nbsp;&nbsp;user_audio_set_packet_size
<LI><a href="#[238]">&gt;&gt;</a>&nbsp;&nbsp;&nbsp;port_timer_set
<LI><a href="#[239]">&gt;&gt;</a>&nbsp;&nbsp;&nbsp;app_leds_ramp
</UL>

<P><STRONG><a name="[149]"></a>__aeabi_idivmod</STRONG> (Thumb, 0 bytes, Stack size 0 bytes, da14585_symbols.txt(ABSOLUTE))
<BR><BR>[Called By]<UL><LI><a href="#[14b]">&gt;&gt;</a>&nbsp;&nbsp;&nbsp;batt_cal_aaa
<LI><a href="#[14a]">&gt;&gt;</a>&nbsp;&nbsp;&nbsp;batt_cal_cr1225
<LI><a href="#[148]">&gt;&gt;</a>&nbsp;&nbsp;&nbsp;batt_cal_cr2032
<LI><a href="#[2ac]">&gt;&gt;</a>&nbsp;&nbsp;&nbsp;app_audio_ima_enc
<LI><a href="#[270]">&gt;&gt;</a>&nbsp;&nbsp;&nbsp;port_send_notification
<LI><a href="#[279]">&gt;&gt;</a>&nbsp;&nbsp;&nbsp;app_audio_encode
<LI><a href="#[230]">&gt;&gt;</a>&nbsp;&nbsp;&nbsp;user_audio_set_packet_size
<LI><a href="#[350]">&gt;&gt;</a>&nbsp;&nbsp;&nbsp;stream_queue_data_until
<LI><a href="#[344]">&gt;&gt;</a>&nbsp;&nbsp;&nbsp;multi_bond_update_active_peer_pos
</UL>

<P><STRONG><a name="[19f]"></a>__aeabi_lmul</STRONG> (Thumb, 0 bytes, Stack size 0 bytes, da14585_symbols.txt(ABSOLUTE))
<BR><BR>[Called By]<UL><LI><a href="#[115]">&gt;&gt;</a>&nbsp;&nbsp;&nbsp;rwip_sleep
</UL>

<P><STRONG><a name="[11f]"></a>rand</STRONG> (Thumb, 0 bytes, Stack size 0 bytes, da14585_symbols.txt(ABSOLUTE))
<BR><BR>[Called By]<UL><LI><a href="#[79]">&gt;&gt;</a>&nbsp;&nbsp;&nbsp;dia_rand_func
<LI><a href="#[311]">&gt;&gt;</a>&nbsp;&nbsp;&nbsp;app_pairing_ltk_exch
</UL>

<P><STRONG><a name="[120]"></a>srand</STRONG> (Thumb, 0 bytes, Stack size 0 bytes, da14585_symbols.txt(ABSOLUTE))
<BR><BR>[Called By]<UL><LI><a href="#[7a]">&gt;&gt;</a>&nbsp;&nbsp;&nbsp;dia_srand_func
</UL>

<P><STRONG><a name="[10d]"></a>__aeabi_memcpy</STRONG> (Thumb, 0 bytes, Stack size 0 bytes, da14585_symbols.txt(ABSOLUTE))
<BR><BR>[Called By]<UL><LI><a href="#[4e]">&gt;&gt;</a>&nbsp;&nbsp;&nbsp;nvds_get_func
<LI><a href="#[134]">&gt;&gt;</a>&nbsp;&nbsp;&nbsp;arch_rom_init
<LI><a href="#[33]">&gt;&gt;</a>&nbsp;&nbsp;&nbsp;rf_init_func
<LI><a href="#[82]">&gt;&gt;</a>&nbsp;&nbsp;&nbsp;bass_init
<LI><a href="#[1a2]">&gt;&gt;</a>&nbsp;&nbsp;&nbsp;attm_svc_create_db_128
<LI><a href="#[1ea]">&gt;&gt;</a>&nbsp;&nbsp;&nbsp;app_easy_gap_dev_config_create_msg
<LI><a href="#[ad]">&gt;&gt;</a>&nbsp;&nbsp;&nbsp;gattc_read_req_ind_handler
<LI><a href="#[ae]">&gt;&gt;</a>&nbsp;&nbsp;&nbsp;gattc_write_req_ind_handler
<LI><a href="#[b0]">&gt;&gt;</a>&nbsp;&nbsp;&nbsp;suotar_status_update_req_handler
<LI><a href="#[a9]">&gt;&gt;</a>&nbsp;&nbsp;&nbsp;suotar_init
<LI><a href="#[a7]">&gt;&gt;</a>&nbsp;&nbsp;&nbsp;gattc_read_req_ind_handler
<LI><a href="#[a6]">&gt;&gt;</a>&nbsp;&nbsp;&nbsp;gattc_write_req_ind_handler
<LI><a href="#[a3]">&gt;&gt;</a>&nbsp;&nbsp;&nbsp;hogpd_report_cfm_handler
<LI><a href="#[1d3]">&gt;&gt;</a>&nbsp;&nbsp;&nbsp;hogpd_ntf_send
<LI><a href="#[9c]">&gt;&gt;</a>&nbsp;&nbsp;&nbsp;diss_value_cfm_handler
<LI><a href="#[9b]">&gt;&gt;</a>&nbsp;&nbsp;&nbsp;gattc_read_req_ind_handler
<LI><a href="#[9a]">&gt;&gt;</a>&nbsp;&nbsp;&nbsp;diss_set_value_req_handler
<LI><a href="#[91]">&gt;&gt;</a>&nbsp;&nbsp;&nbsp;gattc_write_req_ind_handler
<LI><a href="#[90]">&gt;&gt;</a>&nbsp;&nbsp;&nbsp;gattc_read_req_ind_handler
<LI><a href="#[1c7]">&gt;&gt;</a>&nbsp;&nbsp;&nbsp;custs1_exe_operation
<LI><a href="#[1c3]">&gt;&gt;</a>&nbsp;&nbsp;&nbsp;custs1_att_set_value
<LI><a href="#[1c2]">&gt;&gt;</a>&nbsp;&nbsp;&nbsp;custs1_set_ccc_value
<LI><a href="#[cd]">&gt;&gt;</a>&nbsp;&nbsp;&nbsp;suotar_patch_data_ind_handler
<LI><a href="#[c9]">&gt;&gt;</a>&nbsp;&nbsp;&nbsp;diss_value_req_ind_handler
<LI><a href="#[b7]">&gt;&gt;</a>&nbsp;&nbsp;&nbsp;user_process_catch_rest
<LI><a href="#[1f4]">&gt;&gt;</a>&nbsp;&nbsp;&nbsp;user_on_connection
<LI><a href="#[bd]">&gt;&gt;</a>&nbsp;&nbsp;&nbsp;gapc_get_dev_info_req_ind_handler
<LI><a href="#[2f1]">&gt;&gt;</a>&nbsp;&nbsp;&nbsp;process_multi_key_combinations
<LI><a href="#[2e6]">&gt;&gt;</a>&nbsp;&nbsp;&nbsp;app_hid_report_send_hid_report
<LI><a href="#[2e4]">&gt;&gt;</a>&nbsp;&nbsp;&nbsp;app_spi_flash_write_random_page_data
<LI><a href="#[2cf]">&gt;&gt;</a>&nbsp;&nbsp;&nbsp;port_con_fsm_resolve_address
<LI><a href="#[2be]">&gt;&gt;</a>&nbsp;&nbsp;&nbsp;handle_connected_pairing_state
<LI><a href="#[2a6]">&gt;&gt;</a>&nbsp;&nbsp;&nbsp;port_adv_fsm_start_adv_undirected
<LI><a href="#[2a5]">&gt;&gt;</a>&nbsp;&nbsp;&nbsp;port_adv_fsm_start_adv_directed
<LI><a href="#[2a0]">&gt;&gt;</a>&nbsp;&nbsp;&nbsp;app_adv_fsm_dir_start
<LI><a href="#[294]">&gt;&gt;</a>&nbsp;&nbsp;&nbsp;app_adv_fsm_set_adv_data
<LI><a href="#[293]">&gt;&gt;</a>&nbsp;&nbsp;&nbsp;app_hogpd_send_report
<LI><a href="#[292]">&gt;&gt;</a>&nbsp;&nbsp;&nbsp;app_hogpd_report_ind_handler
[...]
</UL>

<P><STRONG><a name="[2ff]"></a>app_leds_turn_off_led</STRONG> (Thumb, 44 bytes, Stack size 16 bytes, app_leds.o(.text))
<BR><BR>[Stack]<UL><LI>Max Depth = 120<LI>Call Chain = app_leds_turn_off_led &rArr; app_leds_update_state &rArr;  app_leds_ramp (Cycle)
</UL>
<BR>[Calls]<UL><LI><a href="#[300]">&gt;&gt;</a>&nbsp;&nbsp;&nbsp;app_leds_restore_sleep
<LI><a href="#[301]">&gt;&gt;</a>&nbsp;&nbsp;&nbsp;app_leds_update_state
<LI><a href="#[287]">&gt;&gt;</a>&nbsp;&nbsp;&nbsp;port_timer_clear
</UL>
<BR>[Called By]<UL><LI><a href="#[239]">&gt;&gt;</a>&nbsp;&nbsp;&nbsp;app_leds_ramp
<LI><a href="#[302]">&gt;&gt;</a>&nbsp;&nbsp;&nbsp;app_leds_off
</UL>

<P><STRONG><a name="[301]"></a>app_leds_update_state</STRONG> (Thumb, 212 bytes, Stack size 24 bytes, app_leds.o(.text))
<BR><BR>[Stack]<UL><LI>Max Depth = 104 + In Cycle
<LI>Call Chain = app_leds_update_state &rArr;  app_leds_ramp (Cycle)
</UL>
<BR>[Calls]<UL><LI><a href="#[303]">&gt;&gt;</a>&nbsp;&nbsp;&nbsp;app_leds_ramp_start
<LI><a href="#[300]">&gt;&gt;</a>&nbsp;&nbsp;&nbsp;app_leds_restore_sleep
<LI><a href="#[304]">&gt;&gt;</a>&nbsp;&nbsp;&nbsp;app_leds_ramp_stop
<LI><a href="#[2fc]">&gt;&gt;</a>&nbsp;&nbsp;&nbsp;app_leds_set_led_state
<LI><a href="#[287]">&gt;&gt;</a>&nbsp;&nbsp;&nbsp;port_timer_clear
<LI><a href="#[238]">&gt;&gt;</a>&nbsp;&nbsp;&nbsp;port_timer_set
<LI><a href="#[239]">&gt;&gt;</a>&nbsp;&nbsp;&nbsp;app_leds_ramp
<LI><a href="#[1d5]">&gt;&gt;</a>&nbsp;&nbsp;&nbsp;__ARM_common_switch8
</UL>
<BR>[Called By]<UL><LI><a href="#[2e]">&gt;&gt;</a>&nbsp;&nbsp;&nbsp;app_leds_ramp_callback_function
<LI><a href="#[2ff]">&gt;&gt;</a>&nbsp;&nbsp;&nbsp;app_leds_turn_off_led
<LI><a href="#[239]">&gt;&gt;</a>&nbsp;&nbsp;&nbsp;app_leds_ramp
<LI><a href="#[fa]">&gt;&gt;</a>&nbsp;&nbsp;&nbsp;app_leds_timer_2_handler
<LI><a href="#[f9]">&gt;&gt;</a>&nbsp;&nbsp;&nbsp;app_leds_timer_1_handler
</UL>

<P><STRONG><a name="[2e]"></a>app_leds_ramp_callback_function</STRONG> (Thumb, 86 bytes, Stack size 16 bytes, app_leds.o(.text))
<BR><BR>[Stack]<UL><LI>Max Depth = 120<LI>Call Chain = app_leds_ramp_callback_function &rArr; app_leds_update_state &rArr;  app_leds_ramp (Cycle)
</UL>
<BR>[Calls]<UL><LI><a href="#[301]">&gt;&gt;</a>&nbsp;&nbsp;&nbsp;app_leds_update_state
<LI><a href="#[305]">&gt;&gt;</a>&nbsp;&nbsp;&nbsp;port_leds_set_next_ramp_lvl
</UL>
<BR>[Address Reference Count : 1]<UL><LI> app_leds.o(.text)
</UL>
<P><STRONG><a name="[304]"></a>app_leds_ramp_stop</STRONG> (Thumb, 20 bytes, Stack size 8 bytes, app_leds.o(.text))
<BR><BR>[Stack]<UL><LI>Max Depth = 24<LI>Call Chain = app_leds_ramp_stop &rArr; port_leds_stop_pwm &rArr; timer2_stop
</UL>
<BR>[Calls]<UL><LI><a href="#[309]">&gt;&gt;</a>&nbsp;&nbsp;&nbsp;port_leds_stop_pwm
</UL>
<BR>[Called By]<UL><LI><a href="#[301]">&gt;&gt;</a>&nbsp;&nbsp;&nbsp;app_leds_update_state
</UL>

<P><STRONG><a name="[300]"></a>app_leds_restore_sleep</STRONG> (Thumb, 16 bytes, Stack size 8 bytes, app_leds.o(.text))
<BR><BR>[Stack]<UL><LI>Max Depth = 8<LI>Call Chain = app_leds_restore_sleep
</UL>
<BR>[Calls]<UL><LI><a href="#[124]">&gt;&gt;</a>&nbsp;&nbsp;&nbsp;arch_restore_sleep_mode
</UL>
<BR>[Called By]<UL><LI><a href="#[301]">&gt;&gt;</a>&nbsp;&nbsp;&nbsp;app_leds_update_state
<LI><a href="#[2ff]">&gt;&gt;</a>&nbsp;&nbsp;&nbsp;app_leds_turn_off_led
</UL>

<P><STRONG><a name="[303]"></a>app_leds_ramp_start</STRONG> (Thumb, 34 bytes, Stack size 8 bytes, app_leds.o(.text))
<BR><BR>[Stack]<UL><LI>Max Depth = 40<LI>Call Chain = app_leds_ramp_start &rArr; port_leds_start_pwm &rArr; timer2_init
</UL>
<BR>[Calls]<UL><LI><a href="#[30a]">&gt;&gt;</a>&nbsp;&nbsp;&nbsp;port_leds_start_pwm
<LI><a href="#[308]">&gt;&gt;</a>&nbsp;&nbsp;&nbsp;port_leds_init_gpios_pwm
</UL>
<BR>[Called By]<UL><LI><a href="#[301]">&gt;&gt;</a>&nbsp;&nbsp;&nbsp;app_leds_update_state
</UL>

<P><STRONG><a name="[315]"></a>stream_fifo_get_write_dataptr</STRONG> (Thumb, 64 bytes, Stack size 12 bytes, app_stream.o(.text))
<BR><BR>[Stack]<UL><LI>Max Depth = 12<LI>Call Chain = stream_fifo_get_write_dataptr
</UL>
<BR>[Called By]<UL><LI><a href="#[278]">&gt;&gt;</a>&nbsp;&nbsp;&nbsp;app_stream_fifo_get_write_dataptr
<LI><a href="#[268]">&gt;&gt;</a>&nbsp;&nbsp;&nbsp;app_stream_fifo_get_priority_write_dataptr
</UL>

<P><STRONG><a name="[31a]"></a>_app_touchpad_track_engine</STRONG> (Thumb, 142 bytes, Stack size 32 bytes, app_touchpad.o(.text))
<BR><BR>[Stack]<UL><LI>Max Depth = 36<LI>Call Chain = _app_touchpad_track_engine &rArr; arch_force_active_mode
</UL>
<BR>[Calls]<UL><LI><a href="#[10d]">&gt;&gt;</a>&nbsp;&nbsp;&nbsp;__aeabi_memcpy
<LI><a href="#[125]">&gt;&gt;</a>&nbsp;&nbsp;&nbsp;arch_force_active_mode
<LI><a href="#[124]">&gt;&gt;</a>&nbsp;&nbsp;&nbsp;arch_restore_sleep_mode
</UL>
<BR>[Called By]<UL><LI><a href="#[285]">&gt;&gt;</a>&nbsp;&nbsp;&nbsp;app_touchpad_poll
</UL>

<P><STRONG><a name="[31c]"></a>audio_init_fifo</STRONG> (Thumb, 16 bytes, Stack size 0 bytes, port_audio.o(.text))
<BR><BR>[Called By]<UL><LI><a href="#[2ae]">&gt;&gt;</a>&nbsp;&nbsp;&nbsp;port_audio_stop_sampling
<LI><a href="#[2af]">&gt;&gt;</a>&nbsp;&nbsp;&nbsp;port_audio_start_sampling
</UL>

<P><STRONG><a name="[327]"></a>NVIC_SetPriority</STRONG> (Thumb, 60 bytes, Stack size 0 bytes, port_kbd.o(.text))
<BR><BR>[Called By]<UL><LI><a href="#[2fb]">&gt;&gt;</a>&nbsp;&nbsp;&nbsp;port_kbd_scan_fsm_update
<LI><a href="#[326]">&gt;&gt;</a>&nbsp;&nbsp;&nbsp;kbd_scan_matrix
</UL>

<P><STRONG><a name="[322]"></a>kbd_scan_debounce_key</STRONG> (Thumb, 296 bytes, Stack size 20 bytes, port_kbd.o(.text))
<BR><BR>[Stack]<UL><LI>Max Depth = 20<LI>Call Chain = kbd_scan_debounce_key
</UL>
<BR>[Called By]<UL><LI><a href="#[320]">&gt;&gt;</a>&nbsp;&nbsp;&nbsp;kbd_scan_process_scandata
</UL>

<P><STRONG><a name="[320]"></a>kbd_scan_process_scandata</STRONG> (Thumb, 248 bytes, Stack size 24 bytes, port_kbd.o(.text))
<BR><BR>[Stack]<UL><LI>Max Depth = 328<LI>Call Chain = kbd_scan_process_scandata &rArr; app_kbd_record_key &rArr; process_multi_key_combinations &rArr; user_kbd_notification_cb &rArr; app_leds_ramp &rArr; app_leds_off &rArr; app_leds_turn_off_led &rArr; app_leds_update_state &rArr;  app_leds_ramp (Cycle)
</UL>
<BR>[Calls]<UL><LI><a href="#[2ee]">&gt;&gt;</a>&nbsp;&nbsp;&nbsp;app_kbd_record_key
<LI><a href="#[321]">&gt;&gt;</a>&nbsp;&nbsp;&nbsp;__ARM_clz
<LI><a href="#[322]">&gt;&gt;</a>&nbsp;&nbsp;&nbsp;kbd_scan_debounce_key
</UL>
<BR>[Called By]<UL><LI><a href="#[326]">&gt;&gt;</a>&nbsp;&nbsp;&nbsp;kbd_scan_matrix
</UL>

<P><STRONG><a name="[325]"></a>port_kbd_scan_init_vars</STRONG> (Thumb, 78 bytes, Stack size 20 bytes, port_kbd.o(.text))
<BR><BR>[Stack]<UL><LI>Max Depth = 20<LI>Call Chain = port_kbd_scan_init_vars
</UL>
<BR>[Called By]<UL><LI><a href="#[2f4]">&gt;&gt;</a>&nbsp;&nbsp;&nbsp;port_kbd_scan_init
<LI><a href="#[2fb]">&gt;&gt;</a>&nbsp;&nbsp;&nbsp;port_kbd_scan_fsm_update
</UL>

<P><STRONG><a name="[326]"></a>kbd_scan_matrix</STRONG> (Thumb, 592 bytes, Stack size 32 bytes, port_kbd.o(.text))
<BR><BR>[Stack]<UL><LI>Max Depth = 360<LI>Call Chain = kbd_scan_matrix &rArr; kbd_scan_process_scandata &rArr; app_kbd_record_key &rArr; process_multi_key_combinations &rArr; user_kbd_notification_cb &rArr; app_leds_ramp &rArr; app_leds_off &rArr; app_leds_turn_off_led &rArr; app_leds_update_state &rArr;  app_leds_ramp (Cycle)
</UL>
<BR>[Calls]<UL><LI><a href="#[328]">&gt;&gt;</a>&nbsp;&nbsp;&nbsp;systick_stop
<LI><a href="#[329]">&gt;&gt;</a>&nbsp;&nbsp;&nbsp;systick_start
<LI><a href="#[320]">&gt;&gt;</a>&nbsp;&nbsp;&nbsp;kbd_scan_process_scandata
<LI><a href="#[327]">&gt;&gt;</a>&nbsp;&nbsp;&nbsp;NVIC_SetPriority
</UL>
<BR>[Called By]<UL><LI><a href="#[2fb]">&gt;&gt;</a>&nbsp;&nbsp;&nbsp;port_kbd_scan_fsm_update
</UL>

<P><STRONG><a name="[32a]"></a>kbd_scan_update_status</STRONG> (Thumb, 160 bytes, Stack size 16 bytes, port_kbd.o(.text))
<BR><BR>[Stack]<UL><LI>Max Depth = 24<LI>Call Chain = kbd_scan_update_status &rArr; kbd_scan_update_scan_times
</UL>
<BR>[Calls]<UL><LI><a href="#[328]">&gt;&gt;</a>&nbsp;&nbsp;&nbsp;systick_stop
<LI><a href="#[32b]">&gt;&gt;</a>&nbsp;&nbsp;&nbsp;kbd_scan_update_scan_times
<LI><a href="#[32c]">&gt;&gt;</a>&nbsp;&nbsp;&nbsp;kbd_scan_set_row_to_input_highz
</UL>
<BR>[Called By]<UL><LI><a href="#[2fb]">&gt;&gt;</a>&nbsp;&nbsp;&nbsp;port_kbd_scan_fsm_update
</UL>

<P><STRONG><a name="[2f]"></a>port_kbd_scan_systick_Handler</STRONG> (Thumb, 38 bytes, Stack size 0 bytes, port_kbd.o(.text))
<BR>[Address Reference Count : 1]<UL><LI> port_kbd.o(.text)
</UL>
<P><STRONG><a name="[32c]"></a>kbd_scan_set_row_to_input_highz</STRONG> (Thumb, 26 bytes, Stack size 0 bytes, port_kbd.o(.text))
<BR><BR>[Called By]<UL><LI><a href="#[333]">&gt;&gt;</a>&nbsp;&nbsp;&nbsp;kbd_scan_membrane_output_wakeup
<LI><a href="#[32a]">&gt;&gt;</a>&nbsp;&nbsp;&nbsp;kbd_scan_update_status
</UL>

<P><STRONG><a name="[32d]"></a>kbd_scan_membrane_input_setup</STRONG> (Thumb, 32 bytes, Stack size 8 bytes, port_kbd.o(.text))
<BR><BR>[Stack]<UL><LI>Max Depth = 8<LI>Call Chain = kbd_scan_membrane_input_setup
</UL>
<BR>[Called By]<UL><LI><a href="#[2f9]">&gt;&gt;</a>&nbsp;&nbsp;&nbsp;port_kbd_init_scan_gpios
<LI><a href="#[330]">&gt;&gt;</a>&nbsp;&nbsp;&nbsp;kbd_scan_enable_scanning
</UL>

<P><STRONG><a name="[333]"></a>kbd_scan_membrane_output_wakeup</STRONG> (Thumb, 26 bytes, Stack size 8 bytes, port_kbd.o(.text))
<BR><BR>[Stack]<UL><LI>Max Depth = 8<LI>Call Chain = kbd_scan_membrane_output_wakeup
</UL>
<BR>[Calls]<UL><LI><a href="#[32c]">&gt;&gt;</a>&nbsp;&nbsp;&nbsp;kbd_scan_set_row_to_input_highz
</UL>
<BR>[Called By]<UL><LI><a href="#[2fb]">&gt;&gt;</a>&nbsp;&nbsp;&nbsp;port_kbd_scan_fsm_update
</UL>

<P><STRONG><a name="[32e]"></a>kbd_scan_membrane_output_sleep</STRONG> (Thumb, 26 bytes, Stack size 8 bytes, port_kbd.o(.text))
<BR><BR>[Stack]<UL><LI>Max Depth = 8<LI>Call Chain = kbd_scan_membrane_output_sleep
</UL>
<BR>[Calls]<UL><LI><a href="#[334]">&gt;&gt;</a>&nbsp;&nbsp;&nbsp;kbd_scan_set_row_to_low
</UL>
<BR>[Called By]<UL><LI><a href="#[2f9]">&gt;&gt;</a>&nbsp;&nbsp;&nbsp;port_kbd_init_scan_gpios
<LI><a href="#[330]">&gt;&gt;</a>&nbsp;&nbsp;&nbsp;kbd_scan_enable_scanning
</UL>

<P><STRONG><a name="[323]"></a>kbd_scan_timer_stop</STRONG> (Thumb, 16 bytes, Stack size 0 bytes, port_kbd.o(.text))
<BR><BR>[Called By]<UL><LI><a href="#[2ed]">&gt;&gt;</a>&nbsp;&nbsp;&nbsp;port_kbd_scan_stop
<LI><a href="#[2f4]">&gt;&gt;</a>&nbsp;&nbsp;&nbsp;port_kbd_scan_init
</UL>

<P><STRONG><a name="[32b]"></a>kbd_scan_update_scan_times</STRONG> (Thumb, 22 bytes, Stack size 8 bytes, port_kbd.o(.text))
<BR><BR>[Stack]<UL><LI>Max Depth = 8<LI>Call Chain = kbd_scan_update_scan_times
</UL>
<BR>[Calls]<UL><LI><a href="#[329]">&gt;&gt;</a>&nbsp;&nbsp;&nbsp;systick_start
</UL>
<BR>[Called By]<UL><LI><a href="#[2fb]">&gt;&gt;</a>&nbsp;&nbsp;&nbsp;port_kbd_scan_fsm_update
<LI><a href="#[32a]">&gt;&gt;</a>&nbsp;&nbsp;&nbsp;kbd_scan_update_status
</UL>

<P><STRONG><a name="[32f]"></a>kbd_scan_enable_wakeup_irq</STRONG> (Thumb, 12 bytes, Stack size 8 bytes, port_kbd.o(.text))
<BR><BR>[Stack]<UL><LI>Max Depth = 56<LI>Call Chain = kbd_scan_enable_wakeup_irq &rArr; port_wkup_enable_irq &rArr; wkupct_enable_irq
</UL>
<BR>[Calls]<UL><LI><a href="#[335]">&gt;&gt;</a>&nbsp;&nbsp;&nbsp;port_wkup_enable_irq
</UL>
<BR>[Called By]<UL><LI><a href="#[2ed]">&gt;&gt;</a>&nbsp;&nbsp;&nbsp;port_kbd_scan_stop
<LI><a href="#[330]">&gt;&gt;</a>&nbsp;&nbsp;&nbsp;kbd_scan_enable_scanning
</UL>

<P><STRONG><a name="[330]"></a>kbd_scan_enable_scanning</STRONG> (Thumb, 20 bytes, Stack size 8 bytes, port_kbd.o(.text))
<BR><BR>[Stack]<UL><LI>Max Depth = 64<LI>Call Chain = kbd_scan_enable_scanning &rArr; kbd_scan_enable_wakeup_irq &rArr; port_wkup_enable_irq &rArr; wkupct_enable_irq
</UL>
<BR>[Calls]<UL><LI><a href="#[124]">&gt;&gt;</a>&nbsp;&nbsp;&nbsp;arch_restore_sleep_mode
<LI><a href="#[32f]">&gt;&gt;</a>&nbsp;&nbsp;&nbsp;kbd_scan_enable_wakeup_irq
<LI><a href="#[32e]">&gt;&gt;</a>&nbsp;&nbsp;&nbsp;kbd_scan_membrane_output_sleep
<LI><a href="#[32d]">&gt;&gt;</a>&nbsp;&nbsp;&nbsp;kbd_scan_membrane_input_setup
</UL>
<BR>[Called By]<UL><LI><a href="#[2fb]">&gt;&gt;</a>&nbsp;&nbsp;&nbsp;port_kbd_scan_fsm_update
</UL>

<P><STRONG><a name="[334]"></a>kbd_scan_set_row_to_low</STRONG> (Thumb, 38 bytes, Stack size 0 bytes, port_kbd.o(.text))
<BR><BR>[Called By]<UL><LI><a href="#[32e]">&gt;&gt;</a>&nbsp;&nbsp;&nbsp;kbd_scan_membrane_output_sleep
</UL>

<P><STRONG><a name="[30]"></a>port_leds_pwm_handler</STRONG> (Thumb, 12 bytes, Stack size 0 bytes, port_leds.o(.text))
<BR>[Address Reference Count : 1]<UL><LI> port_leds.o(.text)
</UL>
<P><STRONG><a name="[33e]"></a>multi_bond_clear_eeprom</STRONG> (Thumb, 94 bytes, Stack size 80 bytes, port_multi_bond.o(.text))
<BR><BR>[Stack]<UL><LI>Max Depth = 440<LI>Call Chain = multi_bond_clear_eeprom &rArr; nv_prom_write_data &rArr; app_spi_flash_write_random_page_data &rArr; spi_flash_block_erase_no_wait &rArr; spi_flash_set_write_enable &rArr; spi_flash_wait_till_ready &rArr; spi_flash_read_status_reg &rArr; spi_transaction &rArr; spi_access
</UL>
<BR>[Calls]<UL><LI><a href="#[1a4]">&gt;&gt;</a>&nbsp;&nbsp;&nbsp;__aeabi_memclr4
<LI><a href="#[310]">&gt;&gt;</a>&nbsp;&nbsp;&nbsp;nv_prom_write_data
</UL>
<BR>[Called By]<UL><LI><a href="#[2d8]">&gt;&gt;</a>&nbsp;&nbsp;&nbsp;port_alt_pair_init
<LI><a href="#[2da]">&gt;&gt;</a>&nbsp;&nbsp;&nbsp;port_alt_pair_clear_all_bond_data
</UL>

<P><STRONG><a name="[33f]"></a>multi_bond_update_bond_data</STRONG> (Thumb, 64 bytes, Stack size 24 bytes, port_multi_bond.o(.text))
<BR><BR>[Stack]<UL><LI>Max Depth = 32<LI>Call Chain = multi_bond_update_bond_data &rArr; app_con_fsm_request_write_bonding_data
</UL>
<BR>[Calls]<UL><LI><a href="#[2ba]">&gt;&gt;</a>&nbsp;&nbsp;&nbsp;app_con_fsm_request_write_bonding_data
</UL>
<BR>[Called By]<UL><LI><a href="#[22e]">&gt;&gt;</a>&nbsp;&nbsp;&nbsp;port_alt_pair_store_ccc
<LI><a href="#[341]">&gt;&gt;</a>&nbsp;&nbsp;&nbsp;prepare_bonding_info
</UL>

<P><STRONG><a name="[341]"></a>prepare_bonding_info</STRONG> (Thumb, 112 bytes, Stack size 64 bytes, port_multi_bond.o(.text))
<BR><BR>[Stack]<UL><LI>Max Depth = 160<LI>Call Chain = prepare_bonding_info &rArr; port_atts_find_value_by_uuid &rArr; port_attmdb_find_by_uuid
</UL>
<BR>[Calls]<UL><LI><a href="#[1c8]">&gt;&gt;</a>&nbsp;&nbsp;&nbsp;attmdb_get_value
<LI><a href="#[342]">&gt;&gt;</a>&nbsp;&nbsp;&nbsp;port_atts_find_value_by_uuid
<LI><a href="#[33f]">&gt;&gt;</a>&nbsp;&nbsp;&nbsp;multi_bond_update_bond_data
</UL>
<BR>[Called By]<UL><LI><a href="#[2d9]">&gt;&gt;</a>&nbsp;&nbsp;&nbsp;port_alt_pair_store_bond_data
</UL>

<P><STRONG><a name="[343]"></a>write_bonding_info</STRONG> (Thumb, 52 bytes, Stack size 16 bytes, port_multi_bond.o(.text))
<BR><BR>[Stack]<UL><LI>Max Depth = 384<LI>Call Chain = write_bonding_info &rArr; nv_prom_write_byte &rArr; app_spi_flash_write_random_page_data &rArr; spi_flash_block_erase_no_wait &rArr; spi_flash_set_write_enable &rArr; spi_flash_wait_till_ready &rArr; spi_flash_read_status_reg &rArr; spi_transaction &rArr; spi_access
</UL>
<BR>[Calls]<UL><LI><a href="#[13f]">&gt;&gt;</a>&nbsp;&nbsp;&nbsp;__aeabi_memcpy4
<LI><a href="#[310]">&gt;&gt;</a>&nbsp;&nbsp;&nbsp;nv_prom_write_data
<LI><a href="#[30f]">&gt;&gt;</a>&nbsp;&nbsp;&nbsp;nv_prom_write_byte
</UL>
<BR>[Called By]<UL><LI><a href="#[2d9]">&gt;&gt;</a>&nbsp;&nbsp;&nbsp;port_alt_pair_store_bond_data
</UL>

<P><STRONG><a name="[345]"></a>multi_bond_process_next_attribute</STRONG> (Thumb, 74 bytes, Stack size 24 bytes, port_multi_bond.o(.text))
<BR><BR>[Stack]<UL><LI>Max Depth = 120<LI>Call Chain = multi_bond_process_next_attribute &rArr; port_atts_find_value_by_uuid &rArr; port_attmdb_find_by_uuid
</UL>
<BR>[Calls]<UL><LI><a href="#[1a7]">&gt;&gt;</a>&nbsp;&nbsp;&nbsp;attmdb_att_set_value
<LI><a href="#[342]">&gt;&gt;</a>&nbsp;&nbsp;&nbsp;port_atts_find_value_by_uuid
</UL>
<BR>[Called By]<UL><LI><a href="#[2d5]">&gt;&gt;</a>&nbsp;&nbsp;&nbsp;port_alt_pair_updatedb_from_bonding_info
</UL>

<P><STRONG><a name="[344]"></a>multi_bond_update_active_peer_pos</STRONG> (Thumb, 20 bytes, Stack size 8 bytes, port_multi_bond.o(.text))
<BR><BR>[Stack]<UL><LI>Max Depth = 8<LI>Call Chain = multi_bond_update_active_peer_pos
</UL>
<BR>[Calls]<UL><LI><a href="#[149]">&gt;&gt;</a>&nbsp;&nbsp;&nbsp;__aeabi_idivmod
</UL>
<BR>[Called By]<UL><LI><a href="#[2d9]">&gt;&gt;</a>&nbsp;&nbsp;&nbsp;port_alt_pair_store_bond_data
<LI><a href="#[2e0]">&gt;&gt;</a>&nbsp;&nbsp;&nbsp;port_alt_pair_load_last_used
<LI><a href="#[2d7]">&gt;&gt;</a>&nbsp;&nbsp;&nbsp;port_alt_pair_load_bond_data
</UL>

<P><STRONG><a name="[34e]"></a>port_security_bond_ind_handler</STRONG> (Thumb, 90 bytes, Stack size 8 bytes, port_security.o(.text))
<BR><BR>[Stack]<UL><LI>Max Depth = 328<LI>Call Chain = port_security_bond_ind_handler &rArr; app_con_fsm_state_update &rArr; handle_connection_in_progress_state &rArr; app_con_fsm_start_advertise &rArr; app_adv_fsm_dir_start &rArr; app_adv_fsm_process_evt &rArr; app_con_fsm_handle_adv_notification &rArr; user_con_fsm_callback &rArr; app_kbd_start_passcode &rArr; user_kbd_notification_cb &rArr; app_leds_ramp &rArr; app_leds_off &rArr; app_leds_turn_off_led &rArr; app_leds_update_state &rArr;  app_leds_ramp (Cycle)
</UL>
<BR>[Calls]<UL><LI><a href="#[1ec]">&gt;&gt;</a>&nbsp;&nbsp;&nbsp;app_easy_gap_disconnect
<LI><a href="#[2c1]">&gt;&gt;</a>&nbsp;&nbsp;&nbsp;port_alt_pair_get_auth
<LI><a href="#[22c]">&gt;&gt;</a>&nbsp;&nbsp;&nbsp;app_con_fsm_state_update
<LI><a href="#[347]">&gt;&gt;</a>&nbsp;&nbsp;&nbsp;port_alt_pair_set_irk
<LI><a href="#[346]">&gt;&gt;</a>&nbsp;&nbsp;&nbsp;port_alt_pair_set_addr
<LI><a href="#[34f]">&gt;&gt;</a>&nbsp;&nbsp;&nbsp;port_alt_pair_set_auth
</UL>
<BR>[Called By]<UL><LI><a href="#[23f]">&gt;&gt;</a>&nbsp;&nbsp;&nbsp;port_security_process_handler
</UL>

<P><STRONG><a name="[350]"></a>stream_queue_data_until</STRONG> (Thumb, 228 bytes, Stack size 24 bytes, port_stream.o(.text))
<BR><BR>[Stack]<UL><LI>Max Depth = 48<LI>Call Chain = stream_queue_data_until &rArr; app_stream_copy_pkt_data
</UL>
<BR>[Calls]<UL><LI><a href="#[149]">&gt;&gt;</a>&nbsp;&nbsp;&nbsp;__aeabi_idivmod
<LI><a href="#[1b1]">&gt;&gt;</a>&nbsp;&nbsp;&nbsp;ke_msg_send
<LI><a href="#[34c]">&gt;&gt;</a>&nbsp;&nbsp;&nbsp;port_create_l2cc_pdu
<LI><a href="#[351]">&gt;&gt;</a>&nbsp;&nbsp;&nbsp;app_stream_free_packet
<LI><a href="#[317]">&gt;&gt;</a>&nbsp;&nbsp;&nbsp;app_stream_copy_pkt_data
<LI><a href="#[316]">&gt;&gt;</a>&nbsp;&nbsp;&nbsp;app_stream_get_data
</UL>
<BR>[Called By]<UL><LI><a href="#[318]">&gt;&gt;</a>&nbsp;&nbsp;&nbsp;port_stream_queue_data
</UL>

<P><STRONG><a name="[31]"></a>port_timer_callback</STRONG> (Thumb, 30 bytes, Stack size 0 bytes, port_timer.o(.text))
<BR>[Address Reference Count : 1]<UL><LI> port_timer.o(.text)
</UL>
<P><STRONG><a name="[353]"></a>port_touchpad_iqs_5xx_evt_handler</STRONG> (Thumb, 194 bytes, Stack size 32 bytes, port_touchpad.o(.text))
<BR><BR>[Stack]<UL><LI>Max Depth = 116<LI>Call Chain = port_touchpad_iqs_5xx_evt_handler &rArr; azotouch_iqs5xx_process_xy &rArr; i2c_azotouch_random_read &rArr; i2c_azotouch_read_and_get_bytes
</UL>
<BR>[Calls]<UL><LI><a href="#[10d]">&gt;&gt;</a>&nbsp;&nbsp;&nbsp;__aeabi_memcpy
<LI><a href="#[28a]">&gt;&gt;</a>&nbsp;&nbsp;&nbsp;azotouch_iqs5xx_process_xy
<LI><a href="#[1d5]">&gt;&gt;</a>&nbsp;&nbsp;&nbsp;__ARM_common_switch8
</UL>
<BR>[Called By]<UL><LI><a href="#[105]">&gt;&gt;</a>&nbsp;&nbsp;&nbsp;port_touchpad_handler
</UL>

<P><STRONG><a name="[35a]"></a>modulationGainCalibration_580</STRONG> (Thumb, 222 bytes, Stack size 48 bytes, rf_calibration.o(.text), UNUSED)
<BR><BR>[Calls]<UL><LI><a href="#[35b]">&gt;&gt;</a>&nbsp;&nbsp;&nbsp;set_rf_cal_cap
</UL>
<BR>[Called By]<UL><LI><a href="#[35d]">&gt;&gt;</a>&nbsp;&nbsp;&nbsp;rf_calibration_580
</UL>
<P>
<H3>
Undefined Global Symbols
</H3>
<P><STRONG><a name="[10b]"></a>__arm_fini_</STRONG> (Unknown, 0 bytes, Stack size 0 bytes, UNDEFINED)
<BR><BR>[Called By]<UL><LI><a href="#[10a]">&gt;&gt;</a>&nbsp;&nbsp;&nbsp;__rt_lib_shutdown_fini
</UL>
<HR></body></html>
