<html>
<body>
<pre>
<h1>µVision Build Log</h1>
<h2>Tool Versions:</h2>
IDE-Version: µVision V5.34.0.0
Copyright (C) 2021 ARM Ltd and ARM Germany GmbH. All rights reserved.
License Information: Trevor Carter, International Fabric Machines, LIC=IL2VA-KC198-B2LQE-NADR5-JWCZ1-LW2PW
 
Tool Versions:
Toolchain:       MDK-ARM Essential  Version: 5.34.0.0
Toolchain Path:  C:\Keil_v5\ARM\ARMCC\Bin
C Compiler:      Armcc.exe V5.06 update 7 (build 960)
Assembler:       Armasm.exe V5.06 update 7 (build 960)
Linker/Locator:  ArmLink.exe V5.06 update 7 (build 960)
Library Manager: ArmAr.exe V5.06 update 7 (build 960)
Hex Converter:   FromElf.exe V5.06 update 7 (build 960)
CPU DLL:         SARMCM3.DLL V5.34.0.0
Dialog DLL:      DARMCM1.DLL V1.19.4.0
Target DLL:      Segger\JL2CM3.dll V2.99.40.0
Dialog DLL:      TARMCM1.DLL V1.14.3.0
 
<h2>Project:</h2>
C:\Program Files (x86)\Dialog Semiconductor\DA14585_RCU_v_6.140.2.17 (1)\DA14585_RCU_v_6.140.2.17\projects\target_apps\rcu\rcu_585\Keil_5\rcu_585.uvprojx
Project File Date:  03/14/2023

<h2>Output:</h2>
*** Using Compiler 'V5.06 update 7 (build 960)', folder: 'C:\Keil_v5\ARM\ARMCC\Bin'
Rebuild target 'rcu_585_refdes'
Note: source file '..\..\src\platform\user_periph_setup.c' - object file renamed from '.\out_585\user_periph_setup.o' to '.\out_585\user_periph_setup_1.o'.
custom translating user_config.h...
Custom: config_file_included.bat
custom translating user_periph_setup.h...
Custom: config_file_included.bat
custom translating app_audio_config.h...
Custom: config_file_included.bat
custom translating app_bmi160_config.h...
Custom: config_file_included.bat
custom translating app_kbd_matrix.h...
Custom: config_file_included.bat
custom translating app_kbd_scan_matrix.h...
Custom: config_file_included.bat
custom translating app_motion_config.h...
Custom: config_file_included.bat
assembling boot_vectors.s...
compiling nmi_handler.c...
Warning: C4052E: couldn't read file 'out_585\rcu_585.fed': No such file or directory
compiling nvds.c...
Warning: C4052E: couldn't read file 'out_585\rcu_585.fed': No such file or directory
compiling system_ARMCM0.c...
Warning: C4052E: couldn't read file 'out_585\rcu_585.fed': No such file or directory
compiling hardfault_handler.c...
Warning: C4052E: couldn't read file 'out_585\rcu_585.fed': No such file or directory
compiling arch_console.c...
Warning: C4052E: couldn't read file 'out_585\rcu_585.fed': No such file or directory
compiling adc.c...
Warning: C4052E: couldn't read file 'out_585\rcu_585.fed': No such file or directory
compiling jump_table.c...
Warning: C4052E: couldn't read file 'out_585\rcu_585.fed': No such file or directory
compiling battery.c...
Warning: C4052E: couldn't read file 'out_585\rcu_585.fed': No such file or directory
compiling arch_rom.c...
Warning: C4052E: couldn't read file 'out_585\rcu_585.fed': No such file or directory
compiling arch_sleep.c...
Warning: C4052E: couldn't read file 'out_585\rcu_585.fed': No such file or directory
compiling arch_main.c...
Warning: C4052E: couldn't read file 'out_585\rcu_585.fed': No such file or directory
compiling dma.c...
Warning: C4052E: couldn't read file 'out_585\rcu_585.fed': No such file or directory
compiling i2c_core.c...
Warning: C4052E: couldn't read file 'out_585\rcu_585.fed': No such file or directory
compiling gpio.c...
Warning: C4052E: couldn't read file 'out_585\rcu_585.fed': No such file or directory
compiling i2c_eeprom.c...
Warning: C4052E: couldn't read file 'out_585\rcu_585.fed': No such file or directory
compiling hw_otpc.c...
Warning: C4052E: couldn't read file 'out_585\rcu_585.fed': No such file or directory
compiling pdm.c...
Warning: C4052E: couldn't read file 'out_585\rcu_585.fed': No such file or directory
compiling arch_system.c...
Warning: C4052E: couldn't read file 'out_585\rcu_585.fed': No such file or directory
compiling syscntl.c...
Warning: C4052E: couldn't read file 'out_585\rcu_585.fed': No such file or directory
compiling spi.c...
Warning: C4052E: couldn't read file 'out_585\rcu_585.fed': No such file or directory
compiling spi_flash.c...
Warning: C4052E: couldn't read file 'out_585\rcu_585.fed': No such file or directory
compiling systick.c...
Warning: C4052E: couldn't read file 'out_585\rcu_585.fed': No such file or directory
compiling timer0.c...
Warning: C4052E: couldn't read file 'out_585\rcu_585.fed': No such file or directory
compiling timer2.c...
Warning: C4052E: couldn't read file 'out_585\rcu_585.fed': No such file or directory
compiling pdm_mic.c...
Warning: C4052E: couldn't read file 'out_585\rcu_585.fed': No such file or directory
compiling trng.c...
Warning: C4052E: couldn't read file 'out_585\rcu_585.fed': No such file or directory
compiling wkupct_quadec.c...
Warning: C4052E: couldn't read file 'out_585\rcu_585.fed': No such file or directory
compiling uart2.c...
Warning: C4052E: couldn't read file 'out_585\rcu_585.fed': No such file or directory
compiling attm_db_128.c...
Warning: C4052E: couldn't read file 'out_585\rcu_585.fed': No such file or directory
compiling bass_task.c...
Warning: C4052E: couldn't read file 'out_585\rcu_585.fed': No such file or directory
compiling bass.c...
Warning: C4052E: couldn't read file 'out_585\rcu_585.fed': No such file or directory
compiling rf_585.c...
Warning: C4052E: couldn't read file 'out_585\rcu_585.fed': No such file or directory
compiling custom_common.c...
Warning: C4052E: couldn't read file 'out_585\rcu_585.fed': No such file or directory
compiling rwble.c...
Warning: C4052E: couldn't read file 'out_585\rcu_585.fed': No such file or directory
compiling rwip.c...
Warning: C4052E: couldn't read file 'out_585\rcu_585.fed': No such file or directory
compiling custs1.c...
Warning: C4052E: couldn't read file 'out_585\rcu_585.fed': No such file or directory
compiling diss_task.c...
Warning: C4052E: couldn't read file 'out_585\rcu_585.fed': No such file or directory
compiling diss.c...
Warning: C4052E: couldn't read file 'out_585\rcu_585.fed': No such file or directory
compiling custs1_task.c...
Warning: C4052E: couldn't read file 'out_585\rcu_585.fed': No such file or directory
compiling hogpd.c...
Warning: C4052E: couldn't read file 'out_585\rcu_585.fed': No such file or directory
compiling hogpd_task.c...
Warning: C4052E: couldn't read file 'out_585\rcu_585.fed': No such file or directory
compiling suotar_task.c...
Warning: C4052E: couldn't read file 'out_585\rcu_585.fed': No such file or directory
compiling prf_utils.c...
Warning: C4052E: couldn't read file 'out_585\rcu_585.fed': No such file or directory
compiling prf.c...
Warning: C4052E: couldn't read file 'out_585\rcu_585.fed': No such file or directory
compiling suotar.c...
Warning: C4052E: couldn't read file 'out_585\rcu_585.fed': No such file or directory
compiling app_security_task.c...
Warning: C4052E: couldn't read file 'out_585\rcu_585.fed': No such file or directory
compiling app_default_handlers.c...
Warning: C4052E: couldn't read file 'out_585\rcu_585.fed': No such file or directory
compiling app_bass.c...
Warning: C4052E: couldn't read file 'out_585\rcu_585.fed': No such file or directory
compiling app_security.c...
Warning: C4052E: couldn't read file 'out_585\rcu_585.fed': No such file or directory
compiling app.c...
Warning: C4052E: couldn't read file 'out_585\rcu_585.fed': No such file or directory
compiling app_task.c...
Warning: C4052E: couldn't read file 'out_585\rcu_585.fed': No such file or directory
compiling app_diss_task.c...
Warning: C4052E: couldn't read file 'out_585\rcu_585.fed': No such file or directory
compiling app_diss.c...
Warning: C4052E: couldn't read file 'out_585\rcu_585.fed': No such file or directory
compiling app_bass_task.c...
Warning: C4052E: couldn't read file 'out_585\rcu_585.fed': No such file or directory
compiling app_suotar_task.c...
Warning: C4052E: couldn't read file 'out_585\rcu_585.fed': No such file or directory
compiling app_easy_msg_utils.c...
Warning: C4052E: couldn't read file 'out_585\rcu_585.fed': No such file or directory
compiling app_msg_utils.c...
Warning: C4052E: couldn't read file 'out_585\rcu_585.fed': No such file or directory
compiling app_suotar.c...
Warning: C4052E: couldn't read file 'out_585\rcu_585.fed': No such file or directory
compiling app_easy_timer.c...
Warning: C4052E: couldn't read file 'out_585\rcu_585.fed': No such file or directory
compiling app_easy_security.c...
Warning: C4052E: couldn't read file 'out_585\rcu_585.fed': No such file or directory
compiling app_customs.c...
Warning: C4052E: couldn't read file 'out_585\rcu_585.fed': No such file or directory
compiling app_entry_point.c...
Warning: C4052E: couldn't read file 'out_585\rcu_585.fed': No such file or directory
compiling app_customs_common.c...
Warning: C4052E: couldn't read file 'out_585\rcu_585.fed': No such file or directory
compiling app_customs_task.c...
Warning: C4052E: couldn't read file 'out_585\rcu_585.fed': No such file or directory
compiling user_pwr_mgr.c...
Warning: C4052E: couldn't read file 'out_585\rcu_585.fed': No such file or directory
compiling user_rcu_kbd.c...
Warning: C4052E: couldn't read file 'out_585\rcu_585.fed': No such file or directory
compiling user_rcu_motion.c...
Warning: C4052E: couldn't read file 'out_585\rcu_585.fed': No such file or directory
compiling user_rcu.c...
Warning: C4052E: couldn't read file 'out_585\rcu_585.fed': No such file or directory
compiling user_rcu_audio.c...
Warning: C4052E: couldn't read file 'out_585\rcu_585.fed': No such file or directory
compiling user_modules.c...
Warning: C4052E: couldn't read file 'out_585\rcu_585.fed': No such file or directory
compiling user_periph_setup.c...
Warning: C4052E: couldn't read file 'out_585\rcu_585.fed': No such file or directory
compiling azotouch_iqs5xx.c...
Warning: C4052E: couldn't read file 'out_585\rcu_585.fed': No such file or directory
compiling azotouch_iqs_263.c...
Warning: C4052E: couldn't read file 'out_585\rcu_585.fed': No such file or directory
compiling i2c_azotouch.c...
Warning: C4052E: couldn't read file 'out_585\rcu_585.fed': No such file or directory
compiling ir_driver.c...
Warning: C4052E: couldn't read file 'out_585\rcu_585.fed': No such file or directory
compiling spi_3wire.c...
Warning: C4052E: couldn't read file 'out_585\rcu_585.fed': No such file or directory
compiling bmi160.c...
Warning: C4052E: couldn't read file 'out_585\rcu_585.fed': No such file or directory
compiling app_hogpd_task.c...
Warning: C4052E: couldn't read file 'out_585\rcu_585.fed': No such file or directory
compiling bmi160_support.c...
Warning: C4052E: couldn't read file 'out_585\rcu_585.fed': No such file or directory
compiling user_custs_config.c...
Warning: C4052E: couldn't read file 'out_585\rcu_585.fed': No such file or directory
compiling user_dlg_audio_svc_def.c...
Warning: C4052E: couldn't read file 'out_585\rcu_585.fed': No such file or directory
compiling app_buzzer.c...
Warning: C4052E: couldn't read file 'out_585\rcu_585.fed': No such file or directory
compiling app_hogpd.c...
Warning: C4052E: couldn't read file 'out_585\rcu_585.fed': No such file or directory
compiling app_audio.c...
Warning: C4052E: couldn't read file 'out_585\rcu_585.fed': No such file or directory
compiling app_audio_codec.c...
Warning: C4052E: couldn't read file 'out_585\rcu_585.fed': No such file or directory
compiling app_adv_fsm.c...
Warning: C4052E: couldn't read file 'out_585\rcu_585.fed': No such file or directory
compiling app_gpio_keys.c...
Warning: C4052E: couldn't read file 'out_585\rcu_585.fed': No such file or directory
compiling app_dbg.c...
Warning: C4052E: couldn't read file 'out_585\rcu_585.fed': No such file or directory
compiling app_motion.c...
Warning: C4052E: couldn't read file 'out_585\rcu_585.fed': No such file or directory
compiling app_flash.c...
Warning: C4052E: couldn't read file 'out_585\rcu_585.fed': No such file or directory
compiling app_con_fsm.c...
Warning: C4052E: couldn't read file 'out_585\rcu_585.fed': No such file or directory
compiling app_mouse.c...
Warning: C4052E: couldn't read file 'out_585\rcu_585.fed': No such file or directory
compiling app_ir.c...
Warning: C4052E: couldn't read file 'out_585\rcu_585.fed': No such file or directory
compiling app_leds.c...
Warning: C4052E: couldn't read file 'out_585\rcu_585.fed': No such file or directory
compiling app_hid_report.c...
Warning: C4052E: couldn't read file 'out_585\rcu_585.fed': No such file or directory
compiling app_kbd.c...
Warning: C4052E: couldn't read file 'out_585\rcu_585.fed': No such file or directory
compiling app_nv_prom.c...
Warning: C4052E: couldn't read file 'out_585\rcu_585.fed': No such file or directory
compiling app_stream.c...
Warning: C4052E: couldn't read file 'out_585\rcu_585.fed': No such file or directory
compiling app_pairing.c...
Warning: C4052E: couldn't read file 'out_585\rcu_585.fed': No such file or directory
compiling port_buzzer.c...
Warning: C4052E: couldn't read file 'out_585\rcu_585.fed': No such file or directory
compiling app_touchpad.c...
Warning: C4052E: couldn't read file 'out_585\rcu_585.fed': No such file or directory
compiling port_gpio_keys.c...
Warning: C4052E: couldn't read file 'out_585\rcu_585.fed': No such file or directory
compiling port_audio.c...
Warning: C4052E: couldn't read file 'out_585\rcu_585.fed': No such file or directory
compiling port_adv_fsm.c...
Warning: C4052E: couldn't read file 'out_585\rcu_585.fed': No such file or directory
compiling app_white_list.c...
Warning: C4052E: couldn't read file 'out_585\rcu_585.fed': No such file or directory
compiling port_con_fsm.c...
Warning: C4052E: couldn't read file 'out_585\rcu_585.fed': No such file or directory
compiling port_con_fsm_task.c...
Warning: C4052E: couldn't read file 'out_585\rcu_585.fed': No such file or directory
compiling port_ir.c...
Warning: C4052E: couldn't read file 'out_585\rcu_585.fed': No such file or directory
compiling port_motion.c...
Warning: C4052E: couldn't read file 'out_585\rcu_585.fed': No such file or directory
compiling port_leds.c...
Warning: C4052E: couldn't read file 'out_585\rcu_585.fed': No such file or directory
compiling port_systick.c...
Warning: C4052E: couldn't read file 'out_585\rcu_585.fed': No such file or directory
compiling port_platform.c...
Warning: C4052E: couldn't read file 'out_585\rcu_585.fed': No such file or directory
compiling port_security.c...
Warning: C4052E: couldn't read file 'out_585\rcu_585.fed': No such file or directory
compiling port_multi_bond.c...
Warning: C4052E: couldn't read file 'out_585\rcu_585.fed': No such file or directory
compiling port_kbd.c...
Warning: C4052E: couldn't read file 'out_585\rcu_585.fed': No such file or directory
compiling port_stream.c...
Warning: C4052E: couldn't read file 'out_585\rcu_585.fed': No such file or directory
compiling port_white_list.c...
Warning: C4052E: couldn't read file 'out_585\rcu_585.fed': No such file or directory
compiling port_timer.c...
Warning: C4052E: couldn't read file 'out_585\rcu_585.fed': No such file or directory
compiling port_touchpad.c...
Warning: C4052E: couldn't read file 'out_585\rcu_585.fed': No such file or directory
compiling port_wkup.c...
Warning: C4052E: couldn't read file 'out_585\rcu_585.fed': No such file or directory
linking...
Program Size: Code=56882 RO-data=4898 RW-data=364 ZI-data=13288  
FromELF: creating hex file...
".\out_585\rcu_585.axf" - 0 Error(s), 120 Warning(s).

<h2>Software Packages used:</h2>

Package Vendor: ARM
                http://www.keil.com/pack/ARM.CMSIS.5.8.0.pack
                ARM.CMSIS.5.8.0
                CMSIS (Common Microcontroller Software Interface Standard)

<h2>Collection of Component include folders:</h2>
  C:\Users\trevo\AppData\Local\Arm\Packs\ARM\CMSIS\5.8.0\Device\ARM\ARMCM0\Include

<h2>Collection of Component Files used:</h2>
Build Time Elapsed:  00:01:34
</pre>
</body>
</html>
