<!doctype html public "-//w3c//dtd html 4.0 transitional//en">
<html><head>
<title>Static Call Graph - [.\out_585_ProDK\rcu_585_ProDK.axf]</title></head>
<body><HR>
<H1>Static Call Graph for image .\out_585_ProDK\rcu_585_ProDK.axf</H1><HR>
<BR><P>#&#060CALLGRAPH&#062# ARM Linker, 5060960: Last Updated: Tue Apr 25 14:45:41 2023
<BR><P>
<H3>Maximum Stack Usage =        536 bytes + Unknown(Cycles, Untraceable Function Pointers)</H3><H3>
Call chain for Maximum Stack Depth:</H3>
app_con_fsm_init &rArr; port_alt_pair_init &rArr; multi_bond_clear_eeprom &rArr; nv_prom_write_data &rArr; app_spi_flash_write_random_page_data &rArr; spi_flash_block_erase_no_wait &rArr; spi_flash_set_write_enable &rArr; spi_flash_wait_till_ready &rArr; spi_flash_read_status_reg &rArr; spi_transaction &rArr; spi_access
<P>
<H3>
Mutually Recursive functions
</H3> <LI><a href="#[3]">SVC_Handler</a>&nbsp;&nbsp;&nbsp;&rArr;&nbsp;&nbsp;&nbsp;<a href="#[3]">SVC_Handler</a><BR>
 <LI><a href="#[4]">PendSV_Handler</a>&nbsp;&nbsp;&nbsp;&rArr;&nbsp;&nbsp;&nbsp;<a href="#[4]">PendSV_Handler</a><BR>
 <LI><a href="#[c]">ADC_Handler</a>&nbsp;&nbsp;&nbsp;&rArr;&nbsp;&nbsp;&nbsp;<a href="#[c]">ADC_Handler</a><BR>
 <LI><a href="#[22b]">user_action_triggered</a>&nbsp;&nbsp;&nbsp;&rArr;&nbsp;&nbsp;&nbsp;<a href="#[21a]">app_con_fsm_state_update</a><BR>
</UL>
<P>
<H3>
Function Pointers
</H3><UL>
 <LI><a href="#[c]">ADC_Handler</a> from boot_vectors.o(.text) referenced from boot_vectors.o(RESET)
 <LI><a href="#[e]">BLE_RF_DIAG_Handler</a> from rwble.o(.text) referenced from boot_vectors.o(RESET)
 <LI><a href="#[6]">BLE_WAKEUP_LP_Handler</a> from rwble.o(.text) referenced from boot_vectors.o(RESET)
 <LI><a href="#[7b]">DCoffsetCalibration_func</a> from da14585_symbols.txt(ABSOLUTE) referenced from jump_table.o(.constdata)
 <LI><a href="#[1a]">DMA_Handler</a> from dma.o(.text) referenced from boot_vectors.o(RESET)
 <LI><a href="#[23]">DMA_callback</a> from pdm_mic.o(.text) referenced from pdm_mic.o(.text)
 <LI><a href="#[10]">GPIO0_Handler</a> from gpio.o(.text) referenced from boot_vectors.o(RESET)
 <LI><a href="#[11]">GPIO1_Handler</a> from gpio.o(.text) referenced from boot_vectors.o(RESET)
 <LI><a href="#[12]">GPIO2_Handler</a> from gpio.o(.text) referenced from boot_vectors.o(RESET)
 <LI><a href="#[13]">GPIO3_Handler</a> from gpio.o(.text) referenced from boot_vectors.o(RESET)
 <LI><a href="#[14]">GPIO4_Handler</a> from gpio.o(.text) referenced from boot_vectors.o(RESET)
 <LI><a href="#[2]">HardFault_Handler</a> from boot_vectors.o(.text) referenced from boot_vectors.o(RESET)
 <LI><a href="#[22]">HardFault_HandlerC</a> from hardfault_handler.o(.text) referenced from boot_vectors.o(.text)
 <LI><a href="#[a]">I2C_Handler</a> from boot_vectors.o(.text) referenced from boot_vectors.o(RESET)
 <LI><a href="#[d]">KEYBRD_Handler</a> from port_kbd.o(.text) referenced from boot_vectors.o(RESET)
 <LI><a href="#[1]">NMI_Handler</a> from boot_vectors.o(.text) referenced from boot_vectors.o(RESET)
 <LI><a href="#[21]">NMI_HandlerC</a> from nmi_handler.o(.text) referenced from boot_vectors.o(.text)
 <LI><a href="#[f8]">PATCHED_atts_mtu_exc_req</a> from patch.o(.text) referenced from patch.o(.constdata)
 <LI><a href="#[17]">PCM_Handler</a> from boot_vectors.o(.text) referenced from boot_vectors.o(RESET)
 <LI><a href="#[6e]">PK_PointMult_func</a> from da14585_symbols.txt(ABSOLUTE) referenced from jump_table.o(.constdata)
 <LI><a href="#[4]">PendSV_Handler</a> from boot_vectors.o(.text) referenced from boot_vectors.o(RESET)
 <LI><a href="#[7c]">PllLF_IFF_MIX_CapCalibration_func</a> from da14585_symbols.txt(ABSOLUTE) referenced from jump_table.o(.constdata)
 <LI><a href="#[29]">RADIOCNTL_Handler</a> from rf_585.o(.text) referenced from rf_585.o(.text)
 <LI><a href="#[1b]">RESERVED21_Handler</a> from boot_vectors.o(.text) referenced from boot_vectors.o(RESET)
 <LI><a href="#[1c]">RESERVED22_Handler</a> from boot_vectors.o(.text) referenced from boot_vectors.o(RESET)
 <LI><a href="#[1d]">RESERVED23_Handler</a> from boot_vectors.o(.text) referenced from boot_vectors.o(RESET)
 <LI><a href="#[f]">RFCAL_Handler</a> from boot_vectors.o(.text) referenced from boot_vectors.o(RESET)
 <LI><a href="#[0]">Reset_Handler</a> from boot_vectors.o(.text) referenced from boot_vectors.o(RESET)
 <LI><a href="#[b]">SPI_Handler</a> from boot_vectors.o(.text) referenced from boot_vectors.o(RESET)
 <LI><a href="#[18]">SRCIN_Handler</a> from pdm.o(.text) referenced from boot_vectors.o(RESET)
 <LI><a href="#[19]">SRCOUT_Handler</a> from pdm.o(.text) referenced from boot_vectors.o(RESET)
 <LI><a href="#[3]">SVC_Handler</a> from boot_vectors.o(.text) referenced from boot_vectors.o(RESET)
 <LI><a href="#[15]">SWTIM_Handler</a> from timer0.o(.text) referenced from boot_vectors.o(RESET)
 <LI><a href="#[5]">SysTick_Handler</a> from systick.o(.text) referenced from boot_vectors.o(RESET)
 <LI><a href="#[1f]">SystemInit</a> from system_armcm0.o(.text) referenced from boot_vectors.o(.text)
 <LI><a href="#[9]">UART2_Handler</a> from uart2.o(.text) referenced from boot_vectors.o(RESET)
 <LI><a href="#[8]">UART_Handler</a> from da14585_symbols.txt(ABSOLUTE) referenced from boot_vectors.o(RESET)
 <LI><a href="#[39]">UART_Handler_func</a> from da14585_symbols.txt(ABSOLUTE) referenced from jump_table.o(.constdata)
 <LI><a href="#[16]">WKUP_QUADEC_Handler</a> from wkupct_quadec.o(.text) referenced from boot_vectors.o(RESET)
 <LI><a href="#[20]">__main</a> from entry.o(.ARM.Collect$$$$00000000) referenced from boot_vectors.o(.text)
 <LI><a href="#[df]">app_audio_init</a> from app_audio.o(.text) referenced from user_modules.o(.constdata)
 <LI><a href="#[c6]">app_bass_alert_timer_handler</a> from app_bass_task.o(.text) referenced from app_bass_task.o(.constdata)
 <LI><a href="#[b0]">app_bass_create_db</a> from app_bass.o(.text) referenced 2 times from app.o(.constdata)
 <LI><a href="#[b1]">app_bass_enable</a> from app_bass.o(.text) referenced 2 times from app.o(.constdata)
 <LI><a href="#[d0]">app_bass_process_handler</a> from app_bass_task.o(.text) referenced from app_entry_point.o(.constdata)
 <LI><a href="#[c5]">app_bass_timer_handler</a> from app_bass_task.o(.text) referenced from app_bass_task.o(.constdata)
 <LI><a href="#[e9]">app_con_fsm_handle_adv_notification</a> from app_con_fsm.o(.text) referenced from app_adv_fsm.o(.constdata)
 <LI><a href="#[d3]">app_con_fsm_init</a> from app_con_fsm.o(.text) referenced from user_modules.o(.constdata)
 <LI><a href="#[d5]">app_con_fsm_on_ble_powered</a> from app_con_fsm.o(.text) referenced from user_modules.o(.constdata)
 <LI><a href="#[d4]">app_con_fsm_on_disconnect</a> from app_con_fsm.o(.text) referenced from user_modules.o(.constdata)
 <LI><a href="#[d6]">app_con_fsm_on_system_powered</a> from app_con_fsm.o(.text) referenced from user_modules.o(.constdata)
 <LI><a href="#[e8]">app_custs1_create_db</a> from app_customs.o(.text) referenced from user_custs_config.o(.constdata)
 <LI><a href="#[d2]">app_custs1_process_handler</a> from app_customs_task.o(.text) referenced from app_entry_point.o(.constdata)
 <LI><a href="#[af]">app_diss_create_db</a> from app_diss.o(.text) referenced 2 times from app.o(.constdata)
 <LI><a href="#[cf]">app_diss_process_handler</a> from app_diss_task.o(.text) referenced from app_entry_point.o(.constdata)
 <LI><a href="#[c1]">app_entry_point_handler</a> from app_entry_point.o(.text) referenced from app_task.o(.constdata)
 <LI><a href="#[cc]">app_gap_process_handler</a> from app_task.o(.text) referenced from app_entry_point.o(.constdata)
 <LI><a href="#[dc]">app_hid_report_init</a> from app_hid_report.o(.text) referenced from user_modules.o(.constdata)
 <LI><a href="#[de]">app_hid_report_on_system_powered</a> from app_hid_report.o(.text) referenced from user_modules.o(.constdata)
 <LI><a href="#[b2]">app_hogpd_create_db</a> from app_hogpd.o(.text) referenced from app.o(.constdata)
 <LI><a href="#[b3]">app_hogpd_enable</a> from app_hogpd.o(.text) referenced from app.o(.constdata)
 <LI><a href="#[d8]">app_kbd_init</a> from app_kbd.o(.text) referenced from user_modules.o(.constdata)
 <LI><a href="#[d7]">app_kbd_init_scan_gpios</a> from app_kbd.o(.text) referenced from user_modules.o(.constdata)
 <LI><a href="#[da]">app_kbd_on_ble_powered</a> from app_kbd.o(.text) referenced from user_modules.o(.constdata)
 <LI><a href="#[db]">app_kbd_on_system_powered</a> from app_kbd.o(.text) referenced from user_modules.o(.constdata)
 <LI><a href="#[d9]">app_kbd_stop_reporting</a> from app_kbd.o(.text) referenced from user_modules.o(.constdata)
 <LI><a href="#[ce]">app_msg_utils_api_process_handler</a> from app_easy_msg_utils.o(.text) referenced from app_entry_point.o(.constdata)
 <LI><a href="#[e6]">app_spi_flash_power_down</a> from app_flash.o(.text) referenced from user_modules.o(.constdata)
 <LI><a href="#[e3]">app_stream_init</a> from app_stream.o(.text) referenced from user_modules.o(.constdata)
 <LI><a href="#[e5]">app_stream_queue_data</a> from app_stream.o(.text) referenced from user_modules.o(.constdata)
 <LI><a href="#[e4]">app_stream_stop</a> from app_stream.o(.text) referenced from user_modules.o(.constdata)
 <LI><a href="#[b4]">app_suotar_create_db</a> from app_suotar.o(.text) referenced from app.o(.constdata)
 <LI><a href="#[d1]">app_suotar_process_handler</a> from app_suotar_task.o(.text) referenced from app_entry_point.o(.constdata)
 <LI><a href="#[cd]">app_timer_api_process_handler</a> from app_easy_timer.o(.text) referenced from app_entry_point.o(.constdata)
 <LI><a href="#[6b]">attc_l2cc_pdu_recv_handler_func</a> from da14585_symbols.txt(ABSOLUTE) referenced from jump_table.o(.constdata)
 <LI><a href="#[6a]">atts_l2cc_pdu_recv_handler_func</a> from da14585_symbols.txt(ABSOLUTE) referenced from jump_table.o(.constdata)
 <LI><a href="#[f9]">atts_mtu_exc_req</a> from da14585_symbols.txt(ABSOLUTE) referenced from patch.o(.constdata)
 <LI><a href="#[ef]">audio_mic_callback</a> from port_audio.o(.text) referenced from port_audio.o(.constdata)
 <LI><a href="#[79]">ba431_get_rand_func</a> from jump_table.o(.text) referenced from jump_table.o(.constdata)
 <LI><a href="#[c4]">bass_batt_level_ntf_cfg_ind_handler</a> from app_bass_task.o(.text) referenced from app_bass_task.o(.constdata)
 <LI><a href="#[85]">bass_batt_level_upd_req_handler</a> from bass_task.o(.text) referenced from bass_task.o(.constdata)
 <LI><a href="#[c3]">bass_batt_level_upd_rsp_handler</a> from app_bass_task.o(.text) referenced from app_bass_task.o(.constdata)
 <LI><a href="#[83]">bass_cleanup</a> from bass.o(.text) referenced from bass.o(.constdata)
 <LI><a href="#[82]">bass_create</a> from bass.o(.text) referenced from bass.o(.constdata)
 <LI><a href="#[81]">bass_destroy</a> from bass.o(.text) referenced from bass.o(.constdata)
 <LI><a href="#[84]">bass_enable_req_handler</a> from bass_task.o(.text) referenced from bass_task.o(.constdata)
 <LI><a href="#[c2]">bass_enable_rsp_handler</a> from app_bass_task.o(.text) referenced from app_bass_task.o(.constdata)
 <LI><a href="#[80]">bass_init</a> from bass.o(.text) referenced from bass.o(.constdata)
 <LI><a href="#[6c]">crypto_init_func</a> from jump_table.o(.text) referenced from jump_table.o(.constdata)
 <LI><a href="#[8d]">custs1_cleanup</a> from custs1.o(.text) referenced from custs1.o(.constdata)
 <LI><a href="#[8c]">custs1_create</a> from custs1.o(.text) referenced from custs1.o(.constdata)
 <LI><a href="#[8b]">custs1_destroy</a> from custs1.o(.text) referenced from custs1.o(.constdata)
 <LI><a href="#[8a]">custs1_init</a> from custs1.o(.text) referenced from custs1.o(.constdata)
 <LI><a href="#[93]">custs1_val_ind_req_handler</a> from custs1_task.o(.text) referenced from custs1_task.o(.constdata)
 <LI><a href="#[91]">custs1_val_ntf_req_handler</a> from custs1_task.o(.text) referenced from custs1_task.o(.constdata)
 <LI><a href="#[92]">custs1_val_set_req_handler</a> from custs1_task.o(.text) referenced from custs1_task.o(.constdata)
 <LI><a href="#[61]">dbg_init_func_empty</a> from jump_table.o(.text) referenced from jump_table.o(.constdata)
 <LI><a href="#[62]">dbg_platform_reset_complete_func_empty</a> from jump_table.o(.text) referenced from jump_table.o(.constdata)
 <LI><a href="#[77]">dia_rand_func</a> from jump_table.o(.text) referenced from jump_table.o(.constdata)
 <LI><a href="#[78]">dia_srand_func</a> from jump_table.o(.text) referenced from jump_table.o(.constdata)
 <LI><a href="#[97]">diss_cleanup</a> from diss.o(.text) referenced from diss.o(.constdata)
 <LI><a href="#[96]">diss_create</a> from diss.o(.text) referenced from diss.o(.constdata)
 <LI><a href="#[95]">diss_destroy</a> from diss.o(.text) referenced from diss.o(.constdata)
 <LI><a href="#[94]">diss_init</a> from diss.o(.text) referenced from diss.o(.constdata)
 <LI><a href="#[98]">diss_set_value_req_handler</a> from diss_task.o(.text) referenced from diss_task.o(.constdata)
 <LI><a href="#[9a]">diss_value_cfm_handler</a> from diss_task.o(.text) referenced from diss_task.o(.constdata)
 <LI><a href="#[c7]">diss_value_req_ind_handler</a> from app_diss_task.o(.text) referenced from app_diss_task.o(.constdata)
 <LI><a href="#[b8]">gapc_cmp_evt_handler</a> from app_task.o(.text) referenced from app_task.o(.constdata)
 <LI><a href="#[b9]">gapc_connection_req_ind_handler</a> from app_task.o(.text) referenced from app_task.o(.constdata)
 <LI><a href="#[ba]">gapc_disconnect_ind_handler</a> from app_task.o(.text) referenced from app_task.o(.constdata)
 <LI><a href="#[bb]">gapc_get_dev_info_req_ind_handler</a> from app_task.o(.text) referenced from app_task.o(.constdata)
 <LI><a href="#[c0]">gapc_le_pkt_size_ind_handler</a> from app_task.o(.text) referenced from app_task.o(.constdata)
 <LI><a href="#[69]">gapc_lecb_connect_cfm_handler_func</a> from da14585_symbols.txt(ABSOLUTE) referenced from jump_table.o(.constdata)
 <LI><a href="#[bf]">gapc_param_update_req_ind_handler</a> from app_task.o(.text) referenced from app_task.o(.constdata)
 <LI><a href="#[bc]">gapc_set_dev_info_req_ind_handler</a> from app_task.o(.text) referenced from app_task.o(.constdata)
 <LI><a href="#[be]">gapm_adv_report_ind_handler</a> from app_task.o(.text) referenced from app_task.o(.constdata)
 <LI><a href="#[b7]">gapm_cmp_evt_handler</a> from app_task.o(.text) referenced from app_task.o(.constdata)
 <LI><a href="#[b6]">gapm_device_ready_ind_handler</a> from app_task.o(.text) referenced from app_task.o(.constdata)
 <LI><a href="#[bd]">gapm_profile_added_ind_handler</a> from app_task.o(.text) referenced from app_task.o(.constdata)
 <LI><a href="#[86]">gattc_att_info_req_ind_handler</a> from bass_task.o(.text) referenced 2 times from bass_task.o(.constdata)
 <LI><a href="#[89]">gattc_cmp_evt_handler</a> from bass_task.o(.text) referenced 3 times from bass_task.o(.constdata)
 <LI><a href="#[88]">gattc_read_req_ind_handler</a> from bass_task.o(.text) referenced 5 times from bass_task.o(.constdata)
 <LI><a href="#[87]">gattc_write_req_ind_handler</a> from bass_task.o(.text) referenced 4 times from bass_task.o(.constdata)
 <LI><a href="#[3b]">gtl_eif_init_func</a> from da14585_symbols.txt(ABSOLUTE) referenced from jump_table.o(.constdata)
 <LI><a href="#[3d]">gtl_eif_read_hdr_func</a> from da14585_symbols.txt(ABSOLUTE) referenced from jump_table.o(.constdata)
 <LI><a href="#[3e]">gtl_eif_read_payl_func</a> from da14585_symbols.txt(ABSOLUTE) referenced from jump_table.o(.constdata)
 <LI><a href="#[3c]">gtl_eif_read_start_func</a> from da14585_symbols.txt(ABSOLUTE) referenced from jump_table.o(.constdata)
 <LI><a href="#[40]">gtl_eif_rx_done_func</a> from da14585_symbols.txt(ABSOLUTE) referenced from jump_table.o(.constdata)
 <LI><a href="#[3f]">gtl_eif_tx_done_func</a> from da14585_symbols.txt(ABSOLUTE) referenced from jump_table.o(.constdata)
 <LI><a href="#[3a]">gtl_init_func</a> from da14585_symbols.txt(ABSOLUTE) referenced from jump_table.o(.constdata)
 <LI><a href="#[41]">h4tl_init_func</a> from da14585_symbols.txt(ABSOLUTE) referenced from jump_table.o(.constdata)
 <LI><a href="#[46]">h4tl_out_of_sync_func</a> from da14585_symbols.txt(ABSOLUTE) referenced from jump_table.o(.constdata)
 <LI><a href="#[43]">h4tl_read_hdr_func</a> from da14585_symbols.txt(ABSOLUTE) referenced from jump_table.o(.constdata)
 <LI><a href="#[45]">h4tl_read_next_out_of_sync_func</a> from da14585_symbols.txt(ABSOLUTE) referenced from jump_table.o(.constdata)
 <LI><a href="#[44]">h4tl_read_payl_func</a> from da14585_symbols.txt(ABSOLUTE) referenced from jump_table.o(.constdata)
 <LI><a href="#[42]">h4tl_read_start_func</a> from da14585_symbols.txt(ABSOLUTE) referenced from jump_table.o(.constdata)
 <LI><a href="#[48]">h4tl_rx_done_func</a> from da14585_symbols.txt(ABSOLUTE) referenced from jump_table.o(.constdata)
 <LI><a href="#[47]">h4tl_tx_done_func</a> from da14585_symbols.txt(ABSOLUTE) referenced from jump_table.o(.constdata)
 <LI><a href="#[63]">hci_rd_local_supp_feats_cmd_handler_func</a> from da14585_symbols.txt(ABSOLUTE) referenced from jump_table.o(.constdata)
 <LI><a href="#[9e]">hogpd_cleanup</a> from hogpd.o(.text) referenced from hogpd.o(.constdata)
 <LI><a href="#[9d]">hogpd_create</a> from hogpd.o(.text) referenced from hogpd.o(.constdata)
 <LI><a href="#[9c]">hogpd_destroy</a> from hogpd.o(.text) referenced from hogpd.o(.constdata)
 <LI><a href="#[9f]">hogpd_enable_req_handler</a> from hogpd_task.o(.text) referenced from hogpd_task.o(.constdata)
 <LI><a href="#[9b]">hogpd_init</a> from hogpd.o(.text) referenced from hogpd.o(.constdata)
 <LI><a href="#[a2]">hogpd_proto_mode_cfm_handler</a> from hogpd_task.o(.text) referenced from hogpd_task.o(.constdata)
 <LI><a href="#[a1]">hogpd_report_cfm_handler</a> from hogpd_task.o(.text) referenced from hogpd_task.o(.constdata)
 <LI><a href="#[a0]">hogpd_report_upd_req_handler</a> from hogpd_task.o(.text) referenced from hogpd_task.o(.constdata)
 <LI><a href="#[49]">ke_task_init_func</a> from da14585_symbols.txt(ABSOLUTE) referenced from jump_table.o(.constdata)
 <LI><a href="#[4a]">ke_timer_init_func</a> from da14585_symbols.txt(ABSOLUTE) referenced from jump_table.o(.constdata)
 <LI><a href="#[67]">l2c_process_sdu_func</a> from da14585_symbols.txt(ABSOLUTE) referenced from jump_table.o(.constdata)
 <LI><a href="#[66]">l2c_send_lecb_message_func</a> from da14585_symbols.txt(ABSOLUTE) referenced from jump_table.o(.constdata)
 <LI><a href="#[64]">l2cc_pdu_pack_func</a> from da14585_symbols.txt(ABSOLUTE) referenced from jump_table.o(.constdata)
 <LI><a href="#[68]">l2cc_pdu_recv_ind_handler_func</a> from da14585_symbols.txt(ABSOLUTE) referenced from jump_table.o(.constdata)
 <LI><a href="#[65]">l2cc_pdu_unpack_func</a> from da14585_symbols.txt(ABSOLUTE) referenced from jump_table.o(.constdata)
 <LI><a href="#[73]">llc_le_length_conn_init_func</a> from da14585_symbols.txt(ABSOLUTE) referenced from jump_table.o(.constdata)
 <LI><a href="#[72]">llc_le_length_effective_func</a> from da14585_symbols.txt(ABSOLUTE) referenced from jump_table.o(.constdata)
 <LI><a href="#[76]">llc_pdu_send_func</a> from da14585_symbols.txt(ABSOLUTE) referenced from jump_table.o(.constdata)
 <LI><a href="#[75]">lld_data_tx_check_func</a> from da14585_symbols.txt(ABSOLUTE) referenced from jump_table.o(.constdata)
 <LI><a href="#[74]">lld_data_tx_prog_func</a> from da14585_symbols.txt(ABSOLUTE) referenced from jump_table.o(.constdata)
 <LI><a href="#[52]">lld_sleep_compensate_func</a> from rwble.o(.text) referenced from jump_table.o(.constdata)
 <LI><a href="#[53]">lld_sleep_init_func</a> from arch_system.o(.text) referenced from jump_table.o(.constdata)
 <LI><a href="#[55]">lld_sleep_lpcycles_2_us_sel_func</a> from arch_system.o(.text) referenced from jump_table.o(.constdata)
 <LI><a href="#[54]">lld_sleep_us_2_lpcycles_sel_func</a> from arch_system.o(.text) referenced from jump_table.o(.constdata)
 <LI><a href="#[58]">lld_test_mode_rx_func</a> from da14585_symbols.txt(ABSOLUTE) referenced from jump_table.o(.constdata)
 <LI><a href="#[57]">lld_test_mode_tx_func</a> from da14585_symbols.txt(ABSOLUTE) referenced from jump_table.o(.constdata)
 <LI><a href="#[56]">lld_test_stop_func</a> from da14585_symbols.txt(ABSOLUTE) referenced from jump_table.o(.constdata)
 <LI><a href="#[70]">llm_create_p256_key_func</a> from da14585_symbols.txt(ABSOLUTE) referenced from jump_table.o(.constdata)
 <LI><a href="#[4b]">llm_encryption_done_func</a> from da14585_symbols.txt(ABSOLUTE) referenced from jump_table.o(.constdata)
 <LI><a href="#[6d]">llm_le_adv_report_ind_func</a> from da14585_symbols.txt(ABSOLUTE) referenced from jump_table.o(.constdata)
 <LI><a href="#[71]">llm_p256_req_handler_func</a> from da14585_symbols.txt(ABSOLUTE) referenced from jump_table.o(.constdata)
 <LI><a href="#[6f]">llm_p256_start_func</a> from da14585_symbols.txt(ABSOLUTE) referenced from jump_table.o(.constdata)
 <LI><a href="#[1e]">main</a> from arch_main.o(.text) referenced from entry9a.o(.ARM.Collect$$$$0000000B)
 <LI><a href="#[7a]">modulationGainCalibration_func</a> from da14585_symbols.txt(ABSOLUTE) referenced from jump_table.o(.constdata)
 <LI><a href="#[4e]">nvds_del_func</a> from nvds.o(.text) referenced from jump_table.o(.constdata)
 <LI><a href="#[4c]">nvds_get_func</a> from nvds.o(.text) referenced from jump_table.o(.constdata)
 <LI><a href="#[4f]">nvds_init_func</a> from nvds.o(.text) referenced from jump_table.o(.constdata)
 <LI><a href="#[4d]">nvds_put_func</a> from nvds.o(.text) referenced from jump_table.o(.constdata)
 <LI><a href="#[51]">platform_reset_func</a> from jump_table.o(.text) referenced from jump_table.o(.constdata)
 <LI><a href="#[f3]">port_adv_fsm_adv_timer_handler</a> from port_adv_fsm.o(.text) referenced from port_timer.o(.constdata)
 <LI><a href="#[f4]">port_con_fsm_alt_pair_timer_handler</a> from port_con_fsm_task.o(.text) referenced from port_timer.o(.constdata)
 <LI><a href="#[f2]">port_con_fsm_enc_timer_handler</a> from port_con_fsm_task.o(.text) referenced from port_timer.o(.constdata)
 <LI><a href="#[f1]">port_con_fsm_timer_handler</a> from port_con_fsm_task.o(.text) referenced from port_timer.o(.constdata)
 <LI><a href="#[2e]">port_kbd_scan_systick_Handler</a> from port_kbd.o(.text) referenced from port_kbd.o(.text)
 <LI><a href="#[f0]">port_kbd_scan_timer_handler</a> from port_kbd.o(.text) referenced from port_timer.o(.constdata)
 <LI><a href="#[f7]">port_kbd_scan_wakeup_handler</a> from port_kbd.o(.text) referenced from port_wkup.o(.constdata)
 <LI><a href="#[2f]">port_timer_callback</a> from port_timer.o(.text) referenced from port_timer.o(.text)
 <LI><a href="#[30]">port_wkup_handler</a> from port_wkup.o(.text) referenced from port_wkup.o(.text)
 <LI><a href="#[5c]">prf_add_profile_func</a> from prf.o(.text) referenced from jump_table.o(.constdata)
 <LI><a href="#[5e]">prf_cleanup_func</a> from prf.o(.text) referenced from jump_table.o(.constdata)
 <LI><a href="#[5d]">prf_create_func</a> from prf.o(.text) referenced from jump_table.o(.constdata)
 <LI><a href="#[5f]">prf_get_id_from_task_func</a> from prf.o(.text) referenced from jump_table.o(.constdata)
 <LI><a href="#[60]">prf_get_task_from_id_func</a> from prf.o(.text) referenced from jump_table.o(.constdata)
 <LI><a href="#[5b]">prf_init_func</a> from prf.o(.text) referenced from jump_table.o(.constdata)
 <LI><a href="#[2a]">rf_force_agc_enable</a> from rf_585.o(.text) referenced from rf_585.o(.text)
 <LI><a href="#[31]">rf_init_func</a> from rf_585.o(.text) referenced from jump_table.o(.constdata)
 <LI><a href="#[24]">rf_reg_rd</a> from rf_585.o(.text) referenced from rf_585.o(.text)
 <LI><a href="#[25]">rf_reg_wr</a> from rf_585.o(.text) referenced from rf_585.o(.text)
 <LI><a href="#[32]">rf_reinit_func</a> from rf_585.o(.text) referenced from jump_table.o(.constdata)
 <LI><a href="#[28]">rf_reset</a> from rf_585.o(.text) referenced from rf_585.o(.text)
 <LI><a href="#[2b]">rf_rssi_convert</a> from rf_585.o(.text) referenced from rf_585.o(.text)
 <LI><a href="#[27]">rf_sleep</a> from rf_585.o(.text) referenced from rf_585.o(.text)
 <LI><a href="#[26]">rf_txpwr_dbm_get</a> from rf_585.o(.text) referenced from rf_585.o(.text)
 <LI><a href="#[7]">rwble_isr</a> from rwble.o(.text) referenced from boot_vectors.o(RESET)
 <LI><a href="#[50]">rwip_eif_get_func</a> from da14585_symbols.txt(ABSOLUTE) referenced from jump_table.o(.constdata)
 <LI><a href="#[59]">smpc_check_param_func</a> from da14585_symbols.txt(ABSOLUTE) referenced from jump_table.o(.constdata)
 <LI><a href="#[7e]">smpc_dhkey_calc_ind_func</a> from da14585_symbols.txt(ABSOLUTE) referenced from jump_table.o(.constdata)
 <LI><a href="#[5a]">smpc_pdu_recv_func</a> from da14585_symbols.txt(ABSOLUTE) referenced from jump_table.o(.constdata)
 <LI><a href="#[7d]">smpc_public_key_exchange_start_func</a> from da14585_symbols.txt(ABSOLUTE) referenced from jump_table.o(.constdata)
 <LI><a href="#[7f]">smpm_ecdh_key_create_func</a> from da14585_symbols.txt(ABSOLUTE) referenced from jump_table.o(.constdata)
 <LI><a href="#[aa]">suotar_cleanup</a> from suotar.o(.text) referenced from suotar.o(.constdata)
 <LI><a href="#[a9]">suotar_create</a> from suotar.o(.text) referenced from suotar.o(.constdata)
 <LI><a href="#[a8]">suotar_destroy</a> from suotar.o(.text) referenced from suotar.o(.constdata)
 <LI><a href="#[c9]">suotar_gpio_map_ind_handler</a> from app_suotar_task.o(.text) referenced from app_suotar_task.o(.constdata)
 <LI><a href="#[a7]">suotar_init</a> from suotar.o(.text) referenced from suotar.o(.constdata)
 <LI><a href="#[ad]">suotar_mem_info_update_req_handler</a> from suotar_task.o(.text) referenced from suotar_task.o(.constdata)
 <LI><a href="#[cb]">suotar_patch_data_ind_handler</a> from app_suotar_task.o(.text) referenced from app_suotar_task.o(.constdata)
 <LI><a href="#[ca]">suotar_patch_len_ind_handler</a> from app_suotar_task.o(.text) referenced from app_suotar_task.o(.constdata)
 <LI><a href="#[c8]">suotar_patch_mem_dev_ind_handler</a> from app_suotar_task.o(.text) referenced from app_suotar_task.o(.constdata)
 <LI><a href="#[ae]">suotar_status_update_req_handler</a> from suotar_task.o(.text) referenced from suotar_task.o(.constdata)
 <LI><a href="#[2d]">timer_canceled_handler</a> from app_easy_timer.o(.text) referenced from app_easy_timer.o(.text)
 <LI><a href="#[2c]">timer_modified_handler</a> from app_easy_timer.o(.text) referenced from app_easy_timer.o(.text)
 <LI><a href="#[36]">uart_finish_transfers_func</a> from da14585_symbols.txt(ABSOLUTE) referenced from jump_table.o(.constdata)
 <LI><a href="#[35]">uart_flow_off_func</a> from da14585_symbols.txt(ABSOLUTE) referenced from jump_table.o(.constdata)
 <LI><a href="#[34]">uart_flow_on_func</a> from da14585_symbols.txt(ABSOLUTE) referenced from jump_table.o(.constdata)
 <LI><a href="#[33]">uart_init_func</a> from da14585_symbols.txt(ABSOLUTE) referenced from jump_table.o(.constdata)
 <LI><a href="#[37]">uart_read_func</a> from da14585_symbols.txt(ABSOLUTE) referenced from jump_table.o(.constdata)
 <LI><a href="#[38]">uart_write_func</a> from da14585_symbols.txt(ABSOLUTE) referenced from jump_table.o(.constdata)
 <LI><a href="#[ee]">user_audio_callback</a> from user_rcu_audio.o(.text) referenced from port_audio.o(.constdata)
 <LI><a href="#[ed]">user_audio_hid_send_report_cb</a> from user_rcu_audio.o(.text) referenced from app_hid_report.o(.constdata)
 <LI><a href="#[e1]">user_audio_on_ble_powered</a> from user_rcu_audio.o(.text) referenced from user_modules.o(.constdata)
 <LI><a href="#[e0]">user_audio_on_disconnect</a> from user_rcu_audio.o(.text) referenced from user_modules.o(.constdata)
 <LI><a href="#[e2]">user_audio_on_system_powered</a> from user_rcu_audio.o(.text) referenced from user_modules.o(.constdata)
 <LI><a href="#[ea]">user_con_fsm_callback</a> from user_rcu.o(.text) referenced from app_con_fsm.o(.constdata)
 <LI><a href="#[ec]">user_flash_erase_callback</a> from user_rcu.o(.text) referenced from app_flash.o(.constdata)
 <LI><a href="#[dd]">user_hid_report_on_ble_powered</a> from user_rcu.o(.text) referenced from user_modules.o(.constdata)
 <LI><a href="#[e7]">user_keyboard_led_report_callback</a> from user_rcu_kbd.o(.text) referenced 3 times from app_hogpd_task.o(.constdata)
 <LI><a href="#[b5]">user_process_catch_rest</a> from user_rcu.o(.text) referenced 2 times from app_task.o(.constdata)
 <LI><a href="#[f6]">user_pwr_mgr_inactivity_timer_handler</a> from user_pwr_mgr.o(.text) referenced from port_timer.o(.constdata)
 <LI><a href="#[f5]">user_suota_timeout_timer_handler</a> from user_rcu.o(.text) referenced from port_timer.o(.constdata)
 <LI><a href="#[eb]">user_update_attr_callback</a> from user_rcu.o(.text) referenced from app_con_fsm.o(.constdata)
</UL>
<P>
<H3>
Global Symbols
</H3>
<P><STRONG><a name="[125]"></a>set_system_clocks</STRONG> (Thumb, 0 bytes, Stack size 0 bytes, da14585_symbols.txt(ABSOLUTE))
<BR><BR>[Called By]<UL><LI><a href="#[100]">&gt;&gt;</a>&nbsp;&nbsp;&nbsp;system_init
</UL>

<P><STRONG><a name="[50]"></a>rwip_eif_get_func</STRONG> (Thumb, 0 bytes, Stack size 0 bytes, da14585_symbols.txt(ABSOLUTE), UNUSED)
<BR>[Address Reference Count : 1]<UL><LI> jump_table.o(.constdata)
</UL>
<P><STRONG><a name="[12b]"></a>ble_init</STRONG> (Thumb, 0 bytes, Stack size 0 bytes, da14585_symbols.txt(ABSOLUTE))
<BR><BR>[Called By]<UL><LI><a href="#[100]">&gt;&gt;</a>&nbsp;&nbsp;&nbsp;system_init
</UL>

<P><STRONG><a name="[186]"></a>ble_regs_push</STRONG> (Thumb, 0 bytes, Stack size 0 bytes, da14585_symbols.txt(ABSOLUTE))
<BR><BR>[Called By]<UL><LI><a href="#[185]">&gt;&gt;</a>&nbsp;&nbsp;&nbsp;patched_ble_regs_push
</UL>

<P><STRONG><a name="[187]"></a>ble_regs_pop</STRONG> (Thumb, 0 bytes, Stack size 0 bytes, da14585_symbols.txt(ABSOLUTE))
<BR><BR>[Called By]<UL><LI><a href="#[176]">&gt;&gt;</a>&nbsp;&nbsp;&nbsp;patched_ble_regs_pop
</UL>

<P><STRONG><a name="[181]"></a>rf_reinit</STRONG> (Thumb, 0 bytes, Stack size 0 bytes, da14585_symbols.txt(ABSOLUTE))
<BR><BR>[Called By]<UL><LI><a href="#[7]">&gt;&gt;</a>&nbsp;&nbsp;&nbsp;rwble_isr
</UL>

<P><STRONG><a name="[8]"></a>UART_Handler</STRONG> (Thumb, 0 bytes, Stack size 0 bytes, da14585_symbols.txt(ABSOLUTE), UNUSED)
<BR>[Address Reference Count : 1]<UL><LI> boot_vectors.o(RESET)
</UL>
<P><STRONG><a name="[203]"></a>platform_reset</STRONG> (Thumb, 0 bytes, Stack size 0 bytes, da14585_symbols.txt(ABSOLUTE))
<BR><BR>[Called By]<UL><LI><a href="#[201]">&gt;&gt;</a>&nbsp;&nbsp;&nbsp;app_suotar_read_mem
<LI><a href="#[1e5]">&gt;&gt;</a>&nbsp;&nbsp;&nbsp;user_on_disconnect
</UL>

<P><STRONG><a name="[1ef]"></a>prf_get_task_from_id</STRONG> (Thumb, 0 bytes, Stack size 0 bytes, da14585_symbols.txt(ABSOLUTE))
<BR><BR>[Called By]<UL><LI><a href="#[221]">&gt;&gt;</a>&nbsp;&nbsp;&nbsp;user_audio_set_config_data
<LI><a href="#[204]">&gt;&gt;</a>&nbsp;&nbsp;&nbsp;suotar_send_mem_info_update_req
<LI><a href="#[1f7]">&gt;&gt;</a>&nbsp;&nbsp;&nbsp;suotar_send_status_update_req
<LI><a href="#[1f2]">&gt;&gt;</a>&nbsp;&nbsp;&nbsp;app_batt_set_level
<LI><a href="#[b3]">&gt;&gt;</a>&nbsp;&nbsp;&nbsp;app_hogpd_enable
<LI><a href="#[b1]">&gt;&gt;</a>&nbsp;&nbsp;&nbsp;app_bass_enable
<LI><a href="#[26d]">&gt;&gt;</a>&nbsp;&nbsp;&nbsp;app_hogpd_send_report
</UL>

<P><STRONG><a name="[110]"></a>dia_rand</STRONG> (Thumb, 0 bytes, Stack size 0 bytes, da14585_symbols.txt(ABSOLUTE))
<BR><BR>[Called By]<UL><LI><a href="#[79]">&gt;&gt;</a>&nbsp;&nbsp;&nbsp;ba431_get_rand_func
</UL>

<P><STRONG><a name="[124]"></a>dia_srand</STRONG> (Thumb, 0 bytes, Stack size 0 bytes, da14585_symbols.txt(ABSOLUTE))
<BR><BR>[Called By]<UL><LI><a href="#[100]">&gt;&gt;</a>&nbsp;&nbsp;&nbsp;system_init
<LI><a href="#[122]">&gt;&gt;</a>&nbsp;&nbsp;&nbsp;init_rand_seed_from_trng
</UL>

<P><STRONG><a name="[31c]"></a>modulationGainCalibration</STRONG> (Thumb, 0 bytes, Stack size 0 bytes, da14585_symbols.txt(ABSOLUTE))
<BR><BR>[Called By]<UL><LI><a href="#[11e]">&gt;&gt;</a>&nbsp;&nbsp;&nbsp;rf_calibration_585
</UL>

<P><STRONG><a name="[16b]"></a>DCoffsetCalibration</STRONG> (Thumb, 0 bytes, Stack size 0 bytes, da14585_symbols.txt(ABSOLUTE))
<BR><BR>[Called By]<UL><LI><a href="#[123]">&gt;&gt;</a>&nbsp;&nbsp;&nbsp;trng_acquire
<LI><a href="#[11e]">&gt;&gt;</a>&nbsp;&nbsp;&nbsp;rf_calibration_585
</UL>

<P><STRONG><a name="[16c]"></a>PllLF_IFF_MIX_CapCalibration</STRONG> (Thumb, 0 bytes, Stack size 0 bytes, da14585_symbols.txt(ABSOLUTE))
<BR><BR>[Called By]<UL><LI><a href="#[123]">&gt;&gt;</a>&nbsp;&nbsp;&nbsp;trng_acquire
<LI><a href="#[11e]">&gt;&gt;</a>&nbsp;&nbsp;&nbsp;rf_calibration_585
</UL>

<P><STRONG><a name="[1ad]"></a>co_list_init</STRONG> (Thumb, 0 bytes, Stack size 0 bytes, da14585_symbols.txt(ABSOLUTE))
<BR><BR>[Called By]<UL><LI><a href="#[94]">&gt;&gt;</a>&nbsp;&nbsp;&nbsp;diss_init
<LI><a href="#[8a]">&gt;&gt;</a>&nbsp;&nbsp;&nbsp;custs1_init
</UL>

<P><STRONG><a name="[1af]"></a>co_list_pop_front</STRONG> (Thumb, 0 bytes, Stack size 0 bytes, da14585_symbols.txt(ABSOLUTE))
<BR><BR>[Called By]<UL><LI><a href="#[95]">&gt;&gt;</a>&nbsp;&nbsp;&nbsp;diss_destroy
<LI><a href="#[8b]">&gt;&gt;</a>&nbsp;&nbsp;&nbsp;custs1_destroy
</UL>

<P><STRONG><a name="[1b3]"></a>co_list_push_back</STRONG> (Thumb, 0 bytes, Stack size 0 bytes, da14585_symbols.txt(ABSOLUTE))
<BR><BR>[Called By]<UL><LI><a href="#[98]">&gt;&gt;</a>&nbsp;&nbsp;&nbsp;diss_set_value_req_handler
<LI><a href="#[1b1]">&gt;&gt;</a>&nbsp;&nbsp;&nbsp;custs1_att_set_value
</UL>

<P><STRONG><a name="[1b2]"></a>co_list_extract</STRONG> (Thumb, 0 bytes, Stack size 0 bytes, da14585_symbols.txt(ABSOLUTE))
<BR><BR>[Called By]<UL><LI><a href="#[98]">&gt;&gt;</a>&nbsp;&nbsp;&nbsp;diss_set_value_req_handler
<LI><a href="#[1b1]">&gt;&gt;</a>&nbsp;&nbsp;&nbsp;custs1_att_set_value
</UL>

<P><STRONG><a name="[72]"></a>llc_le_length_effective_func</STRONG> (Thumb, 0 bytes, Stack size 0 bytes, da14585_symbols.txt(ABSOLUTE), UNUSED)
<BR>[Address Reference Count : 1]<UL><LI> jump_table.o(.constdata)
</UL>
<P><STRONG><a name="[73]"></a>llc_le_length_conn_init_func</STRONG> (Thumb, 0 bytes, Stack size 0 bytes, da14585_symbols.txt(ABSOLUTE), UNUSED)
<BR>[Address Reference Count : 1]<UL><LI> jump_table.o(.constdata)
</UL>
<P><STRONG><a name="[76]"></a>llc_pdu_send_func</STRONG> (Thumb, 0 bytes, Stack size 0 bytes, da14585_symbols.txt(ABSOLUTE), UNUSED)
<BR>[Address Reference Count : 1]<UL><LI> jump_table.o(.constdata)
</UL>
<P><STRONG><a name="[17f]"></a>lld_crypt_isr</STRONG> (Thumb, 0 bytes, Stack size 0 bytes, da14585_symbols.txt(ABSOLUTE))
<BR><BR>[Called By]<UL><LI><a href="#[7]">&gt;&gt;</a>&nbsp;&nbsp;&nbsp;rwble_isr
</UL>

<P><STRONG><a name="[57]"></a>lld_test_mode_tx_func</STRONG> (Thumb, 0 bytes, Stack size 0 bytes, da14585_symbols.txt(ABSOLUTE), UNUSED)
<BR>[Address Reference Count : 1]<UL><LI> jump_table.o(.constdata)
</UL>
<P><STRONG><a name="[58]"></a>lld_test_mode_rx_func</STRONG> (Thumb, 0 bytes, Stack size 0 bytes, da14585_symbols.txt(ABSOLUTE), UNUSED)
<BR>[Address Reference Count : 1]<UL><LI> jump_table.o(.constdata)
</UL>
<P><STRONG><a name="[56]"></a>lld_test_stop_func</STRONG> (Thumb, 0 bytes, Stack size 0 bytes, da14585_symbols.txt(ABSOLUTE), UNUSED)
<BR>[Address Reference Count : 1]<UL><LI> jump_table.o(.constdata)
</UL>
<P><STRONG><a name="[75]"></a>lld_data_tx_check_func</STRONG> (Thumb, 0 bytes, Stack size 0 bytes, da14585_symbols.txt(ABSOLUTE), UNUSED)
<BR>[Address Reference Count : 1]<UL><LI> jump_table.o(.constdata)
</UL>
<P><STRONG><a name="[74]"></a>lld_data_tx_prog_func</STRONG> (Thumb, 0 bytes, Stack size 0 bytes, da14585_symbols.txt(ABSOLUTE), UNUSED)
<BR>[Address Reference Count : 1]<UL><LI> jump_table.o(.constdata)
</UL>
<P><STRONG><a name="[17e]"></a>lld_evt_timer_isr</STRONG> (Thumb, 0 bytes, Stack size 0 bytes, da14585_symbols.txt(ABSOLUTE))
<BR><BR>[Called By]<UL><LI><a href="#[7]">&gt;&gt;</a>&nbsp;&nbsp;&nbsp;rwble_isr
</UL>

<P><STRONG><a name="[17c]"></a>lld_evt_end_isr</STRONG> (Thumb, 0 bytes, Stack size 0 bytes, da14585_symbols.txt(ABSOLUTE))
<BR><BR>[Called By]<UL><LI><a href="#[7]">&gt;&gt;</a>&nbsp;&nbsp;&nbsp;rwble_isr
</UL>

<P><STRONG><a name="[17a]"></a>lld_evt_rx_isr</STRONG> (Thumb, 0 bytes, Stack size 0 bytes, da14585_symbols.txt(ABSOLUTE))
<BR><BR>[Called By]<UL><LI><a href="#[7]">&gt;&gt;</a>&nbsp;&nbsp;&nbsp;rwble_isr
</UL>

<P><STRONG><a name="[18e]"></a>lld_sleep_enter</STRONG> (Thumb, 0 bytes, Stack size 0 bytes, da14585_symbols.txt(ABSOLUTE))
<BR><BR>[Called By]<UL><LI><a href="#[107]">&gt;&gt;</a>&nbsp;&nbsp;&nbsp;rwip_sleep
</UL>

<P><STRONG><a name="[6d]"></a>llm_le_adv_report_ind_func</STRONG> (Thumb, 0 bytes, Stack size 0 bytes, da14585_symbols.txt(ABSOLUTE), UNUSED)
<BR>[Address Reference Count : 1]<UL><LI> jump_table.o(.constdata)
</UL>
<P><STRONG><a name="[4b]"></a>llm_encryption_done_func</STRONG> (Thumb, 0 bytes, Stack size 0 bytes, da14585_symbols.txt(ABSOLUTE), UNUSED)
<BR>[Address Reference Count : 1]<UL><LI> jump_table.o(.constdata)
</UL>
<P><STRONG><a name="[6f]"></a>llm_p256_start_func</STRONG> (Thumb, 0 bytes, Stack size 0 bytes, da14585_symbols.txt(ABSOLUTE), UNUSED)
<BR>[Address Reference Count : 1]<UL><LI> jump_table.o(.constdata)
</UL>
<P><STRONG><a name="[70]"></a>llm_create_p256_key_func</STRONG> (Thumb, 0 bytes, Stack size 0 bytes, da14585_symbols.txt(ABSOLUTE), UNUSED)
<BR>[Address Reference Count : 1]<UL><LI> jump_table.o(.constdata)
</UL>
<P><STRONG><a name="[71]"></a>llm_p256_req_handler_func</STRONG> (Thumb, 0 bytes, Stack size 0 bytes, da14585_symbols.txt(ABSOLUTE), UNUSED)
<BR>[Address Reference Count : 1]<UL><LI> jump_table.o(.constdata)
</UL>
<P><STRONG><a name="[63]"></a>hci_rd_local_supp_feats_cmd_handler_func</STRONG> (Thumb, 0 bytes, Stack size 0 bytes, da14585_symbols.txt(ABSOLUTE), UNUSED)
<BR>[Address Reference Count : 1]<UL><LI> jump_table.o(.constdata)
</UL>
<P><STRONG><a name="[6e]"></a>PK_PointMult_func</STRONG> (Thumb, 0 bytes, Stack size 0 bytes, da14585_symbols.txt(ABSOLUTE), UNUSED)
<BR>[Address Reference Count : 1]<UL><LI> jump_table.o(.constdata)
</UL>
<P><STRONG><a name="[361]"></a>ea_time_get_halfslot_rounded</STRONG> (Thumb, 0 bytes, Stack size 0 bytes, da14585_symbols.txt(ABSOLUTE), UNUSED)
<BR><BR>[Called By]<UL></UL>

<P><STRONG><a name="[178]"></a>ea_finetimer_isr</STRONG> (Thumb, 0 bytes, Stack size 0 bytes, da14585_symbols.txt(ABSOLUTE))
<BR><BR>[Called By]<UL><LI><a href="#[7]">&gt;&gt;</a>&nbsp;&nbsp;&nbsp;rwble_isr
</UL>

<P><STRONG><a name="[17d]"></a>ea_sw_isr</STRONG> (Thumb, 0 bytes, Stack size 0 bytes, da14585_symbols.txt(ABSOLUTE))
<BR><BR>[Called By]<UL><LI><a href="#[7]">&gt;&gt;</a>&nbsp;&nbsp;&nbsp;rwble_isr
</UL>

<P><STRONG><a name="[102]"></a>ea_sleep_check</STRONG> (Thumb, 0 bytes, Stack size 0 bytes, da14585_symbols.txt(ABSOLUTE))
<BR><BR>[Called By]<UL><LI><a href="#[107]">&gt;&gt;</a>&nbsp;&nbsp;&nbsp;rwip_sleep
<LI><a href="#[1e]">&gt;&gt;</a>&nbsp;&nbsp;&nbsp;main
</UL>

<P><STRONG><a name="[33]"></a>uart_init_func</STRONG> (Thumb, 0 bytes, Stack size 0 bytes, da14585_symbols.txt(ABSOLUTE), UNUSED)
<BR>[Address Reference Count : 1]<UL><LI> jump_table.o(.constdata)
</UL>
<P><STRONG><a name="[34]"></a>uart_flow_on_func</STRONG> (Thumb, 0 bytes, Stack size 0 bytes, da14585_symbols.txt(ABSOLUTE), UNUSED)
<BR>[Address Reference Count : 1]<UL><LI> jump_table.o(.constdata)
</UL>
<P><STRONG><a name="[35]"></a>uart_flow_off_func</STRONG> (Thumb, 0 bytes, Stack size 0 bytes, da14585_symbols.txt(ABSOLUTE), UNUSED)
<BR>[Address Reference Count : 1]<UL><LI> jump_table.o(.constdata)
</UL>
<P><STRONG><a name="[36]"></a>uart_finish_transfers_func</STRONG> (Thumb, 0 bytes, Stack size 0 bytes, da14585_symbols.txt(ABSOLUTE), UNUSED)
<BR>[Address Reference Count : 1]<UL><LI> jump_table.o(.constdata)
</UL>
<P><STRONG><a name="[37]"></a>uart_read_func</STRONG> (Thumb, 0 bytes, Stack size 0 bytes, da14585_symbols.txt(ABSOLUTE), UNUSED)
<BR>[Address Reference Count : 1]<UL><LI> jump_table.o(.constdata)
</UL>
<P><STRONG><a name="[38]"></a>uart_write_func</STRONG> (Thumb, 0 bytes, Stack size 0 bytes, da14585_symbols.txt(ABSOLUTE), UNUSED)
<BR>[Address Reference Count : 1]<UL><LI> jump_table.o(.constdata)
</UL>
<P><STRONG><a name="[39]"></a>UART_Handler_func</STRONG> (Thumb, 0 bytes, Stack size 0 bytes, da14585_symbols.txt(ABSOLUTE), UNUSED)
<BR>[Address Reference Count : 1]<UL><LI> jump_table.o(.constdata)
</UL>
<P><STRONG><a name="[7a]"></a>modulationGainCalibration_func</STRONG> (Thumb, 0 bytes, Stack size 0 bytes, da14585_symbols.txt(ABSOLUTE), UNUSED)
<BR>[Address Reference Count : 1]<UL><LI> jump_table.o(.constdata)
</UL>
<P><STRONG><a name="[7b]"></a>DCoffsetCalibration_func</STRONG> (Thumb, 0 bytes, Stack size 0 bytes, da14585_symbols.txt(ABSOLUTE), UNUSED)
<BR>[Address Reference Count : 1]<UL><LI> jump_table.o(.constdata)
</UL>
<P><STRONG><a name="[7c]"></a>PllLF_IFF_MIX_CapCalibration_func</STRONG> (Thumb, 0 bytes, Stack size 0 bytes, da14585_symbols.txt(ABSOLUTE), UNUSED)
<BR>[Address Reference Count : 1]<UL><LI> jump_table.o(.constdata)
</UL>
<P><STRONG><a name="[3a]"></a>gtl_init_func</STRONG> (Thumb, 0 bytes, Stack size 0 bytes, da14585_symbols.txt(ABSOLUTE), UNUSED)
<BR>[Address Reference Count : 1]<UL><LI> jump_table.o(.constdata)
</UL>
<P><STRONG><a name="[3c]"></a>gtl_eif_read_start_func</STRONG> (Thumb, 0 bytes, Stack size 0 bytes, da14585_symbols.txt(ABSOLUTE), UNUSED)
<BR>[Address Reference Count : 1]<UL><LI> jump_table.o(.constdata)
</UL>
<P><STRONG><a name="[3d]"></a>gtl_eif_read_hdr_func</STRONG> (Thumb, 0 bytes, Stack size 0 bytes, da14585_symbols.txt(ABSOLUTE), UNUSED)
<BR>[Address Reference Count : 1]<UL><LI> jump_table.o(.constdata)
</UL>
<P><STRONG><a name="[3e]"></a>gtl_eif_read_payl_func</STRONG> (Thumb, 0 bytes, Stack size 0 bytes, da14585_symbols.txt(ABSOLUTE), UNUSED)
<BR>[Address Reference Count : 1]<UL><LI> jump_table.o(.constdata)
</UL>
<P><STRONG><a name="[3f]"></a>gtl_eif_tx_done_func</STRONG> (Thumb, 0 bytes, Stack size 0 bytes, da14585_symbols.txt(ABSOLUTE), UNUSED)
<BR>[Address Reference Count : 1]<UL><LI> jump_table.o(.constdata)
</UL>
<P><STRONG><a name="[40]"></a>gtl_eif_rx_done_func</STRONG> (Thumb, 0 bytes, Stack size 0 bytes, da14585_symbols.txt(ABSOLUTE), UNUSED)
<BR>[Address Reference Count : 1]<UL><LI> jump_table.o(.constdata)
</UL>
<P><STRONG><a name="[3b]"></a>gtl_eif_init_func</STRONG> (Thumb, 0 bytes, Stack size 0 bytes, da14585_symbols.txt(ABSOLUTE), UNUSED)
<BR>[Address Reference Count : 1]<UL><LI> jump_table.o(.constdata)
</UL>
<P><STRONG><a name="[42]"></a>h4tl_read_start_func</STRONG> (Thumb, 0 bytes, Stack size 0 bytes, da14585_symbols.txt(ABSOLUTE), UNUSED)
<BR>[Address Reference Count : 1]<UL><LI> jump_table.o(.constdata)
</UL>
<P><STRONG><a name="[43]"></a>h4tl_read_hdr_func</STRONG> (Thumb, 0 bytes, Stack size 0 bytes, da14585_symbols.txt(ABSOLUTE), UNUSED)
<BR>[Address Reference Count : 1]<UL><LI> jump_table.o(.constdata)
</UL>
<P><STRONG><a name="[44]"></a>h4tl_read_payl_func</STRONG> (Thumb, 0 bytes, Stack size 0 bytes, da14585_symbols.txt(ABSOLUTE), UNUSED)
<BR>[Address Reference Count : 1]<UL><LI> jump_table.o(.constdata)
</UL>
<P><STRONG><a name="[45]"></a>h4tl_read_next_out_of_sync_func</STRONG> (Thumb, 0 bytes, Stack size 0 bytes, da14585_symbols.txt(ABSOLUTE), UNUSED)
<BR>[Address Reference Count : 1]<UL><LI> jump_table.o(.constdata)
</UL>
<P><STRONG><a name="[46]"></a>h4tl_out_of_sync_func</STRONG> (Thumb, 0 bytes, Stack size 0 bytes, da14585_symbols.txt(ABSOLUTE), UNUSED)
<BR>[Address Reference Count : 1]<UL><LI> jump_table.o(.constdata)
</UL>
<P><STRONG><a name="[47]"></a>h4tl_tx_done_func</STRONG> (Thumb, 0 bytes, Stack size 0 bytes, da14585_symbols.txt(ABSOLUTE), UNUSED)
<BR>[Address Reference Count : 1]<UL><LI> jump_table.o(.constdata)
</UL>
<P><STRONG><a name="[48]"></a>h4tl_rx_done_func</STRONG> (Thumb, 0 bytes, Stack size 0 bytes, da14585_symbols.txt(ABSOLUTE), UNUSED)
<BR>[Address Reference Count : 1]<UL><LI> jump_table.o(.constdata)
</UL>
<P><STRONG><a name="[41]"></a>h4tl_init_func</STRONG> (Thumb, 0 bytes, Stack size 0 bytes, da14585_symbols.txt(ABSOLUTE), UNUSED)
<BR>[Address Reference Count : 1]<UL><LI> jump_table.o(.constdata)
</UL>
<P><STRONG><a name="[6b]"></a>attc_l2cc_pdu_recv_handler_func</STRONG> (Thumb, 0 bytes, Stack size 0 bytes, da14585_symbols.txt(ABSOLUTE), UNUSED)
<BR>[Address Reference Count : 1]<UL><LI> jump_table.o(.constdata)
</UL>
<P><STRONG><a name="[30a]"></a>attm_uuid_comp</STRONG> (Thumb, 0 bytes, Stack size 0 bytes, da14585_symbols.txt(ABSOLUTE))
<BR><BR>[Called By]<UL><LI><a href="#[308]">&gt;&gt;</a>&nbsp;&nbsp;&nbsp;port_attmdb_find_by_uuid
</UL>

<P><STRONG><a name="[194]"></a>attmdb_add_service</STRONG> (Thumb, 0 bytes, Stack size 0 bytes, da14585_symbols.txt(ABSOLUTE))
<BR><BR>[Called By]<UL><LI><a href="#[190]">&gt;&gt;</a>&nbsp;&nbsp;&nbsp;attm_svc_create_db_128
<LI><a href="#[a7]">&gt;&gt;</a>&nbsp;&nbsp;&nbsp;suotar_init
</UL>

<P><STRONG><a name="[1a7]"></a>attmdb_get_service</STRONG> (Thumb, 0 bytes, Stack size 0 bytes, da14585_symbols.txt(ABSOLUTE))
<BR><BR>[Called By]<UL><LI><a href="#[1aa]">&gt;&gt;</a>&nbsp;&nbsp;&nbsp;get_cfg_handle
<LI><a href="#[1a6]">&gt;&gt;</a>&nbsp;&nbsp;&nbsp;get_value_handle
</UL>

<P><STRONG><a name="[1a8]"></a>attmdb_get_attribute</STRONG> (Thumb, 0 bytes, Stack size 0 bytes, da14585_symbols.txt(ABSOLUTE))
<BR><BR>[Called By]<UL><LI><a href="#[1aa]">&gt;&gt;</a>&nbsp;&nbsp;&nbsp;get_cfg_handle
<LI><a href="#[1a6]">&gt;&gt;</a>&nbsp;&nbsp;&nbsp;get_value_handle
</UL>

<P><STRONG><a name="[309]"></a>attmdb_get_next_att</STRONG> (Thumb, 0 bytes, Stack size 0 bytes, da14585_symbols.txt(ABSOLUTE))
<BR><BR>[Called By]<UL><LI><a href="#[308]">&gt;&gt;</a>&nbsp;&nbsp;&nbsp;port_attmdb_find_by_uuid
</UL>

<P><STRONG><a name="[195]"></a>attmdb_att_set_value</STRONG> (Thumb, 0 bytes, Stack size 0 bytes, da14585_symbols.txt(ABSOLUTE))
<BR><BR>[Called By]<UL><LI><a href="#[190]">&gt;&gt;</a>&nbsp;&nbsp;&nbsp;attm_svc_create_db_128
<LI><a href="#[ac]">&gt;&gt;</a>&nbsp;&nbsp;&nbsp;gattc_write_req_ind_handler
<LI><a href="#[ad]">&gt;&gt;</a>&nbsp;&nbsp;&nbsp;suotar_mem_info_update_req_handler
<LI><a href="#[ae]">&gt;&gt;</a>&nbsp;&nbsp;&nbsp;suotar_status_update_req_handler
<LI><a href="#[aa]">&gt;&gt;</a>&nbsp;&nbsp;&nbsp;suotar_cleanup
<LI><a href="#[a7]">&gt;&gt;</a>&nbsp;&nbsp;&nbsp;suotar_init
<LI><a href="#[9b]">&gt;&gt;</a>&nbsp;&nbsp;&nbsp;hogpd_init
<LI><a href="#[8f]">&gt;&gt;</a>&nbsp;&nbsp;&nbsp;gattc_write_req_ind_handler
<LI><a href="#[93]">&gt;&gt;</a>&nbsp;&nbsp;&nbsp;custs1_val_ind_req_handler
<LI><a href="#[91]">&gt;&gt;</a>&nbsp;&nbsp;&nbsp;custs1_val_ntf_req_handler
<LI><a href="#[92]">&gt;&gt;</a>&nbsp;&nbsp;&nbsp;custs1_val_set_req_handler
<LI><a href="#[305]">&gt;&gt;</a>&nbsp;&nbsp;&nbsp;multi_bond_process_next_attribute
</UL>

<P><STRONG><a name="[1a9]"></a>attmdb_get_uuid</STRONG> (Thumb, 0 bytes, Stack size 0 bytes, da14585_symbols.txt(ABSOLUTE))
<BR><BR>[Called By]<UL><LI><a href="#[1aa]">&gt;&gt;</a>&nbsp;&nbsp;&nbsp;get_cfg_handle
<LI><a href="#[1a6]">&gt;&gt;</a>&nbsp;&nbsp;&nbsp;get_value_handle
<LI><a href="#[308]">&gt;&gt;</a>&nbsp;&nbsp;&nbsp;port_attmdb_find_by_uuid
</UL>

<P><STRONG><a name="[1b6]"></a>attmdb_get_value</STRONG> (Thumb, 0 bytes, Stack size 0 bytes, da14585_symbols.txt(ABSOLUTE))
<BR><BR>[Called By]<UL><LI><a href="#[ab]">&gt;&gt;</a>&nbsp;&nbsp;&nbsp;gattc_read_req_ind_handler
<LI><a href="#[93]">&gt;&gt;</a>&nbsp;&nbsp;&nbsp;custs1_val_ind_req_handler
<LI><a href="#[301]">&gt;&gt;</a>&nbsp;&nbsp;&nbsp;prepare_bonding_info
</UL>

<P><STRONG><a name="[198]"></a>attmdb_att_set_permission</STRONG> (Thumb, 0 bytes, Stack size 0 bytes, da14585_symbols.txt(ABSOLUTE))
<BR><BR>[Called By]<UL><LI><a href="#[80]">&gt;&gt;</a>&nbsp;&nbsp;&nbsp;bass_init
</UL>

<P><STRONG><a name="[1b8]"></a>attmdb_att_get_permission</STRONG> (Thumb, 0 bytes, Stack size 0 bytes, da14585_symbols.txt(ABSOLUTE))
<BR><BR>[Called By]<UL><LI><a href="#[8f]">&gt;&gt;</a>&nbsp;&nbsp;&nbsp;gattc_write_req_ind_handler
</UL>

<P><STRONG><a name="[197]"></a>attm_svc_create_db</STRONG> (Thumb, 0 bytes, Stack size 0 bytes, da14585_symbols.txt(ABSOLUTE))
<BR><BR>[Called By]<UL><LI><a href="#[80]">&gt;&gt;</a>&nbsp;&nbsp;&nbsp;bass_init
<LI><a href="#[9b]">&gt;&gt;</a>&nbsp;&nbsp;&nbsp;hogpd_init
<LI><a href="#[94]">&gt;&gt;</a>&nbsp;&nbsp;&nbsp;diss_init
</UL>

<P><STRONG><a name="[1bf]"></a>attmdb_reserve_handle_range</STRONG> (Thumb, 0 bytes, Stack size 0 bytes, da14585_symbols.txt(ABSOLUTE))
<BR><BR>[Called By]<UL><LI><a href="#[9b]">&gt;&gt;</a>&nbsp;&nbsp;&nbsp;hogpd_init
</UL>

<P><STRONG><a name="[f9]"></a>atts_mtu_exc_req</STRONG> (Thumb, 0 bytes, Stack size 0 bytes, da14585_symbols.txt(ABSOLUTE), UNUSED)
<BR>[Address Reference Count : 1]<UL><LI> patch.o(.constdata)
</UL>
<P><STRONG><a name="[6a]"></a>atts_l2cc_pdu_recv_handler_func</STRONG> (Thumb, 0 bytes, Stack size 0 bytes, da14585_symbols.txt(ABSOLUTE), UNUSED)
<BR>[Address Reference Count : 1]<UL><LI> jump_table.o(.constdata)
</UL>
<P><STRONG><a name="[313]"></a>atts_allocate_pdu</STRONG> (Thumb, 0 bytes, Stack size 0 bytes, da14585_symbols.txt(ABSOLUTE))
<BR><BR>[Called By]<UL><LI><a href="#[f8]">&gt;&gt;</a>&nbsp;&nbsp;&nbsp;PATCHED_atts_mtu_exc_req
</UL>

<P><STRONG><a name="[315]"></a>atts_send_pdu</STRONG> (Thumb, 0 bytes, Stack size 0 bytes, da14585_symbols.txt(ABSOLUTE))
<BR><BR>[Called By]<UL><LI><a href="#[f8]">&gt;&gt;</a>&nbsp;&nbsp;&nbsp;PATCHED_atts_mtu_exc_req
</UL>

<P><STRONG><a name="[1cd]"></a>gattc_get_mtu</STRONG> (Thumb, 0 bytes, Stack size 0 bytes, da14585_symbols.txt(ABSOLUTE))
<BR><BR>[Called By]<UL><LI><a href="#[ab]">&gt;&gt;</a>&nbsp;&nbsp;&nbsp;gattc_read_req_ind_handler
<LI><a href="#[21e]">&gt;&gt;</a>&nbsp;&nbsp;&nbsp;user_audio_set_packet_size
</UL>

<P><STRONG><a name="[316]"></a>gattc_set_mtu</STRONG> (Thumb, 0 bytes, Stack size 0 bytes, da14585_symbols.txt(ABSOLUTE))
<BR><BR>[Called By]<UL><LI><a href="#[f8]">&gt;&gt;</a>&nbsp;&nbsp;&nbsp;PATCHED_atts_mtu_exc_req
</UL>

<P><STRONG><a name="[314]"></a>gattm_get_max_mtu</STRONG> (Thumb, 0 bytes, Stack size 0 bytes, da14585_symbols.txt(ABSOLUTE))
<BR><BR>[Called By]<UL><LI><a href="#[f8]">&gt;&gt;</a>&nbsp;&nbsp;&nbsp;PATCHED_atts_mtu_exc_req
</UL>

<P><STRONG><a name="[5a]"></a>smpc_pdu_recv_func</STRONG> (Thumb, 0 bytes, Stack size 0 bytes, da14585_symbols.txt(ABSOLUTE), UNUSED)
<BR>[Address Reference Count : 1]<UL><LI> jump_table.o(.constdata)
</UL>
<P><STRONG><a name="[1a3]"></a>gapc_get_conhdl</STRONG> (Thumb, 0 bytes, Stack size 0 bytes, da14585_symbols.txt(ABSOLUTE))
<BR><BR>[Called By]<UL><LI><a href="#[84]">&gt;&gt;</a>&nbsp;&nbsp;&nbsp;bass_enable_req_handler
<LI><a href="#[ac]">&gt;&gt;</a>&nbsp;&nbsp;&nbsp;gattc_write_req_ind_handler
<LI><a href="#[a0]">&gt;&gt;</a>&nbsp;&nbsp;&nbsp;hogpd_report_upd_req_handler
<LI><a href="#[9f]">&gt;&gt;</a>&nbsp;&nbsp;&nbsp;hogpd_enable_req_handler
</UL>

<P><STRONG><a name="[68]"></a>l2cc_pdu_recv_ind_handler_func</STRONG> (Thumb, 0 bytes, Stack size 0 bytes, da14585_symbols.txt(ABSOLUTE), UNUSED)
<BR>[Address Reference Count : 1]<UL><LI> jump_table.o(.constdata)
</UL>
<P><STRONG><a name="[69]"></a>gapc_lecb_connect_cfm_handler_func</STRONG> (Thumb, 0 bytes, Stack size 0 bytes, da14585_symbols.txt(ABSOLUTE), UNUSED)
<BR>[Address Reference Count : 1]<UL><LI> jump_table.o(.constdata)
</UL>
<P><STRONG><a name="[64]"></a>l2cc_pdu_pack_func</STRONG> (Thumb, 0 bytes, Stack size 0 bytes, da14585_symbols.txt(ABSOLUTE), UNUSED)
<BR>[Address Reference Count : 1]<UL><LI> jump_table.o(.constdata)
</UL>
<P><STRONG><a name="[65]"></a>l2cc_pdu_unpack_func</STRONG> (Thumb, 0 bytes, Stack size 0 bytes, da14585_symbols.txt(ABSOLUTE), UNUSED)
<BR>[Address Reference Count : 1]<UL><LI> jump_table.o(.constdata)
</UL>
<P><STRONG><a name="[67]"></a>l2c_process_sdu_func</STRONG> (Thumb, 0 bytes, Stack size 0 bytes, da14585_symbols.txt(ABSOLUTE), UNUSED)
<BR>[Address Reference Count : 1]<UL><LI> jump_table.o(.constdata)
</UL>
<P><STRONG><a name="[66]"></a>l2c_send_lecb_message_func</STRONG> (Thumb, 0 bytes, Stack size 0 bytes, da14585_symbols.txt(ABSOLUTE), UNUSED)
<BR>[Address Reference Count : 1]<UL><LI> jump_table.o(.constdata)
</UL>
<P><STRONG><a name="[59]"></a>smpc_check_param_func</STRONG> (Thumb, 0 bytes, Stack size 0 bytes, da14585_symbols.txt(ABSOLUTE), UNUSED)
<BR>[Address Reference Count : 1]<UL><LI> jump_table.o(.constdata)
</UL>
<P><STRONG><a name="[7d]"></a>smpc_public_key_exchange_start_func</STRONG> (Thumb, 0 bytes, Stack size 0 bytes, da14585_symbols.txt(ABSOLUTE), UNUSED)
<BR>[Address Reference Count : 1]<UL><LI> jump_table.o(.constdata)
</UL>
<P><STRONG><a name="[7e]"></a>smpc_dhkey_calc_ind_func</STRONG> (Thumb, 0 bytes, Stack size 0 bytes, da14585_symbols.txt(ABSOLUTE), UNUSED)
<BR>[Address Reference Count : 1]<UL><LI> jump_table.o(.constdata)
</UL>
<P><STRONG><a name="[7f]"></a>smpm_ecdh_key_create_func</STRONG> (Thumb, 0 bytes, Stack size 0 bytes, da14585_symbols.txt(ABSOLUTE), UNUSED)
<BR>[Address Reference Count : 1]<UL><LI> jump_table.o(.constdata)
</UL>
<P><STRONG><a name="[18b]"></a>ke_sleep_check</STRONG> (Thumb, 0 bytes, Stack size 0 bytes, da14585_symbols.txt(ABSOLUTE))
<BR><BR>[Called By]<UL><LI><a href="#[107]">&gt;&gt;</a>&nbsp;&nbsp;&nbsp;rwip_sleep
</UL>

<P><STRONG><a name="[249]"></a>ke_event_get</STRONG> (Thumb, 0 bytes, Stack size 0 bytes, da14585_symbols.txt(ABSOLUTE))
<BR><BR>[Called By]<UL><LI><a href="#[dd]">&gt;&gt;</a>&nbsp;&nbsp;&nbsp;user_hid_report_on_ble_powered
</UL>

<P><STRONG><a name="[10b]"></a>ke_mem_init</STRONG> (Thumb, 0 bytes, Stack size 0 bytes, da14585_symbols.txt(ABSOLUTE))
<BR><BR>[Called By]<UL><LI><a href="#[1e]">&gt;&gt;</a>&nbsp;&nbsp;&nbsp;main
</UL>

<P><STRONG><a name="[10f]"></a>ke_mem_is_empty</STRONG> (Thumb, 0 bytes, Stack size 0 bytes, da14585_symbols.txt(ABSOLUTE))
<BR><BR>[Called By]<UL><LI><a href="#[10d]">&gt;&gt;</a>&nbsp;&nbsp;&nbsp;arch_turn_peripherals_off
</UL>

<P><STRONG><a name="[191]"></a>ke_malloc</STRONG> (Thumb, 0 bytes, Stack size 0 bytes, da14585_symbols.txt(ABSOLUTE))
<BR><BR>[Called By]<UL><LI><a href="#[80]">&gt;&gt;</a>&nbsp;&nbsp;&nbsp;bass_init
<LI><a href="#[190]">&gt;&gt;</a>&nbsp;&nbsp;&nbsp;attm_svc_create_db_128
<LI><a href="#[a7]">&gt;&gt;</a>&nbsp;&nbsp;&nbsp;suotar_init
<LI><a href="#[9b]">&gt;&gt;</a>&nbsp;&nbsp;&nbsp;hogpd_init
<LI><a href="#[98]">&gt;&gt;</a>&nbsp;&nbsp;&nbsp;diss_set_value_req_handler
<LI><a href="#[94]">&gt;&gt;</a>&nbsp;&nbsp;&nbsp;diss_init
<LI><a href="#[1b1]">&gt;&gt;</a>&nbsp;&nbsp;&nbsp;custs1_att_set_value
<LI><a href="#[8a]">&gt;&gt;</a>&nbsp;&nbsp;&nbsp;custs1_init
</UL>

<P><STRONG><a name="[196]"></a>ke_free</STRONG> (Thumb, 0 bytes, Stack size 0 bytes, da14585_symbols.txt(ABSOLUTE))
<BR><BR>[Called By]<UL><LI><a href="#[1a1]">&gt;&gt;</a>&nbsp;&nbsp;&nbsp;bass_exe_operation
<LI><a href="#[81]">&gt;&gt;</a>&nbsp;&nbsp;&nbsp;bass_destroy
<LI><a href="#[80]">&gt;&gt;</a>&nbsp;&nbsp;&nbsp;bass_init
<LI><a href="#[190]">&gt;&gt;</a>&nbsp;&nbsp;&nbsp;attm_svc_create_db_128
<LI><a href="#[a8]">&gt;&gt;</a>&nbsp;&nbsp;&nbsp;suotar_destroy
<LI><a href="#[a7]">&gt;&gt;</a>&nbsp;&nbsp;&nbsp;suotar_init
<LI><a href="#[9c]">&gt;&gt;</a>&nbsp;&nbsp;&nbsp;hogpd_destroy
<LI><a href="#[9b]">&gt;&gt;</a>&nbsp;&nbsp;&nbsp;hogpd_init
<LI><a href="#[98]">&gt;&gt;</a>&nbsp;&nbsp;&nbsp;diss_set_value_req_handler
<LI><a href="#[95]">&gt;&gt;</a>&nbsp;&nbsp;&nbsp;diss_destroy
<LI><a href="#[1b5]">&gt;&gt;</a>&nbsp;&nbsp;&nbsp;custs1_exe_operation
<LI><a href="#[1b1]">&gt;&gt;</a>&nbsp;&nbsp;&nbsp;custs1_att_set_value
<LI><a href="#[8b]">&gt;&gt;</a>&nbsp;&nbsp;&nbsp;custs1_destroy
</UL>

<P><STRONG><a name="[19e]"></a>ke_msg_alloc</STRONG> (Thumb, 0 bytes, Stack size 0 bytes, da14585_symbols.txt(ABSOLUTE))
<BR><BR>[Called By]<UL><LI><a href="#[88]">&gt;&gt;</a>&nbsp;&nbsp;&nbsp;gattc_read_req_ind_handler
<LI><a href="#[87]">&gt;&gt;</a>&nbsp;&nbsp;&nbsp;gattc_write_req_ind_handler
<LI><a href="#[86]">&gt;&gt;</a>&nbsp;&nbsp;&nbsp;gattc_att_info_req_ind_handler
<LI><a href="#[85]">&gt;&gt;</a>&nbsp;&nbsp;&nbsp;bass_batt_level_upd_req_handler
<LI><a href="#[84]">&gt;&gt;</a>&nbsp;&nbsp;&nbsp;bass_enable_req_handler
<LI><a href="#[1a1]">&gt;&gt;</a>&nbsp;&nbsp;&nbsp;bass_exe_operation
<LI><a href="#[19c]">&gt;&gt;</a>&nbsp;&nbsp;&nbsp;bass_notify_batt_lvl
<LI><a href="#[1d8]">&gt;&gt;</a>&nbsp;&nbsp;&nbsp;app_easy_gap_dev_config_create_msg
<LI><a href="#[1da]">&gt;&gt;</a>&nbsp;&nbsp;&nbsp;app_easy_gap_disconnect
<LI><a href="#[1db]">&gt;&gt;</a>&nbsp;&nbsp;&nbsp;app_easy_gap_confirm
<LI><a href="#[ab]">&gt;&gt;</a>&nbsp;&nbsp;&nbsp;gattc_read_req_ind_handler
<LI><a href="#[ac]">&gt;&gt;</a>&nbsp;&nbsp;&nbsp;gattc_write_req_ind_handler
<LI><a href="#[ae]">&gt;&gt;</a>&nbsp;&nbsp;&nbsp;suotar_status_update_req_handler
<LI><a href="#[a6]">&gt;&gt;</a>&nbsp;&nbsp;&nbsp;gattc_cmp_evt_handler
<LI><a href="#[a5]">&gt;&gt;</a>&nbsp;&nbsp;&nbsp;gattc_read_req_ind_handler
<LI><a href="#[a4]">&gt;&gt;</a>&nbsp;&nbsp;&nbsp;gattc_write_req_ind_handler
<LI><a href="#[a3]">&gt;&gt;</a>&nbsp;&nbsp;&nbsp;gattc_att_info_req_ind_handler
<LI><a href="#[a2]">&gt;&gt;</a>&nbsp;&nbsp;&nbsp;hogpd_proto_mode_cfm_handler
<LI><a href="#[a1]">&gt;&gt;</a>&nbsp;&nbsp;&nbsp;hogpd_report_cfm_handler
<LI><a href="#[a0]">&gt;&gt;</a>&nbsp;&nbsp;&nbsp;hogpd_report_upd_req_handler
<LI><a href="#[9f]">&gt;&gt;</a>&nbsp;&nbsp;&nbsp;hogpd_enable_req_handler
<LI><a href="#[1c2]">&gt;&gt;</a>&nbsp;&nbsp;&nbsp;hogpd_ntf_cfg_ind_send
<LI><a href="#[1c1]">&gt;&gt;</a>&nbsp;&nbsp;&nbsp;hogpd_ntf_send
<LI><a href="#[9a]">&gt;&gt;</a>&nbsp;&nbsp;&nbsp;diss_value_cfm_handler
<LI><a href="#[99]">&gt;&gt;</a>&nbsp;&nbsp;&nbsp;gattc_read_req_ind_handler
<LI><a href="#[98]">&gt;&gt;</a>&nbsp;&nbsp;&nbsp;diss_set_value_req_handler
<LI><a href="#[8f]">&gt;&gt;</a>&nbsp;&nbsp;&nbsp;gattc_write_req_ind_handler
<LI><a href="#[8e]">&gt;&gt;</a>&nbsp;&nbsp;&nbsp;gattc_read_req_ind_handler
<LI><a href="#[93]">&gt;&gt;</a>&nbsp;&nbsp;&nbsp;custs1_val_ind_req_handler
<LI><a href="#[1b5]">&gt;&gt;</a>&nbsp;&nbsp;&nbsp;custs1_exe_operation
<LI><a href="#[221]">&gt;&gt;</a>&nbsp;&nbsp;&nbsp;user_audio_set_config_data
<LI><a href="#[225]">&gt;&gt;</a>&nbsp;&nbsp;&nbsp;app_hogpd_process_handler
<LI><a href="#[e8]">&gt;&gt;</a>&nbsp;&nbsp;&nbsp;app_custs1_create_db
<LI><a href="#[217]">&gt;&gt;</a>&nbsp;&nbsp;&nbsp;app_easy_timer_modify
<LI><a href="#[214]">&gt;&gt;</a>&nbsp;&nbsp;&nbsp;cancel_timer_handler
<LI><a href="#[211]">&gt;&gt;</a>&nbsp;&nbsp;&nbsp;create_timer
<LI><a href="#[20f]">&gt;&gt;</a>&nbsp;&nbsp;&nbsp;app_easy_security_request_get_active
<LI><a href="#[20c]">&gt;&gt;</a>&nbsp;&nbsp;&nbsp;pairing_rsp_create_msg
<LI><a href="#[204]">&gt;&gt;</a>&nbsp;&nbsp;&nbsp;suotar_send_mem_info_update_req
<LI><a href="#[1f7]">&gt;&gt;</a>&nbsp;&nbsp;&nbsp;suotar_send_status_update_req
<LI><a href="#[c7]">&gt;&gt;</a>&nbsp;&nbsp;&nbsp;diss_value_req_ind_handler
<LI><a href="#[1f2]">&gt;&gt;</a>&nbsp;&nbsp;&nbsp;app_batt_set_level
<LI><a href="#[1e2]">&gt;&gt;</a>&nbsp;&nbsp;&nbsp;user_on_connection
<LI><a href="#[bf]">&gt;&gt;</a>&nbsp;&nbsp;&nbsp;gapc_param_update_req_ind_handler
<LI><a href="#[bc]">&gt;&gt;</a>&nbsp;&nbsp;&nbsp;gapc_set_dev_info_req_ind_handler
<LI><a href="#[bb]">&gt;&gt;</a>&nbsp;&nbsp;&nbsp;gapc_get_dev_info_req_ind_handler
<LI><a href="#[b6]">&gt;&gt;</a>&nbsp;&nbsp;&nbsp;gapm_device_ready_ind_handler
<LI><a href="#[b4]">&gt;&gt;</a>&nbsp;&nbsp;&nbsp;app_suotar_create_db
<LI><a href="#[b3]">&gt;&gt;</a>&nbsp;&nbsp;&nbsp;app_hogpd_enable
<LI><a href="#[b2]">&gt;&gt;</a>&nbsp;&nbsp;&nbsp;app_hogpd_create_db
<LI><a href="#[216]">&gt;&gt;</a>&nbsp;&nbsp;&nbsp;app_easy_timer_cancel
<LI><a href="#[af]">&gt;&gt;</a>&nbsp;&nbsp;&nbsp;app_diss_create_db
<LI><a href="#[b1]">&gt;&gt;</a>&nbsp;&nbsp;&nbsp;app_bass_enable
<LI><a href="#[b0]">&gt;&gt;</a>&nbsp;&nbsp;&nbsp;app_bass_create_db
<LI><a href="#[1d9]">&gt;&gt;</a>&nbsp;&nbsp;&nbsp;app_easy_gap_advertise_stop
<LI><a href="#[25d]">&gt;&gt;</a>&nbsp;&nbsp;&nbsp;user_audio_process_ctrl_packet
<LI><a href="#[2dd]">&gt;&gt;</a>&nbsp;&nbsp;&nbsp;port_security_send_ltk_exch_rsp
<LI><a href="#[2df]">&gt;&gt;</a>&nbsp;&nbsp;&nbsp;port_security_send_encrypt_cfm
<LI><a href="#[293]">&gt;&gt;</a>&nbsp;&nbsp;&nbsp;port_con_fsm_send_connection_upd_req
<LI><a href="#[2a9]">&gt;&gt;</a>&nbsp;&nbsp;&nbsp;port_con_fsm_resolve_address
<LI><a href="#[2b7]">&gt;&gt;</a>&nbsp;&nbsp;&nbsp;port_con_fsm_mitm_passcode_report
<LI><a href="#[2af]">&gt;&gt;</a>&nbsp;&nbsp;&nbsp;port_alt_pair_updatedb_from_bonding_info
<LI><a href="#[280]">&gt;&gt;</a>&nbsp;&nbsp;&nbsp;port_adv_fsm_start_adv_undirected
<LI><a href="#[27f]">&gt;&gt;</a>&nbsp;&nbsp;&nbsp;port_adv_fsm_start_adv_directed
<LI><a href="#[26d]">&gt;&gt;</a>&nbsp;&nbsp;&nbsp;app_hogpd_send_report
<LI><a href="#[26c]">&gt;&gt;</a>&nbsp;&nbsp;&nbsp;app_hogpd_report_ind_handler
<LI><a href="#[30b]">&gt;&gt;</a>&nbsp;&nbsp;&nbsp;port_create_l2cc_pdu
</UL>

<P><STRONG><a name="[19f]"></a>ke_msg_send</STRONG> (Thumb, 0 bytes, Stack size 0 bytes, da14585_symbols.txt(ABSOLUTE))
<BR><BR>[Called By]<UL><LI><a href="#[88]">&gt;&gt;</a>&nbsp;&nbsp;&nbsp;gattc_read_req_ind_handler
<LI><a href="#[87]">&gt;&gt;</a>&nbsp;&nbsp;&nbsp;gattc_write_req_ind_handler
<LI><a href="#[86]">&gt;&gt;</a>&nbsp;&nbsp;&nbsp;gattc_att_info_req_ind_handler
<LI><a href="#[85]">&gt;&gt;</a>&nbsp;&nbsp;&nbsp;bass_batt_level_upd_req_handler
<LI><a href="#[84]">&gt;&gt;</a>&nbsp;&nbsp;&nbsp;bass_enable_req_handler
<LI><a href="#[1a1]">&gt;&gt;</a>&nbsp;&nbsp;&nbsp;bass_exe_operation
<LI><a href="#[19c]">&gt;&gt;</a>&nbsp;&nbsp;&nbsp;bass_notify_batt_lvl
<LI><a href="#[20e]">&gt;&gt;</a>&nbsp;&nbsp;&nbsp;app_easy_security_send_pairing_rsp
<LI><a href="#[1da]">&gt;&gt;</a>&nbsp;&nbsp;&nbsp;app_easy_gap_disconnect
<LI><a href="#[1db]">&gt;&gt;</a>&nbsp;&nbsp;&nbsp;app_easy_gap_confirm
<LI><a href="#[ab]">&gt;&gt;</a>&nbsp;&nbsp;&nbsp;gattc_read_req_ind_handler
<LI><a href="#[ac]">&gt;&gt;</a>&nbsp;&nbsp;&nbsp;gattc_write_req_ind_handler
<LI><a href="#[ae]">&gt;&gt;</a>&nbsp;&nbsp;&nbsp;suotar_status_update_req_handler
<LI><a href="#[a6]">&gt;&gt;</a>&nbsp;&nbsp;&nbsp;gattc_cmp_evt_handler
<LI><a href="#[a5]">&gt;&gt;</a>&nbsp;&nbsp;&nbsp;gattc_read_req_ind_handler
<LI><a href="#[a4]">&gt;&gt;</a>&nbsp;&nbsp;&nbsp;gattc_write_req_ind_handler
<LI><a href="#[a3]">&gt;&gt;</a>&nbsp;&nbsp;&nbsp;gattc_att_info_req_ind_handler
<LI><a href="#[a2]">&gt;&gt;</a>&nbsp;&nbsp;&nbsp;hogpd_proto_mode_cfm_handler
<LI><a href="#[a1]">&gt;&gt;</a>&nbsp;&nbsp;&nbsp;hogpd_report_cfm_handler
<LI><a href="#[a0]">&gt;&gt;</a>&nbsp;&nbsp;&nbsp;hogpd_report_upd_req_handler
<LI><a href="#[9f]">&gt;&gt;</a>&nbsp;&nbsp;&nbsp;hogpd_enable_req_handler
<LI><a href="#[1c2]">&gt;&gt;</a>&nbsp;&nbsp;&nbsp;hogpd_ntf_cfg_ind_send
<LI><a href="#[1c1]">&gt;&gt;</a>&nbsp;&nbsp;&nbsp;hogpd_ntf_send
<LI><a href="#[9a]">&gt;&gt;</a>&nbsp;&nbsp;&nbsp;diss_value_cfm_handler
<LI><a href="#[99]">&gt;&gt;</a>&nbsp;&nbsp;&nbsp;gattc_read_req_ind_handler
<LI><a href="#[98]">&gt;&gt;</a>&nbsp;&nbsp;&nbsp;diss_set_value_req_handler
<LI><a href="#[8f]">&gt;&gt;</a>&nbsp;&nbsp;&nbsp;gattc_write_req_ind_handler
<LI><a href="#[8e]">&gt;&gt;</a>&nbsp;&nbsp;&nbsp;gattc_read_req_ind_handler
<LI><a href="#[93]">&gt;&gt;</a>&nbsp;&nbsp;&nbsp;custs1_val_ind_req_handler
<LI><a href="#[1b5]">&gt;&gt;</a>&nbsp;&nbsp;&nbsp;custs1_exe_operation
<LI><a href="#[221]">&gt;&gt;</a>&nbsp;&nbsp;&nbsp;user_audio_set_config_data
<LI><a href="#[225]">&gt;&gt;</a>&nbsp;&nbsp;&nbsp;app_hogpd_process_handler
<LI><a href="#[e8]">&gt;&gt;</a>&nbsp;&nbsp;&nbsp;app_custs1_create_db
<LI><a href="#[217]">&gt;&gt;</a>&nbsp;&nbsp;&nbsp;app_easy_timer_modify
<LI><a href="#[214]">&gt;&gt;</a>&nbsp;&nbsp;&nbsp;cancel_timer_handler
<LI><a href="#[211]">&gt;&gt;</a>&nbsp;&nbsp;&nbsp;create_timer
<LI><a href="#[210]">&gt;&gt;</a>&nbsp;&nbsp;&nbsp;app_easy_security_request
<LI><a href="#[204]">&gt;&gt;</a>&nbsp;&nbsp;&nbsp;suotar_send_mem_info_update_req
<LI><a href="#[1f7]">&gt;&gt;</a>&nbsp;&nbsp;&nbsp;suotar_send_status_update_req
<LI><a href="#[c7]">&gt;&gt;</a>&nbsp;&nbsp;&nbsp;diss_value_req_ind_handler
<LI><a href="#[1f2]">&gt;&gt;</a>&nbsp;&nbsp;&nbsp;app_batt_set_level
<LI><a href="#[1e2]">&gt;&gt;</a>&nbsp;&nbsp;&nbsp;user_on_connection
<LI><a href="#[bf]">&gt;&gt;</a>&nbsp;&nbsp;&nbsp;gapc_param_update_req_ind_handler
<LI><a href="#[bc]">&gt;&gt;</a>&nbsp;&nbsp;&nbsp;gapc_set_dev_info_req_ind_handler
<LI><a href="#[bb]">&gt;&gt;</a>&nbsp;&nbsp;&nbsp;gapc_get_dev_info_req_ind_handler
<LI><a href="#[b6]">&gt;&gt;</a>&nbsp;&nbsp;&nbsp;gapm_device_ready_ind_handler
<LI><a href="#[b4]">&gt;&gt;</a>&nbsp;&nbsp;&nbsp;app_suotar_create_db
<LI><a href="#[b3]">&gt;&gt;</a>&nbsp;&nbsp;&nbsp;app_hogpd_enable
<LI><a href="#[b2]">&gt;&gt;</a>&nbsp;&nbsp;&nbsp;app_hogpd_create_db
<LI><a href="#[216]">&gt;&gt;</a>&nbsp;&nbsp;&nbsp;app_easy_timer_cancel
<LI><a href="#[af]">&gt;&gt;</a>&nbsp;&nbsp;&nbsp;app_diss_create_db
<LI><a href="#[b1]">&gt;&gt;</a>&nbsp;&nbsp;&nbsp;app_bass_enable
<LI><a href="#[b0]">&gt;&gt;</a>&nbsp;&nbsp;&nbsp;app_bass_create_db
<LI><a href="#[1de]">&gt;&gt;</a>&nbsp;&nbsp;&nbsp;app_easy_gap_dev_configure
<LI><a href="#[1d9]">&gt;&gt;</a>&nbsp;&nbsp;&nbsp;app_easy_gap_advertise_stop
<LI><a href="#[253]">&gt;&gt;</a>&nbsp;&nbsp;&nbsp;port_send_notification
<LI><a href="#[25d]">&gt;&gt;</a>&nbsp;&nbsp;&nbsp;user_audio_process_ctrl_packet
<LI><a href="#[2dd]">&gt;&gt;</a>&nbsp;&nbsp;&nbsp;port_security_send_ltk_exch_rsp
<LI><a href="#[2df]">&gt;&gt;</a>&nbsp;&nbsp;&nbsp;port_security_send_encrypt_cfm
<LI><a href="#[293]">&gt;&gt;</a>&nbsp;&nbsp;&nbsp;port_con_fsm_send_connection_upd_req
<LI><a href="#[2a9]">&gt;&gt;</a>&nbsp;&nbsp;&nbsp;port_con_fsm_resolve_address
<LI><a href="#[2b7]">&gt;&gt;</a>&nbsp;&nbsp;&nbsp;port_con_fsm_mitm_passcode_report
<LI><a href="#[2af]">&gt;&gt;</a>&nbsp;&nbsp;&nbsp;port_alt_pair_updatedb_from_bonding_info
<LI><a href="#[280]">&gt;&gt;</a>&nbsp;&nbsp;&nbsp;port_adv_fsm_start_adv_undirected
<LI><a href="#[27f]">&gt;&gt;</a>&nbsp;&nbsp;&nbsp;port_adv_fsm_start_adv_directed
<LI><a href="#[26d]">&gt;&gt;</a>&nbsp;&nbsp;&nbsp;app_hogpd_send_report
<LI><a href="#[26c]">&gt;&gt;</a>&nbsp;&nbsp;&nbsp;app_hogpd_report_ind_handler
<LI><a href="#[30f]">&gt;&gt;</a>&nbsp;&nbsp;&nbsp;stream_queue_data_until
</UL>

<P><STRONG><a name="[33e]"></a>ke_msg_send_basic</STRONG> (Thumb, 0 bytes, Stack size 0 bytes, da14585_symbols.txt(ABSOLUTE), UNUSED)
<BR><BR>[Called By]<UL></UL>

<P><STRONG><a name="[49]"></a>ke_task_init_func</STRONG> (Thumb, 0 bytes, Stack size 0 bytes, da14585_symbols.txt(ABSOLUTE), UNUSED)
<BR>[Address Reference Count : 1]<UL><LI> jump_table.o(.constdata)
</UL>
<P><STRONG><a name="[1cc]"></a>ke_task_create</STRONG> (Thumb, 0 bytes, Stack size 0 bytes, da14585_symbols.txt(ABSOLUTE))
<BR><BR>[Called By]<UL><LI><a href="#[12d]">&gt;&gt;</a>&nbsp;&nbsp;&nbsp;app_init
<LI><a href="#[5b]">&gt;&gt;</a>&nbsp;&nbsp;&nbsp;prf_init_func
</UL>

<P><STRONG><a name="[199]"></a>ke_state_set</STRONG> (Thumb, 0 bytes, Stack size 0 bytes, da14585_symbols.txt(ABSOLUTE))
<BR><BR>[Called By]<UL><LI><a href="#[12d]">&gt;&gt;</a>&nbsp;&nbsp;&nbsp;app_init
<LI><a href="#[85]">&gt;&gt;</a>&nbsp;&nbsp;&nbsp;bass_batt_level_upd_req_handler
<LI><a href="#[84]">&gt;&gt;</a>&nbsp;&nbsp;&nbsp;bass_enable_req_handler
<LI><a href="#[1a1]">&gt;&gt;</a>&nbsp;&nbsp;&nbsp;bass_exe_operation
<LI><a href="#[80]">&gt;&gt;</a>&nbsp;&nbsp;&nbsp;bass_init
<LI><a href="#[1d5]">&gt;&gt;</a>&nbsp;&nbsp;&nbsp;app_db_init_start
<LI><a href="#[a7]">&gt;&gt;</a>&nbsp;&nbsp;&nbsp;suotar_init
<LI><a href="#[a6]">&gt;&gt;</a>&nbsp;&nbsp;&nbsp;gattc_cmp_evt_handler
<LI><a href="#[a5]">&gt;&gt;</a>&nbsp;&nbsp;&nbsp;gattc_read_req_ind_handler
<LI><a href="#[a4]">&gt;&gt;</a>&nbsp;&nbsp;&nbsp;gattc_write_req_ind_handler
<LI><a href="#[a2]">&gt;&gt;</a>&nbsp;&nbsp;&nbsp;hogpd_proto_mode_cfm_handler
<LI><a href="#[a1]">&gt;&gt;</a>&nbsp;&nbsp;&nbsp;hogpd_report_cfm_handler
<LI><a href="#[a0]">&gt;&gt;</a>&nbsp;&nbsp;&nbsp;hogpd_report_upd_req_handler
<LI><a href="#[9b]">&gt;&gt;</a>&nbsp;&nbsp;&nbsp;hogpd_init
<LI><a href="#[9a]">&gt;&gt;</a>&nbsp;&nbsp;&nbsp;diss_value_cfm_handler
<LI><a href="#[99]">&gt;&gt;</a>&nbsp;&nbsp;&nbsp;gattc_read_req_ind_handler
<LI><a href="#[94]">&gt;&gt;</a>&nbsp;&nbsp;&nbsp;diss_init
<LI><a href="#[91]">&gt;&gt;</a>&nbsp;&nbsp;&nbsp;custs1_val_ntf_req_handler
<LI><a href="#[1b5]">&gt;&gt;</a>&nbsp;&nbsp;&nbsp;custs1_exe_operation
<LI><a href="#[8a]">&gt;&gt;</a>&nbsp;&nbsp;&nbsp;custs1_init
<LI><a href="#[1e5]">&gt;&gt;</a>&nbsp;&nbsp;&nbsp;user_on_disconnect
<LI><a href="#[1e2]">&gt;&gt;</a>&nbsp;&nbsp;&nbsp;user_on_connection
<LI><a href="#[bd]">&gt;&gt;</a>&nbsp;&nbsp;&nbsp;gapm_profile_added_ind_handler
<LI><a href="#[2a8]">&gt;&gt;</a>&nbsp;&nbsp;&nbsp;port_con_fsm_start_security
<LI><a href="#[293]">&gt;&gt;</a>&nbsp;&nbsp;&nbsp;port_con_fsm_send_connection_upd_req
<LI><a href="#[280]">&gt;&gt;</a>&nbsp;&nbsp;&nbsp;port_adv_fsm_start_adv_undirected
<LI><a href="#[27f]">&gt;&gt;</a>&nbsp;&nbsp;&nbsp;port_adv_fsm_start_adv_directed
</UL>

<P><STRONG><a name="[1a2]"></a>ke_state_get</STRONG> (Thumb, 0 bytes, Stack size 0 bytes, da14585_symbols.txt(ABSOLUTE))
<BR><BR>[Called By]<UL><LI><a href="#[85]">&gt;&gt;</a>&nbsp;&nbsp;&nbsp;bass_batt_level_upd_req_handler
<LI><a href="#[84]">&gt;&gt;</a>&nbsp;&nbsp;&nbsp;bass_enable_req_handler
<LI><a href="#[ab]">&gt;&gt;</a>&nbsp;&nbsp;&nbsp;gattc_read_req_ind_handler
<LI><a href="#[ac]">&gt;&gt;</a>&nbsp;&nbsp;&nbsp;gattc_write_req_ind_handler
<LI><a href="#[a6]">&gt;&gt;</a>&nbsp;&nbsp;&nbsp;gattc_cmp_evt_handler
<LI><a href="#[a5]">&gt;&gt;</a>&nbsp;&nbsp;&nbsp;gattc_read_req_ind_handler
<LI><a href="#[a4]">&gt;&gt;</a>&nbsp;&nbsp;&nbsp;gattc_write_req_ind_handler
<LI><a href="#[a2]">&gt;&gt;</a>&nbsp;&nbsp;&nbsp;hogpd_proto_mode_cfm_handler
<LI><a href="#[a1]">&gt;&gt;</a>&nbsp;&nbsp;&nbsp;hogpd_report_cfm_handler
<LI><a href="#[a0]">&gt;&gt;</a>&nbsp;&nbsp;&nbsp;hogpd_report_upd_req_handler
<LI><a href="#[9a]">&gt;&gt;</a>&nbsp;&nbsp;&nbsp;diss_value_cfm_handler
<LI><a href="#[99]">&gt;&gt;</a>&nbsp;&nbsp;&nbsp;gattc_read_req_ind_handler
<LI><a href="#[91]">&gt;&gt;</a>&nbsp;&nbsp;&nbsp;custs1_val_ntf_req_handler
<LI><a href="#[1e5]">&gt;&gt;</a>&nbsp;&nbsp;&nbsp;user_on_disconnect
<LI><a href="#[bd]">&gt;&gt;</a>&nbsp;&nbsp;&nbsp;gapm_profile_added_ind_handler
<LI><a href="#[ba]">&gt;&gt;</a>&nbsp;&nbsp;&nbsp;gapc_disconnect_ind_handler
<LI><a href="#[b9]">&gt;&gt;</a>&nbsp;&nbsp;&nbsp;gapc_connection_req_ind_handler
<LI><a href="#[b6]">&gt;&gt;</a>&nbsp;&nbsp;&nbsp;gapm_device_ready_ind_handler
<LI><a href="#[293]">&gt;&gt;</a>&nbsp;&nbsp;&nbsp;port_con_fsm_send_connection_upd_req
</UL>

<P><STRONG><a name="[1cb]"></a>ke_task_msg_flush</STRONG> (Thumb, 0 bytes, Stack size 0 bytes, da14585_symbols.txt(ABSOLUTE))
<BR><BR>[Called By]<UL><LI><a href="#[5b]">&gt;&gt;</a>&nbsp;&nbsp;&nbsp;prf_init_func
</UL>

<P><STRONG><a name="[4a]"></a>ke_timer_init_func</STRONG> (Thumb, 0 bytes, Stack size 0 bytes, da14585_symbols.txt(ABSOLUTE), UNUSED)
<BR>[Address Reference Count : 1]<UL><LI> jump_table.o(.constdata)
</UL>
<P><STRONG><a name="[1dd]"></a>ke_timer_set</STRONG> (Thumb, 0 bytes, Stack size 0 bytes, da14585_symbols.txt(ABSOLUTE))
<BR><BR>[Called By]<UL><LI><a href="#[211]">&gt;&gt;</a>&nbsp;&nbsp;&nbsp;create_timer
<LI><a href="#[cd]">&gt;&gt;</a>&nbsp;&nbsp;&nbsp;app_timer_api_process_handler
<LI><a href="#[1dc]">&gt;&gt;</a>&nbsp;&nbsp;&nbsp;app_timer_set
</UL>

<P><STRONG><a name="[1f5]"></a>ke_timer_clear</STRONG> (Thumb, 0 bytes, Stack size 0 bytes, da14585_symbols.txt(ABSOLUTE))
<BR><BR>[Called By]<UL><LI><a href="#[217]">&gt;&gt;</a>&nbsp;&nbsp;&nbsp;app_easy_timer_modify
<LI><a href="#[1f4]">&gt;&gt;</a>&nbsp;&nbsp;&nbsp;app_batt_poll_stop
<LI><a href="#[216]">&gt;&gt;</a>&nbsp;&nbsp;&nbsp;app_easy_timer_cancel
</UL>

<P><STRONG><a name="[18c]"></a>ke_timer_sleep_check</STRONG> (Thumb, 0 bytes, Stack size 0 bytes, da14585_symbols.txt(ABSOLUTE))
<BR><BR>[Called By]<UL><LI><a href="#[107]">&gt;&gt;</a>&nbsp;&nbsp;&nbsp;rwip_sleep
</UL>

<P><STRONG><a name="[108]"></a>rwip_schedule</STRONG> (Thumb, 0 bytes, Stack size 0 bytes, da14585_symbols.txt(ABSOLUTE))
<BR><BR>[Called By]<UL><LI><a href="#[1e]">&gt;&gt;</a>&nbsp;&nbsp;&nbsp;main
<LI><a href="#[ec]">&gt;&gt;</a>&nbsp;&nbsp;&nbsp;user_flash_erase_callback
</UL>

<P><STRONG><a name="[180]"></a>rwip_wakeup</STRONG> (Thumb, 0 bytes, Stack size 0 bytes, da14585_symbols.txt(ABSOLUTE))
<BR><BR>[Called By]<UL><LI><a href="#[7]">&gt;&gt;</a>&nbsp;&nbsp;&nbsp;rwble_isr
</UL>

<P><STRONG><a name="[182]"></a>rwip_wakeup_end</STRONG> (Thumb, 0 bytes, Stack size 0 bytes, da14585_symbols.txt(ABSOLUTE))
<BR><BR>[Called By]<UL><LI><a href="#[7]">&gt;&gt;</a>&nbsp;&nbsp;&nbsp;rwble_isr
</UL>

<P><STRONG><a name="[11c]"></a>rwip_wakeup_delay_set</STRONG> (Thumb, 0 bytes, Stack size 0 bytes, da14585_symbols.txt(ABSOLUTE))
<BR><BR>[Called By]<UL><LI><a href="#[11b]">&gt;&gt;</a>&nbsp;&nbsp;&nbsp;set_sleep_delay
</UL>

<P><STRONG><a name="[119]"></a>__aeabi_uidivmod</STRONG> (Thumb, 0 bytes, Stack size 0 bytes, da14585_symbols.txt(ABSOLUTE))
<BR><BR>[Called By]<UL><LI><a href="#[101]">&gt;&gt;</a>&nbsp;&nbsp;&nbsp;read_rcx_freq
<LI><a href="#[14a]">&gt;&gt;</a>&nbsp;&nbsp;&nbsp;pdm_enable
<LI><a href="#[11f]">&gt;&gt;</a>&nbsp;&nbsp;&nbsp;lld_sleep_us_2_lpcycles_rcx_func
<LI><a href="#[52]">&gt;&gt;</a>&nbsp;&nbsp;&nbsp;lld_sleep_compensate_func
<LI><a href="#[167]">&gt;&gt;</a>&nbsp;&nbsp;&nbsp;spi_flash_write_data
<LI><a href="#[21e]">&gt;&gt;</a>&nbsp;&nbsp;&nbsp;user_audio_set_packet_size
<LI><a href="#[224]">&gt;&gt;</a>&nbsp;&nbsp;&nbsp;port_timer_set
<LI><a href="#[280]">&gt;&gt;</a>&nbsp;&nbsp;&nbsp;port_adv_fsm_start_adv_undirected
</UL>

<P><STRONG><a name="[13b]"></a>__aeabi_idivmod</STRONG> (Thumb, 0 bytes, Stack size 0 bytes, da14585_symbols.txt(ABSOLUTE))
<BR><BR>[Called By]<UL><LI><a href="#[13d]">&gt;&gt;</a>&nbsp;&nbsp;&nbsp;batt_cal_aaa
<LI><a href="#[13c]">&gt;&gt;</a>&nbsp;&nbsp;&nbsp;batt_cal_cr1225
<LI><a href="#[13a]">&gt;&gt;</a>&nbsp;&nbsp;&nbsp;batt_cal_cr2032
<LI><a href="#[21e]">&gt;&gt;</a>&nbsp;&nbsp;&nbsp;user_audio_set_packet_size
<LI><a href="#[253]">&gt;&gt;</a>&nbsp;&nbsp;&nbsp;port_send_notification
<LI><a href="#[25f]">&gt;&gt;</a>&nbsp;&nbsp;&nbsp;app_audio_encode
<LI><a href="#[286]">&gt;&gt;</a>&nbsp;&nbsp;&nbsp;app_audio_ima_enc
<LI><a href="#[30f]">&gt;&gt;</a>&nbsp;&nbsp;&nbsp;stream_queue_data_until
<LI><a href="#[304]">&gt;&gt;</a>&nbsp;&nbsp;&nbsp;multi_bond_update_active_peer_pos
</UL>

<P><STRONG><a name="[18d]"></a>__aeabi_lmul</STRONG> (Thumb, 0 bytes, Stack size 0 bytes, da14585_symbols.txt(ABSOLUTE))
<BR><BR>[Called By]<UL><LI><a href="#[107]">&gt;&gt;</a>&nbsp;&nbsp;&nbsp;rwip_sleep
</UL>

<P><STRONG><a name="[111]"></a>rand</STRONG> (Thumb, 0 bytes, Stack size 0 bytes, da14585_symbols.txt(ABSOLUTE))
<BR><BR>[Called By]<UL><LI><a href="#[77]">&gt;&gt;</a>&nbsp;&nbsp;&nbsp;dia_rand_func
<LI><a href="#[2dc]">&gt;&gt;</a>&nbsp;&nbsp;&nbsp;app_pairing_ltk_exch
</UL>

<P><STRONG><a name="[112]"></a>srand</STRONG> (Thumb, 0 bytes, Stack size 0 bytes, da14585_symbols.txt(ABSOLUTE))
<BR><BR>[Called By]<UL><LI><a href="#[78]">&gt;&gt;</a>&nbsp;&nbsp;&nbsp;dia_srand_func
</UL>

<P><STRONG><a name="[ff]"></a>__aeabi_memcpy</STRONG> (Thumb, 0 bytes, Stack size 0 bytes, da14585_symbols.txt(ABSOLUTE))
<BR><BR>[Called By]<UL><LI><a href="#[4c]">&gt;&gt;</a>&nbsp;&nbsp;&nbsp;nvds_get_func
<LI><a href="#[126]">&gt;&gt;</a>&nbsp;&nbsp;&nbsp;arch_rom_init
<LI><a href="#[31]">&gt;&gt;</a>&nbsp;&nbsp;&nbsp;rf_init_func
<LI><a href="#[80]">&gt;&gt;</a>&nbsp;&nbsp;&nbsp;bass_init
<LI><a href="#[190]">&gt;&gt;</a>&nbsp;&nbsp;&nbsp;attm_svc_create_db_128
<LI><a href="#[1d8]">&gt;&gt;</a>&nbsp;&nbsp;&nbsp;app_easy_gap_dev_config_create_msg
<LI><a href="#[ab]">&gt;&gt;</a>&nbsp;&nbsp;&nbsp;gattc_read_req_ind_handler
<LI><a href="#[ac]">&gt;&gt;</a>&nbsp;&nbsp;&nbsp;gattc_write_req_ind_handler
<LI><a href="#[ae]">&gt;&gt;</a>&nbsp;&nbsp;&nbsp;suotar_status_update_req_handler
<LI><a href="#[a7]">&gt;&gt;</a>&nbsp;&nbsp;&nbsp;suotar_init
<LI><a href="#[a5]">&gt;&gt;</a>&nbsp;&nbsp;&nbsp;gattc_read_req_ind_handler
<LI><a href="#[a4]">&gt;&gt;</a>&nbsp;&nbsp;&nbsp;gattc_write_req_ind_handler
<LI><a href="#[a1]">&gt;&gt;</a>&nbsp;&nbsp;&nbsp;hogpd_report_cfm_handler
<LI><a href="#[1c1]">&gt;&gt;</a>&nbsp;&nbsp;&nbsp;hogpd_ntf_send
<LI><a href="#[9a]">&gt;&gt;</a>&nbsp;&nbsp;&nbsp;diss_value_cfm_handler
<LI><a href="#[99]">&gt;&gt;</a>&nbsp;&nbsp;&nbsp;gattc_read_req_ind_handler
<LI><a href="#[98]">&gt;&gt;</a>&nbsp;&nbsp;&nbsp;diss_set_value_req_handler
<LI><a href="#[8f]">&gt;&gt;</a>&nbsp;&nbsp;&nbsp;gattc_write_req_ind_handler
<LI><a href="#[8e]">&gt;&gt;</a>&nbsp;&nbsp;&nbsp;gattc_read_req_ind_handler
<LI><a href="#[1b5]">&gt;&gt;</a>&nbsp;&nbsp;&nbsp;custs1_exe_operation
<LI><a href="#[1b1]">&gt;&gt;</a>&nbsp;&nbsp;&nbsp;custs1_att_set_value
<LI><a href="#[1b0]">&gt;&gt;</a>&nbsp;&nbsp;&nbsp;custs1_set_ccc_value
<LI><a href="#[229]">&gt;&gt;</a>&nbsp;&nbsp;&nbsp;port_security_process_handler
<LI><a href="#[24b]">&gt;&gt;</a>&nbsp;&nbsp;&nbsp;app_hid_report_add_report
<LI><a href="#[cb]">&gt;&gt;</a>&nbsp;&nbsp;&nbsp;suotar_patch_data_ind_handler
<LI><a href="#[c7]">&gt;&gt;</a>&nbsp;&nbsp;&nbsp;diss_value_req_ind_handler
<LI><a href="#[b5]">&gt;&gt;</a>&nbsp;&nbsp;&nbsp;user_process_catch_rest
<LI><a href="#[1e2]">&gt;&gt;</a>&nbsp;&nbsp;&nbsp;user_on_connection
<LI><a href="#[bb]">&gt;&gt;</a>&nbsp;&nbsp;&nbsp;gapc_get_dev_info_req_ind_handler
<LI><a href="#[253]">&gt;&gt;</a>&nbsp;&nbsp;&nbsp;port_send_notification
<LI><a href="#[ed]">&gt;&gt;</a>&nbsp;&nbsp;&nbsp;user_audio_hid_send_report_cb
<LI><a href="#[2e2]">&gt;&gt;</a>&nbsp;&nbsp;&nbsp;app_stream_copy_pkt_data
<LI><a href="#[2dd]">&gt;&gt;</a>&nbsp;&nbsp;&nbsp;port_security_send_ltk_exch_rsp
<LI><a href="#[2df]">&gt;&gt;</a>&nbsp;&nbsp;&nbsp;port_security_send_encrypt_cfm
<LI><a href="#[2cb]">&gt;&gt;</a>&nbsp;&nbsp;&nbsp;process_multi_key_combinations
<LI><a href="#[2c0]">&gt;&gt;</a>&nbsp;&nbsp;&nbsp;app_hid_report_send_hid_report
<LI><a href="#[2be]">&gt;&gt;</a>&nbsp;&nbsp;&nbsp;app_spi_flash_write_random_page_data
<LI><a href="#[2a9]">&gt;&gt;</a>&nbsp;&nbsp;&nbsp;port_con_fsm_resolve_address
<LI><a href="#[298]">&gt;&gt;</a>&nbsp;&nbsp;&nbsp;handle_connected_pairing_state
<LI><a href="#[280]">&gt;&gt;</a>&nbsp;&nbsp;&nbsp;port_adv_fsm_start_adv_undirected
<LI><a href="#[27f]">&gt;&gt;</a>&nbsp;&nbsp;&nbsp;port_adv_fsm_start_adv_directed
<LI><a href="#[27a]">&gt;&gt;</a>&nbsp;&nbsp;&nbsp;app_adv_fsm_dir_start
<LI><a href="#[26e]">&gt;&gt;</a>&nbsp;&nbsp;&nbsp;app_adv_fsm_set_adv_data
<LI><a href="#[26d]">&gt;&gt;</a>&nbsp;&nbsp;&nbsp;app_hogpd_send_report
<LI><a href="#[26c]">&gt;&gt;</a>&nbsp;&nbsp;&nbsp;app_hogpd_report_ind_handler
<LI><a href="#[307]">&gt;&gt;</a>&nbsp;&nbsp;&nbsp;port_alt_pair_set_irk
<LI><a href="#[306]">&gt;&gt;</a>&nbsp;&nbsp;&nbsp;port_alt_pair_set_addr
<LI><a href="#[2e6]">&gt;&gt;</a>&nbsp;&nbsp;&nbsp;port_alt_pair_get_irk_list
</UL>

<P><STRONG><a name="[131]"></a>__aeabi_memcpy4</STRONG> (Thumb, 0 bytes, Stack size 0 bytes, da14585_symbols.txt(ABSOLUTE))
<BR><BR>[Called By]<UL><LI><a href="#[128]">&gt;&gt;</a>&nbsp;&nbsp;&nbsp;read_otp_header
<LI><a href="#[a7]">&gt;&gt;</a>&nbsp;&nbsp;&nbsp;suotar_init
<LI><a href="#[9b]">&gt;&gt;</a>&nbsp;&nbsp;&nbsp;hogpd_init
<LI><a href="#[26b]">&gt;&gt;</a>&nbsp;&nbsp;&nbsp;patch_func
<LI><a href="#[2ba]">&gt;&gt;</a>&nbsp;&nbsp;&nbsp;port_alt_pair_load_last_used
<LI><a href="#[2b1]">&gt;&gt;</a>&nbsp;&nbsp;&nbsp;port_alt_pair_load_bond_data
<LI><a href="#[2b2]">&gt;&gt;</a>&nbsp;&nbsp;&nbsp;port_alt_pair_init
<LI><a href="#[289]">&gt;&gt;</a>&nbsp;&nbsp;&nbsp;port_audio_start_sampling
<LI><a href="#[303]">&gt;&gt;</a>&nbsp;&nbsp;&nbsp;write_bonding_info
</UL>

<P><STRONG><a name="[208]"></a>__aeabi_memset</STRONG> (Thumb, 0 bytes, Stack size 0 bytes, da14585_symbols.txt(ABSOLUTE))
<BR><BR>[Called By]<UL><LI><a href="#[206]">&gt;&gt;</a>&nbsp;&nbsp;&nbsp;app_read_image_headers
</UL>

<P><STRONG><a name="[1be]"></a>__aeabi_memclr</STRONG> (Thumb, 0 bytes, Stack size 0 bytes, da14585_symbols.txt(ABSOLUTE))
[...]
</UL>
<BR>[Called By]<UL><LI><a href="#[21a]">&gt;&gt;</a>&nbsp;&nbsp;&nbsp;app_con_fsm_state_update
</UL>

<P><STRONG><a name="[2b8]"></a>idle_state_common_handler</STRONG> (Thumb, 62 bytes, Stack size 16 bytes, app_con_fsm.o(.text))
<BR><BR>[Stack]<UL><LI>Max Depth = 176<LI>Call Chain = idle_state_common_handler &rArr; port_alt_pair_set_default_info &rArr; port_alt_pair_updatedb_from_bonding_info &rArr; multi_bond_process_next_attribute &rArr; port_atts_find_value_by_uuid &rArr; port_attmdb_find_by_uuid
</UL>
<BR>[Calls]<UL><LI><a href="#[2a0]">&gt;&gt;</a>&nbsp;&nbsp;&nbsp;port_alt_pair_set_default_info
<LI><a href="#[2a1]">&gt;&gt;</a>&nbsp;&nbsp;&nbsp;port_alt_pair_reset_active_peer_pos
<LI><a href="#[2b9]">&gt;&gt;</a>&nbsp;&nbsp;&nbsp;port_alt_pair_read_status
<LI><a href="#[2ba]">&gt;&gt;</a>&nbsp;&nbsp;&nbsp;port_alt_pair_load_last_used
<LI><a href="#[2bb]">&gt;&gt;</a>&nbsp;&nbsp;&nbsp;port_alt_pair_get_addr_type
</UL>
<BR>[Called By]<UL><LI><a href="#[2a2]">&gt;&gt;</a>&nbsp;&nbsp;&nbsp;handle_idle_state
</UL>

<P><STRONG><a name="[2c5]"></a>app_hid_report_get_last_report_data</STRONG> (Thumb, 66 bytes, Stack size 0 bytes, app_hid_report.o(.text))
<BR><BR>[Called By]<UL><LI><a href="#[246]">&gt;&gt;</a>&nbsp;&nbsp;&nbsp;app_hid_report_modify_kbd_keyreport
<LI><a href="#[248]">&gt;&gt;</a>&nbsp;&nbsp;&nbsp;app_hid_report_create_extended_report
<LI><a href="#[2c3]">&gt;&gt;</a>&nbsp;&nbsp;&nbsp;add_normal_report
</UL>

<P><STRONG><a name="[2c4]"></a>sort_rollover_data</STRONG> (Thumb, 52 bytes, Stack size 16 bytes, app_hid_report.o(.text))
<BR><BR>[Stack]<UL><LI>Max Depth = 16<LI>Call Chain = sort_rollover_data
</UL>
<BR>[Called By]<UL><LI><a href="#[246]">&gt;&gt;</a>&nbsp;&nbsp;&nbsp;app_hid_report_modify_kbd_keyreport
</UL>

<P><STRONG><a name="[2c1]"></a>app_hid_report_pull_from_list</STRONG> (Thumb, 18 bytes, Stack size 0 bytes, app_hid_report.o(.text))
<BR><BR>[Called By]<UL><LI><a href="#[23c]">&gt;&gt;</a>&nbsp;&nbsp;&nbsp;app_hid_report_clear_lists
<LI><a href="#[24b]">&gt;&gt;</a>&nbsp;&nbsp;&nbsp;app_hid_report_add_report
<LI><a href="#[2c0]">&gt;&gt;</a>&nbsp;&nbsp;&nbsp;app_hid_report_send_hid_report
</UL>

<P><STRONG><a name="[2c2]"></a>app_hid_report_push_to_list</STRONG> (Thumb, 36 bytes, Stack size 0 bytes, app_hid_report.o(.text))
<BR><BR>[Called By]<UL><LI><a href="#[23c]">&gt;&gt;</a>&nbsp;&nbsp;&nbsp;app_hid_report_clear_lists
<LI><a href="#[24b]">&gt;&gt;</a>&nbsp;&nbsp;&nbsp;app_hid_report_add_report
<LI><a href="#[2c0]">&gt;&gt;</a>&nbsp;&nbsp;&nbsp;app_hid_report_send_hid_report
</UL>

<P><STRONG><a name="[2c0]"></a>app_hid_report_send_hid_report</STRONG> (Thumb, 150 bytes, Stack size 16 bytes, app_hid_report.o(.text))
<BR><BR>[Stack]<UL><LI>Max Depth = 56<LI>Call Chain = app_hid_report_send_hid_report &rArr; app_hogpd_send_report
</UL>
<BR>[Calls]<UL><LI><a href="#[ff]">&gt;&gt;</a>&nbsp;&nbsp;&nbsp;__aeabi_memcpy
<LI><a href="#[2c2]">&gt;&gt;</a>&nbsp;&nbsp;&nbsp;app_hid_report_push_to_list
<LI><a href="#[2c1]">&gt;&gt;</a>&nbsp;&nbsp;&nbsp;app_hid_report_pull_from_list
<LI><a href="#[26d]">&gt;&gt;</a>&nbsp;&nbsp;&nbsp;app_hogpd_send_report
</UL>
<BR>[Called By]<UL><LI><a href="#[24c]">&gt;&gt;</a>&nbsp;&nbsp;&nbsp;app_hid_report_send_report
</UL>

<P><STRONG><a name="[2bf]"></a>clear_rollover_data</STRONG> (Thumb, 24 bytes, Stack size 0 bytes, app_hid_report.o(.text))
<BR><BR>[Called By]<UL><LI><a href="#[23c]">&gt;&gt;</a>&nbsp;&nbsp;&nbsp;app_hid_report_clear_lists
<LI><a href="#[24a]">&gt;&gt;</a>&nbsp;&nbsp;&nbsp;app_hid_report_add_full_release_report
<LI><a href="#[dc]">&gt;&gt;</a>&nbsp;&nbsp;&nbsp;app_hid_report_init
</UL>

<P><STRONG><a name="[2c3]"></a>add_normal_report</STRONG> (Thumb, 24 bytes, Stack size 8 bytes, app_hid_report.o(.text))
<BR><BR>[Stack]<UL><LI>Max Depth = 48<LI>Call Chain = add_normal_report &rArr; app_hid_report_add_report
</UL>
<BR>[Calls]<UL><LI><a href="#[24b]">&gt;&gt;</a>&nbsp;&nbsp;&nbsp;app_hid_report_add_report
<LI><a href="#[2c5]">&gt;&gt;</a>&nbsp;&nbsp;&nbsp;app_hid_report_get_last_report_data
</UL>
<BR>[Called By]<UL><LI><a href="#[246]">&gt;&gt;</a>&nbsp;&nbsp;&nbsp;app_hid_report_modify_kbd_keyreport
</UL>

<P><STRONG><a name="[2cb]"></a>process_multi_key_combinations</STRONG> (Thumb, 132 bytes, Stack size 48 bytes, app_kbd.o(.text))
<BR><BR>[Stack]<UL><LI>Max Depth = 224<LI>Call Chain = process_multi_key_combinations &rArr; user_kbd_notification_cb &rArr; user_audio_start &rArr; app_audio_start &rArr; port_audio_start_sampling &rArr; pdm_mic_start &rArr; pdm_enable &rArr; pdm_config_port_pins &rArr; GPIO_ConfigurePin &rArr; GPIO_SetPinFunction
</UL>
<BR>[Calls]<UL><LI><a href="#[ff]">&gt;&gt;</a>&nbsp;&nbsp;&nbsp;__aeabi_memcpy
<LI><a href="#[263]">&gt;&gt;</a>&nbsp;&nbsp;&nbsp;user_kbd_notification_cb
</UL>
<BR>[Called By]<UL><LI><a href="#[2c8]">&gt;&gt;</a>&nbsp;&nbsp;&nbsp;app_kbd_record_key
</UL>

<P><STRONG><a name="[2d1]"></a>kbd_process_keycode</STRONG> (Thumb, 118 bytes, Stack size 16 bytes, app_kbd.o(.text))
<BR><BR>[Stack]<UL><LI>Max Depth = 16<LI>Call Chain = kbd_process_keycode
</UL>
<BR>[Called By]<UL><LI><a href="#[245]">&gt;&gt;</a>&nbsp;&nbsp;&nbsp;app_kbd_get_key_code
</UL>

<P><STRONG><a name="[2e0]"></a>stream_fifo_get_write_dataptr</STRONG> (Thumb, 64 bytes, Stack size 12 bytes, app_stream.o(.text))
<BR><BR>[Stack]<UL><LI>Max Depth = 12<LI>Call Chain = stream_fifo_get_write_dataptr
</UL>
<BR>[Called By]<UL><LI><a href="#[25e]">&gt;&gt;</a>&nbsp;&nbsp;&nbsp;app_stream_fifo_get_write_dataptr
</UL>

<P><STRONG><a name="[2e4]"></a>audio_init_fifo</STRONG> (Thumb, 16 bytes, Stack size 0 bytes, port_audio.o(.text))
<BR><BR>[Called By]<UL><LI><a href="#[288]">&gt;&gt;</a>&nbsp;&nbsp;&nbsp;port_audio_stop_sampling
<LI><a href="#[289]">&gt;&gt;</a>&nbsp;&nbsp;&nbsp;port_audio_start_sampling
</UL>

<P><STRONG><a name="[2ef]"></a>NVIC_SetPriority</STRONG> (Thumb, 60 bytes, Stack size 0 bytes, port_kbd.o(.text))
<BR><BR>[Called By]<UL><LI><a href="#[2d5]">&gt;&gt;</a>&nbsp;&nbsp;&nbsp;port_kbd_scan_fsm_update
<LI><a href="#[2ee]">&gt;&gt;</a>&nbsp;&nbsp;&nbsp;kbd_scan_matrix
</UL>

<P><STRONG><a name="[2ea]"></a>kbd_scan_debounce_key</STRONG> (Thumb, 294 bytes, Stack size 20 bytes, port_kbd.o(.text))
<BR><BR>[Stack]<UL><LI>Max Depth = 20<LI>Call Chain = kbd_scan_debounce_key
</UL>
<BR>[Called By]<UL><LI><a href="#[2e8]">&gt;&gt;</a>&nbsp;&nbsp;&nbsp;kbd_scan_process_scandata
</UL>

<P><STRONG><a name="[2e8]"></a>kbd_scan_process_scandata</STRONG> (Thumb, 248 bytes, Stack size 24 bytes, port_kbd.o(.text))
<BR><BR>[Stack]<UL><LI>Max Depth = 304<LI>Call Chain = kbd_scan_process_scandata &rArr; app_kbd_record_key &rArr; process_multi_key_combinations &rArr; user_kbd_notification_cb &rArr; user_audio_start &rArr; app_audio_start &rArr; port_audio_start_sampling &rArr; pdm_mic_start &rArr; pdm_enable &rArr; pdm_config_port_pins &rArr; GPIO_ConfigurePin &rArr; GPIO_SetPinFunction
</UL>
<BR>[Calls]<UL><LI><a href="#[2c8]">&gt;&gt;</a>&nbsp;&nbsp;&nbsp;app_kbd_record_key
<LI><a href="#[2e9]">&gt;&gt;</a>&nbsp;&nbsp;&nbsp;__ARM_clz
<LI><a href="#[2ea]">&gt;&gt;</a>&nbsp;&nbsp;&nbsp;kbd_scan_debounce_key
</UL>
<BR>[Called By]<UL><LI><a href="#[2ee]">&gt;&gt;</a>&nbsp;&nbsp;&nbsp;kbd_scan_matrix
</UL>

<P><STRONG><a name="[2ed]"></a>port_kbd_scan_init_vars</STRONG> (Thumb, 76 bytes, Stack size 20 bytes, port_kbd.o(.text))
<BR><BR>[Stack]<UL><LI>Max Depth = 20<LI>Call Chain = port_kbd_scan_init_vars
</UL>
<BR>[Called By]<UL><LI><a href="#[2ce]">&gt;&gt;</a>&nbsp;&nbsp;&nbsp;port_kbd_scan_init
<LI><a href="#[2d5]">&gt;&gt;</a>&nbsp;&nbsp;&nbsp;port_kbd_scan_fsm_update
</UL>

<P><STRONG><a name="[2ee]"></a>kbd_scan_matrix</STRONG> (Thumb, 594 bytes, Stack size 32 bytes, port_kbd.o(.text))
<BR><BR>[Stack]<UL><LI>Max Depth = 336<LI>Call Chain = kbd_scan_matrix &rArr; kbd_scan_process_scandata &rArr; app_kbd_record_key &rArr; process_multi_key_combinations &rArr; user_kbd_notification_cb &rArr; user_audio_start &rArr; app_audio_start &rArr; port_audio_start_sampling &rArr; pdm_mic_start &rArr; pdm_enable &rArr; pdm_config_port_pins &rArr; GPIO_ConfigurePin &rArr; GPIO_SetPinFunction
</UL>
<BR>[Calls]<UL><LI><a href="#[2f0]">&gt;&gt;</a>&nbsp;&nbsp;&nbsp;systick_stop
<LI><a href="#[2f1]">&gt;&gt;</a>&nbsp;&nbsp;&nbsp;systick_start
<LI><a href="#[2e8]">&gt;&gt;</a>&nbsp;&nbsp;&nbsp;kbd_scan_process_scandata
<LI><a href="#[2ef]">&gt;&gt;</a>&nbsp;&nbsp;&nbsp;NVIC_SetPriority
</UL>
<BR>[Called By]<UL><LI><a href="#[2d5]">&gt;&gt;</a>&nbsp;&nbsp;&nbsp;port_kbd_scan_fsm_update
</UL>

<P><STRONG><a name="[2f2]"></a>kbd_scan_update_status</STRONG> (Thumb, 160 bytes, Stack size 16 bytes, port_kbd.o(.text))
<BR><BR>[Stack]<UL><LI>Max Depth = 24<LI>Call Chain = kbd_scan_update_status &rArr; kbd_scan_update_scan_times
</UL>
<BR>[Calls]<UL><LI><a href="#[2f0]">&gt;&gt;</a>&nbsp;&nbsp;&nbsp;systick_stop
<LI><a href="#[2f3]">&gt;&gt;</a>&nbsp;&nbsp;&nbsp;kbd_scan_update_scan_times
<LI><a href="#[2f4]">&gt;&gt;</a>&nbsp;&nbsp;&nbsp;kbd_scan_set_row_to_input_highz
</UL>
<BR>[Called By]<UL><LI><a href="#[2d5]">&gt;&gt;</a>&nbsp;&nbsp;&nbsp;port_kbd_scan_fsm_update
</UL>

<P><STRONG><a name="[2e]"></a>port_kbd_scan_systick_Handler</STRONG> (Thumb, 38 bytes, Stack size 0 bytes, port_kbd.o(.text))
<BR>[Address Reference Count : 1]<UL><LI> port_kbd.o(.text)
</UL>
<P><STRONG><a name="[2f4]"></a>kbd_scan_set_row_to_input_highz</STRONG> (Thumb, 26 bytes, Stack size 0 bytes, port_kbd.o(.text))
<BR><BR>[Called By]<UL><LI><a href="#[2fb]">&gt;&gt;</a>&nbsp;&nbsp;&nbsp;kbd_scan_membrane_output_wakeup
<LI><a href="#[2f2]">&gt;&gt;</a>&nbsp;&nbsp;&nbsp;kbd_scan_update_status
</UL>

<P><STRONG><a name="[2f5]"></a>kbd_scan_membrane_input_setup</STRONG> (Thumb, 32 bytes, Stack size 8 bytes, port_kbd.o(.text))
<BR><BR>[Stack]<UL><LI>Max Depth = 8<LI>Call Chain = kbd_scan_membrane_input_setup
</UL>
<BR>[Called By]<UL><LI><a href="#[2d3]">&gt;&gt;</a>&nbsp;&nbsp;&nbsp;port_kbd_init_scan_gpios
<LI><a href="#[2f8]">&gt;&gt;</a>&nbsp;&nbsp;&nbsp;kbd_scan_enable_scanning
</UL>

<P><STRONG><a name="[2fb]"></a>kbd_scan_membrane_output_wakeup</STRONG> (Thumb, 26 bytes, Stack size 8 bytes, port_kbd.o(.text))
<BR><BR>[Stack]<UL><LI>Max Depth = 8<LI>Call Chain = kbd_scan_membrane_output_wakeup
</UL>
<BR>[Calls]<UL><LI><a href="#[2f4]">&gt;&gt;</a>&nbsp;&nbsp;&nbsp;kbd_scan_set_row_to_input_highz
</UL>
<BR>[Called By]<UL><LI><a href="#[2d5]">&gt;&gt;</a>&nbsp;&nbsp;&nbsp;port_kbd_scan_fsm_update
</UL>

<P><STRONG><a name="[2f6]"></a>kbd_scan_membrane_output_sleep</STRONG> (Thumb, 26 bytes, Stack size 8 bytes, port_kbd.o(.text))
<BR><BR>[Stack]<UL><LI>Max Depth = 8<LI>Call Chain = kbd_scan_membrane_output_sleep
</UL>
<BR>[Calls]<UL><LI><a href="#[2fc]">&gt;&gt;</a>&nbsp;&nbsp;&nbsp;kbd_scan_set_row_to_low
</UL>
<BR>[Called By]<UL><LI><a href="#[2d3]">&gt;&gt;</a>&nbsp;&nbsp;&nbsp;port_kbd_init_scan_gpios
<LI><a href="#[2f8]">&gt;&gt;</a>&nbsp;&nbsp;&nbsp;kbd_scan_enable_scanning
</UL>

<P><STRONG><a name="[2eb]"></a>kbd_scan_timer_stop</STRONG> (Thumb, 16 bytes, Stack size 0 bytes, port_kbd.o(.text))
<BR><BR>[Called By]<UL><LI><a href="#[2c7]">&gt;&gt;</a>&nbsp;&nbsp;&nbsp;port_kbd_scan_stop
<LI><a href="#[2ce]">&gt;&gt;</a>&nbsp;&nbsp;&nbsp;port_kbd_scan_init
</UL>

<P><STRONG><a name="[2f3]"></a>kbd_scan_update_scan_times</STRONG> (Thumb, 22 bytes, Stack size 8 bytes, port_kbd.o(.text))
<BR><BR>[Stack]<UL><LI>Max Depth = 8<LI>Call Chain = kbd_scan_update_scan_times
</UL>
<BR>[Calls]<UL><LI><a href="#[2f1]">&gt;&gt;</a>&nbsp;&nbsp;&nbsp;systick_start
</UL>
<BR>[Called By]<UL><LI><a href="#[2d5]">&gt;&gt;</a>&nbsp;&nbsp;&nbsp;port_kbd_scan_fsm_update
<LI><a href="#[2f2]">&gt;&gt;</a>&nbsp;&nbsp;&nbsp;kbd_scan_update_status
</UL>

<P><STRONG><a name="[2f7]"></a>kbd_scan_enable_wakeup_irq</STRONG> (Thumb, 12 bytes, Stack size 8 bytes, port_kbd.o(.text))
<BR><BR>[Stack]<UL><LI>Max Depth = 56<LI>Call Chain = kbd_scan_enable_wakeup_irq &rArr; port_wkup_enable_irq &rArr; wkupct_enable_irq
</UL>
<BR>[Calls]<UL><LI><a href="#[2fd]">&gt;&gt;</a>&nbsp;&nbsp;&nbsp;port_wkup_enable_irq
</UL>
<BR>[Called By]<UL><LI><a href="#[2c7]">&gt;&gt;</a>&nbsp;&nbsp;&nbsp;port_kbd_scan_stop
<LI><a href="#[2f8]">&gt;&gt;</a>&nbsp;&nbsp;&nbsp;kbd_scan_enable_scanning
</UL>

<P><STRONG><a name="[2f8]"></a>kbd_scan_enable_scanning</STRONG> (Thumb, 20 bytes, Stack size 8 bytes, port_kbd.o(.text))
<BR><BR>[Stack]<UL><LI>Max Depth = 64<LI>Call Chain = kbd_scan_enable_scanning &rArr; kbd_scan_enable_wakeup_irq &rArr; port_wkup_enable_irq &rArr; wkupct_enable_irq
</UL>
<BR>[Calls]<UL><LI><a href="#[116]">&gt;&gt;</a>&nbsp;&nbsp;&nbsp;arch_restore_sleep_mode
<LI><a href="#[2f7]">&gt;&gt;</a>&nbsp;&nbsp;&nbsp;kbd_scan_enable_wakeup_irq
<LI><a href="#[2f6]">&gt;&gt;</a>&nbsp;&nbsp;&nbsp;kbd_scan_membrane_output_sleep
<LI><a href="#[2f5]">&gt;&gt;</a>&nbsp;&nbsp;&nbsp;kbd_scan_membrane_input_setup
</UL>
<BR>[Called By]<UL><LI><a href="#[2d5]">&gt;&gt;</a>&nbsp;&nbsp;&nbsp;port_kbd_scan_fsm_update
</UL>

<P><STRONG><a name="[2fc]"></a>kbd_scan_set_row_to_low</STRONG> (Thumb, 38 bytes, Stack size 0 bytes, port_kbd.o(.text))
<BR><BR>[Called By]<UL><LI><a href="#[2f6]">&gt;&gt;</a>&nbsp;&nbsp;&nbsp;kbd_scan_membrane_output_sleep
</UL>

<P><STRONG><a name="[2fe]"></a>multi_bond_clear_eeprom</STRONG> (Thumb, 94 bytes, Stack size 80 bytes, port_multi_bond.o(.text))
<BR><BR>[Stack]<UL><LI>Max Depth = 440<LI>Call Chain = multi_bond_clear_eeprom &rArr; nv_prom_write_data &rArr; app_spi_flash_write_random_page_data &rArr; spi_flash_block_erase_no_wait &rArr; spi_flash_set_write_enable &rArr; spi_flash_wait_till_ready &rArr; spi_flash_read_status_reg &rArr; spi_transaction &rArr; spi_access
</UL>
<BR>[Calls]<UL><LI><a href="#[192]">&gt;&gt;</a>&nbsp;&nbsp;&nbsp;__aeabi_memclr4
<LI><a href="#[2db]">&gt;&gt;</a>&nbsp;&nbsp;&nbsp;nv_prom_write_data
</UL>
<BR>[Called By]<UL><LI><a href="#[2b2]">&gt;&gt;</a>&nbsp;&nbsp;&nbsp;port_alt_pair_init
<LI><a href="#[2b4]">&gt;&gt;</a>&nbsp;&nbsp;&nbsp;port_alt_pair_clear_all_bond_data
</UL>

<P><STRONG><a name="[2ff]"></a>multi_bond_update_bond_data</STRONG> (Thumb, 64 bytes, Stack size 24 bytes, port_multi_bond.o(.text))
<BR><BR>[Stack]<UL><LI>Max Depth = 32<LI>Call Chain = multi_bond_update_bond_data &rArr; app_con_fsm_request_write_bonding_data
</UL>
<BR>[Calls]<UL><LI><a href="#[294]">&gt;&gt;</a>&nbsp;&nbsp;&nbsp;app_con_fsm_request_write_bonding_data
</UL>
<BR>[Called By]<UL><LI><a href="#[21c]">&gt;&gt;</a>&nbsp;&nbsp;&nbsp;port_alt_pair_store_ccc
<LI><a href="#[301]">&gt;&gt;</a>&nbsp;&nbsp;&nbsp;prepare_bonding_info
</UL>

<P><STRONG><a name="[301]"></a>prepare_bonding_info</STRONG> (Thumb, 112 bytes, Stack size 64 bytes, port_multi_bond.o(.text))
<BR><BR>[Stack]<UL><LI>Max Depth = 160<LI>Call Chain = prepare_bonding_info &rArr; port_atts_find_value_by_uuid &rArr; port_attmdb_find_by_uuid
</UL>
<BR>[Calls]<UL><LI><a href="#[1b6]">&gt;&gt;</a>&nbsp;&nbsp;&nbsp;attmdb_get_value
<LI><a href="#[302]">&gt;&gt;</a>&nbsp;&nbsp;&nbsp;port_atts_find_value_by_uuid
<LI><a href="#[2ff]">&gt;&gt;</a>&nbsp;&nbsp;&nbsp;multi_bond_update_bond_data
</UL>
<BR>[Called By]<UL><LI><a href="#[2b3]">&gt;&gt;</a>&nbsp;&nbsp;&nbsp;port_alt_pair_store_bond_data
</UL>

<P><STRONG><a name="[303]"></a>write_bonding_info</STRONG> (Thumb, 52 bytes, Stack size 16 bytes, port_multi_bond.o(.text))
<BR><BR>[Stack]<UL><LI>Max Depth = 384<LI>Call Chain = write_bonding_info &rArr; nv_prom_write_byte &rArr; app_spi_flash_write_random_page_data &rArr; spi_flash_block_erase_no_wait &rArr; spi_flash_set_write_enable &rArr; spi_flash_wait_till_ready &rArr; spi_flash_read_status_reg &rArr; spi_transaction &rArr; spi_access
</UL>
<BR>[Calls]<UL><LI><a href="#[131]">&gt;&gt;</a>&nbsp;&nbsp;&nbsp;__aeabi_memcpy4
<LI><a href="#[2db]">&gt;&gt;</a>&nbsp;&nbsp;&nbsp;nv_prom_write_data
<LI><a href="#[2da]">&gt;&gt;</a>&nbsp;&nbsp;&nbsp;nv_prom_write_byte
</UL>
<BR>[Called By]<UL><LI><a href="#[2b3]">&gt;&gt;</a>&nbsp;&nbsp;&nbsp;port_alt_pair_store_bond_data
</UL>

<P><STRONG><a name="[305]"></a>multi_bond_process_next_attribute</STRONG> (Thumb, 74 bytes, Stack size 24 bytes, port_multi_bond.o(.text))
<BR><BR>[Stack]<UL><LI>Max Depth = 120<LI>Call Chain = multi_bond_process_next_attribute &rArr; port_atts_find_value_by_uuid &rArr; port_attmdb_find_by_uuid
</UL>
<BR>[Calls]<UL><LI><a href="#[195]">&gt;&gt;</a>&nbsp;&nbsp;&nbsp;attmdb_att_set_value
<LI><a href="#[302]">&gt;&gt;</a>&nbsp;&nbsp;&nbsp;port_atts_find_value_by_uuid
</UL>
<BR>[Called By]<UL><LI><a href="#[2af]">&gt;&gt;</a>&nbsp;&nbsp;&nbsp;port_alt_pair_updatedb_from_bonding_info
</UL>

<P><STRONG><a name="[304]"></a>multi_bond_update_active_peer_pos</STRONG> (Thumb, 20 bytes, Stack size 8 bytes, port_multi_bond.o(.text))
<BR><BR>[Stack]<UL><LI>Max Depth = 8<LI>Call Chain = multi_bond_update_active_peer_pos
</UL>
<BR>[Calls]<UL><LI><a href="#[13b]">&gt;&gt;</a>&nbsp;&nbsp;&nbsp;__aeabi_idivmod
</UL>
<BR>[Called By]<UL><LI><a href="#[2b3]">&gt;&gt;</a>&nbsp;&nbsp;&nbsp;port_alt_pair_store_bond_data
<LI><a href="#[2ba]">&gt;&gt;</a>&nbsp;&nbsp;&nbsp;port_alt_pair_load_last_used
<LI><a href="#[2b1]">&gt;&gt;</a>&nbsp;&nbsp;&nbsp;port_alt_pair_load_bond_data
</UL>

<P><STRONG><a name="[30d]"></a>port_security_bond_ind_handler</STRONG> (Thumb, 90 bytes, Stack size 8 bytes, port_security.o(.text))
<BR><BR>[Stack]<UL><LI>Max Depth = 304<LI>Call Chain = port_security_bond_ind_handler &rArr; app_con_fsm_state_update &rArr; handle_connection_in_progress_state &rArr; app_con_fsm_start_advertise &rArr; app_adv_fsm_dir_start &rArr; app_adv_fsm_process_evt &rArr; app_con_fsm_handle_adv_notification &rArr; user_con_fsm_callback &rArr; app_kbd_start_passcode &rArr; user_kbd_notification_cb &rArr; user_audio_start &rArr; app_audio_start &rArr; port_audio_start_sampling &rArr; pdm_mic_start &rArr; pdm_enable &rArr; pdm_config_port_pins &rArr; GPIO_ConfigurePin &rArr; GPIO_SetPinFunction
</UL>
<BR>[Calls]<UL><LI><a href="#[1da]">&gt;&gt;</a>&nbsp;&nbsp;&nbsp;app_easy_gap_disconnect
<LI><a href="#[21a]">&gt;&gt;</a>&nbsp;&nbsp;&nbsp;app_con_fsm_state_update
<LI><a href="#[29b]">&gt;&gt;</a>&nbsp;&nbsp;&nbsp;port_alt_pair_get_auth
<LI><a href="#[307]">&gt;&gt;</a>&nbsp;&nbsp;&nbsp;port_alt_pair_set_irk
<LI><a href="#[306]">&gt;&gt;</a>&nbsp;&nbsp;&nbsp;port_alt_pair_set_addr
<LI><a href="#[30e]">&gt;&gt;</a>&nbsp;&nbsp;&nbsp;port_alt_pair_set_auth
</UL>
<BR>[Called By]<UL><LI><a href="#[229]">&gt;&gt;</a>&nbsp;&nbsp;&nbsp;port_security_process_handler
</UL>

<P><STRONG><a name="[30f]"></a>stream_queue_data_until</STRONG> (Thumb, 228 bytes, Stack size 24 bytes, port_stream.o(.text))
<BR><BR>[Stack]<UL><LI>Max Depth = 48<LI>Call Chain = stream_queue_data_until &rArr; app_stream_copy_pkt_data
</UL>
<BR>[Calls]<UL><LI><a href="#[13b]">&gt;&gt;</a>&nbsp;&nbsp;&nbsp;__aeabi_idivmod
<LI><a href="#[19f]">&gt;&gt;</a>&nbsp;&nbsp;&nbsp;ke_msg_send
<LI><a href="#[310]">&gt;&gt;</a>&nbsp;&nbsp;&nbsp;app_stream_free_packet
<LI><a href="#[2e2]">&gt;&gt;</a>&nbsp;&nbsp;&nbsp;app_stream_copy_pkt_data
<LI><a href="#[2e1]">&gt;&gt;</a>&nbsp;&nbsp;&nbsp;app_stream_get_data
<LI><a href="#[30b]">&gt;&gt;</a>&nbsp;&nbsp;&nbsp;port_create_l2cc_pdu
</UL>
<BR>[Called By]<UL><LI><a href="#[2e3]">&gt;&gt;</a>&nbsp;&nbsp;&nbsp;port_stream_queue_data
</UL>

<P><STRONG><a name="[2f]"></a>port_timer_callback</STRONG> (Thumb, 30 bytes, Stack size 0 bytes, port_timer.o(.text))
<BR>[Address Reference Count : 1]<UL><LI> port_timer.o(.text)
</UL>
<P><STRONG><a name="[317]"></a>modulationGainCalibration_580</STRONG> (Thumb, 222 bytes, Stack size 48 bytes, rf_calibration.o(.text), UNUSED)
<BR><BR>[Calls]<UL><LI><a href="#[318]">&gt;&gt;</a>&nbsp;&nbsp;&nbsp;set_rf_cal_cap
</UL>
<BR>[Called By]<UL><LI><a href="#[31a]">&gt;&gt;</a>&nbsp;&nbsp;&nbsp;rf_calibration_580
</UL>
<P>
<H3>
Undefined Global Symbols
</H3>
<P><STRONG><a name="[fd]"></a>__arm_fini_</STRONG> (Unknown, 0 bytes, Stack size 0 bytes, UNDEFINED)
<BR><BR>[Called By]<UL><LI><a href="#[fc]">&gt;&gt;</a>&nbsp;&nbsp;&nbsp;__rt_lib_shutdown_fini
</UL>
<HR></body></html>
