<html>
<body>
<pre>
<h1>µVision Build Log</h1>
<h2>Tool Versions:</h2>
IDE-Version: µVision V5.34.0.0
Copyright (C) 2021 ARM Ltd and ARM Germany GmbH. All rights reserved.
License Information: Trevor Carter, International Fabric Machines, LIC=IL2VA-KC198-B2LQE-NADR5-JWCZ1-LW2PW
 
Tool Versions:
Toolchain:       MDK-ARM Essential  Version: 5.34.0.0
Toolchain Path:  C:\Keil_v5\ARM\ARMCC\Bin
C Compiler:      Armcc.exe V5.06 update 7 (build 960)
Assembler:       Armasm.exe V5.06 update 7 (build 960)
Linker/Locator:  ArmLink.exe V5.06 update 7 (build 960)
Library Manager: ArmAr.exe V5.06 update 7 (build 960)
Hex Converter:   FromElf.exe V5.06 update 7 (build 960)
CPU DLL:         SARMCM3.DLL V5.34.0.0
Dialog DLL:      DARMCM1.DLL V1.19.4.0
Target DLL:      Segger\JL2CM3.dll V2.99.40.0
Dialog DLL:      TARMCM1.DLL V1.14.3.0
 
<h2>Project:</h2>
C:\Program Files (x86)\Dialog Semiconductor\DA14585_RCU_v_6.140.2.17 (1)\DA14585_RCU_v_6.140.2.17\projects\target_apps\rcu\rcu_585\Keil_5\rcu_585.uvprojx
Project File Date:  04/04/2023

<h2>Output:</h2>
*** Using Compiler 'V5.06 update 7 (build 960)', folder: 'C:\Keil_v5\ARM\ARMCC\Bin'
Rebuild target 'rcu_585_ProDK'
Note: source file '..\..\src\platform\user_periph_setup.c' - object file renamed from '.\out_585_ProDK\user_periph_setup.o' to '.\out_585_ProDK\user_periph_setup_1.o'.
assembling boot_vectors.s...
compiling nvds.c...
compiling system_ARMCM0.c...
compiling nmi_handler.c...
compiling hardfault_handler.c...
compiling arch_console.c...
compiling adc.c...
compiling arch_rom.c...
compiling arch_sleep.c...
compiling battery.c...
compiling jump_table.c...
compiling arch_main.c...
compiling dma.c...
compiling i2c_core.c...
compiling i2c_eeprom.c...
compiling hw_otpc.c...
compiling gpio.c...
..\..\..\..\..\SDK_585\sdk\platform\driver\gpio\gpio.c(95): warning:  #1215-D: #warning directive: "GPIO assignment checking is active! Deactivate before burning OTP..."
          #warning "GPIO assignment checking is active! Deactivate before burning OTP..."
..\..\..\..\..\SDK_585\sdk\platform\driver\gpio\gpio.c: 1 warning, 0 errors
compiling pdm.c...
compiling arch_system.c...
compiling systick.c...
compiling syscntl.c...
compiling spi.c...
compiling spi_flash.c...
compiling timer0.c...
compiling timer2.c...
compiling pdm_mic.c...
compiling trng.c...
compiling uart2.c...
compiling wkupct_quadec.c...
compiling attm_db_128.c...
compiling rf_585.c...
compiling bass.c...
compiling bass_task.c...
compiling custom_common.c...
compiling rwip.c...
compiling custs1.c...
compiling rwble.c...
compiling diss.c...
compiling custs1_task.c...
compiling diss_task.c...
compiling hogpd.c...
compiling prf_utils.c...
compiling hogpd_task.c...
compiling prf.c...
compiling suotar.c...
compiling suotar_task.c...
compiling app_security_task.c...
compiling app_security.c...
compiling app_bass.c...
compiling app_default_handlers.c...
compiling app_task.c...
compiling app.c...
compiling app_diss.c...
compiling app_bass_task.c...
compiling app_diss_task.c...
compiling app_suotar_task.c...
compiling app_msg_utils.c...
compiling app_easy_msg_utils.c...
compiling app_suotar.c...
compiling app_customs.c...
compiling app_easy_timer.c...
compiling app_easy_security.c...
compiling app_customs_common.c...
compiling app_entry_point.c...
compiling app_customs_task.c...
compiling user_pwr_mgr.c...
compiling user_rcu_kbd.c...
compiling user_rcu_motion.c...
compiling user_rcu.c...
compiling user_rcu_audio.c...
compiling user_modules.c...
compiling user_periph_setup.c...
compiling azotouch_iqs5xx.c...
compiling azotouch_iqs_263.c...
compiling i2c_azotouch.c...
compiling spi_3wire.c...
compiling ir_driver.c...
compiling bmi160_support.c...
compiling user_dlg_audio_svc_def.c...
compiling user_custs_config.c...
compiling bmi160.c...
compiling app_hogpd_task.c...
compiling app_buzzer.c...
compiling app_hogpd.c...
compiling app_audio.c...
compiling app_adv_fsm.c...
compiling app_audio_codec.c...
compiling app_gpio_keys.c...
compiling app_dbg.c...
compiling app_leds.c...
compiling app_flash.c...
compiling app_motion.c...
compiling app_mouse.c...
compiling app_con_fsm.c...
compiling app_ir.c...
compiling app_hid_report.c...
compiling app_kbd.c...
compiling app_touchpad.c...
compiling app_nv_prom.c...
compiling app_pairing.c...
compiling app_stream.c...
compiling port_buzzer.c...
compiling port_gpio_keys.c...
compiling port_audio.c...
compiling port_adv_fsm.c...
compiling port_con_fsm.c...
compiling app_white_list.c...
compiling port_leds.c...
compiling port_ir.c...
compiling port_con_fsm_task.c...
compiling port_motion.c...
compiling port_systick.c...
compiling port_kbd.c...
compiling port_platform.c...
compiling port_security.c...
compiling port_stream.c...
compiling port_touchpad.c...
compiling port_multi_bond.c...
compiling port_white_list.c...
compiling port_timer.c...
compiling port_wkup.c...
linking...
Program Size: Code=49568 RO-data=5512 RW-data=348 ZI-data=13312  
FromELF: creating hex file...
".\out_585_ProDK\rcu_585_ProDK.axf" - 0 Error(s), 1 Warning(s).

<h2>Software Packages used:</h2>

Package Vendor: ARM
                http://www.keil.com/pack/ARM.CMSIS.5.8.0.pack
                ARM.CMSIS.5.8.0
                CMSIS (Common Microcontroller Software Interface Standard)

<h2>Collection of Component include folders:</h2>
  C:\Users\trevo\AppData\Local\Arm\Packs\ARM\CMSIS\5.8.0\Device\ARM\ARMCM0\Include

<h2>Collection of Component Files used:</h2>
Build Time Elapsed:  00:00:58
</pre>
</body>
</html>
