Component: ARM Compiler 5.06 update 7 (build 960) Tool: armlink [4d3601]

==============================================================================

Section Cross References

    system_armcm0.o(.text) refers to system_armcm0.o(.data) for .data
    boot_vectors.o(RESET) refers to boot_vectors.o(STACK) for __initial_sp
    boot_vectors.o(RESET) refers to boot_vectors.o(.text) for Reset_Handler
    boot_vectors.o(RESET) refers to systick.o(.text) for SysTick_Handler
    boot_vectors.o(RESET) refers to rwble.o(.text) for BLE_WAKEUP_LP_Handler
    boot_vectors.o(RESET) refers to uart2.o(.text) for UART2_Handler
    boot_vectors.o(RESET) refers to port_kbd.o(.text) for KEYBRD_Handler
    boot_vectors.o(RESET) refers to gpio.o(.text) for GPIO0_Handler
    boot_vectors.o(RESET) refers to timer0.o(.text) for SWTIM_Handler
    boot_vectors.o(RESET) refers to wkupct_quadec.o(.text) for WKUP_QUADEC_Handler
    boot_vectors.o(RESET) refers to pdm.o(.text) for SRCIN_Handler
    boot_vectors.o(RESET) refers to dma.o(.text) for DMA_Handler
    boot_vectors.o(.text) refers to system_armcm0.o(.text) for SystemInit
    boot_vectors.o(.text) refers to entry.o(.ARM.Collect$$$$00000000) for __main
    boot_vectors.o(.text) refers to nmi_handler.o(.text) for NMI_HandlerC
    boot_vectors.o(.text) refers to hardfault_handler.o(.text) for HardFault_HandlerC
    nvds.o(.text) refers to nvds.o(.constdata) for .constdata
    nvds.o(.text) refers to arch_system.o(retention_mem_area0) for dev_bdaddr
    arch_main.o(.text) refers to arch_system.o(.text) for system_init
    arch_main.o(.text) refers to user_rcu.o(.text) for user_on_ble_powered
    arch_main.o(.text) refers to rwip.o(.text) for rwip_sleep
    arch_main.o(.text) refers to arch_main.o(retention_mem_area0) for retention_mem_area0
    arch_main.o(.text) refers to rwble.o(retention_mem_area0) for arch_rwble_last_event
    arch_main.o(.constdata) refers to user_rcu.o(.text) for user_on_init
    jump_table.o(.constdata) refers to rf_585.o(.text) for rf_init_func
    jump_table.o(.constdata) refers to nvds.o(.text) for nvds_get_func
    jump_table.o(.constdata) refers to jump_table.o(.text) for platform_reset_func
    jump_table.o(.constdata) refers to rwble.o(.text) for lld_sleep_compensate_func
    jump_table.o(.constdata) refers to arch_system.o(.text) for lld_sleep_init_func
    jump_table.o(.constdata) refers to prf.o(.text) for prf_init_func
    jump_table.o(.constdata) refers to jump_table.o(heap_mem_area_not_ret) for rwip_heap_non_ret
    jump_table.o(.constdata) refers to jump_table.o(heap_env_area) for rwip_heap_env_ret
    jump_table.o(.constdata) refers to jump_table.o(heap_db_area) for rwip_heap_db_ret
    jump_table.o(.constdata) refers to jump_table.o(heap_msg_area) for rwip_heap_msg_ret
    arch_sleep.o(.text) refers to arch_sleep.o(retention_mem_area0) for retention_mem_area0
    arch_sleep.o(.text) refers to rwble.o(retention_mem_area0) for arch_rwble_last_event
    arch_system.o(.text) refers to uldiv.o(.text) for __aeabi_uldivmod
    arch_system.o(.text) refers to rf_calibration.o(.text) for rf_calibration_585
    arch_system.o(.text) refers to arch_system.o(i.__ARM_common_ll_muluu) for __ARM_common_ll_muluu
    arch_system.o(.text) refers to trng.o(.text) for trng_acquire
    arch_system.o(.text) refers to arch_rom.o(.text) for arch_rom_init
    arch_system.o(.text) refers to gpio.o(.text) for GPIO_init
    arch_system.o(.text) refers to user_periph_setup_1.o(.text) for periph_init
    arch_system.o(.text) refers to arch_sleep.o(.text) for arch_disable_sleep
    arch_system.o(.text) refers to app.o(.text) for app_init
    arch_system.o(.text) refers to user_rcu.o(.text) for user_on_init
    arch_system.o(.text) refers to hw_otpc.o(.text) for hw_otpc_manual_read_on
    arch_system.o(.text) refers to arch_system.o(retention_mem_area0) for retention_mem_area0
    arch_system.o(.text) refers to arch_system.o(.data) for .data
    arch_system.o(.constdata) refers to user_rcu.o(.text) for user_on_init
    arch_rom.o(.text) refers to patch.o(.text) for patch_global_vars_init
    arch_rom.o(.text) refers to arch_system.o(.constdata) for gap_cfg_user_var_struct
    arch_rom.o(.text) refers to jump_table.o(.constdata) for rom_func_addr_table_var
    arch_rom.o(.text) refers to jump_table.o(.constdata) for rom_cfg_table_var
    battery.o(.text) refers to adc.o(.text) for adc_calibrate
    dma.o(.text) refers to dma.o(.bss) for .bss
    gpio.o(.text) refers to gpio.o(.bss) for .bss
    hw_otpc.o(.text) refers to hw_otpc.o(.constdata) for .constdata
    i2c_eeprom.o(.text) refers to i2c_eeprom.o(.bss) for .bss
    pdm.o(.text) refers to gpio.o(.text) for GPIO_ConfigurePin
    pdm.o(.text) refers to pdm.o(.bss) for .bss
    pdm_mic.o(.text) refers to dma.o(.text) for dma_channel_transfered_bytes
    pdm_mic.o(.text) refers to pdm.o(.text) for pdm_enable
    pdm_mic.o(.text) refers to pdm_mic.o(.bss) for .bss
[...]
    set_pad_functions                        0x07fc8dc1   Thumb Code    48  user_periph_setup_1.o(.text)
    periph_init                              0x07fc8df1   Thumb Code    50  user_periph_setup_1.o(.text)
    app_hogpd_process_handler                0x07fc8f05   Thumb Code   164  app_hogpd_task.o(.text)
    app_hogpd_enable                         0x07fc8fbd   Thumb Code    42  app_hogpd.o(.text)
    app_hogpd_create_db                      0x07fc8fe7   Thumb Code   106  app_hogpd.o(.text)
    app_hogpd_send_report                    0x07fc9051   Thumb Code   142  app_hogpd.o(.text)
    app_hogpd_get_protocol_mode              0x07fc90df   Thumb Code    12  app_hogpd.o(.text)
    app_hogpd_report_handle                  0x07fc90eb   Thumb Code    22  app_hogpd.o(.text)
    app_adv_fsm_process_evt                  0x07fc92c3   Thumb Code   160  app_adv_fsm.o(.text)
    app_adv_fsm_adv_stop                     0x07fc9363   Thumb Code     4  app_adv_fsm.o(.text)
    app_adv_fsm_und_start_no_pair            0x07fc9367   Thumb Code     8  app_adv_fsm.o(.text)
    app_adv_fsm_dir_start                    0x07fc936f   Thumb Code    32  app_adv_fsm.o(.text)
    app_adv_fsm_und_start                    0x07fc938f   Thumb Code     8  app_adv_fsm.o(.text)
    app_adv_fsm_und_start_lim                0x07fc9397   Thumb Code     8  app_adv_fsm.o(.text)
    app_adv_fsm_init                         0x07fc939f   Thumb Code    18  app_adv_fsm.o(.text)
    app_audio_init                           0x07fc953d   Thumb Code    44  app_audio.o(.text)
    app_audio_set_adpcm_mode                 0x07fc9569   Thumb Code     6  app_audio.o(.text)
    app_audio_encode                         0x07fc959f   Thumb Code   194  app_audio.o(.text)
    app_audio_start                          0x07fc9661   Thumb Code    92  app_audio.o(.text)
    app_audio_stop                           0x07fc96bd   Thumb Code    20  app_audio.o(.text)
    app_audio_is_active                      0x07fc96d1   Thumb Code     6  app_audio.o(.text)
    app_audio_get_errors                     0x07fc96d7   Thumb Code    22  app_audio.o(.text)
    app_audio_ima_enc                        0x07fc9701   Thumb Code   388  app_audio_codec.o(.text)
    app_audio_dcblock                        0x07fc9885   Thumb Code    82  app_audio_codec.o(.text)
    app_audio_aLaw_encode                    0x07fc98d7   Thumb Code    52  app_audio_codec.o(.text)
    app_audio_downSample                     0x07fc990b   Thumb Code   130  app_audio_codec.o(.text)
    app_con_fsm_send_connection_upd_req      0x07fc9aa1   Thumb Code    12  app_con_fsm.o(.text)
    app_con_fsm_request_write_bonding_data   0x07fc9aad   Thumb Code    10  app_con_fsm.o(.text)
    app_con_fsm_get_peer_addr_type           0x07fc9b53   Thumb Code     8  app_con_fsm.o(.text)
    app_con_fsm_state_update                 0x07fc9ce3   Thumb Code   324  app_con_fsm.o(.text)
    app_con_fsm_gp_timer_expired             0x07fc9e27   Thumb Code    52  app_con_fsm.o(.text)
    app_con_fsm_request_erase_bonding_data   0x07fc9e5b   Thumb Code    10  app_con_fsm.o(.text)
    app_con_fsm_reset_bonding_data           0x07fc9e65   Thumb Code    20  app_con_fsm.o(.text)
    app_con_fsm_connection_validation        0x07fc9e79   Thumb Code    82  app_con_fsm.o(.text)
    app_con_fsm_mitm_passcode_entry_func     0x07fc9ecb   Thumb Code    16  app_con_fsm.o(.text)
    app_con_fsm_encrypt_req_validation       0x07fc9edb   Thumb Code    92  app_con_fsm.o(.text)
    app_con_fsm_init                         0x07fc9f37   Thumb Code    22  app_con_fsm.o(.text)
    app_con_fsm_on_disconnect                0x07fc9f4d   Thumb Code     4  app_con_fsm.o(.text)
    app_con_fsm_on_ble_powered               0x07fc9f51   Thumb Code    80  app_con_fsm.o(.text)
    app_con_fsm_request_disconnect           0x07fc9fa1   Thumb Code    40  app_con_fsm.o(.text)
    app_con_fsm_on_system_powered            0x07fc9fc9   Thumb Code    48  app_con_fsm.o(.text)
    app_con_fsm_switch_to_peer               0x07fc9ff9   Thumb Code     4  app_con_fsm.o(.text)
    app_con_fsm_add_host_to_entry            0x07fc9ffd   Thumb Code     2  app_con_fsm.o(.text)
    app_con_fsm_get_state                    0x07fc9fff   Thumb Code     6  app_con_fsm.o(.text)
    app_con_fsm_handle_cmp_evt               0x07fca005   Thumb Code    28  app_con_fsm.o(.text)
    app_con_fsm_random_address_resolved      0x07fca021   Thumb Code    46  app_con_fsm.o(.text)
    app_con_fsm_is_conn_upd_pending          0x07fca04f   Thumb Code     6  app_con_fsm.o(.text)
    app_con_fsm_handle_adv_notification      0x07fca055   Thumb Code    58  app_con_fsm.o(.text)
    app_con_fsm_get_access_rights            0x07fca08f   Thumb Code     4  app_con_fsm.o(.text)
    app_con_fsm_get_peer_addr                0x07fca093   Thumb Code     8  app_con_fsm.o(.text)
    app_con_fsm_mitm_passcode_report         0x07fca09b   Thumb Code     8  app_con_fsm.o(.text)
    app_spi_flash_peripheral_release         0x07fca17d   Thumb Code    60  app_flash.o(.text)
    app_spi_flash_peripheral_init            0x07fca1b9   Thumb Code   110  app_flash.o(.text)
    app_spi_flash_power_down                 0x07fca227   Thumb Code    14  app_flash.o(.text)
    app_spi_flash_write_random_page_data     0x07fca235   Thumb Code   202  app_flash.o(.text)
    app_hid_report_search_in_list            0x07fca315   Thumb Code    22  app_hid_report.o(.text)
    app_hid_report_is_report_list_empty      0x07fca32b   Thumb Code    16  app_hid_report.o(.text)
    app_hid_report_is_report_list_full       0x07fca33b   Thumb Code    16  app_hid_report.o(.text)
    app_hid_report_init                      0x07fca34b   Thumb Code    68  app_hid_report.o(.text)
    app_hid_report_on_system_powered         0x07fca38f   Thumb Code    18  app_hid_report.o(.text)
    app_hid_report_send_report               0x07fca3a1   Thumb Code    38  app_hid_report.o(.text)
    app_hid_report_get_free_nodes            0x07fca409   Thumb Code    26  app_hid_report.o(.text)
    app_hid_report_clear_lists               0x07fca423   Thumb Code    56  app_hid_report.o(.text)
    app_hid_report_add_report                0x07fca45b   Thumb Code   106  app_hid_report.o(.text)
    app_hid_report_modify_kbd_keyreport      0x07fca4f9   Thumb Code   398  app_hid_report.o(.text)
    app_hid_report_add_full_release_report   0x07fca687   Thumb Code    26  app_hid_report.o(.text)
    app_hid_report_create_extended_report    0x07fca6a1   Thumb Code    62  app_hid_report.o(.text)
    app_kbd_init_vars                        0x07fca7e1   Thumb Code     2  app_kbd.o(.text)
    app_kbd_flush_buffer                     0x07fca7e3   Thumb Code     8  app_kbd.o(.text)
    app_kbd_stop                             0x07fca7eb   Thumb Code    20  app_kbd.o(.text)
    app_kbd_buffer_add_key                   0x07fca7ff   Thumb Code    72  app_kbd.o(.text)
    app_kbd_passcode_mode                    0x07fca847   Thumb Code    16  app_kbd.o(.text)
    app_kbd_record_key                       0x07fca857   Thumb Code   476  app_kbd.o(.text)
    app_kbd_buffer_has_data                  0x07fcaa33   Thumb Code    18  app_kbd.o(.text)
    app_kbd_init                             0x07fcaa45   Thumb Code    22  app_kbd.o(.text)
    app_kbd_start_reporting                  0x07fcaa5b   Thumb Code     8  app_kbd.o(.text)
    app_kbd_start_passcode                   0x07fcaa63   Thumb Code    28  app_kbd.o(.text)
    app_kbd_stop_reporting                   0x07fcaa7f   Thumb Code    12  app_kbd.o(.text)
    app_kbd_prepare_passcode                 0x07fcaa8b   Thumb Code   160  app_kbd.o(.text)
    app_kbd_get_key_code                     0x07fcab2b   Thumb Code    86  app_kbd.o(.text)
    app_kbd_get_passcode                     0x07fcab81   Thumb Code     6  app_kbd.o(.text)
    app_kbd_init_scan_gpios                  0x07fcab87   Thumb Code    16  app_kbd.o(.text)
    app_kbd_scan_is_idle                     0x07fcab97   Thumb Code     8  app_kbd.o(.text)
    app_kbd_scan_is_active                   0x07fcab9f   Thumb Code     8  app_kbd.o(.text)
    app_kbd_scan_enable_delayed_scanning     0x07fcaba7   Thumb Code     8  app_kbd.o(.text)
    app_kbd_on_ble_powered                   0x07fcabaf   Thumb Code     4  app_kbd.o(.text)
    app_kbd_on_system_powered                0x07fcabb3   Thumb Code    38  app_kbd.o(.text)
    nv_prom_init                             0x07fcace1   Thumb Code    10  app_nv_prom.o(.text)
    nv_prom_release                          0x07fcaceb   Thumb Code     8  app_nv_prom.o(.text)
    nv_prom_read_data                        0x07fcacf3   Thumb Code     8  app_nv_prom.o(.text)
    nv_prom_init_read_data                   0x07fcacfb   Thumb Code    34  app_nv_prom.o(.text)
    nv_prom_write_byte                       0x07fcad1d   Thumb Code    14  app_nv_prom.o(.text)
    nv_prom_write_data                       0x07fcad2b   Thumb Code     8  app_nv_prom.o(.text)
    nv_prom_init_write_data                  0x07fcad33   Thumb Code    34  app_nv_prom.o(.text)
    app_nv_prom_spi_autodetect               0x07fcad55   Thumb Code     2  app_nv_prom.o(.text)
    app_pairing_ltk_exch                     0x07fcad57   Thumb Code    84  app_pairing.o(.text)
    app_pairing_encrypt_req_ind              0x07fcadab   Thumb Code    76  app_pairing.o(.text)
    app_stream_fifo_init                     0x07fcadf9   Thumb Code    22  app_stream.o(.text)
    app_stream_init                          0x07fcae0f   Thumb Code    36  app_stream.o(.text)
    app_stream_start                         0x07fcae33   Thumb Code    24  app_stream.o(.text)
    app_stream_stop                          0x07fcae4b   Thumb Code    10  app_stream.o(.text)
    app_stream_is_enabled                    0x07fcae55   Thumb Code     8  app_stream.o(.text)
    app_stream_fifo_get_write_dataptr        0x07fcae9d   Thumb Code     4  app_stream.o(.text)
    app_stream_fifo_get_priority_write_dataptr 0x07fcaea1   Thumb Code     4  app_stream.o(.text)
    app_stream_fifo_commit_write_pkt         0x07fcaea5   Thumb Code    72  app_stream.o(.text)
    app_stream_fifo_commit_debug_pkt         0x07fcaeed   Thumb Code    14  app_stream.o(.text)
    app_stream_get_fifo_usage                0x07fcaefb   Thumb Code    16  app_stream.o(.text)
    app_stream_is_fifo_empty                 0x07fcaf0b   Thumb Code    24  app_stream.o(.text)
    app_stream_get_data                      0x07fcaf23   Thumb Code   104  app_stream.o(.text)
    app_stream_copy_pkt_data                 0x07fcaf8b   Thumb Code    54  app_stream.o(.text)
    app_stream_free_packet                   0x07fcafc1   Thumb Code    58  app_stream.o(.text)
    app_stream_queue_data                    0x07fcaffb   Thumb Code    28  app_stream.o(.text)
    app_stream_set_packet_size               0x07fcb017   Thumb Code     8  app_stream.o(.text)
    app_stream_ignore_packet_size            0x07fcb01f   Thumb Code    10  app_stream.o(.text)
    port_adv_fsm_start_adv_undirected        0x07fcb039   Thumb Code   136  port_adv_fsm.o(.text)
    port_adv_fsm_start_adv_directed          0x07fcb0c1   Thumb Code    68  port_adv_fsm.o(.text)
    port_adv_fsm_adv_stop                    0x07fcb105   Thumb Code     8  port_adv_fsm.o(.text)
    port_adv_fsm_adv_timer_handler           0x07fcb10d   Thumb Code    10  port_adv_fsm.o(.text)
    port_adv_fsm_on_direct_complete          0x07fcb117   Thumb Code    36  port_adv_fsm.o(.text)
    port_adv_fsm_on_undirect_complete        0x07fcb13b   Thumb Code    36  port_adv_fsm.o(.text)
    port_audio_next_package                  0x07fcb175   Thumb Code    26  port_audio.o(.text)
    port_audio_get_data                      0x07fcb18f   Thumb Code    12  port_audio.o(.text)
    port_audio_has_data                      0x07fcb19b   Thumb Code    28  port_audio.o(.text)
    port_audio_buffer_get_used               0x07fcb1b7   Thumb Code    38  port_audio.o(.text)
    port_audio_get_errors                    0x07fcb1dd   Thumb Code    12  port_audio.o(.text)
    audio_mic_callback                       0x07fcb1e9   Thumb Code    74  port_audio.o(.text)
    port_audio_start_sampling                0x07fcb233   Thumb Code   114  port_audio.o(.text)
    port_audio_stop_sampling                 0x07fcb2a5   Thumb Code    16  port_audio.o(.text)
    declare_audio_gpios                      0x07fcb2b5   Thumb Code     2  port_audio.o(.text)
    init_audio_gpios                         0x07fcb2b7   Thumb Code    30  port_audio.o(.text)
    port_con_fsm_get_peer_addr               0x07fcb2f9   Thumb Code     4  port_con_fsm.o(.text)
    port_con_fsm_get_peer_addr_type          0x07fcb2fd   Thumb Code     8  port_con_fsm.o(.text)
    port_con_fsm_send_connection_upd_req     0x07fcb305   Thumb Code    76  port_con_fsm.o(.text)
    port_con_fsm_disconnect                  0x07fcb351   Thumb Code    10  port_con_fsm.o(.text)
    port_con_fsm_resolve_address             0x07fcb35b   Thumb Code    58  port_con_fsm.o(.text)
    port_con_fsm_start_security              0x07fcb395   Thumb Code    32  port_con_fsm.o(.text)
    port_con_fsm_mitm_passcode_report        0x07fcb3b5   Thumb Code    58  port_con_fsm.o(.text)
    port_con_fsm_get_rssi                    0x07fcb3ef   Thumb Code    10  port_con_fsm.o(.text)
    port_con_fsm_enc_timer_handler           0x07fcb409   Thumb Code     8  port_con_fsm_task.o(.text)
    port_con_fsm_timer_handler               0x07fcb411   Thumb Code     8  port_con_fsm_task.o(.text)
    port_con_fsm_alt_pair_timer_handler      0x07fcb419   Thumb Code    16  port_con_fsm_task.o(.text)
    port_con_fsm_process_handler             0x07fcb429   Thumb Code    80  port_con_fsm_task.o(.text)
    port_kbd_scan_init                       0x07fcb727   Thumb Code    26  port_kbd.o(.text)
    port_kbd_init_scan_gpios                 0x07fcba59   Thumb Code    12  port_kbd.o(.text)
    port_kbd_scan_stop                       0x07fcba65   Thumb Code    26  port_kbd.o(.text)
    KEYBRD_Handler                           0x07fcba7f   Thumb Code    32  port_kbd.o(.text)
    port_kbd_scan_wakeup_handler             0x07fcba9f   Thumb Code    10  port_kbd.o(.text)
    port_kbd_scan_enable_delayed_scanning    0x07fcbaa9   Thumb Code     2  port_kbd.o(.text)
    port_kbd_scan_disable_scanning           0x07fcbaab   Thumb Code    26  port_kbd.o(.text)
    port_kbd_scan_delayed_start_proc         0x07fcbac5   Thumb Code     2  port_kbd.o(.text)
    port_kbd_scan_timer_handler              0x07fcbac7   Thumb Code     2  port_kbd.o(.text)
    port_kbd_scan_fsm_update                 0x07fcbac9   Thumb Code   236  port_kbd.o(.text)
    port_kbd_scan_get_new_scan_data          0x07fcbbb5   Thumb Code     8  port_kbd.o(.text)
    port_kbd_scan_get_scan_data              0x07fcbbbd   Thumb Code     8  port_kbd.o(.text)
    port_kbd_scan_is_idle                    0x07fcbbc5   Thumb Code    12  port_kbd.o(.text)
    port_kbd_scan_is_active                  0x07fcbbd1   Thumb Code    20  port_kbd.o(.text)
    port_kbd_scan_before_sleep               0x07fcbbe5   Thumb Code    14  port_kbd.o(.text)
    port_multi_bond_get_entry_to_delete      0x07fcbd9f   Thumb Code   102  port_multi_bond.o(.text)
    port_alt_pair_init                       0x07fcbe05   Thumb Code    94  port_multi_bond.o(.text)
    port_alt_pair_read_status                0x07fcbe63   Thumb Code    16  port_multi_bond.o(.text)
    port_alt_pair_store_status               0x07fcbe73   Thumb Code    24  port_multi_bond.o(.text)
    port_alt_pair_store_bond_data            0x07fcbf2f   Thumb Code   114  port_multi_bond.o(.text)
    port_alt_pair_store_ccc                  0x07fcbfeb   Thumb Code    48  port_multi_bond.o(.text)
    port_alt_pair_updatedb_from_bonding_info 0x07fcc01b   Thumb Code   124  port_multi_bond.o(.text)
    port_alt_pair_load_bond_data             0x07fcc097   Thumb Code   188  port_multi_bond.o(.text)
    port_alt_pair_set_default_info           0x07fcc153   Thumb Code    46  port_multi_bond.o(.text)
    port_alt_pair_get_next_bond_data         0x07fcc181   Thumb Code   162  port_multi_bond.o(.text)
    port_alt_pair_load_last_used             0x07fcc223   Thumb Code    66  port_multi_bond.o(.text)
    port_alt_pair_load_entry                 0x07fcc265   Thumb Code    56  port_multi_bond.o(.text)
    port_alt_pair_delete_entry               0x07fcc29d   Thumb Code    68  port_multi_bond.o(.text)
    port_alt_pair_clear_all_bond_data        0x07fcc2e1   Thumb Code    24  port_multi_bond.o(.text)
    port_alt_pair_reset_active_peer_pos      0x07fcc2f9   Thumb Code    14  port_multi_bond.o(.text)
    port_alt_pair_get_active_index           0x07fcc307   Thumb Code     8  port_multi_bond.o(.text)
    port_alt_pair_update_usage_count         0x07fcc30f   Thumb Code    12  port_multi_bond.o(.text)
    port_alt_pair_is_bonded                  0x07fcc31b   Thumb Code    12  port_multi_bond.o(.text)
    port_alt_pair_get_auth                   0x07fcc327   Thumb Code     8  port_multi_bond.o(.text)
    port_alt_pair_set_auth                   0x07fcc32f   Thumb Code     8  port_multi_bond.o(.text)
    port_alt_pair_get_addr                   0x07fcc337   Thumb Code     6  port_multi_bond.o(.text)
    port_alt_pair_get_addr_type              0x07fcc33d   Thumb Code     8  port_multi_bond.o(.text)
    port_alt_pair_set_addr                   0x07fcc345   Thumb Code    20  port_multi_bond.o(.text)
    port_alt_pair_get_rand                   0x07fcc359   Thumb Code     6  port_multi_bond.o(.text)
    port_alt_pair_get_ediv                   0x07fcc35f   Thumb Code     6  port_multi_bond.o(.text)
    port_alt_pair_get_irk                    0x07fcc365   Thumb Code     6  port_multi_bond.o(.text)
    port_alt_pair_set_irk                    0x07fcc36b   Thumb Code    44  port_multi_bond.o(.text)
    port_alt_pair_get_env                    0x07fcc397   Thumb Code     6  port_multi_bond.o(.text)
    port_alt_pair_reset_bonding_data         0x07fcc39d   Thumb Code    14  port_multi_bond.o(.text)
    port_alt_pair_clear_service_changes_hdls 0x07fcc3ab   Thumb Code    12  port_multi_bond.o(.text)
    port_alt_pair_get_num_of_bonded_hosts    0x07fcc3b7   Thumb Code    48  port_multi_bond.o(.text)
    port_alt_pair_get_num_of_peers           0x07fcc3e7   Thumb Code     4  port_multi_bond.o(.text)
    port_alt_pair_get_irk_list               0x07fcc3eb   Thumb Code    36  port_multi_bond.o(.text)
    port_alt_pair_find_irk                   0x07fcc40f   Thumb Code    72  port_multi_bond.o(.text)
    port_alt_pair_clear_resolved_pos         0x07fcc457   Thumb Code    10  port_multi_bond.o(.text)
    port_get_time                            0x07fcc495   Thumb Code    12  port_platform.o(.text)
    port_attmdb_find_by_uuid                 0x07fcc4a1   Thumb Code    90  port_platform.o(.text)
    port_atts_find_value_by_uuid             0x07fcc4fb   Thumb Code    16  port_platform.o(.text)
    port_create_l2cc_pdu                     0x07fcc50b   Thumb Code    46  port_platform.o(.text)
    port_send_notification                   0x07fcc539   Thumb Code   150  port_platform.o(.text)
    port_security_send_ltk_exch_rsp          0x07fcc5e5   Thumb Code    70  port_security.o(.text)
    port_security_send_encrypt_cfm           0x07fcc62b   Thumb Code    76  port_security.o(.text)
    port_security_send_pairing_rsp           0x07fcc677   Thumb Code    76  port_security.o(.text)
    port_security_process_handler            0x07fcc6c3   Thumb Code   142  port_security.o(.text)
    port_stream_queue_data                   0x07fcc89d   Thumb Code   158  port_stream.o(.text)
    port_timer_set                           0x07fcc97f   Thumb Code    92  port_timer.o(.text)
    port_timer_clear                         0x07fcc9db   Thumb Code    22  port_timer.o(.text)
    port_timer_remove                        0x07fcc9f1   Thumb Code    80  port_timer.o(.text)
    port_wkup_disable_irq                    0x07fcca61   Thumb Code    44  port_wkup.o(.text)
    port_wkup_handler                        0x07fcca8d   Thumb Code    90  port_wkup.o(.text)
    port_wkup_init                           0x07fccae7   Thumb Code   142  port_wkup.o(.text)
    port_wkup_enable_irq                     0x07fccb75   Thumb Code    86  port_wkup.o(.text)
    PATCHED_atts_mtu_exc_req                 0x07fccbe1   Thumb Code    52  patch.o(.text)
    patch_func                               0x07fccc15   Thumb Code    48  patch.o(.text)
    patch_global_vars_init                   0x07fccc45   Thumb Code     2  patch.o(.text)
    DCoffsetCalibration_580                  0x07fccd59   Thumb Code   204  rf_calibration.o(.text)
    IffCalibration_580                       0x07fcce41   Thumb Code    72  rf_calibration.o(.text)
    rf_calibration_580                       0x07fcce89   Thumb Code    80  rf_calibration.o(.text)
    rf_calibration_585                       0x07fcced9   Thumb Code    84  rf_calibration.o(.text)
    enable_rf_diag_irq                       0x07fccf2d   Thumb Code   104  rf_calibration.o(.text)
    set_gauss_modgain                        0x07fccf95   Thumb Code    54  rf_calibration.o(.text)
    set_rf_cal_cap                           0x07fccfe9   Thumb Code    26  pll_vcocal_lut.o(.text)
    __aeabi_uldivmod                         0x07fcd00d   Thumb Code    96  uldiv.o(.text)
    __aeabi_llsr                             0x07fcd06d   Thumb Code    34  llushr.o(.text)
    _ll_ushift_r                             0x07fcd06d   Thumb Code     0  llushr.o(.text)
    __scatterload                            0x07fcd091   Thumb Code    28  init.o(.text)
    __scatterload_rt2                        0x07fcd091   Thumb Code     0  init.o(.text)
    __ARM_clz                                0x07fcd0b5   Thumb Code    46  port_kbd.o(i.__ARM_clz)
    __ARM_common_ll_muluu                    0x07fcd0e3   Thumb Code    48  arch_system.o(i.__ARM_common_ll_muluu)
    __scatterload_copy                       0x07fcd113   Thumb Code    14  handlers.o(i.__scatterload_copy)
    __scatterload_null                       0x07fcd121   Thumb Code     2  handlers.o(i.__scatterload_null)
    __scatterload_zeroinit                   0x07fcd123   Thumb Code    14  handlers.o(i.__scatterload_zeroinit)
    rom_func_addr_table_var                  0x07fcd140   Data         388  jump_table.o(.constdata)
    rom_cfg_table_var                        0x07fcd2c4   Data         188  jump_table.o(.constdata)
    gap_cfg_user_var_struct                  0x07fcd380   Data          90  arch_system.o(.constdata)
    tim1                                     0x07fcd3e0   Data          16  hw_otpc.o(.constdata)
    SPI_FLASH_KNOWN_DEVICES_PARAMETERS_LIST  0x07fcd3f0   Data         120  spi_flash.o(.constdata)
    bas_att_db                               0x07fcd468   Data          60  bass.o(.constdata)
    bass_itf                                 0x07fcd4a4   Data          16  bass.o(.constdata)
    bass_default_state                       0x07fcd4b4   Data          48  bass_task.o(.constdata)
    bass_default_handler                     0x07fcd4e4   Data           8  bass_task.o(.constdata)
    custs1_itf                               0x07fcd4ec   Data          16  custs1.o(.constdata)
    custs1_default_state                     0x07fcd4fc   Data          48  custs1_task.o(.constdata)
    custs1_default_handler                   0x07fcd52c   Data           8  custs1_task.o(.constdata)
    diss_att_db                              0x07fcd534   Data         228  diss.o(.constdata)
    diss_itf                                 0x07fcd618   Data          16  diss.o(.constdata)
    diss_default_state                       0x07fcd628   Data          24  diss_task.o(.constdata)
    diss_default_handler                     0x07fcd640   Data           8  diss_task.o(.constdata)
    hids_att_db                              0x07fcd648   Data         276  hogpd.o(.constdata)
    hogpd_itf                                0x07fcd75c   Data          16  hogpd.o(.constdata)
    hogpd_default_state                      0x07fcd76c   Data          64  hogpd_task.o(.constdata)
    hogpd_default_handler                    0x07fcd7ac   Data           8  hogpd_task.o(.constdata)
    suotar_itf                               0x07fcd7b4   Data          16  suotar.o(.constdata)
    suotar_default_state                     0x07fcd99c   Data          32  suotar_task.o(.constdata)
    suotar_default_handler                   0x07fcd9bc   Data           8  suotar_task.o(.constdata)
    prf_funcs                                0x07fcda78   Data          48  app.o(.constdata)
    app_default_state                        0x07fcdb14   Data           8  app_task.o(.constdata)
    app_default_handler                      0x07fcdb1c   Data           8  app_task.o(.constdata)
    app_process_handlers                     0x07fcdb78   Data          28  app_entry_point.o(.constdata)
    cust_prf_funcs                           0x07fcdd34   Data          56  user_custs_config.o(.constdata)
    FilterCoefs                              0x07fcdeae   Data          76  app_audio_codec.o(.constdata)
    empty_report                             0x07fcdf34   Data           8  app_hid_report.o(.constdata)
    LUT_CFG                                  0x07fce140   Data          22  pll_vcocal_lut.o(.constdata)
    Region$$Table$$Base                      0x07fce1b8   Number         0  anon$$obj.o(Region$$Table)
    Region$$Table$$Limit                     0x07fce1f8   Number         0  anon$$obj.o(Region$$Table)
    SystemCoreClock                          0x07fce1f8   Data           4  system_armcm0.o(.data)
    startup_sleep_delay                      0x07fce1fc   Data           4  arch_system.o(.data)
    custs1_att_db                            0x07fce248   Data         240  user_dlg_audio_svc_def.o(.data)
    kbd_input_ports                          0x07fce338   Data           4  port_kbd.o(.data)
    kbd_output_mode_regs                     0x07fce33c   Data           4  port_kbd.o(.data)
    kbd_output_reset_data_regs               0x07fce340   Data           4  port_kbd.o(.data)
    kbd_input_mode_regs                      0x07fce344   Data           4  port_kbd.o(.data)
    kbd_out_bitmasks                         0x07fce348   Data           8  port_kbd.o(.data)
    str_count                                0x07fce350   Data           4  port_stream.o(.data)
    min_val                                  0x07fce354   Data           4  port_stream.o(.data)
    __initial_sp                             0x07fce958   Data           0  boot_vectors.o(STACK)
    heap_mem_area_not_ret$$Base              0x07fce958   Number         0  jump_table.o(heap_mem_area_not_ret)
    rwip_heap_non_ret                        0x07fce958   Data         268  jump_table.o(heap_mem_area_not_ret)
    GPIOHandlerFunction                      0x07fd2594   Data          20  gpio.o(.bss)
    mic_circular                             0x07fd25ac   Data           1  pdm_mic.o(.bss)
    mic_int_threshold                        0x07fd25ae   Data           2  pdm_mic.o(.bss)
    mic_callback                             0x07fd25b0   Data           4  pdm_mic.o(.bss)
    DMA_Setup_for_PDM_to_buffer              0x07fd25b4   Data          40  pdm_mic.o(.bss)
    spi_driver_cs_pad                        0x07fd25dc   Data           2  spi.o(.bss)
    spi_flash_device_index                   0x07fd25e0   Data           2  spi_flash.o(.bss)
    spi_flash_detected_device                0x07fd25e4   Data           4  spi_flash.o(.bss)
    spi_flash_size                           0x07fd25e8   Data           4  spi_flash.o(.bss)
    spi_flash_page_size                      0x07fd25ec   Data           4  spi_flash.o(.bss)
    callback_function                        0x07fd25f0   Data           4  systick.o(.bss)
    TIMER0_callback                          0x07fd25f4   Data           4  timer0.o(.bss)
    app_audio_env                            0x07fd25fc   Data         244  app_audio.o(.bss)
    spi_FLASH_CS_Pad                         0x07fd26f0   Data           2  app_flash.o(.bss)
    stream_buffer                            0x07fd26f2   Data        1024  app_stream.o(.bss)
    buffer_length_requested                  0x07fd2af4   Data           2  port_audio.o(.bss)
    port_audio_env                           0x07fd2af8   Data         488  port_audio.o(.bss)
    kbd_new_key_detected                     0x07fd2ce2   Data           1  port_kbd.o(.bss)
    full_scan                                0x07fd2ce3   Data           1  port_kbd.o(.bss)
    next_is_full_scan                        0x07fd2ce4   Data           1  port_kbd.o(.bss)
    kbd_bounce_active                        0x07fd2ce5   Data           1  port_kbd.o(.bss)
    kbd_global_deb_cnt                       0x07fd2ce6   Data           1  port_kbd.o(.bss)
    kbd_membrane_status                      0x07fd2ce7   Data           1  port_kbd.o(.bss)
    kbd_cntrl_active                         0x07fd2ce8   Data           1  port_kbd.o(.bss)
    kbd_scandata                             0x07fd2ce9   Data           4  port_kbd.o(.bss)
    kbd_new_scandata                         0x07fd2ced   Data           4  port_kbd.o(.bss)
    kbd_active_row                           0x07fd2cf1   Data           4  port_kbd.o(.bss)
    scan_cycle_time                          0x07fd2cf8   Data           4  port_kbd.o(.bss)
    scan_cycle_time_last                     0x07fd2cfc   Data           4  port_kbd.o(.bss)
    kbd_bounce_rows                          0x07fd2d00   Data           4  port_kbd.o(.bss)
    kbd_bounce_intersections                 0x07fd2d04   Data          10  port_kbd.o(.bss)
    kbd_bounce_counters                      0x07fd2d0e   Data          10  port_kbd.o(.bss)
    attribute_handle                         0x07fd2d18   Data           4  port_multi_bond.o(.bss)
    stream_cpt_event                         0x07fd2d1c   Data           1  port_stream.o(.bss)
    transmitting_data                        0x07fd2d1d   Data           1  port_stream.o(.bss)
    asynch_flag                              0x07fd2d1e   Data           1  port_stream.o(.bss)
    ret_mode_for_non_ret_heap                0x07fd2d20   Data           1  arch_main.o(retention_mem_area0)
    ret_mode                                 0x07fd2d21   Data           1  arch_main.o(retention_mem_area0)
    ret_mode_for_ret_data                    0x07fd2d22   Data           1  arch_main.o(retention_mem_area0)
    reinit_non_ret_heap                      0x07fd2d23   Data           1  arch_main.o(retention_mem_area0)
    code_size                                0x07fd2d24   Data           4  arch_main.o(retention_mem_area0)
    sys_startup_flag                         0x07fd2d30   Data           1  arch_system.o(retention_mem_area0)
    rcx_cal_in_progress                      0x07fd2d31   Data           1  arch_system.o(retention_mem_area0)
    force_rf_cal                             0x07fd2d32   Data           1  arch_system.o(retention_mem_area0)
    last_temp_count                          0x07fd2d34   Data           2  arch_system.o(retention_mem_area0)
    arch_wkupct_deb_time                     0x07fd2d36   Data           2  arch_system.o(retention_mem_area0)
    iq_trim_bias_ctrl1_reg                   0x07fd2d38   Data           2  arch_system.o(retention_mem_area0)
    iq_trim_rf_mixer_ctrl1_reg               0x07fd2d3a   Data           2  arch_system.o(retention_mem_area0)
    last_temp_time                           0x07fd2d3c   Data           4  arch_system.o(retention_mem_area0)
    lp_clk_sel                               0x07fd2d40   Data           4  arch_system.o(retention_mem_area0)
    rcx_freq                                 0x07fd2d44   Data           4  arch_system.o(retention_mem_area0)
    rcx_period                               0x07fd2d48   Data           4  arch_system.o(retention_mem_area0)
    dev_bdaddr                               0x07fd2d4c   Data           6  arch_system.o(retention_mem_area0)
    rcx_slot_duration                        0x07fd2d58   Data           8  arch_system.o(retention_mem_area0)
    wkupct_quad_IRQ_status                   0x07fd2d84   Data           1  wkupct_quadec.o(retention_mem_area0)
    arch_rwble_last_event                    0x07fd2d94   Data           1  rwble.o(retention_mem_area0)
    set_boost_low_vbat1v_overhead            0x07fd2d95   Data           1  rwble.o(retention_mem_area0)
    skip_slave_latency_flag                  0x07fd2d96   Data           1  rwble.o(retention_mem_area0)
    packets_per_event                        0x07fd2d97   Data           1  rwble.o(retention_mem_area0)
    good_packets_per_event                   0x07fd2d98   Data           1  rwble.o(retention_mem_area0)
    max_packets_per_event                    0x07fd2d99   Data           1  rwble.o(retention_mem_area0)
    clk_freq_trim_reg_value                  0x07fd2d9a   Data           2  rwble.o(retention_mem_area0)
    ble_throughput_rx_err                    0x07fd2d9c   Data           4  rwble.o(retention_mem_area0)
    ble_throughput_rx_pkt                    0x07fd2da0   Data           4  rwble.o(retention_mem_area0)
    ble_finetim_corr                         0x07fd2da4   Data           4  rwble.o(retention_mem_area0)
    retained_BLE_EM_BASE_REG                 0x07fd2da8   Data           4  rwip.o(retention_mem_area0)
    prf_env                                  0x07fd2dac   Data         120  prf.o(retention_mem_area0)
    app_env                                  0x07fd2e3c   Data          12  app.o(retention_mem_area0)
    app_prf_srv_perm                         0x07fd2e48   Data          20  app.o(retention_mem_area0)
    app_state                                0x07fd2e5c   Data           1  app_task.o(retention_mem_area0)
    app_sec_env                              0x07fd2e5e   Data          74  app_security.o(retention_mem_area0)
    cur_batt_level                           0x07fd2ea8   Data           1  app_bass.o(retention_mem_area0)
    batt_alert_en                            0x07fd2ea9   Data           1  app_bass.o(retention_mem_area0)
    bat_led_state                            0x07fd2eaa   Data           1  app_bass.o(retention_mem_area0)
    bat_lvl_alert_used                       0x07fd2eab   Data           1  app_bass.o(retention_mem_area0)
    bat_led_port                             0x07fd2eac   Data           1  app_bass.o(retention_mem_area0)
    bat_led_pin                              0x07fd2ead   Data           1  app_bass.o(retention_mem_area0)
    bat_poll_timeout                         0x07fd2eae   Data           2  app_bass.o(retention_mem_area0)
    suota_state                              0x07fd2eb0   Data          44  app_suotar.o(retention_mem_area0)
    suota_all_pd                             0x07fd2edc   Data         512  app_suotar.o(retention_mem_area0)
    system_initialized                       0x07fd315c   Data           1  user_rcu.o(retention_mem_area0)
    last_connection_idx                      0x07fd315d   Data           1  user_rcu.o(retention_mem_area0)
    user_sync_key_press_evt                  0x07fd315e   Data           1  user_rcu.o(retention_mem_area0)
    user_suota_in_progress                   0x07fd315f   Data           1  user_rcu.o(retention_mem_area0)
    user_hid_report_normal_full_release_pending 0x07fd3160   Data           1  user_rcu.o(retention_mem_area0)
    user_hid_report_extended_full_release_pending 0x07fd3161   Data           1  user_rcu.o(retention_mem_area0)
    user_reset_inactivity_triggered          0x07fd3162   Data           1  user_rcu.o(retention_mem_area0)
    user_connection_params                   0x07fd3164   Data           6  user_rcu.o(retention_mem_area0)
    user_audio_samples_available             0x07fd316c   Data           1  user_rcu_audio.o(retention_mem_area0)
    stop_when_buffer_empty                   0x07fd316d   Data           1  user_rcu_audio.o(retention_mem_area0)
    user_audio_force_custom_bitrate          0x07fd316e   Data           1  user_rcu_audio.o(retention_mem_area0)
    audio_control_packet_pending             0x07fd316f   Data           1  user_rcu_audio.o(retention_mem_area0)
    user_max_att_packet_size                 0x07fd3170   Data           2  user_rcu_audio.o(retention_mem_area0)
    user_fixed_att_packet_size               0x07fd3172   Data           2  user_rcu_audio.o(retention_mem_area0)
    user_audio_packet_size                   0x07fd3174   Data           2  user_rcu_audio.o(retention_mem_area0)
    user_mtu_size                            0x07fd3176   Data           2  user_rcu_audio.o(retention_mem_area0)
    user_audio_data_hdl                      0x07fd3178   Data           2  user_rcu_audio.o(retention_mem_area0)
    user_audio_ctrl_in_hdl                   0x07fd317a   Data           2  user_rcu_audio.o(retention_mem_area0)
    audio_control_packet_length              0x07fd317c   Data           2  user_rcu_audio.o(retention_mem_area0)
    adpcm_env                                0x07fd3180   Data          16  user_rcu_audio.o(retention_mem_area0)
    audio_control_packet_data                0x07fd3190   Data          20  user_rcu_audio.o(retention_mem_area0)
    user_fn_locked                           0x07fd31a4   Data           1  user_rcu_kbd.o(retention_mem_area0)
    conn_timer_remaining                     0x07fd31a8   Data           4  user_pwr_mgr.o(retention_mem_area0)
    hogpd_conidx                             0x07fd31ac   Data           1  app_hogpd.o(retention_mem_area0)
    report_ntf                               0x07fd31ae   Data           2  app_hogpd.o(retention_mem_area0)
    adv_pending_event                        0x07fd31b0   Data           1  app_adv_fsm.o(retention_mem_area0)
    current_adv_state                        0x07fd31b1   Data           1  app_adv_fsm.o(retention_mem_area0)
    adv_und_filter_policy                    0x07fd31b2   Data           1  app_adv_fsm.o(retention_mem_area0)
    adv_fsm_next_notification                0x07fd31b3   Data           1  app_adv_fsm.o(retention_mem_area0)
    app_adv_data_length                      0x07fd31b4   Data           1  app_adv_fsm.o(retention_mem_area0)
    app_scanrsp_data_length                  0x07fd31b5   Data           1  app_adv_fsm.o(retention_mem_area0)
    directed_adv_repeat_counter              0x07fd31b8   Data           4  app_adv_fsm.o(retention_mem_area0)
    app_adv_bd_address                       0x07fd31bc   Data           6  app_adv_fsm.o(retention_mem_area0)
    app_adv_data                             0x07fd31c2   Data          28  app_adv_fsm.o(retention_mem_area0)
    app_scanrsp_data                         0x07fd31de   Data          31  app_adv_fsm.o(retention_mem_area0)
    app_audio_started                        0x07fd31fd   Data           1  app_audio.o(retention_mem_area0)
    adpcm_mode                               0x07fd31fe   Data           1  app_audio.o(retention_mem_area0)
    current_fsm_state                        0x07fd31ff   Data           1  app_con_fsm.o(retention_mem_area0)
    app_con_fsm_last_queued_adv              0x07fd3200   Data           1  app_con_fsm.o(retention_mem_area0)
    ble_async_tasks                          0x07fd3201   Data           1  app_con_fsm.o(retention_mem_area0)
    non_ble_async_tasks                      0x07fd3202   Data           1  app_con_fsm.o(retention_mem_area0)
    nv_rom_is_read                           0x07fd3203   Data           1  app_con_fsm.o(retention_mem_area0)
    conn_upd_pending                         0x07fd3204   Data           1  app_con_fsm.o(retention_mem_area0)
    multi_bond_enabled                       0x07fd3205   Data           1  app_con_fsm.o(retention_mem_area0)
    directed_adv_permitted                   0x07fd3206   Data           1  app_con_fsm.o(retention_mem_area0)
    app_con_fsm_advertising                  0x07fd3207   Data           1  app_con_fsm.o(retention_mem_area0)
    app_con_fsm_running_timer_type           0x07fd3208   Data           1  app_con_fsm.o(retention_mem_area0)
    extended_key_report_st                   0x07fd320c   Data           3  app_hid_report.o(retention_mem_area0)
    report_trm_list                          0x07fd3210   Data           4  app_hid_report.o(retention_mem_area0)
    report_free_list                         0x07fd3214   Data           4  app_hid_report.o(retention_mem_area0)
    normal_key_report_st                     0x07fd3218   Data           8  app_hid_report.o(retention_mem_area0)
    report_list                              0x07fd3220   Data         128  app_hid_report.o(retention_mem_area0)
    hid_report                               0x07fd32a0   Data          64  app_hid_report.o(retention_mem_area0)
    roll_over_info                           0x07fd32e0   Data          20  app_hid_report.o(retention_mem_area0)
    kbd_reports_en                           0x07fd32f4   Data           1  app_kbd.o(retention_mem_area0)
    kbd_keycode_buffer_head                  0x07fd32f5   Data           1  app_kbd.o(retention_mem_area0)
    kbd_keycode_buffer_tail                  0x07fd32f6   Data           1  app_kbd.o(retention_mem_area0)
    keycode_buf_overflow                     0x07fd32f7   Data           1  app_kbd.o(retention_mem_area0)
    fn_locked                                0x07fd32f8   Data           1  app_kbd.o(retention_mem_area0)
    key_pressed_after_fn_lock                0x07fd32f9   Data           1  app_kbd.o(retention_mem_area0)
    kbd_fn_modifier                          0x07fd32fa   Data           1  app_kbd.o(retention_mem_area0)
    passcode                                 0x07fd32fc   Data           4  app_kbd.o(retention_mem_area0)
    multi_key_pressed                        0x07fd3300   Data           8  app_kbd.o(retention_mem_area0)
    kbd_keycode_buffer                       0x07fd3308   Data          96  app_kbd.o(retention_mem_area0)
    stream_first_packets                     0x07fd3368   Data           1  app_stream.o(retention_mem_area0)
    stream_packet_size                       0x07fd3369   Data           1  app_stream.o(retention_mem_area0)
    stream_ignore_packet_size                0x07fd336a   Data           1  app_stream.o(retention_mem_area0)
    app_stream_env                           0x07fd336c   Data           4  app_stream.o(retention_mem_area0)
    app_stream_fifo                          0x07fd3370   Data          32  app_stream.o(retention_mem_area0)
    current_scan_state                       0x07fd3390   Data           1  port_kbd.o(retention_mem_area0)
    monitor_kbd_delayed_start_st             0x07fd3391   Data           1  port_kbd.o(retention_mem_area0)
    trigger_kbd_delayed_start_st             0x07fd3392   Data           1  port_kbd.o(retention_mem_area0)
    multi_bond_status                        0x07fd3398   Data           1  port_multi_bond.o(retention_mem_area0)
    multi_bond_active_peer_pos               0x07fd3399   Data           1  port_multi_bond.o(retention_mem_area0)
    multi_bond_next_peer_pos                 0x07fd339a   Data           1  port_multi_bond.o(retention_mem_area0)
    multi_bond_resolved_peer_pos             0x07fd339b   Data           1  port_multi_bond.o(retention_mem_area0)
    bond_usage                               0x07fd339c   Data           3  port_multi_bond.o(retention_mem_area0)
    bond_array                               0x07fd33a0   Data         180  port_multi_bond.o(retention_mem_area0)
    bond_info                                0x07fd3454   Data          60  port_multi_bond.o(retention_mem_area0)
    alt_dev_bdaddr                           0x07fd3490   Data           6  port_multi_bond.o(retention_mem_area0)
    port_timer_hnds                          0x07fd3496   Data           7  port_timer.o(retention_mem_area0)
    wkup_channel_enabled                     0x07fd34a0   Data           1  port_wkup.o(retention_mem_area0)
    wkup_pin_config                          0x07fd34a4   Data           4  port_wkup.o(retention_mem_area0)
    wkup_pol_config                          0x07fd34a8   Data           4  port_wkup.o(retention_mem_area0)
    wkup_mask                                0x07fd34ac   Data           4  port_wkup.o(retention_mem_area0)
    calcap_minmax                            0x07fd34b0   Data           1  pll_vcocal_lut.o(retention_mem_area0)
    vcocal_ctrl_reg_val                      0x07fd34b2   Data           2  pll_vcocal_lut.o(retention_mem_area0)
    vco_calcap_ranges                        0x07fd34b4   Data          16  pll_vcocal_lut.o(retention_mem_area0)
    rf_cal_cap                               0x07fd34c4   Data          20  pll_vcocal_lut.o(retention_mem_area0)
    rwip_heap_db_ret                         0x07fd34d8   Data        2572  jump_table.o(heap_db_area)
    rwip_heap_env_ret                        0x07fd3ee4   Data         628  jump_table.o(heap_env_area)
    dummy                                    0x07fd4000   Data           0  da14585_symbols.txt ABSOLUTE
    rwip_heap_msg_ret                        0x07fd4158   Data        3084  jump_table.o(heap_msg_area)
    ble_wakeup_executed                      0x07fd7600   Data           0  da14585_symbols.txt ABSOLUTE
    rf_in_sleep                              0x07fd7601   Data           0  da14585_symbols.txt ABSOLUTE
    custom_preinit                           0x07fd7604   Data           0  da14585_symbols.txt ABSOLUTE
    custom_postinit                          0x07fd7608   Data           0  da14585_symbols.txt ABSOLUTE
    custom_appinit                           0x07fd760c   Data           0  da14585_symbols.txt ABSOLUTE
    custom_preloop                           0x07fd7610   Data           0  da14585_symbols.txt ABSOLUTE
    custom_preschedule                       0x07fd7614   Data           0  da14585_symbols.txt ABSOLUTE
    custom_postschedule                      0x07fd7618   Data           0  da14585_symbols.txt ABSOLUTE
    custom_postschedule_async                0x07fd761c   Data           0  da14585_symbols.txt ABSOLUTE
    custom_presleepcheck                     0x07fd7620   Data           0  da14585_symbols.txt ABSOLUTE
    custom_appsleepset                       0x07fd7624   Data           0  da14585_symbols.txt ABSOLUTE
    custom_postsleepcheck                    0x07fd7628   Data           0  da14585_symbols.txt ABSOLUTE
    custom_presleepenter                     0x07fd762c   Data           0  da14585_symbols.txt ABSOLUTE
    custom_postsleepexit                     0x07fd7630   Data           0  da14585_symbols.txt ABSOLUTE
    custom_prewakeup                         0x07fd7634   Data           0  da14585_symbols.txt ABSOLUTE
    custom_postwakeup                        0x07fd7638   Data           0  da14585_symbols.txt ABSOLUTE
    custom_preidlecheck                      0x07fd763c   Data           0  da14585_symbols.txt ABSOLUTE
    custom_pti_set                           0x07fd7640   Data           0  da14585_symbols.txt ABSOLUTE
    REG_BLE_EM_TX_BUFFER_SIZE                0x07fd7644   Data           0  da14585_symbols.txt ABSOLUTE
    REG_BLE_EM_RX_BUFFER_SIZE                0x07fd7648   Data           0  da14585_symbols.txt ABSOLUTE
    _ble_base                                0x07fd764c   Data           0  da14585_symbols.txt ABSOLUTE
    gap_cfg_user                             0x07fd7650   Data           0  da14585_symbols.txt ABSOLUTE
    rom_func_addr_table                      0x07fd7654   Data           0  da14585_symbols.txt ABSOLUTE
    rom_cfg_table                            0x07fd7658   Data           0  da14585_symbols.txt ABSOLUTE
    BLE_TX_DESC_DATA_USER                    0x07fd765c   Data           0  da14585_symbols.txt ABSOLUTE
    BLE_TX_DESC_CNTL_USER                    0x07fd7660   Data           0  da14585_symbols.txt ABSOLUTE
    LLM_LE_ADV_DUMMY_IDX                     0x07fd7664   Data           0  da14585_symbols.txt ABSOLUTE
    LLM_LE_SCAN_CON_REQ_ADV_DIR_IDX          0x07fd7668   Data           0  da14585_symbols.txt ABSOLUTE
    LLM_LE_SCAN_RSP_IDX                      0x07fd766c   Data           0  da14585_symbols.txt ABSOLUTE
    LLM_LE_ADV_IDX                           0x07fd7670   Data           0  da14585_symbols.txt ABSOLUTE
    length_exchange_needed                   0x07fd7674   Data           0  da14585_symbols.txt ABSOLUTE
    enh_con_cmp_cnt                          0x07fd7678   Data           0  da14585_symbols.txt ABSOLUTE
    rx_pkt_cnt                               0x07fd7680   Data           0  da14585_symbols.txt ABSOLUTE
    rx_pkt_cnt_bad                           0x07fd7684   Data           0  da14585_symbols.txt ABSOLUTE
    rx_pkt_cnt_bad_adv                       0x07fd7688   Data           0  da14585_symbols.txt ABSOLUTE
    rx_pkt_cnt_bad_scn                       0x07fd768c   Data           0  da14585_symbols.txt ABSOLUTE
    rx_pkt_cnt_bad_oth                       0x07fd7690   Data           0  da14585_symbols.txt ABSOLUTE
    rx_pkt_cnt_bad_wo_sync_err               0x07fd7694   Data           0  da14585_symbols.txt ABSOLUTE
    rx_pkt_cnt_bad_con                       0x07fd7698   Data           0  da14585_symbols.txt ABSOLUTE
    connect_req_cnt                          0x07fd769c   Data           0  da14585_symbols.txt ABSOLUTE
    last_status                              0x07fd76a0   Data           0  da14585_symbols.txt ABSOLUTE
    llc_state                                0x07fd76a4   Data           0  da14585_symbols.txt ABSOLUTE
    lld_sleep_env                            0x07fd76ac   Data           0  da14585_symbols.txt ABSOLUTE
    lld_wlcoex_enable                        0x07fd76b0   Data           0  da14585_symbols.txt ABSOLUTE
    ble_duplicate_filter_max                 0x07fd76b4   Data           0  da14585_symbols.txt ABSOLUTE
    ble_duplicate_filter_found               0x07fd76b5   Data           0  da14585_symbols.txt ABSOLUTE
    alter_conn_adv_all_cnt                   0x07fd76b8   Data           0  da14585_symbols.txt ABSOLUTE
    alter_conn_adv_dir_cnt                   0x07fd76bc   Data           0  da14585_symbols.txt ABSOLUTE
    alter_conn_adv_cnt                       0x07fd76c0   Data           0  da14585_symbols.txt ABSOLUTE
    create_conn_cnt                          0x07fd76c4   Data           0  da14585_symbols.txt ABSOLUTE
    alter_conn_cnt                           0x07fd76c8   Data           0  da14585_symbols.txt ABSOLUTE
    alter_conn_restart_cnt                   0x07fd76cc   Data           0  da14585_symbols.txt ABSOLUTE
    alter_conn_peer_addr                     0x07fd76d0   Data           0  da14585_symbols.txt ABSOLUTE
    alter_conn_local_addr                    0x07fd76d6   Data           0  da14585_symbols.txt ABSOLUTE
    set_adv_data_discard_old                 0x07fd76dc   Data           0  da14585_symbols.txt ABSOLUTE
    llm_resolving_list_max                   0x07fd76dd   Data           0  da14585_symbols.txt ABSOLUTE
    llm_bt_env                               0x07fd76de   Data           0  da14585_symbols.txt ABSOLUTE
    init_tx_cnt_cntl_cnt1                    0x07fd76e8   Data           0  da14585_symbols.txt ABSOLUTE
    init_tx_cnt_cntl_cnt                     0x07fd76ec   Data           0  da14585_symbols.txt ABSOLUTE
    tx_cnt_cntl_cnt                          0x07fd76f0   Data           0  da14585_symbols.txt ABSOLUTE
    llm_state                                0x07fd76f4   Data           0  da14585_symbols.txt ABSOLUTE
    gtl_state                                0x07fd76f8   Data           0  da14585_symbols.txt ABSOLUTE
    use_h4tl                                 0x07fd76f9   Data           0  da14585_symbols.txt ABSOLUTE
    hci_cmd_desc_root_tab                    0x07fd76fc   Data           0  da14585_symbols.txt ABSOLUTE
    gattc_state                              0x07fd772c   Data           0  da14585_symbols.txt ABSOLUTE
    gattm_state                              0x07fd7734   Data           0  da14585_symbols.txt ABSOLUTE
    l2cc_state                               0x07fd7735   Data           0  da14585_symbols.txt ABSOLUTE
    l2cm_env                                 0x07fd773e   Data           0  da14585_symbols.txt ABSOLUTE
    gapc_state                               0x07fd7744   Data           0  da14585_symbols.txt ABSOLUTE
    gapm_state                               0x07fd774c   Data           0  da14585_symbols.txt ABSOLUTE
    ecdh_key_creation_in_progress            0x07fd7750   Data           0  da14585_symbols.txt ABSOLUTE
    ke_free_bad                              0x07fd7754   Data           0  da14585_symbols.txt ABSOLUTE
    rwip_env                                 0x07fd7758   Data           0  da14585_symbols.txt ABSOLUTE
    ble_reg_save                             0x07fd7764   Data           0  da14585_symbols.txt ABSOLUTE
    sleep_env                                0x07fd77b4   Data           0  da14585_symbols.txt ABSOLUTE
    uart_env                                 0x07fd77b8   Data           0  da14585_symbols.txt ABSOLUTE
    ke_mem_heaps_used                        0x07fd77dc   Data           0  da14585_symbols.txt ABSOLUTE
    co_buf_env                               0x07fd77e0   Data           0  da14585_symbols.txt ABSOLUTE
    llc_env                                  0x07fd7918   Data           0  da14585_symbols.txt ABSOLUTE
    lld_evt_env                              0x07fd7938   Data           0  da14585_symbols.txt ABSOLUTE
    llm_le_env                               0x07fd7964   Data           0  da14585_symbols.txt ABSOLUTE
    llm_resolving_list                       0x07fd7a60   Data           0  da14585_symbols.txt ABSOLUTE
    ea_env                                   0x07fd7cb8   Data           0  da14585_symbols.txt ABSOLUTE
    gtl_env                                  0x07fd7cf8   Data           0  da14585_symbols.txt ABSOLUTE
    hci_env                                  0x07fd7d40   Data           0  da14585_symbols.txt ABSOLUTE
    h4tl_env                                 0x07fd7d50   Data           0  da14585_symbols.txt ABSOLUTE
    gattc_env                                0x07fd7d68   Data           0  da14585_symbols.txt ABSOLUTE
    gattm_env                                0x07fd7d88   Data           0  da14585_symbols.txt ABSOLUTE
    l2cc_env                                 0x07fd7dac   Data           0  da14585_symbols.txt ABSOLUTE
    ecdh_key                                 0x07fd7dcc   Data           0  da14585_symbols.txt ABSOLUTE
    gapc_env                                 0x07fd7e2c   Data           0  da14585_symbols.txt ABSOLUTE
    gapm_env                                 0x07fd7e4c   Data           0  da14585_symbols.txt ABSOLUTE
    ke_env                                   0x07fd7e78   Data           0  da14585_symbols.txt ABSOLUTE
    rwip_rf                                  0x07fd7fb4   Data           0  da14585_symbols.txt ABSOLUTE
    timer0_ctrl_reg                          0x50003400   Data           2  timer0.o(.ARM.__AT_0x50003400)
    triple_pwm_ctrl_reg                      0x50003410   Data           2  timer2.o(.ARM.__AT_0x50003410)



==============================================================================

Memory Map of the image

  Image Entry point : 0x07fc0511

  Load Region LR_IROM1 (Base: 0x07fc0000, Size: 0x000000a0, Max: 0x000000c0, ABSOLUTE)

    Execution Region ER_IROM1 (Exec base: 0x07fc0000, Load base: 0x07fc0000, Size: 0x000000a0, Max: 0x000000c0, ABSOLUTE)

    Exec Addr    Load Addr    Size         Type   Attr      Idx    E Section Name        Object

    0x07fc0000   0x07fc0000   0x000000a0   Data   RO          198    RESET               boot_vectors.o



  Load Region LR_IROM2 (Base: 0x07fc00c0, Size: 0x00000000, Max: 0x00000050, ABSOLUTE)

    Execution Region ER_IROM2 (Exec base: 0x07fc00c0, Load base: 0x07fc00c0, Size: 0x00000050, Max: 0x00000050, ABSOLUTE)

    Exec Addr    Load Addr    Size         Type   Attr      Idx    E Section Name        Object

    0x07fc00c0        -       0x00000050   Zero   RW            1    ER_IROM2.bss        anon$$obj.o



  Load Region LR_TRNG_ZI (Base: 0x07fc0110, Size: 0x00000000, Max: 0x00000400, ABSOLUTE)

    Execution Region ER_TRNG_ZI (Exec base: 0x07fc0110, Load base: 0x07fc0110, Size: 0x00000400, Max: 0x00000400, ABSOLUTE)

    Exec Addr    Load Addr    Size         Type   Attr      Idx    E Section Name        Object

    0x07fc0110        -       0x00000400   Zero   RW         1205    trng_buffer_area_zi  trng.o



  Load Region LR_IROM3 (Base: 0x07fc0510, Size: 0x0000de48, Max: 0x000162f0, ABSOLUTE)

    Execution Region ER_IROM3 (Exec base: 0x07fc0510, Load base: 0x07fc0510, Size: 0x0000de48, Max: 0x000162f0, ABSOLUTE)

    Exec Addr    Load Addr    Size         Type   Attr      Idx    E Section Name        Object

    0x07fc0510   0x07fc0510   0x00000000   Code   RO         3502  * .ARM.Collect$$$$00000000  mc_p.l(entry.o)
    0x07fc0510   0x07fc0510   0x00000004   Code   RO         3505    .ARM.Collect$$$$00000001  mc_p.l(entry2.o)
    0x07fc0514   0x07fc0514   0x00000004   Code   RO         3508    .ARM.Collect$$$$00000004  mc_p.l(entry5.o)
    0x07fc0518   0x07fc0518   0x00000000   Code   RO         3510    .ARM.Collect$$$$00000008  mc_p.l(entry7b.o)
    0x07fc0518   0x07fc0518   0x00000000   Code   RO         3512    .ARM.Collect$$$$0000000A  mc_p.l(entry8b.o)
    0x07fc0518   0x07fc0518   0x00000008   Code   RO         3513    .ARM.Collect$$$$0000000B  mc_p.l(entry9a.o)
    0x07fc0520   0x07fc0520   0x00000004   Code   RO         3520    .ARM.Collect$$$$0000000E  mc_p.l(entry12b.o)
    0x07fc0524   0x07fc0524   0x00000000   Code   RO         3515    .ARM.Collect$$$$0000000F  mc_p.l(entry10a.o)
    0x07fc0524   0x07fc0524   0x00000000   Code   RO         3517    .ARM.Collect$$$$00000011  mc_p.l(entry11a.o)
    0x07fc0524   0x07fc0524   0x00000004   Code   RO         3506    .ARM.Collect$$$$00002712  mc_p.l(entry2.o)
    0x07fc0528   0x07fc0528   0x00000058   Code   RO            2    .text               system_armcm0.o
    0x07fc0580   0x07fc0580   0x00000050   Code   RO          199    .text               boot_vectors.o
    0x07fc05d0   0x07fc05d0   0x00000018   Code   RO          204    .text               hardfault_handler.o
    0x07fc05e8   0x07fc05e8   0x00000038   Code   RO          241    .text               nmi_handler.o
    0x07fc0620   0x07fc0620   0x000000c8   Code   RO          317    .text               nvds.o
    0x07fc06e8   0x07fc06e8   0x00000298   Code   RO          335    .text               arch_main.o
    0x07fc0980   0x07fc0980   0x00000044   Code   RO          628    .text               jump_table.o
    0x07fc09c4   0x07fc09c4   0x000001cc   Code   RO          681    .text               arch_sleep.o
    0x07fc0b90   0x07fc0b90   0x00000470   Code   RO          702    .text               arch_system.o
    0x07fc1000   0x07fc1000   0x000000c8   Code   RO          780    .text               arch_rom.o
    0x07fc10c8   0x07fc10c8   0x00000128   Code   RO          800    .text               adc.o
    0x07fc11f0   0x07fc11f0   0x00000124   Code   RO          816    .text               battery.o
    0x07fc1314   0x07fc1314   0x00000398   Code   RO          836    .text               dma.o
    0x07fc16ac   0x07fc16ac   0x00000368   Code   RO          856    .text               gpio.o
    0x07fc1a14   0x07fc1a14   0x00000494   Code   RO          878    .text               hw_otpc.o
    0x07fc1ea8   0x07fc1ea8   0x00000354   Code   RO          929    .text               pdm.o
    0x07fc21fc   0x07fc21fc   0x00000140   Code   RO          952    .text               pdm_mic.o
    0x07fc233c   0x07fc233c   0x00000148   Code   RO          988    .text               spi.o
    0x07fc2484   0x07fc2484   0x00000524   Code   RO         1007    .text               spi_flash.o
    0x07fc29a8   0x07fc29a8   0x00000044   Code   RO         1027    .text               syscntl.o
    0x07fc29ec   0x07fc29ec   0x0000008c   Code   RO         1042    .text               systick.o
    0x07fc2a78   0x07fc2a78   0x00000080   Code   RO         1061    .text               timer0.o
    0x07fc2af8   0x07fc2af8   0x000001ac   Code   RO         1204    .text               trng.o
    0x07fc2ca4   0x07fc2ca4   0x0000022c   Code   RO         1221    .text               uart2.o
    0x07fc2ed0   0x07fc2ed0   0x00000218   Code   RO         1245    .text               wkupct_quadec.o
    0x07fc30e8   0x07fc30e8   0x000001a4   Code   RO         1288    .text               rf_585.o
    0x07fc328c   0x07fc328c   0x000002ec   Code   RO         1322    .text               rwble.o
    0x07fc3578   0x07fc3578   0x000001b0   Code   RO         1433    .text               rwip.o
    0x07fc3728   0x07fc3728   0x000001e4   Code   RO         1466    .text               attm_db_128.o
    0x07fc390c   0x07fc390c   0x000003ac   Code   RO         1499    .text               bass.o
    0x07fc3cb8   0x07fc3cb8   0x000002a4   Code   RO         1560    .text               bass_task.o
    0x07fc3f5c   0x07fc3f5c   0x00000120   Code   RO         1624    .text               custom_common.o
    0x07fc407c   0x07fc407c   0x00000120   Code   RO         1645    .text               custs1.o
    0x07fc419c   0x07fc419c   0x00000480   Code   RO         1717    .text               custs1_task.o
    0x07fc461c   0x07fc461c   0x00000174   Code   RO         1791    .text               diss.o
    0x07fc4790   0x07fc4790   0x000001d0   Code   RO         1817    .text               diss_task.o
    0x07fc4960   0x07fc4960   0x00000808   Code   RO         1860    .text               hogpd.o
    0x07fc5168   0x07fc5168   0x0000063c   Code   RO         1875    .text               hogpd_task.o
    0x07fc57a4   0x07fc57a4   0x00000060   Code   RO         1899    .text               prf_utils.o
    0x07fc5804   0x07fc5804   0x0000022c   Code   RO         1921    .text               prf.o
    0x07fc5a30   0x07fc5a30   0x00000358   Code   RO         1955    .text               suotar.o
    0x07fc5d88   0x07fc5d88   0x00000310   Code   RO         1976    .text               suotar_task.o
    0x07fc6098   0x07fc6098   0x00000140   Code   RO         1994    .text               app_default_handlers.o
    0x07fc61d8   0x07fc61d8   0x0000071c   Code   RO         2023    .text               app.o
    0x07fc68f4   0x07fc68f4   0x000002c0   Code   RO         2057    .text               app_task.o
    0x07fc6bb4   0x07fc6bb4   0x00000104   Code   RO         2088    .text               app_security.o
    0x07fc6cb8   0x07fc6cb8   0x00000188   Code   RO         2112    .text               app_bass.o
    0x07fc6e40   0x07fc6e40   0x000000a8   Code   RO         2138    .text               app_bass_task.o
    0x07fc6ee8   0x07fc6ee8   0x0000003c   Code   RO         2164    .text               app_diss.o
    0x07fc6f24   0x07fc6f24   0x00000110   Code   RO         2179    .text               app_diss_task.o
    0x07fc7034   0x07fc7034   0x0000061c   Code   RO         2199    .text               app_suotar.o
    0x07fc7650   0x07fc7650   0x0000010c   Code   RO         2222    .text               app_suotar_task.o
    0x07fc775c   0x07fc775c   0x00000088   Code   RO         2243    .text               app_entry_point.o
    0x07fc77e4   0x07fc77e4   0x00000040   Code   RO         2338    .text               app_msg_utils.o
    0x07fc7824   0x07fc7824   0x000000f4   Code   RO         2355    .text               app_easy_msg_utils.o
    0x07fc7918   0x07fc7918   0x000002b4   Code   RO         2370    .text               app_easy_security.o
    0x07fc7bcc   0x07fc7bcc   0x000002ac   Code   RO         2391    .text               app_easy_timer.o
    0x07fc7e78   0x07fc7e78   0x00000064   Code   RO         2405    .text               app_customs.o
    0x07fc7edc   0x07fc7edc   0x00000018   Code   RO         2432    .text               app_customs_task.o
    0x07fc7ef4   0x07fc7ef4   0x00000600   Code   RO         2447    .text               user_rcu.o
    0x07fc84f4   0x07fc84f4   0x00000710   Code   RO         2511    .text               user_rcu_audio.o
    0x07fc8c04   0x07fc8c04   0x00000084   Code   RO         2561    .text               user_rcu_kbd.o
    0x07fc8c88   0x07fc8c88   0x000000f8   Code   RO         2594    .text               user_modules.o
    0x07fc8d80   0x07fc8d80   0x00000040   Code   RO         2624    .text               user_pwr_mgr.o
    0x07fc8dc0   0x07fc8dc0   0x00000068   Code   RO         2646    .text               user_periph_setup_1.o
    0x07fc8e28   0x07fc8e28   0x00000194   Code   RO         2819    .text               app_hogpd_task.o
    0x07fc8fbc   0x07fc8fbc   0x0000015c   Code   RO         2838    .text               app_hogpd.o
    0x07fc9118   0x07fc9118   0x000003e4   Code   RO         2888    .text               app_adv_fsm.o
    0x07fc94fc   0x07fc94fc   0x00000204   Code   RO         2918    .text               app_audio.o
    0x07fc9700   0x07fc9700   0x00000294   Code   RO         2941    .text               app_audio_codec.o
    0x07fc9994   0x07fc9994   0x000007e8   Code   RO         2959    .text               app_con_fsm.o
    0x07fca17c   0x07fca17c   0x00000198   Code   RO         2995    .text               app_flash.o
    0x07fca314   0x07fca314   0x000004cc   Code   RO         3023    .text               app_hid_report.o
    0x07fca7e0   0x07fca7e0   0x00000500   Code   RO         3041    .text               app_kbd.o
    0x07fcace0   0x07fcace0   0x00000076   Code   RO         3075    .text               app_nv_prom.o
    0x07fcad56   0x07fcad56   0x000000a0   Code   RO         3088    .text               app_pairing.o
    0x07fcadf6   0x07fcadf6   0x00000002   PAD
    0x07fcadf8   0x07fcadf8   0x00000240   Code   RO         3106    .text               app_stream.o
    0x07fcb038   0x07fcb038   0x0000013c   Code   RO         3151    .text               port_adv_fsm.o
    0x07fcb174   0x07fcb174   0x00000184   Code   RO         3163    .text               port_audio.o
    0x07fcb2f8   0x07fcb2f8   0x00000110   Code   RO         3189    .text               port_con_fsm.o
    0x07fcb408   0x07fcb408   0x00000078   Code   RO         3208    .text               port_con_fsm_task.o
    0x07fcb480   0x07fcb480   0x00000880   Code   RO         3249    .text               port_kbd.o
    0x07fcbd00   0x07fcbd00   0x00000794   Code   RO         3302    .text               port_multi_bond.o
    0x07fcc494   0x07fcc494   0x00000150   Code   RO         3330    .text               port_platform.o
    0x07fcc5e4   0x07fcc5e4   0x000001d4   Code   RO         3364    .text               port_security.o
    0x07fcc7b8   0x07fcc7b8   0x000001a8   Code   RO         3385    .text               port_stream.o
    0x07fcc960   0x07fcc960   0x00000100   Code   RO         3405    .text               port_timer.o
    0x07fcca60   0x07fcca60   0x00000180   Code   RO         3440    .text               port_wkup.o
    0x07fccbe0   0x07fccbe0   0x0000007c   Code   RO         3459    .text               system_library.lib(patch.o)
    0x07fccc5c   0x07fccc5c   0x000000fc   Code   RO         3462    .text               system_library.lib(rf_calibration.o)
    0x07fccd58   0x07fccd58   0x000000e8   Code   RO         3463    .text               system_library.lib(rf_calibration.o)
    0x07fcce40   0x07fcce40   0x000001a8   Code   RO         3464    .text               system_library.lib(rf_calibration.o)
    0x07fccfe8   0x07fccfe8   0x00000024   Code   RO         3483    .text               system_library.lib(pll_vcocal_lut.o)
    0x07fcd00c   0x07fcd00c   0x00000060   Code   RO         3503    .text               mc_p.l(uldiv.o)
    0x07fcd06c   0x07fcd06c   0x00000022   Code   RO         3521    .text               mc_p.l(llushr.o)
    0x07fcd08e   0x07fcd08e   0x00000002   PAD
    0x07fcd090   0x07fcd090   0x00000024   Code   RO         3523    .text               mc_p.l(init.o)
    0x07fcd0b4   0x07fcd0b4   0x0000002e   Code   RO         3266    i.__ARM_clz         port_kbd.o
    0x07fcd0e2   0x07fcd0e2   0x00000030   Code   RO          717    i.__ARM_common_ll_muluu  arch_system.o
    0x07fcd112   0x07fcd112   0x0000000e   Code   RO         3527    i.__scatterload_copy  mc_p.l(handlers.o)
    0x07fcd120   0x07fcd120   0x00000002   Code   RO         3528    i.__scatterload_null  mc_p.l(handlers.o)
    0x07fcd122   0x07fcd122   0x0000000e   Code   RO         3529    i.__scatterload_zeroinit  mc_p.l(handlers.o)
    0x07fcd130   0x07fcd130   0x0000000e   Data   RO          318    .constdata          nvds.o
    0x07fcd13e   0x07fcd13e   0x00000002   PAD
    0x07fcd140   0x07fcd140   0x00000184   Data   RO          629    .constdata          jump_table.o
    0x07fcd2c4   0x07fcd2c4   0x000000bc   Data   RO          630    .constdata          jump_table.o
    0x07fcd380   0x07fcd380   0x0000005a   Data   RO          704    .constdata          arch_system.o
    0x07fcd3da   0x07fcd3da   0x00000002   PAD
    0x07fcd3dc   0x07fcd3dc   0x00000014   Data   RO          879    .constdata          hw_otpc.o
    0x07fcd3f0   0x07fcd3f0   0x00000078   Data   RO         1009    .constdata          spi_flash.o
    0x07fcd468   0x07fcd468   0x0000004c   Data   RO         1500    .constdata          bass.o
    0x07fcd4b4   0x07fcd4b4   0x00000030   Data   RO         1561    .constdata          bass_task.o
    0x07fcd4e4   0x07fcd4e4   0x00000008   Data   RO         1562    .constdata          bass_task.o
    0x07fcd4ec   0x07fcd4ec   0x00000010   Data   RO         1646    .constdata          custs1.o
    0x07fcd4fc   0x07fcd4fc   0x00000030   Data   RO         1718    .constdata          custs1_task.o
    0x07fcd52c   0x07fcd52c   0x00000008   Data   RO         1719    .constdata          custs1_task.o
    0x07fcd534   0x07fcd534   0x000000f4   Data   RO         1792    .constdata          diss.o
    0x07fcd628   0x07fcd628   0x00000018   Data   RO         1818    .constdata          diss_task.o
    0x07fcd640   0x07fcd640   0x00000008   Data   RO         1819    .constdata          diss_task.o
    0x07fcd648   0x07fcd648   0x00000124   Data   RO         1861    .constdata          hogpd.o
    0x07fcd76c   0x07fcd76c   0x00000040   Data   RO         1876    .constdata          hogpd_task.o
    0x07fcd7ac   0x07fcd7ac   0x00000008   Data   RO         1877    .constdata          hogpd_task.o
    0x07fcd7b4   0x07fcd7b4   0x000001e8   Data   RO         1962    .constdata          suotar.o
    0x07fcd99c   0x07fcd99c   0x00000020   Data   RO         1977    .constdata          suotar_task.o
    0x07fcd9bc   0x07fcd9bc   0x00000008   Data   RO         1978    .constdata          suotar_task.o
    0x07fcd9c4   0x07fcd9c4   0x000000f4   Data   RO         2024    .constdata          app.o
    0x07fcdab8   0x07fcdab8   0x0000005c   Data   RO         2059    .constdata          app_task.o
    0x07fcdb14   0x07fcdb14   0x00000008   Data   RO         2060    .constdata          app_task.o
    0x07fcdb1c   0x07fcdb1c   0x00000008   Data   RO         2061    .constdata          app_task.o
    0x07fcdb24   0x07fcdb24   0x00000028   Data   RO         2140    .constdata          app_bass_task.o
    0x07fcdb4c   0x07fcdb4c   0x00000008   Data   RO         2180    .constdata          app_diss_task.o
    0x07fcdb54   0x07fcdb54   0x00000020   Data   RO         2223    .constdata          app_suotar_task.o
    0x07fcdb74   0x07fcdb74   0x00000020   Data   RO         2244    .constdata          app_entry_point.o
    0x07fcdb94   0x07fcdb94   0x00000010   Data   RO         2595    .constdata          user_modules.o
    0x07fcdba4   0x07fcdba4   0x00000004   Data   RO         2596    .constdata          user_modules.o
    0x07fcdba8   0x07fcdba8   0x00000008   Data   RO         2597    .constdata          user_modules.o
    0x07fcdbb0   0x07fcdbb0   0x000000a8   Data   RO         2598    .constdata          user_modules.o
    0x07fcdc58   0x07fcdc58   0x000000b8   Data   RO         2821    .constdata          app_hogpd_task.o
    0x07fcdd10   0x07fcdd10   0x00000024   Data   RO         2840    .constdata          app_hogpd.o
    0x07fcdd34   0x07fcdd34   0x00000038   Data   RO         2858    .constdata          user_custs_config.o
    0x07fcdd6c   0x07fcdd6c   0x00000080   Data   RO         2889    .constdata          app_adv_fsm.o
    0x07fcddec   0x07fcddec   0x0000010e   Data   RO         2942    .constdata          app_audio_codec.o
    0x07fcdefa   0x07fcdefa   0x00000002   PAD
    0x07fcdefc   0x07fcdefc   0x00000030   Data   RO         2960    .constdata          app_con_fsm.o
    0x07fcdf2c   0x07fcdf2c   0x00000004   Data   RO         3000    .constdata          app_flash.o
    0x07fcdf30   0x07fcdf30   0x00000030   Data   RO         3025    .constdata          app_hid_report.o
    0x07fcdf60   0x07fcdf60   0x00000048   Data   RO         3042    .constdata          app_kbd.o
    0x07fcdfa8   0x07fcdfa8   0x0000001c   Data   RO         3166    .constdata          port_audio.o
    0x07fcdfc4   0x07fcdfc4   0x00000020   Data   RO         3251    .constdata          port_kbd.o
    0x07fcdfe4   0x07fcdfe4   0x00000030   Data   RO         3304    .constdata          port_multi_bond.o
    0x07fce014   0x07fce014   0x0000001c   Data   RO         3406    .constdata          port_timer.o
    0x07fce030   0x07fce030   0x00000018   Data   RO         3441    .constdata          port_wkup.o
    0x07fce048   0x07fce048   0x000000f8   Data   RO         3460    .constdata          system_library.lib(patch.o)
    0x07fce140   0x07fce140   0x00000016   Data   RO         3484    .constdata          system_library.lib(pll_vcocal_lut.o)
    0x07fce156   0x07fce156   0x00000002   PAD
    0x07fce158   0x07fce158   0x00000047   Data   RO         2867    .conststring        user_dlg_audio_svc_def.o
    0x07fce19f   0x07fce19f   0x00000001   PAD
    0x07fce1a0   0x07fce1a0   0x00000015   Data   RO         2891    .conststrlit        app_adv_fsm.o
    0x07fce1b5   0x07fce1b5   0x00000003   PAD
    0x07fce1b8   0x07fce1b8   0x00000040   Data   RO         3525    Region$$Table       anon$$obj.o
    0x07fce1f8   0x07fce1f8   0x00000004   Data   RW            3    .data               system_armcm0.o
    0x07fce1fc   0x07fce1fc   0x00000004   Data   RW          705    .data               arch_system.o
    0x07fce200   0x07fce200   0x00000010   Data   RW         2868    .data               user_dlg_audio_svc_def.o
    0x07fce210   0x07fce210   0x00000010   Data   RW         2869    .data               user_dlg_audio_svc_def.o
    0x07fce220   0x07fce220   0x00000010   Data   RW         2870    .data               user_dlg_audio_svc_def.o
    0x07fce230   0x07fce230   0x00000010   Data   RW         2871    .data               user_dlg_audio_svc_def.o
    0x07fce240   0x07fce240   0x00000002   Data   RW         2872    .data               user_dlg_audio_svc_def.o
    0x07fce242   0x07fce242   0x00000002   Data   RW         2873    .data               user_dlg_audio_svc_def.o
    0x07fce244   0x07fce244   0x00000002   Data   RW         2874    .data               user_dlg_audio_svc_def.o
    0x07fce246   0x07fce246   0x00000002   Data   RW         2875    .data               user_dlg_audio_svc_def.o
    0x07fce248   0x07fce248   0x000000f0   Data   RW         2876    .data               user_dlg_audio_svc_def.o
    0x07fce338   0x07fce338   0x00000018   Data   RW         3253    .data               port_kbd.o
    0x07fce350   0x07fce350   0x00000008   Data   RW         3387    .data               port_stream.o


    Execution Region ER_PRODTEST (Exec base: 0x07fce358, Load base: 0x07fce358, Size: 0x00000000, Max: 0xffffffff, ABSOLUTE, UNINIT)

    **** No section assigned to this execution region ****


    Execution Region ER_ZI (Exec base: 0x07fce358, Load base: 0x07fce358, Size: 0x0000070c, Max: 0xffffffff, ABSOLUTE)

    Exec Addr    Load Addr    Size         Type   Attr      Idx    E Section Name        Object

    0x07fce358        -       0x00000600   Zero   RW          196    STACK               boot_vectors.o
    0x07fce958        -       0x0000010c   Zero   RW          633    heap_mem_area_not_ret  jump_table.o



  Load Region LR_RETAINED_RAM0 (Base: 0x07fd2574, Size: 0x00000000, Max: 0xffffffff, ABSOLUTE)

    Execution Region RET_DATA_UNINIT (Exec base: 0x07fd2574, Load base: 0x07fd2574, Size: 0x00000000, Max: 0x00000000, ABSOLUTE, UNINIT)

    **** No section assigned to this execution region ****


    Execution Region RET_DATA (Exec base: 0x07fd2574, Load base: 0x07fd2574, Size: 0x00000f64, Max: 0x00001e00, ABSOLUTE)

    Exec Addr    Load Addr    Size         Type   Attr      Idx    E Section Name        Object

    0x07fd2574        -       0x00000020   Zero   RW          837    .bss                dma.o
    0x07fd2594        -       0x00000014   Zero   RW          857    .bss                gpio.o
    0x07fd25a8        -       0x00000004   Zero   RW          930    .bss                pdm.o
    0x07fd25ac        -       0x00000030   Zero   RW          953    .bss                pdm_mic.o
    0x07fd25dc        -       0x00000002   Zero   RW          989    .bss                spi.o
    0x07fd25de   0x07fd2574   0x00000002   PAD
    0x07fd25e0        -       0x00000010   Zero   RW         1008    .bss                spi_flash.o
    0x07fd25f0        -       0x00000004   Zero   RW         1043    .bss                systick.o
    0x07fd25f4        -       0x00000004   Zero   RW         1063    .bss                timer0.o
    0x07fd25f8        -       0x00000004   Zero   RW         2512    .bss                user_rcu_audio.o
    0x07fd25fc        -       0x000000f4   Zero   RW         2919    .bss                app_audio.o
    0x07fd26f0        -       0x00000002   Zero   RW         2997    .bss                app_flash.o
    0x07fd26f2        -       0x00000400   Zero   RW         3107    .bss                app_stream.o
    0x07fd2af2   0x07fd2574   0x00000002   PAD
    0x07fd2af4        -       0x000001ec   Zero   RW         3164    .bss                port_audio.o
    0x07fd2ce0        -       0x00000038   Zero   RW         3250    .bss                port_kbd.o
    0x07fd2d18        -       0x00000004   Zero   RW         3303    .bss                port_multi_bond.o
    0x07fd2d1c        -       0x00000003   Zero   RW         3386    .bss                port_stream.o
    0x07fd2d1f   0x07fd2574   0x00000001   PAD
    0x07fd2d20        -       0x00000008   Zero   RW          337    retention_mem_area0  arch_main.o
    0x07fd2d28        -       0x00000004   Zero   RW          682    retention_mem_area0  arch_sleep.o
    0x07fd2d2c   0x07fd2574   0x00000004   PAD
    0x07fd2d30        -       0x00000030   Zero   RW          706    retention_mem_area0  arch_system.o
    0x07fd2d60        -       0x00000024   Zero   RW         1222    retention_mem_area0  uart2.o
    0x07fd2d84        -       0x0000000c   Zero   RW         1246    retention_mem_area0  wkupct_quadec.o
    0x07fd2d90        -       0x00000001   Zero   RW         1289    retention_mem_area0  rf_585.o
    0x07fd2d91   0x07fd2574   0x00000003   PAD
    0x07fd2d94        -       0x00000014   Zero   RW         1323    retention_mem_area0  rwble.o
    0x07fd2da8        -       0x00000004   Zero   RW         1436    retention_mem_area0  rwip.o
    0x07fd2dac        -       0x00000078   Zero   RW         1922    retention_mem_area0  prf.o
    0x07fd2e24        -       0x00000038   Zero   RW         2026    retention_mem_area0  app.o
    0x07fd2e5c        -       0x00000001   Zero   RW         2062    retention_mem_area0  app_task.o
    0x07fd2e5d   0x07fd2574   0x00000001   PAD
    0x07fd2e5e        -       0x0000004a   Zero   RW         2089    retention_mem_area0  app_security.o
    0x07fd2ea8        -       0x00000008   Zero   RW         2113    retention_mem_area0  app_bass.o
    0x07fd2eb0        -       0x0000022c   Zero   RW         2201    retention_mem_area0  app_suotar.o
    0x07fd30dc        -       0x00000018   Zero   RW         2356    retention_mem_area0  app_easy_msg_utils.o
    0x07fd30f4        -       0x00000018   Zero   RW         2372    retention_mem_area0  app_easy_security.o
    0x07fd310c        -       0x00000050   Zero   RW         2392    retention_mem_area0  app_easy_timer.o
    0x07fd315c        -       0x0000000e   Zero   RW         2449    retention_mem_area0  user_rcu.o
    0x07fd316a   0x07fd2574   0x00000002   PAD
    0x07fd316c        -       0x00000038   Zero   RW         2515    retention_mem_area0  user_rcu_audio.o
    0x07fd31a4        -       0x00000001   Zero   RW         2562    retention_mem_area0  user_rcu_kbd.o
    0x07fd31a5   0x07fd2574   0x00000003   PAD
    0x07fd31a8        -       0x00000004   Zero   RW         2626    retention_mem_area0  user_pwr_mgr.o
    0x07fd31ac        -       0x00000004   Zero   RW         2841    retention_mem_area0  app_hogpd.o
    0x07fd31b0        -       0x0000004d   Zero   RW         2892    retention_mem_area0  app_adv_fsm.o
    0x07fd31fd        -       0x00000002   Zero   RW         2921    retention_mem_area0  app_audio.o
    0x07fd31ff        -       0x0000000a   Zero   RW         2962    retention_mem_area0  app_con_fsm.o
    0x07fd3209   0x07fd2574   0x00000003   PAD
    0x07fd320c        -       0x000000e8   Zero   RW         3026    retention_mem_area0  app_hid_report.o
    0x07fd32f4        -       0x00000074   Zero   RW         3045    retention_mem_area0  app_kbd.o
    0x07fd3368        -       0x00000028   Zero   RW         3108    retention_mem_area0  app_stream.o
    0x07fd3390        -       0x00000008   Zero   RW         3254    retention_mem_area0  port_kbd.o
    0x07fd3398        -       0x000000f8   Zero   RW         3306    retention_mem_area0  port_multi_bond.o
    0x07fd3490        -       0x00000006   Zero   RW         3308    retention_mem_area0  port_multi_bond.o
    0x07fd3496        -       0x00000007   Zero   RW         3407    retention_mem_area0  port_timer.o
    0x07fd349d   0x07fd2574   0x00000003   PAD
    0x07fd34a0        -       0x00000010   Zero   RW         3442    retention_mem_area0  port_wkup.o
    0x07fd34b0        -       0x00000028   Zero   RW         3485    retention_mem_area0  system_library.lib(pll_vcocal_lut.o)


    Execution Region RET_HEAP (Exec base: 0x07fd34d8, Load base: 0x07fd2574, Size: 0x0000188c, Max: 0x0000188c, ABSOLUTE)

    Exec Addr    Load Addr    Size         Type   Attr      Idx    E Section Name        Object

    0x07fd34d8        -       0x00000a0c   Zero   RW          631    heap_db_area        jump_table.o
    0x07fd3ee4        -       0x00000274   Zero   RW          632    heap_env_area       jump_table.o
    0x07fd4158        -       0x00000c0c   Zero   RW          634    heap_msg_area       jump_table.o



  Load Region LR$$.ARM.__AT_0x50003400 (Base: 0x50003400, Size: 0x00000000, Max: 0x00000004, ABSOLUTE)

    Execution Region ER$$.ARM.__AT_0x50003400 (Exec base: 0x50003400, Load base: 0x50003400, Size: 0x00000004, Max: 0x00000004, ABSOLUTE, UNINIT)

    Exec Addr    Load Addr    Size         Type   Attr      Idx    E Section Name        Object

    0x50003400        -       0x00000002   Zero   RW         1062    .ARM.__AT_0x50003400  timer0.o



  Load Region LR$$.ARM.__AT_0x50003410 (Base: 0x50003410, Size: 0x00000000, Max: 0x00000004, ABSOLUTE)

    Execution Region ER$$.ARM.__AT_0x50003410 (Exec base: 0x50003410, Load base: 0x50003410, Size: 0x00000004, Max: 0x00000004, ABSOLUTE, UNINIT)

    Exec Addr    Load Addr    Size         Type   Attr      Idx    E Section Name        Object

    0x50003410        -       0x00000002   Zero   RW         1131    .ARM.__AT_0x50003410  timer2.o


==============================================================================

Image component sizes


      Code (inc. data)   RO Data    RW Data    ZI Data      Debug   Object Name

       296         18          0          0          0       2593   adc.o
      1820         88        244          0         56      26832   app.o
       996         92        149          0         77       8508   app_adv_fsm.o
       516         20          0          0        246       6660   app_audio.o
       660          8        270          0          0       4583   app_audio_codec.o
       392         26          0          0          8       4364   app_bass.o
       168         30         40          0          0       5100   app_bass_task.o
      2024        136         48          0         10      17357   app_con_fsm.o
       100         10          0          0          0       2212   app_customs.o
        24          0          0          0          0       1637   app_customs_task.o
       320          8          0          0          0       5596   app_default_handlers.o
        60          4          0          0          0       1578   app_diss.o
       272        132          8          0          0       2859   app_diss_task.o
       244         10          0          0         24       4239   app_easy_msg_utils.o
       692         12          0          0         24      16209   app_easy_security.o
       684         32          0          0         80       6453   app_easy_timer.o
       136         10         32          0          0      48245   app_entry_point.o
       408         22          4          0          2       4265   app_flash.o
      1228         36         48          0        232       9847   app_hid_report.o
       348         24         36          0          4       5599   app_hogpd.o
       404         30        184          0          0       5857   app_hogpd_task.o
      1280         34         72          0        116      12172   app_kbd.o
        64          4          0          0          0       1841   app_msg_utils.o
       118          0          0          0          0       2915   app_nv_prom.o
       160          0          0          0          0       1943   app_pairing.o
       260         22          0          0         74       3404   app_security.o
       576         16          0          0       1064       6570   app_stream.o
      1564         40          0          0        556      13225   app_suotar.o
       268         12         32          0          0       3257   app_suotar_task.o
       704         42        108          0          1      13348   app_task.o
       664         64          0          0          8      69861   arch_main.o
       200         90          0          0          0        652   arch_rom.o
       460         32          0          0          4       6051   arch_sleep.o
      1184         80         90          4         48      92140   arch_system.o
       484          6          0          0          0       6121   attm_db_128.o
       940         20         76          0          0      18654   bass.o
       676         14         56          0          0      20562   bass_task.o
       292         16          0          0          0       2929   battery.o
        80         16        160          0       1536        812   boot_vectors.o
       288          6          0          0          0       5301   custom_common.o
       288         18         16          0          0      12034   custs1.o
      1152         12         56          0          0      22323   custs1_task.o
       372         14        244          0          0       8098   diss.o
       464          8         32          0          0      13832   diss_task.o
       920         12          0          0         32      14631   dma.o
       872         38          0          0         20      15211   gpio.o
        24         10          0          0          0       3665   hardfault_handler.o
      2056         40        292          0          0       8533   hogpd.o
      1596         64         72          0          0      13038   hogpd_task.o
      1172         22         20          0          0      10703   hw_otpc.o
        68          0        576          0       6552       8452   jump_table.o
        56          6          0          0          0       6543   nmi_handler.o
       200         14         14          0          0       3036   nvds.o
       852         38          0          0          4      12226   pdm.o
       320         24          0          0         48       7172   pdm_mic.o
       316         22          0          0          0       2543   port_adv_fsm.o
       388         20         28          0        492       6815   port_audio.o
       272         16          0          0          0       8357   port_con_fsm.o
       120          8          0          0          0       2743   port_con_fsm_task.o
      2222         88         32         24         64      18493   port_kbd.o
      1940         74         48          0        258      16331   port_multi_bond.o
       336         22          0          0          0       6051   port_platform.o
       468         24          0          0          0       9750   port_security.o
       424         38          0          8          3       4292   port_stream.o
       256         32         28          0          7       3952   port_timer.o
       384         22         24          0         16       3539   port_wkup.o
       556          4          0          0        120       6498   prf.o
        96          0          0          0          0       3921   prf_utils.o
       420         90          0          0          1      75705   rf_585.o
       748         50          0          0         20     119539   rwble.o
       432         56          0          0          4      75746   rwip.o
       328          8          0          0          2       4167   spi.o
      1316         20        120          0         16      17793   spi_flash.o
       856         20        488          0          0       4805   suotar.o
       784         16         40          0          0       5766   suotar_task.o
        68          6          0          0          0       1543   syscntl.o
        88         26          0          4          0     232466   system_armcm0.o
       140         10          0          0          4       2940   systick.o
       128         22          0          0          6       9130   timer0.o
         0          0          0          0          2        982   timer2.o
       428         36          0          0       1024       3899   trng.o
       556         22          0          0         36      25370   uart2.o
         0          0         56          0          0        893   user_custs_config.o
         0          0         71        312          0       1228   user_dlg_audio_svc_def.o
       248          6        196          0          0      12423   user_modules.o
       104          6          0          0          0        720   user_periph_setup_1.o
        64         10          0          0          4       2391   user_pwr_mgr.o
      1536         90          0          0         14      21856   user_rcu.o
      1808         74          0          0         60      54962   user_rcu_audio.o
       132          4          0          0          1       2527   user_rcu_kbd.o
       536         30          0          0         12       9321   wkupct_quadec.o

    ----------------------------------------------------------------------
     50966       2554       4184        352      13100    1411305   Object Totals
         0          0         64          0         80          0   (incl. Generated)
         2          0         10          0         28          0   (incl. Padding)

    ----------------------------------------------------------------------

      Code (inc. data)   RO Data    RW Data    ZI Data      Debug   Library Member Name

         0          0          0          0          0          0   entry.o
         0          0          0          0          0          0   entry10a.o
         0          0          0          0          0          0   entry11a.o
         4          0          0          0          0          0   entry12b.o
         8          4          0          0          0          0   entry2.o
         4          0          0          0          0          0   entry5.o
         0          0          0          0          0          0   entry7b.o
         0          0          0          0          0          0   entry8b.o
         8          4          0          0          0          0   entry9a.o
        30          0          0          0          0          0   handlers.o
        36          8          0          0          0         68   init.o
        34          0          0          0          0         68   llushr.o
        96          0          0          0          0         84   uldiv.o
       124         22        248          0          0        156   patch.o
        36         10         22          0         40         60   pll_vcocal_lut.o
       908         88          0          0          0        400   rf_calibration.o

    ----------------------------------------------------------------------
      1290        136        272          0         40        836   Library Totals
         2          0          2          0          0          0   (incl. Padding)

    ----------------------------------------------------------------------

      Code (inc. data)   RO Data    RW Data    ZI Data      Debug   Library Name

       220         16          0          0          0        220   mc_p.l
      1068        120        270          0         40        616   system_library.lib

    ----------------------------------------------------------------------
      1290        136        272          0         40        836   Library Totals

    ----------------------------------------------------------------------

==============================================================================


      Code (inc. data)   RO Data    RW Data    ZI Data      Debug   

     52256       2690       4456        352      13140    1403713   Grand Totals
     52256       2690       4456        352      13140    1403713   ELF Image Totals
     52256       2690       4456        352          0          0   ROM Totals

==============================================================================

    Total RO  Size (Code + RO Data)                56712 (  55.38kB)
    Total RW  Size (RW Data + ZI Data)             13492 (  13.18kB)
    Total ROM Size (Code + RO Data + RW Data)      57064 (  55.73kB)

==============================================================================

