Component: ARM Compiler 5.06 update 7 (build 960) Tool: armlink [4d3601]

==============================================================================

Section Cross References

    system_armcm0.o(.text) refers to system_armcm0.o(.data) for .data
    boot_vectors.o(RESET) refers to boot_vectors.o(STACK) for __initial_sp
    boot_vectors.o(RESET) refers to boot_vectors.o(.text) for Reset_Handler
    boot_vectors.o(RESET) refers to systick.o(.text) for SysTick_Handler
    boot_vectors.o(RESET) refers to rwble.o(.text) for BLE_WAKEUP_LP_Handler
    boot_vectors.o(RESET) refers to uart2.o(.text) for UART2_Handler
    boot_vectors.o(RESET) refers to port_kbd.o(.text) for KEYBRD_Handler
    boot_vectors.o(RESET) refers to gpio.o(.text) for GPIO0_Handler
    boot_vectors.o(RESET) refers to timer0.o(.text) for SWTIM_Handler
    boot_vectors.o(RESET) refers to wkupct_quadec.o(.text) for WKUP_QUADEC_Handler
    boot_vectors.o(RESET) refers to pdm.o(.text) for SRCIN_Handler
    boot_vectors.o(RESET) refers to dma.o(.text) for DMA_Handler
    boot_vectors.o(.text) refers to system_armcm0.o(.text) for SystemInit
    boot_vectors.o(.text) refers to entry.o(.ARM.Collect$$$$00000000) for __main
    boot_vectors.o(.text) refers to nmi_handler.o(.text) for NMI_HandlerC
    boot_vectors.o(.text) refers to hardfault_handler.o(.text) for HardFault_HandlerC
    arch_console.o(.text) refers to uart2.o(.text) for uart2_write_from_isr
    arch_console.o(.text) refers to strcpy.o(.text) for strcpy
    arch_console.o(.text) refers to arch_sleep.o(.text) for arch_force_active_mode
    arch_console.o(.text) refers to arch_console.o(retention_mem_area0) for retention_mem_area0
    nvds.o(.text) refers to nvds.o(.constdata) for .constdata
    nvds.o(.text) refers to arch_system.o(retention_mem_area0) for dev_bdaddr
    arch_main.o(.text) refers to arch_system.o(.text) for system_init
    arch_main.o(.text) refers to user_rcu.o(.text) for user_on_ble_powered
    arch_main.o(.text) refers to arch_console.o(.text) for arch_printf_process
    arch_main.o(.text) refers to rwip.o(.text) for rwip_sleep
    arch_main.o(.text) refers to arch_main.o(retention_mem_area0) for retention_mem_area0
    arch_main.o(.text) refers to rwble.o(retention_mem_area0) for arch_rwble_last_event
    arch_main.o(.constdata) refers to user_rcu.o(.text) for user_on_init
    jump_table.o(.constdata) refers to rf_585.o(.text) for rf_init_func
    jump_table.o(.constdata) refers to nvds.o(.text) for nvds_get_func
    jump_table.o(.constdata) refers to jump_table.o(.text) for platform_reset_func
    jump_table.o(.constdata) refers to rwble.o(.text) for lld_sleep_compensate_func
    jump_table.o(.constdata) refers to arch_system.o(.text) for lld_sleep_init_func
    jump_table.o(.constdata) refers to prf.o(.text) for prf_init_func
    jump_table.o(.constdata) refers to jump_table.o(heap_mem_area_not_ret) for rwip_heap_non_ret
    jump_table.o(.constdata) refers to jump_table.o(heap_env_area) for rwip_heap_env_ret
    jump_table.o(.constdata) refers to jump_table.o(heap_db_area) for rwip_heap_db_ret
    jump_table.o(.constdata) refers to jump_table.o(heap_msg_area) for rwip_heap_msg_ret
    arch_sleep.o(.text) refers to arch_sleep.o(retention_mem_area0) for retention_mem_area0
    arch_sleep.o(.text) refers to rwble.o(retention_mem_area0) for arch_rwble_last_event
    arch_system.o(.text) refers to uldiv.o(.text) for __aeabi_uldivmod
    arch_system.o(.text) refers to rf_calibration.o(.text) for rf_calibration_585
    arch_system.o(.text) refers to arch_system.o(i.__ARM_common_ll_muluu) for __ARM_common_ll_muluu
    arch_system.o(.text) refers to trng.o(.text) for trng_acquire
    arch_system.o(.text) refers to arch_rom.o(.text) for arch_rom_init
    arch_system.o(.text) refers to gpio.o(.text) for GPIO_init
    arch_system.o(.text) refers to user_periph_setup_1.o(.text) for periph_init
    arch_system.o(.text) refers to arch_sleep.o(.text) for arch_disable_sleep
    arch_system.o(.text) refers to app.o(.text) for app_init
    arch_system.o(.text) refers to user_rcu.o(.text) for user_on_init
    arch_system.o(.text) refers to hw_otpc.o(.text) for hw_otpc_manual_read_on
    arch_system.o(.text) refers to arch_system.o(retention_mem_area0) for retention_mem_area0
    arch_system.o(.text) refers to arch_system.o(.data) for .data
    arch_system.o(.constdata) refers to user_rcu.o(.text) for user_on_init
    arch_rom.o(.text) refers to patch.o(.text) for patch_global_vars_init
    arch_rom.o(.text) refers to arch_system.o(.constdata) for gap_cfg_user_var_struct
    arch_rom.o(.text) refers to jump_table.o(.constdata) for rom_func_addr_table_var
    arch_rom.o(.text) refers to jump_table.o(.constdata) for rom_cfg_table_var
    battery.o(.text) refers to adc.o(.text) for adc_calibrate
    dma.o(.text) refers to dma.o(.bss) for .bss
    gpio.o(.text) refers to user_periph_setup_1.o(.text) for GPIO_reservations
    gpio.o(.text) refers to gpio.o(.bss) for .bss
[...]
    app_audio_set_adpcm_mode                 0x07fca18b   Thumb Code     6  app_audio.o(.text)
    app_audio_encode                         0x07fca1c1   Thumb Code   164  app_audio.o(.text)
    app_audio_start                          0x07fca265   Thumb Code    82  app_audio.o(.text)
    app_audio_stop                           0x07fca2b7   Thumb Code    20  app_audio.o(.text)
    app_audio_is_active                      0x07fca2cb   Thumb Code     6  app_audio.o(.text)
    app_audio_get_errors                     0x07fca2d1   Thumb Code    22  app_audio.o(.text)
    app_audio_ima_enc                        0x07fca2f5   Thumb Code   388  app_audio_codec.o(.text)
    app_audio_dcblock                        0x07fca479   Thumb Code    82  app_audio_codec.o(.text)
    app_audio_aLaw_encode                    0x07fca4cb   Thumb Code    52  app_audio_codec.o(.text)
    app_audio_downSample                     0x07fca4ff   Thumb Code   130  app_audio_codec.o(.text)
    app_con_fsm_send_connection_upd_req      0x07fca681   Thumb Code    12  app_con_fsm.o(.text)
    app_con_fsm_request_write_bonding_data   0x07fca68d   Thumb Code    10  app_con_fsm.o(.text)
    app_con_fsm_get_peer_addr_type           0x07fca745   Thumb Code     8  app_con_fsm.o(.text)
    app_con_fsm_state_update                 0x07fca929   Thumb Code   848  app_con_fsm.o(.text)
    app_con_fsm_gp_timer_expired             0x07fcac79   Thumb Code    42  app_con_fsm.o(.text)
    app_con_fsm_request_erase_bonding_data   0x07fcaca3   Thumb Code    10  app_con_fsm.o(.text)
    app_con_fsm_reset_bonding_data           0x07fcacad   Thumb Code    20  app_con_fsm.o(.text)
    app_con_fsm_connection_validation        0x07fcacc1   Thumb Code   112  app_con_fsm.o(.text)
    app_con_fsm_mitm_passcode_entry_func     0x07fcad31   Thumb Code    22  app_con_fsm.o(.text)
    app_con_fsm_encrypt_req_validation       0x07fcad47   Thumb Code   102  app_con_fsm.o(.text)
    app_con_fsm_init                         0x07fcadad   Thumb Code    22  app_con_fsm.o(.text)
    app_con_fsm_on_disconnect                0x07fcadc3   Thumb Code    10  app_con_fsm.o(.text)
    app_con_fsm_on_ble_powered               0x07fcadcd   Thumb Code    80  app_con_fsm.o(.text)
    app_con_fsm_request_disconnect           0x07fcae1d   Thumb Code    42  app_con_fsm.o(.text)
    app_con_fsm_on_system_powered            0x07fcae47   Thumb Code    54  app_con_fsm.o(.text)
    app_con_fsm_switch_to_peer               0x07fcae7d   Thumb Code     6  app_con_fsm.o(.text)
    app_con_fsm_add_host_to_entry            0x07fcae83   Thumb Code     4  app_con_fsm.o(.text)
    app_con_fsm_get_state                    0x07fcae87   Thumb Code     6  app_con_fsm.o(.text)
    app_con_fsm_handle_cmp_evt               0x07fcae8d   Thumb Code    32  app_con_fsm.o(.text)
    app_con_fsm_random_address_resolved      0x07fcaead   Thumb Code    46  app_con_fsm.o(.text)
    app_con_fsm_is_conn_upd_pending          0x07fcaedb   Thumb Code     6  app_con_fsm.o(.text)
    app_con_fsm_handle_adv_notification      0x07fcaee1   Thumb Code    58  app_con_fsm.o(.text)
    app_con_fsm_get_access_rights            0x07fcaf1b   Thumb Code     4  app_con_fsm.o(.text)
    app_con_fsm_get_peer_addr                0x07fcaf1f   Thumb Code     8  app_con_fsm.o(.text)
    app_con_fsm_mitm_passcode_report         0x07fcaf27   Thumb Code   386  app_con_fsm.o(.text)
    app_spi_flash_peripheral_release         0x07fcb241   Thumb Code    60  app_flash.o(.text)
    app_spi_flash_peripheral_init            0x07fcb27d   Thumb Code   110  app_flash.o(.text)
    app_spi_flash_power_down                 0x07fcb2eb   Thumb Code    14  app_flash.o(.text)
    app_spi_flash_write_random_page_data     0x07fcb2f9   Thumb Code   192  app_flash.o(.text)
    app_hid_report_search_in_list            0x07fcb3c5   Thumb Code    22  app_hid_report.o(.text)
    app_hid_report_is_report_list_empty      0x07fcb487   Thumb Code    18  app_hid_report.o(.text)
    app_hid_report_is_report_list_full       0x07fcb499   Thumb Code    18  app_hid_report.o(.text)
    app_hid_report_init                      0x07fcb4ab   Thumb Code    72  app_hid_report.o(.text)
    app_hid_report_on_system_powered         0x07fcb4f3   Thumb Code    18  app_hid_report.o(.text)
    app_hid_report_send_report               0x07fcb505   Thumb Code    38  app_hid_report.o(.text)
    app_hid_report_get_free_nodes            0x07fcb573   Thumb Code    28  app_hid_report.o(.text)
    app_hid_report_clear_lists               0x07fcb58f   Thumb Code    58  app_hid_report.o(.text)
    app_hid_report_add_report                0x07fcb5c9   Thumb Code    90  app_hid_report.o(.text)
    app_hid_report_modify_kbd_keyreport      0x07fcb657   Thumb Code   446  app_hid_report.o(.text)
    app_hid_report_add_full_release_report   0x07fcb815   Thumb Code    26  app_hid_report.o(.text)
    app_hid_report_create_extended_report    0x07fcb82f   Thumb Code    50  app_hid_report.o(.text)
    app_kbd_init_vars                        0x07fcb8cd   Thumb Code     2  app_kbd.o(.text)
    app_kbd_flush_buffer                     0x07fcb8cf   Thumb Code     8  app_kbd.o(.text)
    app_kbd_stop                             0x07fcb8d7   Thumb Code    20  app_kbd.o(.text)
    app_kbd_buffer_add_key                   0x07fcb8eb   Thumb Code    72  app_kbd.o(.text)
    app_kbd_passcode_mode                    0x07fcb933   Thumb Code    16  app_kbd.o(.text)
    app_kbd_record_key                       0x07fcb943   Thumb Code   478  app_kbd.o(.text)
    app_kbd_buffer_has_data                  0x07fcbb21   Thumb Code    18  app_kbd.o(.text)
    app_kbd_init                             0x07fcbb33   Thumb Code    22  app_kbd.o(.text)
    app_kbd_start_reporting                  0x07fcbb49   Thumb Code     8  app_kbd.o(.text)
    app_kbd_start_passcode                   0x07fcbb51   Thumb Code    28  app_kbd.o(.text)
    app_kbd_stop_reporting                   0x07fcbb6d   Thumb Code    12  app_kbd.o(.text)
    app_kbd_prepare_passcode                 0x07fcbb79   Thumb Code   160  app_kbd.o(.text)
    app_kbd_get_key_code                     0x07fcbc19   Thumb Code    86  app_kbd.o(.text)
    app_kbd_get_passcode                     0x07fcbc6f   Thumb Code     6  app_kbd.o(.text)
    app_kbd_init_scan_gpios                  0x07fcbc75   Thumb Code    16  app_kbd.o(.text)
    app_kbd_scan_is_idle                     0x07fcbc85   Thumb Code     8  app_kbd.o(.text)
    app_kbd_scan_is_active                   0x07fcbc8d   Thumb Code     8  app_kbd.o(.text)
    app_kbd_scan_enable_delayed_scanning     0x07fcbc95   Thumb Code     8  app_kbd.o(.text)
    app_kbd_on_ble_powered                   0x07fcbc9d   Thumb Code     4  app_kbd.o(.text)
    app_kbd_on_system_powered                0x07fcbca1   Thumb Code    40  app_kbd.o(.text)
    nv_prom_init                             0x07fcbdd1   Thumb Code    10  app_nv_prom.o(.text)
    nv_prom_release                          0x07fcbddb   Thumb Code     8  app_nv_prom.o(.text)
    nv_prom_read_data                        0x07fcbde3   Thumb Code     8  app_nv_prom.o(.text)
    nv_prom_init_read_data                   0x07fcbdeb   Thumb Code    34  app_nv_prom.o(.text)
    nv_prom_write_byte                       0x07fcbe0d   Thumb Code    14  app_nv_prom.o(.text)
    nv_prom_write_data                       0x07fcbe1b   Thumb Code     8  app_nv_prom.o(.text)
    nv_prom_init_write_data                  0x07fcbe23   Thumb Code    34  app_nv_prom.o(.text)
    app_nv_prom_spi_autodetect               0x07fcbe45   Thumb Code     2  app_nv_prom.o(.text)
    app_pairing_ltk_exch                     0x07fcbe47   Thumb Code    84  app_pairing.o(.text)
    app_pairing_encrypt_req_ind              0x07fcbe9b   Thumb Code    76  app_pairing.o(.text)
    app_stream_fifo_init                     0x07fcbee9   Thumb Code    22  app_stream.o(.text)
    app_stream_init                          0x07fcbeff   Thumb Code    36  app_stream.o(.text)
    app_stream_start                         0x07fcbf23   Thumb Code    24  app_stream.o(.text)
    app_stream_stop                          0x07fcbf3b   Thumb Code    10  app_stream.o(.text)
    app_stream_is_enabled                    0x07fcbf45   Thumb Code     8  app_stream.o(.text)
    app_stream_fifo_get_write_dataptr        0x07fcbf8d   Thumb Code     4  app_stream.o(.text)
    app_stream_fifo_get_priority_write_dataptr 0x07fcbf91   Thumb Code     4  app_stream.o(.text)
    app_stream_fifo_commit_write_pkt         0x07fcbf95   Thumb Code    72  app_stream.o(.text)
    app_stream_fifo_commit_debug_pkt         0x07fcbfdd   Thumb Code     4  app_stream.o(.text)
    app_stream_get_fifo_usage                0x07fcbfe1   Thumb Code    16  app_stream.o(.text)
    app_stream_is_fifo_empty                 0x07fcbff1   Thumb Code    24  app_stream.o(.text)
    app_stream_get_data                      0x07fcc009   Thumb Code    92  app_stream.o(.text)
    app_stream_copy_pkt_data                 0x07fcc065   Thumb Code    54  app_stream.o(.text)
    app_stream_free_packet                   0x07fcc09b   Thumb Code    58  app_stream.o(.text)
    app_stream_queue_data                    0x07fcc0d5   Thumb Code    28  app_stream.o(.text)
    app_stream_set_packet_size               0x07fcc0f1   Thumb Code     8  app_stream.o(.text)
    app_stream_ignore_packet_size            0x07fcc0f9   Thumb Code    10  app_stream.o(.text)
    port_adv_fsm_start_adv_undirected        0x07fcc10d   Thumb Code   136  port_adv_fsm.o(.text)
    port_adv_fsm_start_adv_directed          0x07fcc195   Thumb Code    68  port_adv_fsm.o(.text)
    port_adv_fsm_adv_stop                    0x07fcc1d9   Thumb Code     8  port_adv_fsm.o(.text)
    port_adv_fsm_adv_timer_handler           0x07fcc1e1   Thumb Code    16  port_adv_fsm.o(.text)
    port_adv_fsm_on_direct_complete          0x07fcc1f1   Thumb Code    38  port_adv_fsm.o(.text)
    port_adv_fsm_on_undirect_complete        0x07fcc217   Thumb Code    38  port_adv_fsm.o(.text)
    port_audio_next_package                  0x07fcc315   Thumb Code    26  port_audio.o(.text)
    port_audio_get_data                      0x07fcc32f   Thumb Code    12  port_audio.o(.text)
    port_audio_has_data                      0x07fcc33b   Thumb Code    28  port_audio.o(.text)
    port_audio_buffer_get_used               0x07fcc357   Thumb Code    38  port_audio.o(.text)
    port_audio_get_errors                    0x07fcc37d   Thumb Code    12  port_audio.o(.text)
    audio_mic_callback                       0x07fcc389   Thumb Code    74  port_audio.o(.text)
    port_audio_start_sampling                0x07fcc3d3   Thumb Code   104  port_audio.o(.text)
    port_audio_stop_sampling                 0x07fcc43b   Thumb Code    16  port_audio.o(.text)
    declare_audio_gpios                      0x07fcc44b   Thumb Code    58  port_audio.o(.text)
    init_audio_gpios                         0x07fcc485   Thumb Code    30  port_audio.o(.text)
    port_con_fsm_get_peer_addr               0x07fcc4c9   Thumb Code     4  port_con_fsm.o(.text)
    port_con_fsm_get_peer_addr_type          0x07fcc4cd   Thumb Code     8  port_con_fsm.o(.text)
    port_con_fsm_send_connection_upd_req     0x07fcc4d5   Thumb Code    86  port_con_fsm.o(.text)
    port_con_fsm_disconnect                  0x07fcc52b   Thumb Code    10  port_con_fsm.o(.text)
    port_con_fsm_resolve_address             0x07fcc535   Thumb Code    58  port_con_fsm.o(.text)
    port_con_fsm_start_security              0x07fcc56f   Thumb Code    32  port_con_fsm.o(.text)
    port_con_fsm_mitm_passcode_report        0x07fcc58f   Thumb Code    58  port_con_fsm.o(.text)
    port_con_fsm_get_rssi                    0x07fcc5c9   Thumb Code    10  port_con_fsm.o(.text)
    port_con_fsm_enc_timer_handler           0x07fcc601   Thumb Code    14  port_con_fsm_task.o(.text)
    port_con_fsm_timer_handler               0x07fcc60f   Thumb Code    14  port_con_fsm_task.o(.text)
    port_con_fsm_alt_pair_timer_handler      0x07fcc61d   Thumb Code    22  port_con_fsm_task.o(.text)
    port_con_fsm_process_handler             0x07fcc633   Thumb Code    80  port_con_fsm_task.o(.text)
    port_kbd_scan_init                       0x07fcc963   Thumb Code    26  port_kbd.o(.text)
    port_kbd_init_scan_gpios                 0x07fccc71   Thumb Code    12  port_kbd.o(.text)
    port_kbd_scan_stop                       0x07fccc7d   Thumb Code    26  port_kbd.o(.text)
    KEYBRD_Handler                           0x07fccc97   Thumb Code    32  port_kbd.o(.text)
    port_kbd_scan_wakeup_handler             0x07fcccb7   Thumb Code    10  port_kbd.o(.text)
    port_kbd_scan_enable_delayed_scanning    0x07fcccc1   Thumb Code     2  port_kbd.o(.text)
    port_kbd_scan_disable_scanning           0x07fcccc3   Thumb Code    26  port_kbd.o(.text)
    port_kbd_scan_delayed_start_proc         0x07fcccdd   Thumb Code     2  port_kbd.o(.text)
    port_kbd_scan_timer_handler              0x07fcccdf   Thumb Code     2  port_kbd.o(.text)
    port_kbd_scan_fsm_update                 0x07fccce1   Thumb Code   262  port_kbd.o(.text)
    port_kbd_scan_get_new_scan_data          0x07fccde7   Thumb Code     8  port_kbd.o(.text)
    port_kbd_scan_get_scan_data              0x07fccdef   Thumb Code     8  port_kbd.o(.text)
    port_kbd_scan_is_idle                    0x07fccdf7   Thumb Code    12  port_kbd.o(.text)
    port_kbd_scan_is_active                  0x07fcce03   Thumb Code    20  port_kbd.o(.text)
    port_kbd_scan_before_sleep               0x07fcce17   Thumb Code    14  port_kbd.o(.text)
    port_multi_bond_get_entry_to_delete      0x07fccff1   Thumb Code   102  port_multi_bond.o(.text)
    port_alt_pair_init                       0x07fcd057   Thumb Code   106  port_multi_bond.o(.text)
    port_alt_pair_read_status                0x07fcd0c1   Thumb Code    16  port_multi_bond.o(.text)
    port_alt_pair_store_status               0x07fcd0d1   Thumb Code    24  port_multi_bond.o(.text)
    port_alt_pair_store_bond_data            0x07fcd18d   Thumb Code   114  port_multi_bond.o(.text)
    port_alt_pair_store_ccc                  0x07fcd249   Thumb Code    48  port_multi_bond.o(.text)
    port_alt_pair_updatedb_from_bonding_info 0x07fcd279   Thumb Code   200  port_multi_bond.o(.text)
    port_alt_pair_load_bond_data             0x07fcd341   Thumb Code   146  port_multi_bond.o(.text)
    port_alt_pair_set_default_info           0x07fcd3d3   Thumb Code    48  port_multi_bond.o(.text)
    port_alt_pair_get_next_bond_data         0x07fcd403   Thumb Code   152  port_multi_bond.o(.text)
    port_alt_pair_load_last_used             0x07fcd49b   Thumb Code    58  port_multi_bond.o(.text)
    port_alt_pair_load_entry                 0x07fcd4d5   Thumb Code    74  port_multi_bond.o(.text)
    port_alt_pair_delete_entry               0x07fcd51f   Thumb Code    72  port_multi_bond.o(.text)
    port_alt_pair_clear_all_bond_data        0x07fcd567   Thumb Code    24  port_multi_bond.o(.text)
    port_alt_pair_reset_active_peer_pos      0x07fcd57f   Thumb Code    14  port_multi_bond.o(.text)
    port_alt_pair_get_active_index           0x07fcd58d   Thumb Code     8  port_multi_bond.o(.text)
    port_alt_pair_update_usage_count         0x07fcd595   Thumb Code    12  port_multi_bond.o(.text)
    port_alt_pair_is_bonded                  0x07fcd5a1   Thumb Code    12  port_multi_bond.o(.text)
    port_alt_pair_get_auth                   0x07fcd5ad   Thumb Code     8  port_multi_bond.o(.text)
    port_alt_pair_set_auth                   0x07fcd5b5   Thumb Code     8  port_multi_bond.o(.text)
    port_alt_pair_get_addr                   0x07fcd5bd   Thumb Code     6  port_multi_bond.o(.text)
    port_alt_pair_get_addr_type              0x07fcd5c3   Thumb Code     8  port_multi_bond.o(.text)
    port_alt_pair_set_addr                   0x07fcd5cb   Thumb Code    20  port_multi_bond.o(.text)
    port_alt_pair_get_rand                   0x07fcd5df   Thumb Code     6  port_multi_bond.o(.text)
    port_alt_pair_get_ediv                   0x07fcd5e5   Thumb Code     8  port_multi_bond.o(.text)
    port_alt_pair_get_irk                    0x07fcd5ed   Thumb Code     6  port_multi_bond.o(.text)
    port_alt_pair_set_irk                    0x07fcd5f3   Thumb Code    46  port_multi_bond.o(.text)
    port_alt_pair_get_env                    0x07fcd621   Thumb Code     6  port_multi_bond.o(.text)
    port_alt_pair_reset_bonding_data         0x07fcd627   Thumb Code    14  port_multi_bond.o(.text)
    port_alt_pair_clear_service_changes_hdls 0x07fcd635   Thumb Code    14  port_multi_bond.o(.text)
    port_alt_pair_get_num_of_bonded_hosts    0x07fcd643   Thumb Code    48  port_multi_bond.o(.text)
    port_alt_pair_get_num_of_peers           0x07fcd673   Thumb Code     4  port_multi_bond.o(.text)
    port_alt_pair_get_irk_list               0x07fcd677   Thumb Code    34  port_multi_bond.o(.text)
    port_alt_pair_find_irk                   0x07fcd699   Thumb Code    62  port_multi_bond.o(.text)
    port_alt_pair_clear_resolved_pos         0x07fcd6d7   Thumb Code    10  port_multi_bond.o(.text)
    port_get_time                            0x07fcd715   Thumb Code    12  port_platform.o(.text)
    port_attmdb_find_by_uuid                 0x07fcd721   Thumb Code    90  port_platform.o(.text)
    port_atts_find_value_by_uuid             0x07fcd77b   Thumb Code    16  port_platform.o(.text)
    port_create_l2cc_pdu                     0x07fcd78b   Thumb Code    46  port_platform.o(.text)
    port_send_notification                   0x07fcd7b9   Thumb Code   138  port_platform.o(.text)
    port_security_send_ltk_exch_rsp          0x07fcd851   Thumb Code    70  port_security.o(.text)
    port_security_send_encrypt_cfm           0x07fcd897   Thumb Code    76  port_security.o(.text)
    port_security_send_pairing_rsp           0x07fcd8e3   Thumb Code    82  port_security.o(.text)
    port_security_process_handler            0x07fcd935   Thumb Code   142  port_security.o(.text)
    port_stream_queue_data                   0x07fcdb51   Thumb Code   158  port_stream.o(.text)
    port_timer_set                           0x07fcdc2b   Thumb Code    80  port_timer.o(.text)
    port_timer_clear                         0x07fcdc7b   Thumb Code    22  port_timer.o(.text)
    port_timer_remove                        0x07fcdc91   Thumb Code    80  port_timer.o(.text)
    port_wkup_disable_irq                    0x07fcdcf9   Thumb Code    44  port_wkup.o(.text)
    port_wkup_handler                        0x07fcdd25   Thumb Code    90  port_wkup.o(.text)
    port_wkup_init                           0x07fcdd7f   Thumb Code   142  port_wkup.o(.text)
    port_wkup_enable_irq                     0x07fcde0d   Thumb Code    66  port_wkup.o(.text)
    PATCHED_atts_mtu_exc_req                 0x07fcde5d   Thumb Code    52  patch.o(.text)
    patch_func                               0x07fcde91   Thumb Code    48  patch.o(.text)
    patch_global_vars_init                   0x07fcdec1   Thumb Code     2  patch.o(.text)
    DCoffsetCalibration_580                  0x07fcdfd5   Thumb Code   204  rf_calibration.o(.text)
    IffCalibration_580                       0x07fce0bd   Thumb Code    72  rf_calibration.o(.text)
    rf_calibration_580                       0x07fce105   Thumb Code    80  rf_calibration.o(.text)
    rf_calibration_585                       0x07fce155   Thumb Code    84  rf_calibration.o(.text)
    enable_rf_diag_irq                       0x07fce1a9   Thumb Code   104  rf_calibration.o(.text)
    set_gauss_modgain                        0x07fce211   Thumb Code    54  rf_calibration.o(.text)
    set_rf_cal_cap                           0x07fce265   Thumb Code    26  pll_vcocal_lut.o(.text)
    __aeabi_uldivmod                         0x07fce289   Thumb Code    96  uldiv.o(.text)
    strcpy                                   0x07fce2e9   Thumb Code    18  strcpy.o(.text)
    __aeabi_llsr                             0x07fce2fb   Thumb Code    34  llushr.o(.text)
    _ll_ushift_r                             0x07fce2fb   Thumb Code     0  llushr.o(.text)
    __scatterload                            0x07fce31d   Thumb Code    28  init.o(.text)
    __scatterload_rt2                        0x07fce31d   Thumb Code     0  init.o(.text)
    __ARM_clz                                0x07fce341   Thumb Code    46  port_kbd.o(i.__ARM_clz)
    __ARM_common_ll_muluu                    0x07fce36f   Thumb Code    48  arch_system.o(i.__ARM_common_ll_muluu)
    __scatterload_copy                       0x07fce39f   Thumb Code    14  handlers.o(i.__scatterload_copy)
    __scatterload_null                       0x07fce3ad   Thumb Code     2  handlers.o(i.__scatterload_null)
    __scatterload_zeroinit                   0x07fce3af   Thumb Code    14  handlers.o(i.__scatterload_zeroinit)
    rom_func_addr_table_var                  0x07fce3cc   Data         388  jump_table.o(.constdata)
    rom_cfg_table_var                        0x07fce550   Data         188  jump_table.o(.constdata)
    gap_cfg_user_var_struct                  0x07fce60c   Data          90  arch_system.o(.constdata)
    tim1                                     0x07fce674   Data          16  hw_otpc.o(.constdata)
    SPI_FLASH_KNOWN_DEVICES_PARAMETERS_LIST  0x07fce684   Data         120  spi_flash.o(.constdata)
    bas_att_db                               0x07fce6fc   Data          60  bass.o(.constdata)
    bass_itf                                 0x07fce738   Data          16  bass.o(.constdata)
    bass_default_state                       0x07fce748   Data          48  bass_task.o(.constdata)
    bass_default_handler                     0x07fce778   Data           8  bass_task.o(.constdata)
    custs1_itf                               0x07fce780   Data          16  custs1.o(.constdata)
    custs1_default_state                     0x07fce790   Data          48  custs1_task.o(.constdata)
    custs1_default_handler                   0x07fce7c0   Data           8  custs1_task.o(.constdata)
    diss_att_db                              0x07fce7c8   Data         228  diss.o(.constdata)
    diss_itf                                 0x07fce8ac   Data          16  diss.o(.constdata)
    diss_default_state                       0x07fce8bc   Data          24  diss_task.o(.constdata)
    diss_default_handler                     0x07fce8d4   Data           8  diss_task.o(.constdata)
    hids_att_db                              0x07fce8dc   Data         276  hogpd.o(.constdata)
    hogpd_itf                                0x07fce9f0   Data          16  hogpd.o(.constdata)
    hogpd_default_state                      0x07fcea00   Data          64  hogpd_task.o(.constdata)
    hogpd_default_handler                    0x07fcea40   Data           8  hogpd_task.o(.constdata)
    suotar_itf                               0x07fcea48   Data          16  suotar.o(.constdata)
    suotar_default_state                     0x07fcec30   Data          32  suotar_task.o(.constdata)
    suotar_default_handler                   0x07fcec50   Data           8  suotar_task.o(.constdata)
    prf_funcs                                0x07fced0c   Data          48  app.o(.constdata)
    app_default_state                        0x07fceda8   Data           8  app_task.o(.constdata)
    app_default_handler                      0x07fcedb0   Data           8  app_task.o(.constdata)
    app_process_handlers                     0x07fcee0c   Data          28  app_entry_point.o(.constdata)
    cust_prf_funcs                           0x07fcefc8   Data          56  user_custs_config.o(.constdata)
    FilterCoefs                              0x07fcf29c   Data          76  app_audio_codec.o(.constdata)
    empty_report                             0x07fcf57c   Data           8  app_hid_report.o(.constdata)
    LUT_CFG                                  0x07fcf788   Data          22  pll_vcocal_lut.o(.constdata)
    Region$$Table$$Base                      0x07fcf8f0   Number         0  anon$$obj.o(Region$$Table)
    Region$$Table$$Limit                     0x07fcf930   Number         0  anon$$obj.o(Region$$Table)
    SystemCoreClock                          0x07fcf930   Data           4  system_armcm0.o(.data)
    startup_sleep_delay                      0x07fcf934   Data           4  arch_system.o(.data)
    custs1_att_db                            0x07fcf980   Data         240  user_dlg_audio_svc_def.o(.data)
    kbd_input_ports                          0x07fcfa70   Data           4  port_kbd.o(.data)
    kbd_output_mode_regs                     0x07fcfa74   Data           4  port_kbd.o(.data)
    kbd_output_reset_data_regs               0x07fcfa78   Data           4  port_kbd.o(.data)
    kbd_input_mode_regs                      0x07fcfa7c   Data           4  port_kbd.o(.data)
    kbd_out_bitmasks                         0x07fcfa80   Data           8  port_kbd.o(.data)
    str_count                                0x07fcfa88   Data           4  port_stream.o(.data)
    min_val                                  0x07fcfa8c   Data           4  port_stream.o(.data)
    __initial_sp                             0x07fd0090   Data           0  boot_vectors.o(STACK)
    heap_mem_area_not_ret$$Base              0x07fd0090   Number         0  jump_table.o(heap_mem_area_not_ret)
    rwip_heap_non_ret                        0x07fd0090   Data         268  jump_table.o(heap_mem_area_not_ret)
    GPIO_status                              0x07fd2598   Data           8  gpio.o(.bss)
    GPIO                                     0x07fd25a0   Data         160  gpio.o(.bss)
    GPIOHandlerFunction                      0x07fd2640   Data          20  gpio.o(.bss)
    mic_circular                             0x07fd2658   Data           1  pdm_mic.o(.bss)
    mic_int_threshold                        0x07fd265a   Data           2  pdm_mic.o(.bss)
    mic_callback                             0x07fd265c   Data           4  pdm_mic.o(.bss)
    DMA_Setup_for_PDM_to_buffer              0x07fd2660   Data          40  pdm_mic.o(.bss)
    spi_driver_cs_pad                        0x07fd2688   Data           2  spi.o(.bss)
    spi_flash_device_index                   0x07fd268c   Data           2  spi_flash.o(.bss)
    spi_flash_detected_device                0x07fd2690   Data           4  spi_flash.o(.bss)
    spi_flash_size                           0x07fd2694   Data           4  spi_flash.o(.bss)
    spi_flash_page_size                      0x07fd2698   Data           4  spi_flash.o(.bss)
    callback_function                        0x07fd269c   Data           4  systick.o(.bss)
    TIMER0_callback                          0x07fd26a0   Data           4  timer0.o(.bss)
    app_audio_env                            0x07fd26a8   Data         244  app_audio.o(.bss)
    spi_FLASH_CS_Pad                         0x07fd279c   Data           2  app_flash.o(.bss)
    stream_buffer                            0x07fd279e   Data        1024  app_stream.o(.bss)
    buffer_length_requested                  0x07fd2ba0   Data           2  port_audio.o(.bss)
    port_audio_env                           0x07fd2ba4   Data         488  port_audio.o(.bss)
    kbd_new_key_detected                     0x07fd2d8e   Data           1  port_kbd.o(.bss)
    full_scan                                0x07fd2d8f   Data           1  port_kbd.o(.bss)
    next_is_full_scan                        0x07fd2d90   Data           1  port_kbd.o(.bss)
    kbd_bounce_active                        0x07fd2d91   Data           1  port_kbd.o(.bss)
    kbd_global_deb_cnt                       0x07fd2d92   Data           1  port_kbd.o(.bss)
    kbd_membrane_status                      0x07fd2d93   Data           1  port_kbd.o(.bss)
    kbd_cntrl_active                         0x07fd2d94   Data           1  port_kbd.o(.bss)
    kbd_scandata                             0x07fd2d95   Data           4  port_kbd.o(.bss)
    kbd_new_scandata                         0x07fd2d99   Data           4  port_kbd.o(.bss)
    kbd_active_row                           0x07fd2d9d   Data           4  port_kbd.o(.bss)
    scan_cycle_time                          0x07fd2da4   Data           4  port_kbd.o(.bss)
    scan_cycle_time_last                     0x07fd2da8   Data           4  port_kbd.o(.bss)
    kbd_bounce_rows                          0x07fd2dac   Data           4  port_kbd.o(.bss)
    kbd_bounce_intersections                 0x07fd2db0   Data          10  port_kbd.o(.bss)
    kbd_bounce_counters                      0x07fd2dba   Data          10  port_kbd.o(.bss)
    attribute_handle                         0x07fd2dc4   Data           4  port_multi_bond.o(.bss)
    stream_cpt_event                         0x07fd2dc8   Data           1  port_stream.o(.bss)
    transmitting_data                        0x07fd2dc9   Data           1  port_stream.o(.bss)
    asynch_flag                              0x07fd2dca   Data           1  port_stream.o(.bss)
    ret_mode_for_non_ret_heap                0x07fd2dd4   Data           1  arch_main.o(retention_mem_area0)
    ret_mode                                 0x07fd2dd5   Data           1  arch_main.o(retention_mem_area0)
    ret_mode_for_ret_data                    0x07fd2dd6   Data           1  arch_main.o(retention_mem_area0)
    reinit_non_ret_heap                      0x07fd2dd7   Data           1  arch_main.o(retention_mem_area0)
    code_size                                0x07fd2dd8   Data           4  arch_main.o(retention_mem_area0)
    sys_startup_flag                         0x07fd2de0   Data           1  arch_system.o(retention_mem_area0)
    rcx_cal_in_progress                      0x07fd2de1   Data           1  arch_system.o(retention_mem_area0)
    force_rf_cal                             0x07fd2de2   Data           1  arch_system.o(retention_mem_area0)
    last_temp_count                          0x07fd2de4   Data           2  arch_system.o(retention_mem_area0)
    arch_wkupct_deb_time                     0x07fd2de6   Data           2  arch_system.o(retention_mem_area0)
    iq_trim_bias_ctrl1_reg                   0x07fd2de8   Data           2  arch_system.o(retention_mem_area0)
    iq_trim_rf_mixer_ctrl1_reg               0x07fd2dea   Data           2  arch_system.o(retention_mem_area0)
    last_temp_time                           0x07fd2dec   Data           4  arch_system.o(retention_mem_area0)
    lp_clk_sel                               0x07fd2df0   Data           4  arch_system.o(retention_mem_area0)
    rcx_freq                                 0x07fd2df4   Data           4  arch_system.o(retention_mem_area0)
    rcx_period                               0x07fd2df8   Data           4  arch_system.o(retention_mem_area0)
    dev_bdaddr                               0x07fd2dfc   Data           6  arch_system.o(retention_mem_area0)
    rcx_slot_duration                        0x07fd2e08   Data           8  arch_system.o(retention_mem_area0)
    wkupct_quad_IRQ_status                   0x07fd2e34   Data           1  wkupct_quadec.o(retention_mem_area0)
    arch_rwble_last_event                    0x07fd2e44   Data           1  rwble.o(retention_mem_area0)
    set_boost_low_vbat1v_overhead            0x07fd2e45   Data           1  rwble.o(retention_mem_area0)
    skip_slave_latency_flag                  0x07fd2e46   Data           1  rwble.o(retention_mem_area0)
    packets_per_event                        0x07fd2e47   Data           1  rwble.o(retention_mem_area0)
    good_packets_per_event                   0x07fd2e48   Data           1  rwble.o(retention_mem_area0)
    max_packets_per_event                    0x07fd2e49   Data           1  rwble.o(retention_mem_area0)
    clk_freq_trim_reg_value                  0x07fd2e4a   Data           2  rwble.o(retention_mem_area0)
    ble_throughput_rx_err                    0x07fd2e4c   Data           4  rwble.o(retention_mem_area0)
    ble_throughput_rx_pkt                    0x07fd2e50   Data           4  rwble.o(retention_mem_area0)
    ble_finetim_corr                         0x07fd2e54   Data           4  rwble.o(retention_mem_area0)
    sleep_lp_cycles                          0x07fd2e58   Data           4  rwip.o(retention_mem_area0)
    retained_BLE_EM_BASE_REG                 0x07fd2e5c   Data           4  rwip.o(retention_mem_area0)
    slp_period_retained                      0x07fd2e60   Data           4  rwip.o(retention_mem_area0)
    prf_env                                  0x07fd2e64   Data         120  prf.o(retention_mem_area0)
    app_env                                  0x07fd2ef4   Data          12  app.o(retention_mem_area0)
    app_prf_srv_perm                         0x07fd2f00   Data          20  app.o(retention_mem_area0)
    app_state                                0x07fd2f14   Data           1  app_task.o(retention_mem_area0)
    app_sec_env                              0x07fd2f16   Data          74  app_security.o(retention_mem_area0)
    cur_batt_level                           0x07fd2f60   Data           1  app_bass.o(retention_mem_area0)
    batt_alert_en                            0x07fd2f61   Data           1  app_bass.o(retention_mem_area0)
    bat_led_state                            0x07fd2f62   Data           1  app_bass.o(retention_mem_area0)
    bat_lvl_alert_used                       0x07fd2f63   Data           1  app_bass.o(retention_mem_area0)
    bat_led_port                             0x07fd2f64   Data           1  app_bass.o(retention_mem_area0)
    bat_led_pin                              0x07fd2f65   Data           1  app_bass.o(retention_mem_area0)
    bat_poll_timeout                         0x07fd2f66   Data           2  app_bass.o(retention_mem_area0)
    suota_state                              0x07fd2f68   Data          44  app_suotar.o(retention_mem_area0)
    suota_all_pd                             0x07fd2f94   Data         512  app_suotar.o(retention_mem_area0)
    system_initialized                       0x07fd3214   Data           1  user_rcu.o(retention_mem_area0)
    last_connection_idx                      0x07fd3215   Data           1  user_rcu.o(retention_mem_area0)
    user_sync_key_press_evt                  0x07fd3216   Data           1  user_rcu.o(retention_mem_area0)
    user_suota_in_progress                   0x07fd3217   Data           1  user_rcu.o(retention_mem_area0)
    user_hid_report_normal_full_release_pending 0x07fd3218   Data           1  user_rcu.o(retention_mem_area0)
    user_hid_report_extended_full_release_pending 0x07fd3219   Data           1  user_rcu.o(retention_mem_area0)
    user_reset_inactivity_triggered          0x07fd321a   Data           1  user_rcu.o(retention_mem_area0)
    user_connection_params                   0x07fd321c   Data           6  user_rcu.o(retention_mem_area0)
    user_audio_samples_available             0x07fd3224   Data           1  user_rcu_audio.o(retention_mem_area0)
    stop_when_buffer_empty                   0x07fd3225   Data           1  user_rcu_audio.o(retention_mem_area0)
    user_audio_force_custom_bitrate          0x07fd3226   Data           1  user_rcu_audio.o(retention_mem_area0)
    audio_control_packet_pending             0x07fd3227   Data           1  user_rcu_audio.o(retention_mem_area0)
    user_max_att_packet_size                 0x07fd3228   Data           2  user_rcu_audio.o(retention_mem_area0)
    user_fixed_att_packet_size               0x07fd322a   Data           2  user_rcu_audio.o(retention_mem_area0)
    user_audio_packet_size                   0x07fd322c   Data           2  user_rcu_audio.o(retention_mem_area0)
    user_mtu_size                            0x07fd322e   Data           2  user_rcu_audio.o(retention_mem_area0)
    user_audio_data_hdl                      0x07fd3230   Data           2  user_rcu_audio.o(retention_mem_area0)
    user_audio_ctrl_in_hdl                   0x07fd3232   Data           2  user_rcu_audio.o(retention_mem_area0)
    audio_control_packet_length              0x07fd3234   Data           2  user_rcu_audio.o(retention_mem_area0)
    adpcm_env                                0x07fd3238   Data          16  user_rcu_audio.o(retention_mem_area0)
    audio_stats                              0x07fd3248   Data          24  user_rcu_audio.o(retention_mem_area0)
    audio_control_packet_data                0x07fd3260   Data          20  user_rcu_audio.o(retention_mem_area0)
    user_fn_locked                           0x07fd3274   Data           1  user_rcu_kbd.o(retention_mem_area0)
    conn_timer_remaining                     0x07fd3278   Data           4  user_pwr_mgr.o(retention_mem_area0)
    hogpd_conidx                             0x07fd327c   Data           1  app_hogpd.o(retention_mem_area0)
    report_ntf                               0x07fd327e   Data           2  app_hogpd.o(retention_mem_area0)
    adv_pending_event                        0x07fd3280   Data           1  app_adv_fsm.o(retention_mem_area0)
    current_adv_state                        0x07fd3281   Data           1  app_adv_fsm.o(retention_mem_area0)
    adv_und_filter_policy                    0x07fd3282   Data           1  app_adv_fsm.o(retention_mem_area0)
    adv_fsm_next_notification                0x07fd3283   Data           1  app_adv_fsm.o(retention_mem_area0)
    app_adv_data_length                      0x07fd3284   Data           1  app_adv_fsm.o(retention_mem_area0)
    app_scanrsp_data_length                  0x07fd3285   Data           1  app_adv_fsm.o(retention_mem_area0)
    directed_adv_repeat_counter              0x07fd3288   Data           4  app_adv_fsm.o(retention_mem_area0)
    app_adv_bd_address                       0x07fd328c   Data           6  app_adv_fsm.o(retention_mem_area0)
    app_adv_data                             0x07fd3292   Data          28  app_adv_fsm.o(retention_mem_area0)
    app_scanrsp_data                         0x07fd32ae   Data          31  app_adv_fsm.o(retention_mem_area0)
    app_audio_started                        0x07fd32cd   Data           1  app_audio.o(retention_mem_area0)
    adpcm_mode                               0x07fd32ce   Data           1  app_audio.o(retention_mem_area0)
    current_fsm_state                        0x07fd32d0   Data           1  app_con_fsm.o(retention_mem_area0)
    app_con_fsm_last_queued_adv              0x07fd32d1   Data           1  app_con_fsm.o(retention_mem_area0)
    ble_async_tasks                          0x07fd32d2   Data           1  app_con_fsm.o(retention_mem_area0)
    non_ble_async_tasks                      0x07fd32d3   Data           1  app_con_fsm.o(retention_mem_area0)
    nv_rom_is_read                           0x07fd32d4   Data           1  app_con_fsm.o(retention_mem_area0)
    conn_upd_pending                         0x07fd32d5   Data           1  app_con_fsm.o(retention_mem_area0)
    multi_bond_enabled                       0x07fd32d6   Data           1  app_con_fsm.o(retention_mem_area0)
    directed_adv_permitted                   0x07fd32d7   Data           1  app_con_fsm.o(retention_mem_area0)
    app_con_fsm_advertising                  0x07fd32d8   Data           1  app_con_fsm.o(retention_mem_area0)
    app_con_fsm_running_timer_type           0x07fd32d9   Data           1  app_con_fsm.o(retention_mem_area0)
    fsm_log_ptr                              0x07fd32dc   Data           4  app_con_fsm.o(retention_mem_area0)
    fsm_log                                  0x07fd32e0   Data          32  app_con_fsm.o(retention_mem_area0)
    extended_key_report_st                   0x07fd3300   Data           3  app_hid_report.o(retention_mem_area0)
    report_trm_list                          0x07fd3304   Data           4  app_hid_report.o(retention_mem_area0)
    report_free_list                         0x07fd3308   Data           4  app_hid_report.o(retention_mem_area0)
    normal_key_report_st                     0x07fd330c   Data           8  app_hid_report.o(retention_mem_area0)
    report_list                              0x07fd3314   Data         128  app_hid_report.o(retention_mem_area0)
    hid_report                               0x07fd3394   Data          64  app_hid_report.o(retention_mem_area0)
    roll_over_info                           0x07fd33d4   Data          20  app_hid_report.o(retention_mem_area0)
    kbd_reports_en                           0x07fd33e8   Data           1  app_kbd.o(retention_mem_area0)
    kbd_keycode_buffer_head                  0x07fd33e9   Data           1  app_kbd.o(retention_mem_area0)
    kbd_keycode_buffer_tail                  0x07fd33ea   Data           1  app_kbd.o(retention_mem_area0)
    keycode_buf_overflow                     0x07fd33eb   Data           1  app_kbd.o(retention_mem_area0)
    fn_locked                                0x07fd33ec   Data           1  app_kbd.o(retention_mem_area0)
    key_pressed_after_fn_lock                0x07fd33ed   Data           1  app_kbd.o(retention_mem_area0)
    kbd_fn_modifier                          0x07fd33ee   Data           1  app_kbd.o(retention_mem_area0)
    passcode                                 0x07fd33f0   Data           4  app_kbd.o(retention_mem_area0)
    multi_key_pressed                        0x07fd33f4   Data           8  app_kbd.o(retention_mem_area0)
    kbd_keycode_buffer                       0x07fd33fc   Data          96  app_kbd.o(retention_mem_area0)
    stream_first_packets                     0x07fd345c   Data           1  app_stream.o(retention_mem_area0)
    stream_packet_size                       0x07fd345d   Data           1  app_stream.o(retention_mem_area0)
    stream_ignore_packet_size                0x07fd345e   Data           1  app_stream.o(retention_mem_area0)
    app_stream_env                           0x07fd3460   Data           4  app_stream.o(retention_mem_area0)
    app_stream_fifo                          0x07fd3464   Data          32  app_stream.o(retention_mem_area0)
    current_scan_state                       0x07fd3484   Data           1  port_kbd.o(retention_mem_area0)
    monitor_kbd_delayed_start_st             0x07fd3485   Data           1  port_kbd.o(retention_mem_area0)
    trigger_kbd_delayed_start_st             0x07fd3486   Data           1  port_kbd.o(retention_mem_area0)
    multi_bond_status                        0x07fd348c   Data           1  port_multi_bond.o(retention_mem_area0)
    multi_bond_active_peer_pos               0x07fd348d   Data           1  port_multi_bond.o(retention_mem_area0)
    multi_bond_next_peer_pos                 0x07fd348e   Data           1  port_multi_bond.o(retention_mem_area0)
    multi_bond_resolved_peer_pos             0x07fd348f   Data           1  port_multi_bond.o(retention_mem_area0)
    bond_usage                               0x07fd3490   Data           3  port_multi_bond.o(retention_mem_area0)
    bond_array                               0x07fd3494   Data         180  port_multi_bond.o(retention_mem_area0)
    bond_info                                0x07fd3548   Data          60  port_multi_bond.o(retention_mem_area0)
    alt_dev_bdaddr                           0x07fd3584   Data           6  port_multi_bond.o(retention_mem_area0)
    port_timer_hnds                          0x07fd358a   Data           7  port_timer.o(retention_mem_area0)
    wkup_channel_enabled                     0x07fd3594   Data           1  port_wkup.o(retention_mem_area0)
    wkup_pin_config                          0x07fd3598   Data           4  port_wkup.o(retention_mem_area0)
    wkup_pol_config                          0x07fd359c   Data           4  port_wkup.o(retention_mem_area0)
    wkup_mask                                0x07fd35a0   Data           4  port_wkup.o(retention_mem_area0)
    calcap_minmax                            0x07fd35a4   Data           1  pll_vcocal_lut.o(retention_mem_area0)
    vcocal_ctrl_reg_val                      0x07fd35a6   Data           2  pll_vcocal_lut.o(retention_mem_area0)
    vco_calcap_ranges                        0x07fd35a8   Data          16  pll_vcocal_lut.o(retention_mem_area0)
    rf_cal_cap                               0x07fd35b8   Data          20  pll_vcocal_lut.o(retention_mem_area0)
    rwip_heap_db_ret                         0x07fd35cc   Data        2572  jump_table.o(heap_db_area)
    rwip_heap_env_ret                        0x07fd3fd8   Data         628  jump_table.o(heap_env_area)
    dummy                                    0x07fd4000   Data           0  da14585_symbols.txt ABSOLUTE
    rwip_heap_msg_ret                        0x07fd424c   Data        3084  jump_table.o(heap_msg_area)
    ble_wakeup_executed                      0x07fd7600   Data           0  da14585_symbols.txt ABSOLUTE
    rf_in_sleep                              0x07fd7601   Data           0  da14585_symbols.txt ABSOLUTE
    custom_preinit                           0x07fd7604   Data           0  da14585_symbols.txt ABSOLUTE
    custom_postinit                          0x07fd7608   Data           0  da14585_symbols.txt ABSOLUTE
    custom_appinit                           0x07fd760c   Data           0  da14585_symbols.txt ABSOLUTE
    custom_preloop                           0x07fd7610   Data           0  da14585_symbols.txt ABSOLUTE
    custom_preschedule                       0x07fd7614   Data           0  da14585_symbols.txt ABSOLUTE
    custom_postschedule                      0x07fd7618   Data           0  da14585_symbols.txt ABSOLUTE
    custom_postschedule_async                0x07fd761c   Data           0  da14585_symbols.txt ABSOLUTE
    custom_presleepcheck                     0x07fd7620   Data           0  da14585_symbols.txt ABSOLUTE
    custom_appsleepset                       0x07fd7624   Data           0  da14585_symbols.txt ABSOLUTE
    custom_postsleepcheck                    0x07fd7628   Data           0  da14585_symbols.txt ABSOLUTE
    custom_presleepenter                     0x07fd762c   Data           0  da14585_symbols.txt ABSOLUTE
    custom_postsleepexit                     0x07fd7630   Data           0  da14585_symbols.txt ABSOLUTE
    custom_prewakeup                         0x07fd7634   Data           0  da14585_symbols.txt ABSOLUTE
    custom_postwakeup                        0x07fd7638   Data           0  da14585_symbols.txt ABSOLUTE
    custom_preidlecheck                      0x07fd763c   Data           0  da14585_symbols.txt ABSOLUTE
    custom_pti_set                           0x07fd7640   Data           0  da14585_symbols.txt ABSOLUTE
    REG_BLE_EM_TX_BUFFER_SIZE                0x07fd7644   Data           0  da14585_symbols.txt ABSOLUTE
    REG_BLE_EM_RX_BUFFER_SIZE                0x07fd7648   Data           0  da14585_symbols.txt ABSOLUTE
    _ble_base                                0x07fd764c   Data           0  da14585_symbols.txt ABSOLUTE
    gap_cfg_user                             0x07fd7650   Data           0  da14585_symbols.txt ABSOLUTE
    rom_func_addr_table                      0x07fd7654   Data           0  da14585_symbols.txt ABSOLUTE
    rom_cfg_table                            0x07fd7658   Data           0  da14585_symbols.txt ABSOLUTE
    BLE_TX_DESC_DATA_USER                    0x07fd765c   Data           0  da14585_symbols.txt ABSOLUTE
    BLE_TX_DESC_CNTL_USER                    0x07fd7660   Data           0  da14585_symbols.txt ABSOLUTE
    LLM_LE_ADV_DUMMY_IDX                     0x07fd7664   Data           0  da14585_symbols.txt ABSOLUTE
    LLM_LE_SCAN_CON_REQ_ADV_DIR_IDX          0x07fd7668   Data           0  da14585_symbols.txt ABSOLUTE
    LLM_LE_SCAN_RSP_IDX                      0x07fd766c   Data           0  da14585_symbols.txt ABSOLUTE
    LLM_LE_ADV_IDX                           0x07fd7670   Data           0  da14585_symbols.txt ABSOLUTE
    length_exchange_needed                   0x07fd7674   Data           0  da14585_symbols.txt ABSOLUTE
    enh_con_cmp_cnt                          0x07fd7678   Data           0  da14585_symbols.txt ABSOLUTE
    rx_pkt_cnt                               0x07fd7680   Data           0  da14585_symbols.txt ABSOLUTE
    rx_pkt_cnt_bad                           0x07fd7684   Data           0  da14585_symbols.txt ABSOLUTE
    rx_pkt_cnt_bad_adv                       0x07fd7688   Data           0  da14585_symbols.txt ABSOLUTE
    rx_pkt_cnt_bad_scn                       0x07fd768c   Data           0  da14585_symbols.txt ABSOLUTE
    rx_pkt_cnt_bad_oth                       0x07fd7690   Data           0  da14585_symbols.txt ABSOLUTE
    rx_pkt_cnt_bad_wo_sync_err               0x07fd7694   Data           0  da14585_symbols.txt ABSOLUTE
    rx_pkt_cnt_bad_con                       0x07fd7698   Data           0  da14585_symbols.txt ABSOLUTE
    connect_req_cnt                          0x07fd769c   Data           0  da14585_symbols.txt ABSOLUTE
    last_status                              0x07fd76a0   Data           0  da14585_symbols.txt ABSOLUTE
    llc_state                                0x07fd76a4   Data           0  da14585_symbols.txt ABSOLUTE
    lld_sleep_env                            0x07fd76ac   Data           0  da14585_symbols.txt ABSOLUTE
    lld_wlcoex_enable                        0x07fd76b0   Data           0  da14585_symbols.txt ABSOLUTE
    ble_duplicate_filter_max                 0x07fd76b4   Data           0  da14585_symbols.txt ABSOLUTE
    ble_duplicate_filter_found               0x07fd76b5   Data           0  da14585_symbols.txt ABSOLUTE
    alter_conn_adv_all_cnt                   0x07fd76b8   Data           0  da14585_symbols.txt ABSOLUTE
    alter_conn_adv_dir_cnt                   0x07fd76bc   Data           0  da14585_symbols.txt ABSOLUTE
    alter_conn_adv_cnt                       0x07fd76c0   Data           0  da14585_symbols.txt ABSOLUTE
    create_conn_cnt                          0x07fd76c4   Data           0  da14585_symbols.txt ABSOLUTE
    alter_conn_cnt                           0x07fd76c8   Data           0  da14585_symbols.txt ABSOLUTE
    alter_conn_restart_cnt                   0x07fd76cc   Data           0  da14585_symbols.txt ABSOLUTE
    alter_conn_peer_addr                     0x07fd76d0   Data           0  da14585_symbols.txt ABSOLUTE
    alter_conn_local_addr                    0x07fd76d6   Data           0  da14585_symbols.txt ABSOLUTE
    set_adv_data_discard_old                 0x07fd76dc   Data           0  da14585_symbols.txt ABSOLUTE
    llm_resolving_list_max                   0x07fd76dd   Data           0  da14585_symbols.txt ABSOLUTE
    llm_bt_env                               0x07fd76de   Data           0  da14585_symbols.txt ABSOLUTE
    init_tx_cnt_cntl_cnt1                    0x07fd76e8   Data           0  da14585_symbols.txt ABSOLUTE
    init_tx_cnt_cntl_cnt                     0x07fd76ec   Data           0  da14585_symbols.txt ABSOLUTE
    tx_cnt_cntl_cnt                          0x07fd76f0   Data           0  da14585_symbols.txt ABSOLUTE
    llm_state                                0x07fd76f4   Data           0  da14585_symbols.txt ABSOLUTE
    gtl_state                                0x07fd76f8   Data           0  da14585_symbols.txt ABSOLUTE
    use_h4tl                                 0x07fd76f9   Data           0  da14585_symbols.txt ABSOLUTE
    hci_cmd_desc_root_tab                    0x07fd76fc   Data           0  da14585_symbols.txt ABSOLUTE
    gattc_state                              0x07fd772c   Data           0  da14585_symbols.txt ABSOLUTE
    gattm_state                              0x07fd7734   Data           0  da14585_symbols.txt ABSOLUTE
    l2cc_state                               0x07fd7735   Data           0  da14585_symbols.txt ABSOLUTE
    l2cm_env                                 0x07fd773e   Data           0  da14585_symbols.txt ABSOLUTE
    gapc_state                               0x07fd7744   Data           0  da14585_symbols.txt ABSOLUTE
    gapm_state                               0x07fd774c   Data           0  da14585_symbols.txt ABSOLUTE
    ecdh_key_creation_in_progress            0x07fd7750   Data           0  da14585_symbols.txt ABSOLUTE
    ke_free_bad                              0x07fd7754   Data           0  da14585_symbols.txt ABSOLUTE
    rwip_env                                 0x07fd7758   Data           0  da14585_symbols.txt ABSOLUTE
    ble_reg_save                             0x07fd7764   Data           0  da14585_symbols.txt ABSOLUTE
    sleep_env                                0x07fd77b4   Data           0  da14585_symbols.txt ABSOLUTE
    uart_env                                 0x07fd77b8   Data           0  da14585_symbols.txt ABSOLUTE
    ke_mem_heaps_used                        0x07fd77dc   Data           0  da14585_symbols.txt ABSOLUTE
    co_buf_env                               0x07fd77e0   Data           0  da14585_symbols.txt ABSOLUTE
    llc_env                                  0x07fd7918   Data           0  da14585_symbols.txt ABSOLUTE
    lld_evt_env                              0x07fd7938   Data           0  da14585_symbols.txt ABSOLUTE
    llm_le_env                               0x07fd7964   Data           0  da14585_symbols.txt ABSOLUTE
    llm_resolving_list                       0x07fd7a60   Data           0  da14585_symbols.txt ABSOLUTE
    ea_env                                   0x07fd7cb8   Data           0  da14585_symbols.txt ABSOLUTE
    gtl_env                                  0x07fd7cf8   Data           0  da14585_symbols.txt ABSOLUTE
    hci_env                                  0x07fd7d40   Data           0  da14585_symbols.txt ABSOLUTE
    h4tl_env                                 0x07fd7d50   Data           0  da14585_symbols.txt ABSOLUTE
    gattc_env                                0x07fd7d68   Data           0  da14585_symbols.txt ABSOLUTE
    gattm_env                                0x07fd7d88   Data           0  da14585_symbols.txt ABSOLUTE
    l2cc_env                                 0x07fd7dac   Data           0  da14585_symbols.txt ABSOLUTE
    ecdh_key                                 0x07fd7dcc   Data           0  da14585_symbols.txt ABSOLUTE
    gapc_env                                 0x07fd7e2c   Data           0  da14585_symbols.txt ABSOLUTE
    gapm_env                                 0x07fd7e4c   Data           0  da14585_symbols.txt ABSOLUTE
    ke_env                                   0x07fd7e78   Data           0  da14585_symbols.txt ABSOLUTE
    rwip_rf                                  0x07fd7fb4   Data           0  da14585_symbols.txt ABSOLUTE
    timer0_ctrl_reg                          0x50003400   Data           2  timer0.o(.ARM.__AT_0x50003400)
    triple_pwm_ctrl_reg                      0x50003410   Data           2  timer2.o(.ARM.__AT_0x50003410)



==============================================================================

Memory Map of the image

  Image Entry point : 0x07fc0511

  Load Region LR_IROM1 (Base: 0x07fc0000, Size: 0x000000a0, Max: 0x000000c0, ABSOLUTE)

    Execution Region ER_IROM1 (Exec base: 0x07fc0000, Load base: 0x07fc0000, Size: 0x000000a0, Max: 0x000000c0, ABSOLUTE)

    Exec Addr    Load Addr    Size         Type   Attr      Idx    E Section Name        Object

    0x07fc0000   0x07fc0000   0x000000a0   Data   RO          198    RESET               boot_vectors.o



  Load Region LR_IROM2 (Base: 0x07fc00c0, Size: 0x00000000, Max: 0x00000050, ABSOLUTE)

    Execution Region ER_IROM2 (Exec base: 0x07fc00c0, Load base: 0x07fc00c0, Size: 0x00000050, Max: 0x00000050, ABSOLUTE)

    Exec Addr    Load Addr    Size         Type   Attr      Idx    E Section Name        Object

    0x07fc00c0        -       0x00000050   Zero   RW            1    ER_IROM2.bss        anon$$obj.o



  Load Region LR_TRNG_ZI (Base: 0x07fc0110, Size: 0x00000000, Max: 0x00000400, ABSOLUTE)

    Execution Region ER_TRNG_ZI (Exec base: 0x07fc0110, Load base: 0x07fc0110, Size: 0x00000400, Max: 0x00000400, ABSOLUTE)

    Exec Addr    Load Addr    Size         Type   Attr      Idx    E Section Name        Object

    0x07fc0110        -       0x00000400   Zero   RW         1221    trng_buffer_area_zi  trng.o



  Load Region LR_IROM3 (Base: 0x07fc0510, Size: 0x0000f580, Max: 0x000162f0, ABSOLUTE)

    Execution Region ER_IROM3 (Exec base: 0x07fc0510, Load base: 0x07fc0510, Size: 0x0000f580, Max: 0x000162f0, ABSOLUTE)

    Exec Addr    Load Addr    Size         Type   Attr      Idx    E Section Name        Object

    0x07fc0510   0x07fc0510   0x00000000   Code   RO         3532  * .ARM.Collect$$$$00000000  mc_p.l(entry.o)
    0x07fc0510   0x07fc0510   0x00000004   Code   RO         3537    .ARM.Collect$$$$00000001  mc_p.l(entry2.o)
    0x07fc0514   0x07fc0514   0x00000004   Code   RO         3540    .ARM.Collect$$$$00000004  mc_p.l(entry5.o)
    0x07fc0518   0x07fc0518   0x00000000   Code   RO         3542    .ARM.Collect$$$$00000008  mc_p.l(entry7b.o)
    0x07fc0518   0x07fc0518   0x00000000   Code   RO         3544    .ARM.Collect$$$$0000000A  mc_p.l(entry8b.o)
    0x07fc0518   0x07fc0518   0x00000008   Code   RO         3545    .ARM.Collect$$$$0000000B  mc_p.l(entry9a.o)
    0x07fc0520   0x07fc0520   0x00000004   Code   RO         3552    .ARM.Collect$$$$0000000E  mc_p.l(entry12b.o)
    0x07fc0524   0x07fc0524   0x00000000   Code   RO         3547    .ARM.Collect$$$$0000000F  mc_p.l(entry10a.o)
    0x07fc0524   0x07fc0524   0x00000000   Code   RO         3549    .ARM.Collect$$$$00000011  mc_p.l(entry11a.o)
    0x07fc0524   0x07fc0524   0x00000004   Code   RO         3538    .ARM.Collect$$$$00002712  mc_p.l(entry2.o)
    0x07fc0528   0x07fc0528   0x00000058   Code   RO            2    .text               system_armcm0.o
    0x07fc0580   0x07fc0580   0x00000050   Code   RO          199    .text               boot_vectors.o
    0x07fc05d0   0x07fc05d0   0x00000060   Code   RO          204    .text               hardfault_handler.o
    0x07fc0630   0x07fc0630   0x0000009c   Code   RO          239    .text               nmi_handler.o
    0x07fc06cc   0x07fc06cc   0x00000388   Code   RO          257    .text               arch_console.o
    0x07fc0a54   0x07fc0a54   0x000000c8   Code   RO          336    .text               nvds.o
    0x07fc0b1c   0x07fc0b1c   0x000002a8   Code   RO          354    .text               arch_main.o
    0x07fc0dc4   0x07fc0dc4   0x00000050   Code   RO          647    .text               jump_table.o
    0x07fc0e14   0x07fc0e14   0x000001cc   Code   RO          700    .text               arch_sleep.o
    0x07fc0fe0   0x07fc0fe0   0x00000478   Code   RO          715    .text               arch_system.o
    0x07fc1458   0x07fc1458   0x000000c8   Code   RO          796    .text               arch_rom.o
    0x07fc1520   0x07fc1520   0x00000128   Code   RO          816    .text               adc.o
    0x07fc1648   0x07fc1648   0x00000124   Code   RO          832    .text               battery.o
    0x07fc176c   0x07fc176c   0x000003a0   Code   RO          852    .text               dma.o
    0x07fc1b0c   0x07fc1b0c   0x0000056c   Code   RO          872    .text               gpio.o
    0x07fc2078   0x07fc2078   0x00000634   Code   RO          894    .text               hw_otpc.o
    0x07fc26ac   0x07fc26ac   0x00000354   Code   RO          945    .text               pdm.o
    0x07fc2a00   0x07fc2a00   0x00000128   Code   RO          968    .text               pdm_mic.o
    0x07fc2b28   0x07fc2b28   0x00000148   Code   RO         1004    .text               spi.o
    0x07fc2c70   0x07fc2c70   0x00000524   Code   RO         1023    .text               spi_flash.o
    0x07fc3194   0x07fc3194   0x00000044   Code   RO         1043    .text               syscntl.o
    0x07fc31d8   0x07fc31d8   0x0000008c   Code   RO         1058    .text               systick.o
    0x07fc3264   0x07fc3264   0x00000080   Code   RO         1077    .text               timer0.o
    0x07fc32e4   0x07fc32e4   0x000001a4   Code   RO         1220    .text               trng.o
    0x07fc3488   0x07fc3488   0x0000022c   Code   RO         1234    .text               uart2.o
    0x07fc36b4   0x07fc36b4   0x00000218   Code   RO         1258    .text               wkupct_quadec.o
    0x07fc38cc   0x07fc38cc   0x000001a4   Code   RO         1301    .text               rf_585.o
    0x07fc3a70   0x07fc3a70   0x00000314   Code   RO         1335    .text               rwble.o
    0x07fc3d84   0x07fc3d84   0x000001bc   Code   RO         1446    .text               rwip.o
    0x07fc3f40   0x07fc3f40   0x000001e4   Code   RO         1478    .text               attm_db_128.o
    0x07fc4124   0x07fc4124   0x000003ac   Code   RO         1511    .text               bass.o
    0x07fc44d0   0x07fc44d0   0x000002a4   Code   RO         1572    .text               bass_task.o
    0x07fc4774   0x07fc4774   0x00000120   Code   RO         1636    .text               custom_common.o
    0x07fc4894   0x07fc4894   0x00000120   Code   RO         1657    .text               custs1.o
    0x07fc49b4   0x07fc49b4   0x00000480   Code   RO         1729    .text               custs1_task.o
    0x07fc4e34   0x07fc4e34   0x00000174   Code   RO         1803    .text               diss.o
    0x07fc4fa8   0x07fc4fa8   0x000001d0   Code   RO         1829    .text               diss_task.o
    0x07fc5178   0x07fc5178   0x00000808   Code   RO         1872    .text               hogpd.o
    0x07fc5980   0x07fc5980   0x0000063c   Code   RO         1887    .text               hogpd_task.o
    0x07fc5fbc   0x07fc5fbc   0x00000060   Code   RO         1911    .text               prf_utils.o
    0x07fc601c   0x07fc601c   0x0000022c   Code   RO         1933    .text               prf.o
    0x07fc6248   0x07fc6248   0x00000344   Code   RO         1967    .text               suotar.o
    0x07fc658c   0x07fc658c   0x000002f4   Code   RO         1988    .text               suotar_task.o
    0x07fc6880   0x07fc6880   0x00000140   Code   RO         2006    .text               app_default_handlers.o
    0x07fc69c0   0x07fc69c0   0x00000738   Code   RO         2035    .text               app.o
    0x07fc70f8   0x07fc70f8   0x00000280   Code   RO         2069    .text               app_task.o
    0x07fc7378   0x07fc7378   0x000000f0   Code   RO         2100    .text               app_security.o
    0x07fc7468   0x07fc7468   0x00000188   Code   RO         2124    .text               app_bass.o
    0x07fc75f0   0x07fc75f0   0x000000a8   Code   RO         2150    .text               app_bass_task.o
    0x07fc7698   0x07fc7698   0x0000003c   Code   RO         2176    .text               app_diss.o
    0x07fc76d4   0x07fc76d4   0x00000104   Code   RO         2191    .text               app_diss_task.o
    0x07fc77d8   0x07fc77d8   0x00000700   Code   RO         2211    .text               app_suotar.o
    0x07fc7ed8   0x07fc7ed8   0x0000010c   Code   RO         2234    .text               app_suotar_task.o
    0x07fc7fe4   0x07fc7fe4   0x00000088   Code   RO         2255    .text               app_entry_point.o
    0x07fc806c   0x07fc806c   0x00000040   Code   RO         2350    .text               app_msg_utils.o
    0x07fc80ac   0x07fc80ac   0x000000fc   Code   RO         2367    .text               app_easy_msg_utils.o
    0x07fc81a8   0x07fc81a8   0x00000304   Code   RO         2382    .text               app_easy_security.o
    0x07fc84ac   0x07fc84ac   0x00000270   Code   RO         2403    .text               app_easy_timer.o
    0x07fc871c   0x07fc871c   0x00000064   Code   RO         2417    .text               app_customs.o
    0x07fc8780   0x07fc8780   0x00000018   Code   RO         2444    .text               app_customs_task.o
    0x07fc8798   0x07fc8798   0x000005e8   Code   RO         2459    .text               user_rcu.o
    0x07fc8d80   0x07fc8d80   0x000008b4   Code   RO         2526    .text               user_rcu_audio.o
    0x07fc9634   0x07fc9634   0x000000a0   Code   RO         2580    .text               user_rcu_kbd.o
    0x07fc96d4   0x07fc96d4   0x00000154   Code   RO         2613    .text               user_modules.o
    0x07fc9828   0x07fc9828   0x00000040   Code   RO         2643    .text               user_pwr_mgr.o
    0x07fc9868   0x07fc9868   0x0000011c   Code   RO         2665    .text               user_periph_setup_1.o
    0x07fc9984   0x07fc9984   0x0000019c   Code   RO         2838    .text               app_hogpd_task.o
    0x07fc9b20   0x07fc9b20   0x00000144   Code   RO         2857    .text               app_hogpd.o
    0x07fc9c64   0x07fc9c64   0x000004c4   Code   RO         2907    .text               app_adv_fsm.o
    0x07fca128   0x07fca128   0x000001cc   Code   RO         2937    .text               app_audio.o
    0x07fca2f4   0x07fca2f4   0x00000294   Code   RO         2960    .text               app_audio_codec.o
    0x07fca588   0x07fca588   0x00000cb8   Code   RO         2978    .text               app_con_fsm.o
    0x07fcb240   0x07fcb240   0x00000184   Code   RO         3026    .text               app_flash.o
    0x07fcb3c4   0x07fcb3c4   0x00000508   Code   RO         3054    .text               app_hid_report.o
    0x07fcb8cc   0x07fcb8cc   0x00000504   Code   RO         3073    .text               app_kbd.o
    0x07fcbdd0   0x07fcbdd0   0x00000076   Code   RO         3107    .text               app_nv_prom.o
    0x07fcbe46   0x07fcbe46   0x000000a0   Code   RO         3120    .text               app_pairing.o
    0x07fcbee6   0x07fcbee6   0x00000002   PAD
    0x07fcbee8   0x07fcbee8   0x00000224   Code   RO         3138    .text               app_stream.o
    0x07fcc10c   0x07fcc10c   0x00000208   Code   RO         3183    .text               port_adv_fsm.o
    0x07fcc314   0x07fcc314   0x000001b4   Code   RO         3195    .text               port_audio.o
    0x07fcc4c8   0x07fcc4c8   0x00000138   Code   RO         3221    .text               port_con_fsm.o
    0x07fcc600   0x07fcc600   0x000000d0   Code   RO         3240    .text               port_con_fsm_task.o
    0x07fcc6d0   0x07fcc6d0   0x0000085c   Code   RO         3279    .text               port_kbd.o
    0x07fccf2c   0x07fccf2c   0x000007e8   Code   RO         3332    .text               port_multi_bond.o
    0x07fcd714   0x07fcd714   0x0000013c   Code   RO         3360    .text               port_platform.o
    0x07fcd850   0x07fcd850   0x00000224   Code   RO         3394    .text               port_security.o
    0x07fcda74   0x07fcda74   0x00000198   Code   RO         3415    .text               port_stream.o
    0x07fcdc0c   0x07fcdc0c   0x000000ec   Code   RO         3435    .text               port_timer.o
    0x07fcdcf8   0x07fcdcf8   0x00000164   Code   RO         3470    .text               port_wkup.o
    0x07fcde5c   0x07fcde5c   0x0000007c   Code   RO         3489    .text               system_library.lib(patch.o)
    0x07fcded8   0x07fcded8   0x000000fc   Code   RO         3492    .text               system_library.lib(rf_calibration.o)
    0x07fcdfd4   0x07fcdfd4   0x000000e8   Code   RO         3493    .text               system_library.lib(rf_calibration.o)
    0x07fce0bc   0x07fce0bc   0x000001a8   Code   RO         3494    .text               system_library.lib(rf_calibration.o)
    0x07fce264   0x07fce264   0x00000024   Code   RO         3513    .text               system_library.lib(pll_vcocal_lut.o)
    0x07fce288   0x07fce288   0x00000060   Code   RO         3533    .text               mc_p.l(uldiv.o)
    0x07fce2e8   0x07fce2e8   0x00000012   Code   RO         3535    .text               mc_p.l(strcpy.o)
    0x07fce2fa   0x07fce2fa   0x00000022   Code   RO         3553    .text               mc_p.l(llushr.o)
    0x07fce31c   0x07fce31c   0x00000024   Code   RO         3555    .text               mc_p.l(init.o)
    0x07fce340   0x07fce340   0x0000002e   Code   RO         3296    i.__ARM_clz         port_kbd.o
    0x07fce36e   0x07fce36e   0x00000030   Code   RO          730    i.__ARM_common_ll_muluu  arch_system.o
    0x07fce39e   0x07fce39e   0x0000000e   Code   RO         3559    i.__scatterload_copy  mc_p.l(handlers.o)
    0x07fce3ac   0x07fce3ac   0x00000002   Code   RO         3560    i.__scatterload_null  mc_p.l(handlers.o)
    0x07fce3ae   0x07fce3ae   0x0000000e   Code   RO         3561    i.__scatterload_zeroinit  mc_p.l(handlers.o)
    0x07fce3bc   0x07fce3bc   0x0000000e   Data   RO          337    .constdata          nvds.o
    0x07fce3ca   0x07fce3ca   0x00000002   PAD
    0x07fce3cc   0x07fce3cc   0x00000184   Data   RO          648    .constdata          jump_table.o
    0x07fce550   0x07fce550   0x000000bc   Data   RO          649    .constdata          jump_table.o
    0x07fce60c   0x07fce60c   0x0000005a   Data   RO          717    .constdata          arch_system.o
    0x07fce666   0x07fce666   0x00000008   Data   RO          874    .constdata          gpio.o
    0x07fce66e   0x07fce66e   0x00000002   PAD
    0x07fce670   0x07fce670   0x00000014   Data   RO          895    .constdata          hw_otpc.o
    0x07fce684   0x07fce684   0x00000078   Data   RO         1025    .constdata          spi_flash.o
    0x07fce6fc   0x07fce6fc   0x0000004c   Data   RO         1512    .constdata          bass.o
    0x07fce748   0x07fce748   0x00000030   Data   RO         1573    .constdata          bass_task.o
    0x07fce778   0x07fce778   0x00000008   Data   RO         1574    .constdata          bass_task.o
    0x07fce780   0x07fce780   0x00000010   Data   RO         1658    .constdata          custs1.o
    0x07fce790   0x07fce790   0x00000030   Data   RO         1730    .constdata          custs1_task.o
    0x07fce7c0   0x07fce7c0   0x00000008   Data   RO         1731    .constdata          custs1_task.o
    0x07fce7c8   0x07fce7c8   0x000000f4   Data   RO         1804    .constdata          diss.o
    0x07fce8bc   0x07fce8bc   0x00000018   Data   RO         1830    .constdata          diss_task.o
    0x07fce8d4   0x07fce8d4   0x00000008   Data   RO         1831    .constdata          diss_task.o
    0x07fce8dc   0x07fce8dc   0x00000124   Data   RO         1873    .constdata          hogpd.o
    0x07fcea00   0x07fcea00   0x00000040   Data   RO         1888    .constdata          hogpd_task.o
    0x07fcea40   0x07fcea40   0x00000008   Data   RO         1889    .constdata          hogpd_task.o
    0x07fcea48   0x07fcea48   0x000001e8   Data   RO         1974    .constdata          suotar.o
    0x07fcec30   0x07fcec30   0x00000020   Data   RO         1989    .constdata          suotar_task.o
    0x07fcec50   0x07fcec50   0x00000008   Data   RO         1990    .constdata          suotar_task.o
    0x07fcec58   0x07fcec58   0x000000f4   Data   RO         2036    .constdata          app.o
    0x07fced4c   0x07fced4c   0x0000005c   Data   RO         2071    .constdata          app_task.o
    0x07fceda8   0x07fceda8   0x00000008   Data   RO         2072    .constdata          app_task.o
    0x07fcedb0   0x07fcedb0   0x00000008   Data   RO         2073    .constdata          app_task.o
    0x07fcedb8   0x07fcedb8   0x00000028   Data   RO         2152    .constdata          app_bass_task.o
    0x07fcede0   0x07fcede0   0x00000008   Data   RO         2192    .constdata          app_diss_task.o
    0x07fcede8   0x07fcede8   0x00000020   Data   RO         2235    .constdata          app_suotar_task.o
    0x07fcee08   0x07fcee08   0x00000020   Data   RO         2256    .constdata          app_entry_point.o
    0x07fcee28   0x07fcee28   0x00000010   Data   RO         2614    .constdata          user_modules.o
    0x07fcee38   0x07fcee38   0x00000004   Data   RO         2615    .constdata          user_modules.o
    0x07fcee3c   0x07fcee3c   0x00000008   Data   RO         2616    .constdata          user_modules.o
    0x07fcee44   0x07fcee44   0x000000a8   Data   RO         2617    .constdata          user_modules.o
    0x07fceeec   0x07fceeec   0x000000b8   Data   RO         2840    .constdata          app_hogpd_task.o
    0x07fcefa4   0x07fcefa4   0x00000024   Data   RO         2859    .constdata          app_hogpd.o
    0x07fcefc8   0x07fcefc8   0x00000038   Data   RO         2877    .constdata          user_custs_config.o
    0x07fcf000   0x07fcf000   0x000001da   Data   RO         2908    .constdata          app_adv_fsm.o
    0x07fcf1da   0x07fcf1da   0x0000010e   Data   RO         2961    .constdata          app_audio_codec.o
    0x07fcf2e8   0x07fcf2e8   0x0000028c   Data   RO         2979    .constdata          app_con_fsm.o
    0x07fcf574   0x07fcf574   0x00000004   Data   RO         3031    .constdata          app_flash.o
    0x07fcf578   0x07fcf578   0x00000030   Data   RO         3056    .constdata          app_hid_report.o
    0x07fcf5a8   0x07fcf5a8   0x00000048   Data   RO         3074    .constdata          app_kbd.o
    0x07fcf5f0   0x07fcf5f0   0x0000001c   Data   RO         3198    .constdata          port_audio.o
    0x07fcf60c   0x07fcf60c   0x00000020   Data   RO         3281    .constdata          port_kbd.o
    0x07fcf62c   0x07fcf62c   0x00000030   Data   RO         3334    .constdata          port_multi_bond.o
    0x07fcf65c   0x07fcf65c   0x0000001c   Data   RO         3436    .constdata          port_timer.o
    0x07fcf678   0x07fcf678   0x00000018   Data   RO         3471    .constdata          port_wkup.o
    0x07fcf690   0x07fcf690   0x000000f8   Data   RO         3490    .constdata          system_library.lib(patch.o)
    0x07fcf788   0x07fcf788   0x00000016   Data   RO         3514    .constdata          system_library.lib(pll_vcocal_lut.o)
    0x07fcf79e   0x07fcf79e   0x00000002   PAD
    0x07fcf7a0   0x07fcf7a0   0x000000a9   Data   RO         2530    .conststring        user_rcu_audio.o
    0x07fcf849   0x07fcf849   0x00000003   PAD
    0x07fcf84c   0x07fcf84c   0x00000047   Data   RO         2886    .conststring        user_dlg_audio_svc_def.o
    0x07fcf893   0x07fcf893   0x00000001   PAD
    0x07fcf894   0x07fcf894   0x00000044   Data   RO         3057    .conststring        app_hid_report.o
    0x07fcf8d8   0x07fcf8d8   0x00000015   Data   RO         2910    .conststrlit        app_adv_fsm.o
    0x07fcf8ed   0x07fcf8ed   0x00000003   PAD
    0x07fcf8f0   0x07fcf8f0   0x00000040   Data   RO         3557    Region$$Table       anon$$obj.o
    0x07fcf930   0x07fcf930   0x00000004   Data   RW            3    .data               system_armcm0.o
    0x07fcf934   0x07fcf934   0x00000004   Data   RW          718    .data               arch_system.o
    0x07fcf938   0x07fcf938   0x00000010   Data   RW         2887    .data               user_dlg_audio_svc_def.o
    0x07fcf948   0x07fcf948   0x00000010   Data   RW         2888    .data               user_dlg_audio_svc_def.o
    0x07fcf958   0x07fcf958   0x00000010   Data   RW         2889    .data               user_dlg_audio_svc_def.o
    0x07fcf968   0x07fcf968   0x00000010   Data   RW         2890    .data               user_dlg_audio_svc_def.o
    0x07fcf978   0x07fcf978   0x00000002   Data   RW         2891    .data               user_dlg_audio_svc_def.o
    0x07fcf97a   0x07fcf97a   0x00000002   Data   RW         2892    .data               user_dlg_audio_svc_def.o
    0x07fcf97c   0x07fcf97c   0x00000002   Data   RW         2893    .data               user_dlg_audio_svc_def.o
    0x07fcf97e   0x07fcf97e   0x00000002   Data   RW         2894    .data               user_dlg_audio_svc_def.o
    0x07fcf980   0x07fcf980   0x000000f0   Data   RW         2895    .data               user_dlg_audio_svc_def.o
    0x07fcfa70   0x07fcfa70   0x00000018   Data   RW         3283    .data               port_kbd.o
    0x07fcfa88   0x07fcfa88   0x00000008   Data   RW         3417    .data               port_stream.o


    Execution Region ER_PRODTEST (Exec base: 0x07fcfa90, Load base: 0x07fcfa90, Size: 0x00000000, Max: 0xffffffff, ABSOLUTE, UNINIT)

    **** No section assigned to this execution region ****


    Execution Region ER_ZI (Exec base: 0x07fcfa90, Load base: 0x07fcfa90, Size: 0x0000070c, Max: 0xffffffff, ABSOLUTE)

    Exec Addr    Load Addr    Size         Type   Attr      Idx    E Section Name        Object

    0x07fcfa90        -       0x00000600   Zero   RW          196    STACK               boot_vectors.o
    0x07fd0090        -       0x0000010c   Zero   RW          652    heap_mem_area_not_ret  jump_table.o



  Load Region LR_RETAINED_RAM0 (Base: 0x07fd2574, Size: 0x00000000, Max: 0xffffffff, ABSOLUTE)

    Execution Region RET_DATA_UNINIT (Exec base: 0x07fd2574, Load base: 0x07fd2574, Size: 0x00000000, Max: 0x00000000, ABSOLUTE, UNINIT)

    **** No section assigned to this execution region ****


    Execution Region RET_DATA (Exec base: 0x07fd2574, Load base: 0x07fd2574, Size: 0x00001058, Max: 0x00001e00, ABSOLUTE)

    Exec Addr    Load Addr    Size         Type   Attr      Idx    E Section Name        Object

    0x07fd2574        -       0x00000020   Zero   RW          853    .bss                dma.o
    0x07fd2594   0x07fd2574   0x00000004   PAD
    0x07fd2598        -       0x000000bc   Zero   RW          873    .bss                gpio.o
    0x07fd2654        -       0x00000004   Zero   RW          946    .bss                pdm.o
    0x07fd2658        -       0x00000030   Zero   RW          969    .bss                pdm_mic.o
    0x07fd2688        -       0x00000002   Zero   RW         1005    .bss                spi.o
    0x07fd268a   0x07fd2574   0x00000002   PAD
    0x07fd268c        -       0x00000010   Zero   RW         1024    .bss                spi_flash.o
    0x07fd269c        -       0x00000004   Zero   RW         1059    .bss                systick.o
    0x07fd26a0        -       0x00000004   Zero   RW         1079    .bss                timer0.o
    0x07fd26a4        -       0x00000004   Zero   RW         2527    .bss                user_rcu_audio.o
    0x07fd26a8        -       0x000000f4   Zero   RW         2938    .bss                app_audio.o
    0x07fd279c        -       0x00000002   Zero   RW         3028    .bss                app_flash.o
    0x07fd279e        -       0x00000400   Zero   RW         3139    .bss                app_stream.o
    0x07fd2b9e   0x07fd2574   0x00000002   PAD
    0x07fd2ba0        -       0x000001ec   Zero   RW         3196    .bss                port_audio.o
    0x07fd2d8c        -       0x00000038   Zero   RW         3280    .bss                port_kbd.o
    0x07fd2dc4        -       0x00000004   Zero   RW         3333    .bss                port_multi_bond.o
    0x07fd2dc8        -       0x00000003   Zero   RW         3416    .bss                port_stream.o
    0x07fd2dcb   0x07fd2574   0x00000001   PAD
    0x07fd2dcc        -       0x00000008   Zero   RW          258    retention_mem_area0  arch_console.o
    0x07fd2dd4        -       0x00000008   Zero   RW          356    retention_mem_area0  arch_main.o
    0x07fd2ddc        -       0x00000004   Zero   RW          701    retention_mem_area0  arch_sleep.o
    0x07fd2de0        -       0x00000030   Zero   RW          719    retention_mem_area0  arch_system.o
    0x07fd2e10        -       0x00000024   Zero   RW         1235    retention_mem_area0  uart2.o
    0x07fd2e34        -       0x0000000c   Zero   RW         1259    retention_mem_area0  wkupct_quadec.o
    0x07fd2e40        -       0x00000001   Zero   RW         1302    retention_mem_area0  rf_585.o
    0x07fd2e41   0x07fd2574   0x00000003   PAD
    0x07fd2e44        -       0x00000014   Zero   RW         1336    retention_mem_area0  rwble.o
    0x07fd2e58        -       0x00000008   Zero   RW         1447    retention_mem_area0  rwip.o
    0x07fd2e60        -       0x00000004   Zero   RW         1448    retention_mem_area0  rwip.o
    0x07fd2e64        -       0x00000078   Zero   RW         1934    retention_mem_area0  prf.o
    0x07fd2edc        -       0x00000038   Zero   RW         2038    retention_mem_area0  app.o
    0x07fd2f14        -       0x00000001   Zero   RW         2074    retention_mem_area0  app_task.o
    0x07fd2f15   0x07fd2574   0x00000001   PAD
    0x07fd2f16        -       0x0000004a   Zero   RW         2101    retention_mem_area0  app_security.o
    0x07fd2f60        -       0x00000008   Zero   RW         2125    retention_mem_area0  app_bass.o
    0x07fd2f68        -       0x0000022c   Zero   RW         2213    retention_mem_area0  app_suotar.o
    0x07fd3194        -       0x00000018   Zero   RW         2368    retention_mem_area0  app_easy_msg_utils.o
    0x07fd31ac        -       0x00000018   Zero   RW         2384    retention_mem_area0  app_easy_security.o
    0x07fd31c4        -       0x00000050   Zero   RW         2404    retention_mem_area0  app_easy_timer.o
    0x07fd3214        -       0x0000000e   Zero   RW         2461    retention_mem_area0  user_rcu.o
    0x07fd3222   0x07fd2574   0x00000002   PAD
    0x07fd3224        -       0x00000050   Zero   RW         2531    retention_mem_area0  user_rcu_audio.o
    0x07fd3274        -       0x00000001   Zero   RW         2581    retention_mem_area0  user_rcu_kbd.o
    0x07fd3275   0x07fd2574   0x00000003   PAD
    0x07fd3278        -       0x00000004   Zero   RW         2645    retention_mem_area0  user_pwr_mgr.o
    0x07fd327c        -       0x00000004   Zero   RW         2860    retention_mem_area0  app_hogpd.o
    0x07fd3280        -       0x0000004d   Zero   RW         2911    retention_mem_area0  app_adv_fsm.o
    0x07fd32cd        -       0x00000002   Zero   RW         2940    retention_mem_area0  app_audio.o
    0x07fd32cf   0x07fd2574   0x00000001   PAD
    0x07fd32d0        -       0x00000030   Zero   RW         2981    retention_mem_area0  app_con_fsm.o
    0x07fd3300        -       0x000000e8   Zero   RW         3058    retention_mem_area0  app_hid_report.o
    0x07fd33e8        -       0x00000074   Zero   RW         3077    retention_mem_area0  app_kbd.o
    0x07fd345c        -       0x00000028   Zero   RW         3140    retention_mem_area0  app_stream.o
    0x07fd3484        -       0x00000008   Zero   RW         3284    retention_mem_area0  port_kbd.o
    0x07fd348c        -       0x000000f8   Zero   RW         3336    retention_mem_area0  port_multi_bond.o
    0x07fd3584        -       0x00000006   Zero   RW         3338    retention_mem_area0  port_multi_bond.o
    0x07fd358a        -       0x00000007   Zero   RW         3437    retention_mem_area0  port_timer.o
    0x07fd3591   0x07fd2574   0x00000003   PAD
    0x07fd3594        -       0x00000010   Zero   RW         3472    retention_mem_area0  port_wkup.o
    0x07fd35a4        -       0x00000028   Zero   RW         3515    retention_mem_area0  system_library.lib(pll_vcocal_lut.o)


    Execution Region RET_HEAP (Exec base: 0x07fd35cc, Load base: 0x07fd2574, Size: 0x0000188c, Max: 0x0000188c, ABSOLUTE)

    Exec Addr    Load Addr    Size         Type   Attr      Idx    E Section Name        Object

    0x07fd35cc        -       0x00000a0c   Zero   RW          650    heap_db_area        jump_table.o
    0x07fd3fd8        -       0x00000274   Zero   RW          651    heap_env_area       jump_table.o
    0x07fd424c        -       0x00000c0c   Zero   RW          653    heap_msg_area       jump_table.o



  Load Region LR$$.ARM.__AT_0x50003400 (Base: 0x50003400, Size: 0x00000000, Max: 0x00000004, ABSOLUTE)

    Execution Region ER$$.ARM.__AT_0x50003400 (Exec base: 0x50003400, Load base: 0x50003400, Size: 0x00000004, Max: 0x00000004, ABSOLUTE, UNINIT)

    Exec Addr    Load Addr    Size         Type   Attr      Idx    E Section Name        Object

    0x50003400        -       0x00000002   Zero   RW         1078    .ARM.__AT_0x50003400  timer0.o



  Load Region LR$$.ARM.__AT_0x50003410 (Base: 0x50003410, Size: 0x00000000, Max: 0x00000004, ABSOLUTE)

    Execution Region ER$$.ARM.__AT_0x50003410 (Exec base: 0x50003410, Load base: 0x50003410, Size: 0x00000004, Max: 0x00000004, ABSOLUTE, UNINIT)

    Exec Addr    Load Addr    Size         Type   Attr      Idx    E Section Name        Object

    0x50003410        -       0x00000002   Zero   RW         1147    .ARM.__AT_0x50003410  timer2.o


==============================================================================

Image component sizes


      Code (inc. data)   RO Data    RW Data    ZI Data      Debug   Object Name

       296         18          0          0          0       2593   adc.o
      1848         94        244          0         56      26872   app.o
      1220        240        495          0         77       8268   app_adv_fsm.o
       460         14          0          0        246       6312   app_audio.o
       660          8        270          0          0       4583   app_audio_codec.o
       392         26          0          0          8       4364   app_bass.o
       168         30         40          0          0       5100   app_bass_task.o
      3256        976        652          0         48      17917   app_con_fsm.o
       100         10          0          0          0       2212   app_customs.o
        24          0          0          0          0       1637   app_customs_task.o
       320          8          0          0          0       5596   app_default_handlers.o
        60          4          0          0          0       1578   app_diss.o
       260        126          8          0          0       2671   app_diss_task.o
       252         10          0          0         24       4283   app_easy_msg_utils.o
       772         12          0          0         24      16353   app_easy_security.o
       624         26          0          0         80       5945   app_easy_timer.o
       136         10         32          0          0      48241   app_entry_point.o
       388         12          4          0          2       4165   app_flash.o
      1288         74        116          0        232       9459   app_hid_report.o
       324         18         36          0          4       5315   app_hogpd.o
       412         30        184          0          0       5881   app_hogpd_task.o
      1284         36         72          0        116      12212   app_kbd.o
        64          4          0          0          0       1841   app_msg_utils.o
       118          0          0          0          0       2915   app_nv_prom.o
       160          0          0          0          0       1943   app_pairing.o
       240         14          0          0         74       3276   app_security.o
       548         10          0          0       1064       6374   app_stream.o
      1792         44          0          0        556      13293   app_suotar.o
       268         12         32          0          0       3257   app_suotar_task.o
       640         38        108          0          1      12892   app_task.o
       904         60          0          0          8      22813   arch_console.o
       680         62          0          0          8      69829   arch_main.o
       200         90          0          0          0        652   arch_rom.o
       460         32          0          0          4       4303   arch_sleep.o
      1192         82         90          4         48      92052   arch_system.o
       484          6          0          0          0       6121   attm_db_128.o
       940         20         76          0          0      18654   bass.o
       676         14         56          0          0      20566   bass_task.o
       292         16          0          0          0       2929   battery.o
        80         16        160          0       1536        812   boot_vectors.o
       288          6          0          0          0       5301   custom_common.o
       288         18         16          0          0      12034   custs1.o
      1152         12         56          0          0      22323   custs1_task.o
       372         14        244          0          0       8098   diss.o
       464          8         32          0          0      13832   diss_task.o
       928         12          0          0         32      14651   dma.o
      1388         48          8          0        188      16006   gpio.o
        96         10          0          0          0       3280   hardfault_handler.o
      2056         40        292          0          0       8533   hogpd.o
      1596         64         72          0          0      13038   hogpd_task.o
      1588         20         20          0          0      10947   hw_otpc.o
        80          4        576          0       6552       8484   jump_table.o
       156         16          0          0          0       7375   nmi_handler.o
       200         14         14          0          0       3036   nvds.o
       852         38          0          0          4      12218   pdm.o
       296         16          0          0         48       6956   pdm_mic.o
       520        216          0          0          0       2387   port_adv_fsm.o
       436         22         28          0        492       6771   port_audio.o
       312         46          0          0          0       8337   port_con_fsm.o
       208         78          0          0          0       2755   port_con_fsm_task.o
      2186         74         32         24         64      18149   port_kbd.o
      2024        102         48          0        258      16139   port_multi_bond.o
       316         14          0          0          0       5923   port_platform.o
       548         68          0          0          0       9806   port_security.o
       408         30          0          8          3       4156   port_stream.o
       236         24         28          0          7       3764   port_timer.o
       356         14         24          0         16       3291   port_wkup.o
       556          4          0          0        120       6498   prf.o
        96          0          0          0          0       3921   prf_utils.o
       420         90          0          0          1      75705   rf_585.o
       788         58          0          0         20     119635   rwble.o
       444         58          0          0         12      75738   rwip.o
       328          8          0          0          2       4167   spi.o
      1316         20        120          0         16      17781   spi_flash.o
       836         12        488          0          0       4669   suotar.o
       756         10         40          0          0       5578   suotar_task.o
        68          6          0          0          0       1543   syscntl.o
        88         26          0          4          0     232458   system_armcm0.o
       140         10          0          0          4       2940   systick.o
       128         22          0          0          6       9126   timer0.o
         0          0          0          0          2        982   timer2.o
       420         36          0          0       1024       3615   trng.o
       556         22          0          0         36      25370   uart2.o
         0          0         56          0          0        893   user_custs_config.o
         0          0         71        312          0       1228   user_dlg_audio_svc_def.o
       340         14        196          0          0      12447   user_modules.o
       284         12          0          0          0        934   user_periph_setup_1.o
        64         10          0          0          4       2391   user_pwr_mgr.o
      1512         90          0          0         14      21664   user_rcu.o
      2228        394        169          0         84      55702   user_rcu_audio.o
       160         20          0          0          1       2551   user_rcu_kbd.o
       536         30          0          0         12       9317   wkupct_quadec.o

    ----------------------------------------------------------------------
     55698       4282       5380        352      13344    1430522   Object Totals
         0          0         64          0         80          0   (incl. Generated)
         2          0         11          0         26          0   (incl. Padding)

    ----------------------------------------------------------------------

      Code (inc. data)   RO Data    RW Data    ZI Data      Debug   Library Member Name

         0          0          0          0          0          0   entry.o
         0          0          0          0          0          0   entry10a.o
         0          0          0          0          0          0   entry11a.o
         4          0          0          0          0          0   entry12b.o
         8          4          0          0          0          0   entry2.o
         4          0          0          0          0          0   entry5.o
         0          0          0          0          0          0   entry7b.o
         0          0          0          0          0          0   entry8b.o
         8          4          0          0          0          0   entry9a.o
        30          0          0          0          0          0   handlers.o
        36          8          0          0          0         68   init.o
        34          0          0          0          0         68   llushr.o
        18          0          0          0          0         60   strcpy.o
        96          0          0          0          0         84   uldiv.o
       124         22        248          0          0        156   patch.o
        36         10         22          0         40         60   pll_vcocal_lut.o
       908         88          0          0          0        400   rf_calibration.o

    ----------------------------------------------------------------------
      1306        136        272          0         40        896   Library Totals
         0          0          2          0          0          0   (incl. Padding)

    ----------------------------------------------------------------------

      Code (inc. data)   RO Data    RW Data    ZI Data      Debug   Library Name

       238         16          0          0          0        280   mc_p.l
      1068        120        270          0         40        616   system_library.lib

    ----------------------------------------------------------------------
      1306        136        272          0         40        896   Library Totals

    ----------------------------------------------------------------------

==============================================================================


      Code (inc. data)   RO Data    RW Data    ZI Data      Debug   

     57004       4418       5652        352      13384    1423078   Grand Totals
     57004       4418       5652        352      13384    1423078   ELF Image Totals
     57004       4418       5652        352          0          0   ROM Totals

==============================================================================

    Total RO  Size (Code + RO Data)                62656 (  61.19kB)
    Total RW  Size (RW Data + ZI Data)             13736 (  13.41kB)
    Total ROM Size (Code + RO Data + RW Data)      63008 (  61.53kB)

==============================================================================

