Component: ARM Compiler 5.06 update 7 (build 960) Tool: armlink [4d3601]

==============================================================================

Section Cross References

    system_armcm0.o(.text) refers to system_armcm0.o(.data) for .data
    boot_vectors.o(RESET) refers to boot_vectors.o(STACK) for __initial_sp
    boot_vectors.o(RESET) refers to boot_vectors.o(.text) for Reset_Handler
    boot_vectors.o(RESET) refers to systick.o(.text) for SysTick_Handler
    boot_vectors.o(RESET) refers to rwble.o(.text) for BLE_WAKEUP_LP_Handler
    boot_vectors.o(RESET) refers to uart2.o(.text) for UART2_Handler
    boot_vectors.o(RESET) refers to port_kbd.o(.text) for KEYBRD_Handler
    boot_vectors.o(RESET) refers to gpio.o(.text) for GPIO0_Handler
    boot_vectors.o(RESET) refers to timer0.o(.text) for SWTIM_Handler
    boot_vectors.o(RESET) refers to wkupct_quadec.o(.text) for WKUP_QUADEC_Handler
    boot_vectors.o(RESET) refers to pdm.o(.text) for SRCIN_Handler
    boot_vectors.o(RESET) refers to dma.o(.text) for DMA_Handler
    boot_vectors.o(.text) refers to system_armcm0.o(.text) for SystemInit
    boot_vectors.o(.text) refers to entry.o(.ARM.Collect$$$$00000000) for __main
    boot_vectors.o(.text) refers to nmi_handler.o(.text) for NMI_HandlerC
    boot_vectors.o(.text) refers to hardfault_handler.o(.text) for HardFault_HandlerC
    nvds.o(.text) refers to nvds.o(.constdata) for .constdata
    nvds.o(.text) refers to arch_system.o(retention_mem_area0) for dev_bdaddr
    arch_main.o(.text) refers to arch_system.o(.text) for system_init
    arch_main.o(.text) refers to user_rcu.o(.text) for user_on_ble_powered
    arch_main.o(.text) refers to rwip.o(.text) for rwip_sleep
    arch_main.o(.text) refers to arch_main.o(retention_mem_area0) for retention_mem_area0
    arch_main.o(.text) refers to rwble.o(retention_mem_area0) for arch_rwble_last_event
    arch_main.o(.constdata) refers to user_rcu.o(.text) for user_on_init
    jump_table.o(.constdata) refers to rf_585.o(.text) for rf_init_func
    jump_table.o(.constdata) refers to nvds.o(.text) for nvds_get_func
    jump_table.o(.constdata) refers to jump_table.o(.text) for platform_reset_func
    jump_table.o(.constdata) refers to rwble.o(.text) for lld_sleep_compensate_func
    jump_table.o(.constdata) refers to arch_system.o(.text) for lld_sleep_init_func
    jump_table.o(.constdata) refers to prf.o(.text) for prf_init_func
    jump_table.o(.constdata) refers to jump_table.o(heap_mem_area_not_ret) for rwip_heap_non_ret
    jump_table.o(.constdata) refers to jump_table.o(heap_env_area) for rwip_heap_env_ret
    jump_table.o(.constdata) refers to jump_table.o(heap_db_area) for rwip_heap_db_ret
    jump_table.o(.constdata) refers to jump_table.o(heap_msg_area) for rwip_heap_msg_ret
    arch_sleep.o(.text) refers to arch_sleep.o(retention_mem_area0) for retention_mem_area0
    arch_sleep.o(.text) refers to rwble.o(retention_mem_area0) for arch_rwble_last_event
    arch_system.o(.text) refers to uldiv.o(.text) for __aeabi_uldivmod
    arch_system.o(.text) refers to rf_calibration.o(.text) for rf_calibration_585
    arch_system.o(.text) refers to arch_system.o(i.__ARM_common_ll_muluu) for __ARM_common_ll_muluu
    arch_system.o(.text) refers to trng.o(.text) for trng_acquire
    arch_system.o(.text) refers to arch_rom.o(.text) for arch_rom_init
    arch_system.o(.text) refers to gpio.o(.text) for GPIO_init
    arch_system.o(.text) refers to user_periph_setup_1.o(.text) for periph_init
    arch_system.o(.text) refers to arch_sleep.o(.text) for arch_disable_sleep
    arch_system.o(.text) refers to app.o(.text) for app_init
    arch_system.o(.text) refers to user_rcu.o(.text) for user_on_init
    arch_system.o(.text) refers to hw_otpc.o(.text) for hw_otpc_manual_read_on
    arch_system.o(.text) refers to arch_system.o(retention_mem_area0) for retention_mem_area0
    arch_system.o(.text) refers to arch_system.o(.data) for .data
    arch_system.o(.text) refers to arch_system.o(retention_mem_area0) for retention_mem_area0
    arch_system.o(.constdata) refers to user_rcu.o(.text) for user_on_init
    arch_rom.o(.text) refers to patch.o(.text) for patch_global_vars_init
    arch_rom.o(.text) refers to arch_system.o(.constdata) for gap_cfg_user_var_struct
    arch_rom.o(.text) refers to jump_table.o(.constdata) for rom_func_addr_table_var
    arch_rom.o(.text) refers to jump_table.o(.constdata) for rom_cfg_table_var
    battery.o(.text) refers to adc.o(.text) for adc_calibrate
    dma.o(.text) refers to dma.o(.bss) for .bss
    dma.o(.text) refers to dma.o(.bss) for .bss
    dma.o(.text) refers to dma.o(.bss) for .bss
    gpio.o(.text) refers to gpio.o(.bss) for .bss
    gpio.o(.text) refers to gpio.o(.text) for gpioshift16
    gpio.o(.text) refers to gpio.o(.text) for gpioshift16
    gpio.o(.text) refers to gpio.o(.bss) for .bss
    hw_otpc.o(.text) refers to hw_otpc.o(.constdata) for .constdata
    hw_otpc.o(.text) refers to hw_otpc.o(.text) for hw_otpc_num_of_rr
[...]
    user_on_connection                       0x07fc684f   Thumb Code   166  user_rcu.o(.text)
    user_on_disconnect                       0x07fc68f5   Thumb Code    56  user_rcu.o(.text)
    user_on_db_init_complete                 0x07fc692d   Thumb Code    22  user_rcu.o(.text)
    user_suota_timeout_timer_handler         0x07fc6969   Thumb Code    24  user_rcu.o(.text)
    user_on_suotar_status_change             0x07fc6981   Thumb Code    60  user_rcu.o(.text)
    user_app_on_get_dev_appearance           0x07fc69bd   Thumb Code     8  user_rcu.o(.text)
    user_app_on_get_dev_slv_pref_params      0x07fc69c5   Thumb Code    18  user_rcu.o(.text)
    user_on_data_length_change               0x07fc69d7   Thumb Code     8  user_rcu.o(.text)
    user_process_catch_rest                  0x07fc69df   Thumb Code   106  user_rcu.o(.text)
    user_action_triggered                    0x07fc6a49   Thumb Code    30  user_rcu.o(.text)
    user_on_init                             0x07fc6a67   Thumb Code    72  user_rcu.o(.text)
    user_on_ble_powered                      0x07fc6aaf   Thumb Code    68  user_rcu.o(.text)
    user_on_system_powered                   0x07fc6af3   Thumb Code    72  user_rcu.o(.text)
    user_before_sleep                        0x07fc6b3b   Thumb Code     8  user_rcu.o(.text)
    user_validate_sleep                      0x07fc6b43   Thumb Code    32  user_rcu.o(.text)
    user_going_to_sleep                      0x07fc6b63   Thumb Code    12  user_rcu.o(.text)
    user_resume_from_sleep                   0x07fc6b6f   Thumb Code     8  user_rcu.o(.text)
    user_update_attr_callback                0x07fc6b77   Thumb Code   150  user_rcu.o(.text)
    user_con_fsm_callback                    0x07fc6c0d   Thumb Code   282  user_rcu.o(.text)
    user_flash_erase_callback                0x07fc6d27   Thumb Code    44  user_rcu.o(.text)
    user_pwr_mgr_inactivity_callback         0x07fc6d53   Thumb Code    24  user_rcu.o(.text)
    user_hid_report_on_ble_powered           0x07fc6dc9   Thumb Code   118  user_rcu.o(.text)
    user_event_isr                           0x07fc6e3f   Thumb Code    12  user_rcu.o(.text)
    user_cscnt_isr                           0x07fc6e4b   Thumb Code     2  user_rcu.o(.text)
    user_rf_diag                             0x07fc6e4d   Thumb Code     8  user_rcu.o(.text)
    user_audio_set_config_data               0x07fc6f39   Thumb Code    64  user_rcu_audio.o(.text)
    user_audio_set_packet_size               0x07fc6f79   Thumb Code   282  user_rcu_audio.o(.text)
    user_audio_get_handles                   0x07fc7093   Thumb Code    28  user_rcu_audio.o(.text)
    user_audio_send_conn_params_report       0x07fc71d1   Thumb Code    64  user_rcu_audio.o(.text)
    user_audio_start                         0x07fc7211   Thumb Code    98  user_rcu_audio.o(.text)
    user_audio_stop                          0x07fc7273   Thumb Code   134  user_rcu_audio.o(.text)
    user_audio_on_disconnect                 0x07fc74a3   Thumb Code    16  user_rcu_audio.o(.text)
    user_audio_on_ble_powered                0x07fc74b3   Thumb Code    40  user_rcu_audio.o(.text)
    user_audio_on_system_powered             0x07fc74db   Thumb Code   196  user_rcu_audio.o(.text)
    user_audio_process_custom_profile_handler 0x07fc759f   Thumb Code    34  user_rcu_audio.o(.text)
    user_audio_callback                      0x07fc75c1   Thumb Code    14  user_rcu_audio.o(.text)
    user_audio_hid_send_report_cb            0x07fc75cf   Thumb Code    76  user_rcu_audio.o(.text)
    user_kbd_notification_cb                 0x07fc7699   Thumb Code   142  user_rcu_kbd.o(.text)
    user_rcu_kbd_turn_on_leds                0x07fc7727   Thumb Code     2  user_rcu_kbd.o(.text)
    user_rcu_kbd_turn_off_leds               0x07fc7729   Thumb Code     2  user_rcu_kbd.o(.text)
    user_keyboard_led_report_callback        0x07fc772b   Thumb Code     2  user_rcu_kbd.o(.text)
    user_motion_get_handles                  0x07fc7735   Thumb Code    14  user_rcu_motion.o(.text)
    user_mouse_send_report                   0x07fc7743   Thumb Code   164  user_rcu_motion.o(.text)
    user_mouse_trackpad_on_ble_powered       0x07fc77e7   Thumb Code    50  user_rcu_motion.o(.text)
    user_touchpad_on_system_powered          0x07fc7819   Thumb Code    56  user_rcu_motion.o(.text)
    user_touchpad_on_tracking_event          0x07fc7851   Thumb Code    32  user_rcu_motion.o(.text)
    user_touchpad_on_special_event           0x07fc7871   Thumb Code    46  user_rcu_motion.o(.text)
    user_modules_init_gpios                  0x07fc78a9   Thumb Code    82  user_modules.o(.text)
    user_modules_init                        0x07fc78fb   Thumb Code    28  user_modules.o(.text)
    user_modules_on_disconnect               0x07fc7917   Thumb Code    28  user_modules.o(.text)
    user_modules_on_ble_powered              0x07fc7933   Thumb Code    34  user_modules.o(.text)
    user_modules_on_system_powered           0x07fc7955   Thumb Code    34  user_modules.o(.text)
    user_pwr_mgr_init                        0x07fc797d   Thumb Code     8  user_pwr_mgr.o(.text)
    user_pwr_mgr_reset_inactivity            0x07fc7985   Thumb Code    26  user_pwr_mgr.o(.text)
    user_pwr_mgr_disable_inactivity          0x07fc799f   Thumb Code    12  user_pwr_mgr.o(.text)
    user_pwr_mgr_inactivity_timer_handler    0x07fc79ab   Thumb Code     8  user_pwr_mgr.o(.text)
    set_pad_functions                        0x07fc79bd   Thumb Code    72  user_periph_setup_1.o(.text)
    periph_init                              0x07fc7a05   Thumb Code    50  user_periph_setup_1.o(.text)
    azotouch_iqs5xx_process_xy               0x07fc7a3d   Thumb Code   282  azotouch_iqs5xx.o(.text)
    azotouch_iqs5xx_init_module              0x07fc7b57   Thumb Code    54  azotouch_iqs5xx.o(.text)
    i2c_azotouch_init                        0x07fc7b95   Thumb Code    84  i2c_azotouch.o(.text)
    i2c_azotouch_random_read                 0x07fc7be9   Thumb Code    56  i2c_azotouch.o(.text)
    i2c_azotouch_data_write                  0x07fc7c21   Thumb Code    78  i2c_azotouch.o(.text)
    i2c_azotouch_force_communication         0x07fc7c6f   Thumb Code    60  i2c_azotouch.o(.text)
    app_hogpd_process_handler                0x07fc7e3d   Thumb Code   164  app_hogpd_task.o(.text)
    app_hogpd_enable                         0x07fc7ef5   Thumb Code    42  app_hogpd.o(.text)
    app_hogpd_create_db                      0x07fc7f1f   Thumb Code   102  app_hogpd.o(.text)
    app_hogpd_send_report                    0x07fc7f85   Thumb Code   142  app_hogpd.o(.text)
    app_hogpd_report_handle                  0x07fc8013   Thumb Code    22  app_hogpd.o(.text)
    app_adv_fsm_process_evt                  0x07fc81eb   Thumb Code   160  app_adv_fsm.o(.text)
    app_adv_fsm_adv_stop                     0x07fc828b   Thumb Code     4  app_adv_fsm.o(.text)
    app_adv_fsm_und_start_no_pair            0x07fc828f   Thumb Code     8  app_adv_fsm.o(.text)
    app_adv_fsm_dir_start                    0x07fc8297   Thumb Code    32  app_adv_fsm.o(.text)
    app_adv_fsm_und_start                    0x07fc82b7   Thumb Code     8  app_adv_fsm.o(.text)
    app_adv_fsm_und_start_lim                0x07fc82bf   Thumb Code     8  app_adv_fsm.o(.text)
    app_adv_fsm_init                         0x07fc82c7   Thumb Code    18  app_adv_fsm.o(.text)
    app_audio_init                           0x07fc8465   Thumb Code    48  app_audio.o(.text)
    app_audio_set_adpcm_mode                 0x07fc8495   Thumb Code     6  app_audio.o(.text)
    app_audio_encode                         0x07fc84cb   Thumb Code   218  app_audio.o(.text)
    app_audio_start                          0x07fc85a5   Thumb Code    98  app_audio.o(.text)
    app_audio_stop                           0x07fc8607   Thumb Code    20  app_audio.o(.text)
    app_audio_is_active                      0x07fc861b   Thumb Code     6  app_audio.o(.text)
    app_audio_get_errors                     0x07fc8621   Thumb Code    22  app_audio.o(.text)
    app_audio_ima_enc                        0x07fc864d   Thumb Code   388  app_audio_codec.o(.text)
    app_audio_dcblock                        0x07fc87d1   Thumb Code    82  app_audio_codec.o(.text)
    app_con_fsm_send_connection_upd_req      0x07fc8939   Thumb Code    12  app_con_fsm.o(.text)
    app_con_fsm_request_write_bonding_data   0x07fc8945   Thumb Code    10  app_con_fsm.o(.text)
    app_con_fsm_state_update                 0x07fc8b73   Thumb Code   324  app_con_fsm.o(.text)
    app_con_fsm_gp_timer_expired             0x07fc8cb7   Thumb Code    52  app_con_fsm.o(.text)
    app_con_fsm_reset_bonding_data           0x07fc8ceb   Thumb Code    20  app_con_fsm.o(.text)
    app_con_fsm_connection_validation        0x07fc8cff   Thumb Code    82  app_con_fsm.o(.text)
    app_con_fsm_mitm_passcode_entry_func     0x07fc8d51   Thumb Code    16  app_con_fsm.o(.text)
    app_con_fsm_encrypt_req_validation       0x07fc8d61   Thumb Code    92  app_con_fsm.o(.text)
    app_con_fsm_init                         0x07fc8dbd   Thumb Code    22  app_con_fsm.o(.text)
    app_con_fsm_on_disconnect                0x07fc8dd3   Thumb Code     4  app_con_fsm.o(.text)
    app_con_fsm_on_ble_powered               0x07fc8dd7   Thumb Code    80  app_con_fsm.o(.text)
    app_con_fsm_request_disconnect           0x07fc8e27   Thumb Code    40  app_con_fsm.o(.text)
    app_con_fsm_on_system_powered            0x07fc8e4f   Thumb Code    48  app_con_fsm.o(.text)
    app_con_fsm_get_state                    0x07fc8e7f   Thumb Code     6  app_con_fsm.o(.text)
    app_con_fsm_handle_cmp_evt               0x07fc8e85   Thumb Code    28  app_con_fsm.o(.text)
    app_con_fsm_random_address_resolved      0x07fc8ea1   Thumb Code    46  app_con_fsm.o(.text)
    app_con_fsm_is_conn_upd_pending          0x07fc8ecf   Thumb Code     6  app_con_fsm.o(.text)
    app_con_fsm_handle_adv_notification      0x07fc8ed5   Thumb Code    58  app_con_fsm.o(.text)
    app_con_fsm_get_access_rights            0x07fc8f0f   Thumb Code     4  app_con_fsm.o(.text)
    app_con_fsm_mitm_passcode_report         0x07fc8f13   Thumb Code     8  app_con_fsm.o(.text)
    app_spi_flash_peripheral_release         0x07fc8ff5   Thumb Code    60  app_flash.o(.text)
    app_spi_flash_peripheral_init            0x07fc9031   Thumb Code   110  app_flash.o(.text)
    app_spi_flash_power_down                 0x07fc909f   Thumb Code    14  app_flash.o(.text)
    app_spi_flash_write_random_page_data     0x07fc90ad   Thumb Code   202  app_flash.o(.text)
    app_hid_report_is_report_list_empty      0x07fc918d   Thumb Code    16  app_hid_report.o(.text)
    app_hid_report_is_report_list_full       0x07fc919d   Thumb Code    16  app_hid_report.o(.text)
    app_hid_report_init                      0x07fc91ad   Thumb Code    68  app_hid_report.o(.text)
    app_hid_report_on_system_powered         0x07fc91f1   Thumb Code    18  app_hid_report.o(.text)
    app_hid_report_send_report               0x07fc9203   Thumb Code    38  app_hid_report.o(.text)
    app_hid_report_clear_lists               0x07fc926b   Thumb Code    56  app_hid_report.o(.text)
    app_hid_report_add_report                0x07fc92a3   Thumb Code   106  app_hid_report.o(.text)
    app_hid_report_modify_kbd_keyreport      0x07fc9341   Thumb Code   398  app_hid_report.o(.text)
    app_hid_report_add_full_release_report   0x07fc94cf   Thumb Code    26  app_hid_report.o(.text)
    app_hid_report_create_extended_report    0x07fc94e9   Thumb Code    62  app_hid_report.o(.text)
    app_kbd_init_vars                        0x07fc962d   Thumb Code     2  app_kbd.o(.text)
    app_kbd_flush_buffer                     0x07fc962f   Thumb Code     8  app_kbd.o(.text)
    app_kbd_stop                             0x07fc9637   Thumb Code    20  app_kbd.o(.text)
    app_kbd_buffer_add_key                   0x07fc964b   Thumb Code    72  app_kbd.o(.text)
    app_kbd_passcode_mode                    0x07fc9693   Thumb Code    16  app_kbd.o(.text)
    app_kbd_record_key                       0x07fc96a3   Thumb Code   486  app_kbd.o(.text)
    app_kbd_buffer_has_data                  0x07fc9889   Thumb Code    18  app_kbd.o(.text)
    app_kbd_init                             0x07fc989b   Thumb Code    22  app_kbd.o(.text)
    app_kbd_start_reporting                  0x07fc98b1   Thumb Code     8  app_kbd.o(.text)
    app_kbd_start_passcode                   0x07fc98b9   Thumb Code    28  app_kbd.o(.text)
    app_kbd_stop_reporting                   0x07fc98d5   Thumb Code    12  app_kbd.o(.text)
    app_kbd_prepare_passcode                 0x07fc98e1   Thumb Code   166  app_kbd.o(.text)
    app_kbd_get_key_code                     0x07fc9987   Thumb Code    86  app_kbd.o(.text)
    app_kbd_get_passcode                     0x07fc99dd   Thumb Code     6  app_kbd.o(.text)
    app_kbd_init_scan_gpios                  0x07fc99e3   Thumb Code    16  app_kbd.o(.text)
    app_kbd_scan_is_active                   0x07fc99f3   Thumb Code     8  app_kbd.o(.text)
    app_kbd_scan_enable_delayed_scanning     0x07fc99fb   Thumb Code     8  app_kbd.o(.text)
    app_kbd_on_ble_powered                   0x07fc9a03   Thumb Code     4  app_kbd.o(.text)
    app_kbd_on_system_powered                0x07fc9a07   Thumb Code    38  app_kbd.o(.text)
    app_leds_off                             0x07fc9c4f   Thumb Code    30  app_leds.o(.text)
    app_leds_ramp                            0x07fc9c6d   Thumb Code   386  app_leds.o(.text)
    app_leds_init                            0x07fc9f19   Thumb Code    78  app_leds.o(.text)
    app_leds_off_param                       0x07fc9f67   Thumb Code    70  app_leds.o(.text)
    app_leds_timer_1_handler                 0x07fc9fad   Thumb Code    26  app_leds.o(.text)
    app_leds_timer_2_handler                 0x07fc9fc7   Thumb Code    26  app_leds.o(.text)
    app_leds_init_gpios                      0x07fc9fe1   Thumb Code    76  app_leds.o(.text)
    nv_prom_init                             0x07fca081   Thumb Code    10  app_nv_prom.o(.text)
    nv_prom_release                          0x07fca08b   Thumb Code     8  app_nv_prom.o(.text)
    nv_prom_read_data                        0x07fca093   Thumb Code     8  app_nv_prom.o(.text)
    nv_prom_init_read_data                   0x07fca09b   Thumb Code    34  app_nv_prom.o(.text)
    nv_prom_write_byte                       0x07fca0bd   Thumb Code    14  app_nv_prom.o(.text)
    nv_prom_write_data                       0x07fca0cb   Thumb Code     8  app_nv_prom.o(.text)
    app_pairing_ltk_exch                     0x07fca0d3   Thumb Code    84  app_pairing.o(.text)
    app_pairing_encrypt_req_ind              0x07fca127   Thumb Code    76  app_pairing.o(.text)
    app_stream_fifo_init                     0x07fca175   Thumb Code    22  app_stream.o(.text)
    app_stream_init                          0x07fca18b   Thumb Code    36  app_stream.o(.text)
    app_stream_start                         0x07fca1af   Thumb Code    24  app_stream.o(.text)
    app_stream_stop                          0x07fca1c7   Thumb Code    10  app_stream.o(.text)
    app_stream_is_enabled                    0x07fca1d1   Thumb Code     8  app_stream.o(.text)
    app_stream_fifo_get_write_dataptr        0x07fca219   Thumb Code     4  app_stream.o(.text)
    app_stream_fifo_get_priority_write_dataptr 0x07fca21d   Thumb Code     4  app_stream.o(.text)
    app_stream_fifo_commit_write_pkt         0x07fca221   Thumb Code    72  app_stream.o(.text)
    app_stream_get_fifo_usage                0x07fca269   Thumb Code    16  app_stream.o(.text)
    app_stream_is_fifo_empty                 0x07fca279   Thumb Code    24  app_stream.o(.text)
    app_stream_get_data                      0x07fca291   Thumb Code   104  app_stream.o(.text)
    app_stream_copy_pkt_data                 0x07fca2f9   Thumb Code    54  app_stream.o(.text)
    app_stream_free_packet                   0x07fca32f   Thumb Code    58  app_stream.o(.text)
    app_stream_queue_data                    0x07fca369   Thumb Code    28  app_stream.o(.text)
    app_stream_set_packet_size               0x07fca385   Thumb Code     8  app_stream.o(.text)
    app_stream_ignore_packet_size            0x07fca38d   Thumb Code    10  app_stream.o(.text)
    app_touchpad_poll                        0x07fca3a9   Thumb Code    68  app_touchpad.o(.text)
    app_touchpad_get_last_track_info         0x07fca3ed   Thumb Code    62  app_touchpad.o(.text)
    app_touchpad_init                        0x07fca42b   Thumb Code    24  app_touchpad.o(.text)
    port_adv_fsm_start_adv_undirected        0x07fca4dd   Thumb Code   136  port_adv_fsm.o(.text)
    port_adv_fsm_start_adv_directed          0x07fca565   Thumb Code    68  port_adv_fsm.o(.text)
    port_adv_fsm_adv_stop                    0x07fca5a9   Thumb Code     8  port_adv_fsm.o(.text)
    port_adv_fsm_adv_timer_handler           0x07fca5b1   Thumb Code    10  port_adv_fsm.o(.text)
    port_adv_fsm_on_direct_complete          0x07fca5bb   Thumb Code    36  port_adv_fsm.o(.text)
    port_adv_fsm_on_undirect_complete        0x07fca5df   Thumb Code    36  port_adv_fsm.o(.text)
    port_audio_next_package                  0x07fca619   Thumb Code    26  port_audio.o(.text)
    port_audio_get_data                      0x07fca633   Thumb Code    12  port_audio.o(.text)
    port_audio_has_data                      0x07fca63f   Thumb Code    28  port_audio.o(.text)
    port_audio_get_errors                    0x07fca65b   Thumb Code    12  port_audio.o(.text)
    audio_mic_callback                       0x07fca667   Thumb Code    74  port_audio.o(.text)
    port_audio_start_sampling                0x07fca6b1   Thumb Code   112  port_audio.o(.text)
    port_audio_stop_sampling                 0x07fca721   Thumb Code    16  port_audio.o(.text)
    port_con_fsm_get_peer_addr               0x07fca755   Thumb Code     4  port_con_fsm.o(.text)
    port_con_fsm_get_peer_addr_type          0x07fca759   Thumb Code     8  port_con_fsm.o(.text)
    port_con_fsm_send_connection_upd_req     0x07fca761   Thumb Code    76  port_con_fsm.o(.text)
    port_con_fsm_disconnect                  0x07fca7ad   Thumb Code    10  port_con_fsm.o(.text)
    port_con_fsm_resolve_address             0x07fca7b7   Thumb Code    58  port_con_fsm.o(.text)
    port_con_fsm_start_security              0x07fca7f1   Thumb Code    32  port_con_fsm.o(.text)
    port_con_fsm_mitm_passcode_report        0x07fca811   Thumb Code    58  port_con_fsm.o(.text)
    port_con_fsm_enc_timer_handler           0x07fca859   Thumb Code     8  port_con_fsm_task.o(.text)
    port_con_fsm_timer_handler               0x07fca861   Thumb Code     8  port_con_fsm_task.o(.text)
    port_con_fsm_alt_pair_timer_handler      0x07fca869   Thumb Code    16  port_con_fsm_task.o(.text)
    port_con_fsm_process_handler             0x07fca879   Thumb Code    80  port_con_fsm_task.o(.text)
    port_kbd_scan_init                       0x07fcab7b   Thumb Code    26  port_kbd.o(.text)
    port_kbd_init_scan_gpios                 0x07fcaeab   Thumb Code    12  port_kbd.o(.text)
    port_kbd_scan_stop                       0x07fcaeb7   Thumb Code    26  port_kbd.o(.text)
    KEYBRD_Handler                           0x07fcaed1   Thumb Code    32  port_kbd.o(.text)
    port_kbd_scan_wakeup_handler             0x07fcaef1   Thumb Code    10  port_kbd.o(.text)
    port_kbd_scan_enable_delayed_scanning    0x07fcaefb   Thumb Code     2  port_kbd.o(.text)
    port_kbd_scan_timer_handler              0x07fcaefd   Thumb Code     2  port_kbd.o(.text)
    port_kbd_scan_fsm_update                 0x07fcaeff   Thumb Code   236  port_kbd.o(.text)
    port_kbd_scan_get_new_scan_data          0x07fcafeb   Thumb Code     8  port_kbd.o(.text)
    port_kbd_scan_get_scan_data              0x07fcaff3   Thumb Code     8  port_kbd.o(.text)
    port_kbd_scan_is_idle                    0x07fcaffb   Thumb Code    12  port_kbd.o(.text)
    port_kbd_scan_is_active                  0x07fcb007   Thumb Code    20  port_kbd.o(.text)
    port_kbd_scan_before_sleep               0x07fcb01b   Thumb Code    14  port_kbd.o(.text)
    port_leds_init_gpios_default             0x07fcb139   Thumb Code    38  port_leds.o(.text)
    port_leds_init_gpios_output              0x07fcb15f   Thumb Code    36  port_leds.o(.text)
    port_leds_init_gpios_pwm                 0x07fcb18f   Thumb Code    36  port_leds.o(.text)
    port_leds_start_pwm                      0x07fcb1b3   Thumb Code    96  port_leds.o(.text)
    port_leds_stop_pwm                       0x07fcb213   Thumb Code    28  port_leds.o(.text)
    port_leds_set_next_ramp_lvl              0x07fcb22f   Thumb Code    28  port_leds.o(.text)
    port_leds_dbg_confict                    0x07fcb24b   Thumb Code    54  port_leds.o(.text)
    port_leds_boost_enabled                  0x07fcb281   Thumb Code    10  port_leds.o(.text)
    port_leds_timer1_handler                 0x07fcb28b   Thumb Code    14  port_leds.o(.text)
    port_leds_timer2_handler                 0x07fcb299   Thumb Code    14  port_leds.o(.text)
    port_multi_bond_get_entry_to_delete      0x07fcb35f   Thumb Code   102  port_multi_bond.o(.text)
    port_alt_pair_init                       0x07fcb3c5   Thumb Code    94  port_multi_bond.o(.text)
    port_alt_pair_read_status                0x07fcb423   Thumb Code    16  port_multi_bond.o(.text)
    port_alt_pair_store_bond_data            0x07fcb4d7   Thumb Code   114  port_multi_bond.o(.text)
    port_alt_pair_store_ccc                  0x07fcb593   Thumb Code    48  port_multi_bond.o(.text)
    port_alt_pair_updatedb_from_bonding_info 0x07fcb5c3   Thumb Code   124  port_multi_bond.o(.text)
    port_alt_pair_load_bond_data             0x07fcb63f   Thumb Code   188  port_multi_bond.o(.text)
    port_alt_pair_set_default_info           0x07fcb6fb   Thumb Code    46  port_multi_bond.o(.text)
    port_alt_pair_load_last_used             0x07fcb729   Thumb Code    66  port_multi_bond.o(.text)
    port_alt_pair_clear_all_bond_data        0x07fcb76b   Thumb Code    24  port_multi_bond.o(.text)
    port_alt_pair_reset_active_peer_pos      0x07fcb783   Thumb Code    14  port_multi_bond.o(.text)
    port_alt_pair_get_active_index           0x07fcb791   Thumb Code     8  port_multi_bond.o(.text)
    port_alt_pair_update_usage_count         0x07fcb799   Thumb Code    12  port_multi_bond.o(.text)
    port_alt_pair_is_bonded                  0x07fcb7a5   Thumb Code    12  port_multi_bond.o(.text)
    port_alt_pair_get_auth                   0x07fcb7b1   Thumb Code     8  port_multi_bond.o(.text)
    port_alt_pair_set_auth                   0x07fcb7b9   Thumb Code     8  port_multi_bond.o(.text)
    port_alt_pair_get_addr                   0x07fcb7c1   Thumb Code     6  port_multi_bond.o(.text)
    port_alt_pair_get_addr_type              0x07fcb7c7   Thumb Code     8  port_multi_bond.o(.text)
    port_alt_pair_set_addr                   0x07fcb7cf   Thumb Code    20  port_multi_bond.o(.text)
    port_alt_pair_get_rand                   0x07fcb7e3   Thumb Code     6  port_multi_bond.o(.text)
    port_alt_pair_get_ediv                   0x07fcb7e9   Thumb Code     6  port_multi_bond.o(.text)
    port_alt_pair_get_irk                    0x07fcb7ef   Thumb Code     6  port_multi_bond.o(.text)
    port_alt_pair_set_irk                    0x07fcb7f5   Thumb Code    44  port_multi_bond.o(.text)
    port_alt_pair_get_env                    0x07fcb821   Thumb Code     6  port_multi_bond.o(.text)
    port_alt_pair_reset_bonding_data         0x07fcb827   Thumb Code    14  port_multi_bond.o(.text)
    port_alt_pair_clear_service_changes_hdls 0x07fcb835   Thumb Code    12  port_multi_bond.o(.text)
    port_alt_pair_get_num_of_peers           0x07fcb841   Thumb Code     4  port_multi_bond.o(.text)
    port_alt_pair_get_irk_list               0x07fcb845   Thumb Code    36  port_multi_bond.o(.text)
    port_alt_pair_find_irk                   0x07fcb869   Thumb Code    72  port_multi_bond.o(.text)
    port_alt_pair_clear_resolved_pos         0x07fcb8b1   Thumb Code    10  port_multi_bond.o(.text)
    port_get_time                            0x07fcb8e1   Thumb Code    12  port_platform.o(.text)
    port_attmdb_find_by_uuid                 0x07fcb8ed   Thumb Code    90  port_platform.o(.text)
    port_atts_find_value_by_uuid             0x07fcb947   Thumb Code    16  port_platform.o(.text)
    port_create_l2cc_pdu                     0x07fcb957   Thumb Code    46  port_platform.o(.text)
    port_send_notification                   0x07fcb985   Thumb Code   150  port_platform.o(.text)
    port_security_send_ltk_exch_rsp          0x07fcba31   Thumb Code    70  port_security.o(.text)
    port_security_send_encrypt_cfm           0x07fcba77   Thumb Code    76  port_security.o(.text)
    port_security_send_pairing_rsp           0x07fcbac3   Thumb Code    76  port_security.o(.text)
    port_security_process_handler            0x07fcbb0f   Thumb Code   142  port_security.o(.text)
    port_stream_queue_data                   0x07fcbce9   Thumb Code   158  port_stream.o(.text)
    port_timer_set                           0x07fcbdcb   Thumb Code    92  port_timer.o(.text)
    port_timer_clear                         0x07fcbe27   Thumb Code    22  port_timer.o(.text)
    port_touchpad_poll                       0x07fcbe55   Thumb Code    52  port_touchpad.o(.text)
    port_touchpad_enable_irq                 0x07fcbe89   Thumb Code    12  port_touchpad.o(.text)
    port_touchpad_init                       0x07fcbf57   Thumb Code    16  port_touchpad.o(.text)
    port_touchpad_handler                    0x07fcbf67   Thumb Code    12  port_touchpad.o(.text)
    port_wkup_disable_irq                    0x07fcbf79   Thumb Code    44  port_wkup.o(.text)
    port_wkup_handler                        0x07fcbfa5   Thumb Code   138  port_wkup.o(.text)
    port_wkup_init                           0x07fcc02f   Thumb Code   140  port_wkup.o(.text)
    port_wkup_enable_irq                     0x07fcc0bb   Thumb Code    90  port_wkup.o(.text)
    PATCHED_atts_mtu_exc_req                 0x07fcc129   Thumb Code    52  patch.o(.text)
    patch_func                               0x07fcc15d   Thumb Code    48  patch.o(.text)
    patch_global_vars_init                   0x07fcc18d   Thumb Code     2  patch.o(.text)
    DCoffsetCalibration_580                  0x07fcc2a1   Thumb Code   204  rf_calibration.o(.text)
    IffCalibration_580                       0x07fcc389   Thumb Code    72  rf_calibration.o(.text)
    rf_calibration_580                       0x07fcc3d1   Thumb Code    80  rf_calibration.o(.text)
    rf_calibration_585                       0x07fcc421   Thumb Code    84  rf_calibration.o(.text)
    enable_rf_diag_irq                       0x07fcc475   Thumb Code   104  rf_calibration.o(.text)
    set_gauss_modgain                        0x07fcc4dd   Thumb Code    54  rf_calibration.o(.text)
    set_rf_cal_cap                           0x07fcc531   Thumb Code    26  pll_vcocal_lut.o(.text)
    __aeabi_uldivmod                         0x07fcc555   Thumb Code    96  uldiv.o(.text)
    __aeabi_llsr                             0x07fcc5b5   Thumb Code    34  llushr.o(.text)
    _ll_ushift_r                             0x07fcc5b5   Thumb Code     0  llushr.o(.text)
    __scatterload                            0x07fcc5d9   Thumb Code    28  init.o(.text)
    __scatterload_rt2                        0x07fcc5d9   Thumb Code     0  init.o(.text)
    __ARM_clz                                0x07fcc5fd   Thumb Code    46  port_kbd.o(i.__ARM_clz)
    __ARM_common_ll_muluu                    0x07fcc62b   Thumb Code    48  arch_system.o(i.__ARM_common_ll_muluu)
    __scatterload_copy                       0x07fcc65b   Thumb Code    14  handlers.o(i.__scatterload_copy)
    __scatterload_null                       0x07fcc669   Thumb Code     2  handlers.o(i.__scatterload_null)
    __scatterload_zeroinit                   0x07fcc66b   Thumb Code    14  handlers.o(i.__scatterload_zeroinit)
    timer0_register_callback                 0x07fcc679   Thumb Code     6  timer0.o(i.timer0_register_callback)
    timer0_start                             0x07fcc685   Thumb Code    12  timer0.o(i.timer0_start)
    timer0_stop                              0x07fcc695   Thumb Code    12  timer0.o(i.timer0_stop)
    timer2_enable                            0x07fcc6a5   Thumb Code    18  timer2.o(i.timer2_enable)
    timer2_set_hw_pause                      0x07fcc6bd   Thumb Code    18  timer2.o(i.timer2_set_hw_pause)
    timer2_set_pwm2_duty_cycle               0x07fcc6d5   Thumb Code     6  timer2.o(i.timer2_set_pwm2_duty_cycle)
    timer2_set_sw_pause                      0x07fcc6e1   Thumb Code    18  timer2.o(i.timer2_set_sw_pause)
    timer2_stop                              0x07fcc6f9   Thumb Code    10  timer2.o(i.timer2_stop)
    rom_func_addr_table_var                  0x07fcc710   Data         388  jump_table.o(.constdata)
    rom_cfg_table_var                        0x07fcc894   Data         188  jump_table.o(.constdata)
    gap_cfg_user_var_struct                  0x07fcc950   Data          90  arch_system.o(.constdata)
    bas_att_db                               0x07fcc9ac   Data          60  bass.o(.constdata)
    bass_itf                                 0x07fcc9e8   Data          16  bass.o(.constdata)
    bass_default_state                       0x07fcc9f8   Data          48  bass_task.o(.constdata)
    bass_default_handler                     0x07fcca28   Data           8  bass_task.o(.constdata)
    custs1_itf                               0x07fcca30   Data          16  custs1.o(.constdata)
    custs1_default_state                     0x07fcca40   Data          48  custs1_task.o(.constdata)
    custs1_default_handler                   0x07fcca70   Data           8  custs1_task.o(.constdata)
    diss_att_db                              0x07fcca78   Data         228  diss.o(.constdata)
    diss_itf                                 0x07fccb5c   Data          16  diss.o(.constdata)
    diss_default_state                       0x07fccb6c   Data          24  diss_task.o(.constdata)
    diss_default_handler                     0x07fccb84   Data           8  diss_task.o(.constdata)
    hids_att_db                              0x07fccb8c   Data         276  hogpd.o(.constdata)
    hogpd_itf                                0x07fccca0   Data          16  hogpd.o(.constdata)
    hogpd_default_state                      0x07fcccb0   Data          64  hogpd_task.o(.constdata)
    hogpd_default_handler                    0x07fcccf0   Data           8  hogpd_task.o(.constdata)
    suotar_itf                               0x07fcccf8   Data          16  suotar.o(.constdata)
    suotar_default_state                     0x07fccee0   Data          32  suotar_task.o(.constdata)
    suotar_default_handler                   0x07fccf00   Data           8  suotar_task.o(.constdata)
    prf_funcs                                0x07fccfbc   Data          48  app.o(.constdata)
    app_default_state                        0x07fcd058   Data           8  app_task.o(.constdata)
    app_default_handler                      0x07fcd060   Data           8  app_task.o(.constdata)
    app_process_handlers                     0x07fcd0bc   Data          28  app_entry_point.o(.constdata)
    cust_prf_funcs                           0x07fcd3c0   Data          56  user_custs_config.o(.constdata)
    FilterCoefs                              0x07fcd53a   Data          76  app_audio_codec.o(.constdata)
    empty_report                             0x07fcd5c0   Data           8  app_hid_report.o(.constdata)
    LUT_CFG                                  0x07fcd840   Data          22  pll_vcocal_lut.o(.constdata)
    Region$$Table$$Base                      0x07fcd8b8   Number         0  anon$$obj.o(Region$$Table)
    Region$$Table$$Limit                     0x07fcd8f8   Number         0  anon$$obj.o(Region$$Table)
    startup_sleep_delay                      0x07fcd8f8   Data           4  arch_system.o(.data)
    custs1_att_db                            0x07fcd944   Data         240  user_dlg_audio_svc_def.o(.data)
    kbd_input_ports                          0x07fcda34   Data           3  port_kbd.o(.data)
    kbd_input_mode_regs                      0x07fcda37   Data           3  port_kbd.o(.data)
    kbd_output_mode_regs                     0x07fcda3a   Data           4  port_kbd.o(.data)
    kbd_output_reset_data_regs               0x07fcda3e   Data           4  port_kbd.o(.data)
    kbd_out_bitmasks                         0x07fcda42   Data           8  port_kbd.o(.data)
    str_count                                0x07fcda4c   Data           4  port_stream.o(.data)
    min_val                                  0x07fcda50   Data           4  port_stream.o(.data)
    __initial_sp                             0x07fce058   Data           0  boot_vectors.o(STACK)
    heap_mem_area_not_ret$$Base              0x07fce058   Number         0  jump_table.o(heap_mem_area_not_ret)
    rwip_heap_non_ret                        0x07fce058   Data         268  jump_table.o(heap_mem_area_not_ret)
    GPIOHandlerFunction                      0x07fd2594   Data          20  gpio.o(.bss)
    mic_circular                             0x07fd25ac   Data           1  pdm_mic.o(.bss)
    mic_int_threshold                        0x07fd25ae   Data           2  pdm_mic.o(.bss)
    mic_callback                             0x07fd25b0   Data           4  pdm_mic.o(.bss)
    DMA_Setup_for_PDM_to_buffer              0x07fd25b4   Data          40  pdm_mic.o(.bss)
    spi_driver_cs_pad                        0x07fd25dc   Data           2  spi.o(.bss)
    spi_flash_device_index                   0x07fd25e0   Data           2  spi_flash.o(.bss)
    spi_flash_detected_device                0x07fd25e4   Data           4  spi_flash.o(.bss)
    spi_flash_size                           0x07fd25e8   Data           4  spi_flash.o(.bss)
    spi_flash_page_size                      0x07fd25ec   Data           4  spi_flash.o(.bss)
    callback_function                        0x07fd25f0   Data           4  systick.o(.bss)
    TIMER0_callback                          0x07fd25f4   Data           4  timer0.o(.bss)
    mouse_cpt_event                          0x07fd25fc   Data           1  user_rcu_motion.o(.bss)
    click_packages                           0x07fd2600   Data           4  app_audio.o(.bss)
    app_audio_env                            0x07fd2604   Data         244  app_audio.o(.bss)
    spi_FLASH_CS_Pad                         0x07fd26f8   Data           2  app_flash.o(.bss)
    stream_buffer                            0x07fd26fa   Data        1024  app_stream.o(.bss)
    buffer_length_requested                  0x07fd2b04   Data           2  port_audio.o(.bss)
    port_audio_env                           0x07fd2b08   Data         488  port_audio.o(.bss)
    kbd_new_key_detected                     0x07fd2cf2   Data           1  port_kbd.o(.bss)
    full_scan                                0x07fd2cf3   Data           1  port_kbd.o(.bss)
    next_is_full_scan                        0x07fd2cf4   Data           1  port_kbd.o(.bss)
    kbd_bounce_active                        0x07fd2cf5   Data           1  port_kbd.o(.bss)
    kbd_global_deb_cnt                       0x07fd2cf6   Data           1  port_kbd.o(.bss)
    kbd_membrane_status                      0x07fd2cf7   Data           1  port_kbd.o(.bss)
    kbd_cntrl_active                         0x07fd2cf8   Data           1  port_kbd.o(.bss)
    kbd_scandata                             0x07fd2cf9   Data           4  port_kbd.o(.bss)
    kbd_new_scandata                         0x07fd2cfd   Data           4  port_kbd.o(.bss)
    kbd_active_row                           0x07fd2d01   Data           4  port_kbd.o(.bss)
    scan_cycle_time                          0x07fd2d08   Data           4  port_kbd.o(.bss)
    scan_cycle_time_last                     0x07fd2d0c   Data           4  port_kbd.o(.bss)
    kbd_bounce_rows                          0x07fd2d10   Data           4  port_kbd.o(.bss)
    kbd_bounce_intersections                 0x07fd2d14   Data          10  port_kbd.o(.bss)
    kbd_bounce_counters                      0x07fd2d1e   Data          10  port_kbd.o(.bss)
    attribute_handle                         0x07fd2d28   Data           4  port_multi_bond.o(.bss)
    stream_cpt_event                         0x07fd2d2c   Data           1  port_stream.o(.bss)
    transmitting_data                        0x07fd2d2d   Data           1  port_stream.o(.bss)
    asynch_flag                              0x07fd2d2e   Data           1  port_stream.o(.bss)
    ret_mode_for_non_ret_heap                0x07fd2d30   Data           1  arch_main.o(retention_mem_area0)
    ret_mode                                 0x07fd2d31   Data           1  arch_main.o(retention_mem_area0)
    ret_mode_for_ret_data                    0x07fd2d32   Data           1  arch_main.o(retention_mem_area0)
    reinit_non_ret_heap                      0x07fd2d33   Data           1  arch_main.o(retention_mem_area0)
    code_size                                0x07fd2d34   Data           4  arch_main.o(retention_mem_area0)
    sys_startup_flag                         0x07fd2d40   Data           1  arch_system.o(retention_mem_area0)
    rcx_cal_in_progress                      0x07fd2d41   Data           1  arch_system.o(retention_mem_area0)
    force_rf_cal                             0x07fd2d42   Data           1  arch_system.o(retention_mem_area0)
    last_temp_count                          0x07fd2d44   Data           2  arch_system.o(retention_mem_area0)
    arch_wkupct_deb_time                     0x07fd2d46   Data           2  arch_system.o(retention_mem_area0)
    iq_trim_bias_ctrl1_reg                   0x07fd2d48   Data           2  arch_system.o(retention_mem_area0)
    iq_trim_rf_mixer_ctrl1_reg               0x07fd2d4a   Data           2  arch_system.o(retention_mem_area0)
    last_temp_time                           0x07fd2d4c   Data           4  arch_system.o(retention_mem_area0)
    lp_clk_sel                               0x07fd2d50   Data           4  arch_system.o(retention_mem_area0)
    rcx_freq                                 0x07fd2d54   Data           4  arch_system.o(retention_mem_area0)
    rcx_period                               0x07fd2d58   Data           4  arch_system.o(retention_mem_area0)
    dev_bdaddr                               0x07fd2d5c   Data           6  arch_system.o(retention_mem_area0)
    rcx_slot_duration                        0x07fd2d68   Data           8  arch_system.o(retention_mem_area0)
    wkupct_quad_IRQ_status                   0x07fd2d94   Data           1  wkupct_quadec.o(retention_mem_area0)
    arch_rwble_last_event                    0x07fd2da4   Data           1  rwble.o(retention_mem_area0)
    set_boost_low_vbat1v_overhead            0x07fd2da5   Data           1  rwble.o(retention_mem_area0)
    skip_slave_latency_flag                  0x07fd2da6   Data           1  rwble.o(retention_mem_area0)
    packets_per_event                        0x07fd2da7   Data           1  rwble.o(retention_mem_area0)
    good_packets_per_event                   0x07fd2da8   Data           1  rwble.o(retention_mem_area0)
    max_packets_per_event                    0x07fd2da9   Data           1  rwble.o(retention_mem_area0)
    clk_freq_trim_reg_value                  0x07fd2daa   Data           2  rwble.o(retention_mem_area0)
    ble_throughput_rx_err                    0x07fd2dac   Data           4  rwble.o(retention_mem_area0)
    ble_throughput_rx_pkt                    0x07fd2db0   Data           4  rwble.o(retention_mem_area0)
    ble_finetim_corr                         0x07fd2db4   Data           4  rwble.o(retention_mem_area0)
    retained_BLE_EM_BASE_REG                 0x07fd2db8   Data           4  rwip.o(retention_mem_area0)
    prf_env                                  0x07fd2dbc   Data         120  prf.o(retention_mem_area0)
    app_env                                  0x07fd2e4c   Data          12  app.o(retention_mem_area0)
    app_prf_srv_perm                         0x07fd2e58   Data          20  app.o(retention_mem_area0)
    app_state                                0x07fd2e6c   Data           1  app_task.o(retention_mem_area0)
    cur_batt_level                           0x07fd2e6e   Data           1  app_bass.o(retention_mem_area0)
    batt_alert_en                            0x07fd2e6f   Data           1  app_bass.o(retention_mem_area0)
    bat_led_state                            0x07fd2e70   Data           1  app_bass.o(retention_mem_area0)
    bat_lvl_alert_used                       0x07fd2e71   Data           1  app_bass.o(retention_mem_area0)
    bat_led_port                             0x07fd2e72   Data           1  app_bass.o(retention_mem_area0)
    bat_led_pin                              0x07fd2e73   Data           1  app_bass.o(retention_mem_area0)
    bat_poll_timeout                         0x07fd2e74   Data           2  app_bass.o(retention_mem_area0)
    suota_state                              0x07fd2e78   Data          44  app_suotar.o(retention_mem_area0)
    suota_all_pd                             0x07fd2ea4   Data         512  app_suotar.o(retention_mem_area0)
    system_initialized                       0x07fd3124   Data           1  user_rcu.o(retention_mem_area0)
    last_connection_idx                      0x07fd3125   Data           1  user_rcu.o(retention_mem_area0)
    user_sync_key_press_evt                  0x07fd3126   Data           1  user_rcu.o(retention_mem_area0)
    user_suota_in_progress                   0x07fd3127   Data           1  user_rcu.o(retention_mem_area0)
    user_hid_report_normal_full_release_pending 0x07fd3128   Data           1  user_rcu.o(retention_mem_area0)
    user_hid_report_extended_full_release_pending 0x07fd3129   Data           1  user_rcu.o(retention_mem_area0)
    user_reset_inactivity_triggered          0x07fd312a   Data           1  user_rcu.o(retention_mem_area0)
    user_connection_params                   0x07fd312c   Data           6  user_rcu.o(retention_mem_area0)
    user_audio_samples_available             0x07fd3134   Data           1  user_rcu_audio.o(retention_mem_area0)
    stop_when_buffer_empty                   0x07fd3135   Data           1  user_rcu_audio.o(retention_mem_area0)
    user_audio_force_custom_bitrate          0x07fd3136   Data           1  user_rcu_audio.o(retention_mem_area0)
    audio_control_packet_pending             0x07fd3137   Data           1  user_rcu_audio.o(retention_mem_area0)
    user_max_att_packet_size                 0x07fd3138   Data           2  user_rcu_audio.o(retention_mem_area0)
    user_fixed_att_packet_size               0x07fd313a   Data           2  user_rcu_audio.o(retention_mem_area0)
    user_audio_packet_size                   0x07fd313c   Data           2  user_rcu_audio.o(retention_mem_area0)
    user_mtu_size                            0x07fd313e   Data           2  user_rcu_audio.o(retention_mem_area0)
    user_audio_data_hdl                      0x07fd3140   Data           2  user_rcu_audio.o(retention_mem_area0)
    user_audio_ctrl_in_hdl                   0x07fd3142   Data           2  user_rcu_audio.o(retention_mem_area0)
    audio_control_packet_length              0x07fd3144   Data           2  user_rcu_audio.o(retention_mem_area0)
    adpcm_env                                0x07fd3148   Data          16  user_rcu_audio.o(retention_mem_area0)
    audio_control_packet_data                0x07fd3158   Data          20  user_rcu_audio.o(retention_mem_area0)
    user_fn_locked                           0x07fd316c   Data           1  user_rcu_kbd.o(retention_mem_area0)
    user_touch_tracking                      0x07fd316e   Data           1  user_rcu_motion.o(retention_mem_area0)
    user_touch_left_click                    0x07fd316f   Data           1  user_rcu_motion.o(retention_mem_area0)
    user_touch_event                         0x07fd3170   Data           1  user_rcu_motion.o(retention_mem_area0)
    user_mouse_hdl                           0x07fd3172   Data           2  user_rcu_motion.o(retention_mem_area0)
    conn_timer_remaining                     0x07fd3174   Data           4  user_pwr_mgr.o(retention_mem_area0)
    hogpd_conidx                             0x07fd317a   Data           1  app_hogpd.o(retention_mem_area0)
    report_ntf                               0x07fd317c   Data           2  app_hogpd.o(retention_mem_area0)
    adv_pending_event                        0x07fd3180   Data           1  app_adv_fsm.o(retention_mem_area0)
    current_adv_state                        0x07fd3181   Data           1  app_adv_fsm.o(retention_mem_area0)
    adv_und_filter_policy                    0x07fd3182   Data           1  app_adv_fsm.o(retention_mem_area0)
    adv_fsm_next_notification                0x07fd3183   Data           1  app_adv_fsm.o(retention_mem_area0)
    app_adv_data_length                      0x07fd3184   Data           1  app_adv_fsm.o(retention_mem_area0)
    app_scanrsp_data_length                  0x07fd3185   Data           1  app_adv_fsm.o(retention_mem_area0)
    directed_adv_repeat_counter              0x07fd3188   Data           4  app_adv_fsm.o(retention_mem_area0)
    app_adv_bd_address                       0x07fd318c   Data           6  app_adv_fsm.o(retention_mem_area0)
    app_adv_data                             0x07fd3192   Data          28  app_adv_fsm.o(retention_mem_area0)
    app_scanrsp_data                         0x07fd31ae   Data          31  app_adv_fsm.o(retention_mem_area0)
    app_audio_started                        0x07fd31cd   Data           1  app_audio.o(retention_mem_area0)
    adpcm_mode                               0x07fd31ce   Data           1  app_audio.o(retention_mem_area0)
    current_fsm_state                        0x07fd31cf   Data           1  app_con_fsm.o(retention_mem_area0)
    app_con_fsm_last_queued_adv              0x07fd31d0   Data           1  app_con_fsm.o(retention_mem_area0)
    ble_async_tasks                          0x07fd31d1   Data           1  app_con_fsm.o(retention_mem_area0)
    non_ble_async_tasks                      0x07fd31d2   Data           1  app_con_fsm.o(retention_mem_area0)
    nv_rom_is_read                           0x07fd31d3   Data           1  app_con_fsm.o(retention_mem_area0)
    conn_upd_pending                         0x07fd31d4   Data           1  app_con_fsm.o(retention_mem_area0)
    multi_bond_enabled                       0x07fd31d5   Data           1  app_con_fsm.o(retention_mem_area0)
    directed_adv_permitted                   0x07fd31d6   Data           1  app_con_fsm.o(retention_mem_area0)
    app_con_fsm_advertising                  0x07fd31d7   Data           1  app_con_fsm.o(retention_mem_area0)
    app_con_fsm_running_timer_type           0x07fd31d8   Data           1  app_con_fsm.o(retention_mem_area0)
    extended_key_report_st                   0x07fd31dc   Data           3  app_hid_report.o(retention_mem_area0)
    report_trm_list                          0x07fd31e0   Data           4  app_hid_report.o(retention_mem_area0)
    report_free_list                         0x07fd31e4   Data           4  app_hid_report.o(retention_mem_area0)
    normal_key_report_st                     0x07fd31e8   Data           8  app_hid_report.o(retention_mem_area0)
    report_list                              0x07fd31f0   Data         128  app_hid_report.o(retention_mem_area0)
    hid_report                               0x07fd3270   Data          64  app_hid_report.o(retention_mem_area0)
    roll_over_info                           0x07fd32b0   Data          20  app_hid_report.o(retention_mem_area0)
    kbd_reports_en                           0x07fd32c4   Data           1  app_kbd.o(retention_mem_area0)
    kbd_keycode_buffer_head                  0x07fd32c5   Data           1  app_kbd.o(retention_mem_area0)
    kbd_keycode_buffer_tail                  0x07fd32c6   Data           1  app_kbd.o(retention_mem_area0)
    keycode_buf_overflow                     0x07fd32c7   Data           1  app_kbd.o(retention_mem_area0)
    fn_locked                                0x07fd32c8   Data           1  app_kbd.o(retention_mem_area0)
    key_pressed_after_fn_lock                0x07fd32c9   Data           1  app_kbd.o(retention_mem_area0)
    kbd_fn_modifier                          0x07fd32ca   Data           1  app_kbd.o(retention_mem_area0)
    passcode                                 0x07fd32cc   Data           4  app_kbd.o(retention_mem_area0)
    multi_key_pressed                        0x07fd32d0   Data           8  app_kbd.o(retention_mem_area0)
    kbd_keycode_buffer                       0x07fd32d8   Data          96  app_kbd.o(retention_mem_area0)
    pwm_led                                  0x07fd3338   Data           1  app_leds.o(retention_mem_area0)
    led_pending_size                         0x07fd3339   Data           1  app_leds.o(retention_mem_area0)
    led_boost_mode_enabled                   0x07fd333a   Data           1  app_leds.o(retention_mem_area0)
    led_block_ramp                           0x07fd333b   Data           1  app_leds.o(retention_mem_area0)
    led_pending_param                        0x07fd333c   Data           4  app_leds.o(retention_mem_area0)
    led_pattern                              0x07fd3340   Data          36  app_leds.o(retention_mem_area0)
    stream_first_packets                     0x07fd3364   Data           1  app_stream.o(retention_mem_area0)
    stream_packet_size                       0x07fd3365   Data           1  app_stream.o(retention_mem_area0)
    stream_ignore_packet_size                0x07fd3366   Data           1  app_stream.o(retention_mem_area0)
    app_stream_env                           0x07fd3368   Data           4  app_stream.o(retention_mem_area0)
    app_stream_fifo                          0x07fd336c   Data          32  app_stream.o(retention_mem_area0)
    current_scan_state                       0x07fd3390   Data           1  port_kbd.o(retention_mem_area0)
    monitor_kbd_delayed_start_st             0x07fd3391   Data           1  port_kbd.o(retention_mem_area0)
    trigger_kbd_delayed_start_st             0x07fd3392   Data           1  port_kbd.o(retention_mem_area0)
    multi_bond_status                        0x07fd339c   Data           1  port_multi_bond.o(retention_mem_area0)
    multi_bond_active_peer_pos               0x07fd339d   Data           1  port_multi_bond.o(retention_mem_area0)
    multi_bond_next_peer_pos                 0x07fd339e   Data           1  port_multi_bond.o(retention_mem_area0)
    multi_bond_resolved_peer_pos             0x07fd339f   Data           1  port_multi_bond.o(retention_mem_area0)
    bond_usage                               0x07fd33a0   Data           3  port_multi_bond.o(retention_mem_area0)
    bond_array                               0x07fd33a4   Data         180  port_multi_bond.o(retention_mem_area0)
    bond_info                                0x07fd3458   Data          60  port_multi_bond.o(retention_mem_area0)
    alt_dev_bdaddr                           0x07fd3494   Data           6  port_multi_bond.o(retention_mem_area0)
    port_timer_hnds                          0x07fd349a   Data           9  port_timer.o(retention_mem_area0)
    wkup_channel_enabled                     0x07fd34d8   Data           2  port_wkup.o(retention_mem_area0)
    wkup_pin_config                          0x07fd34dc   Data           4  port_wkup.o(retention_mem_area0)
    wkup_pol_config                          0x07fd34e0   Data           4  port_wkup.o(retention_mem_area0)
    wkup_mask                                0x07fd34e4   Data           8  port_wkup.o(retention_mem_area0)
    calcap_minmax                            0x07fd34ec   Data           1  pll_vcocal_lut.o(retention_mem_area0)
    vcocal_ctrl_reg_val                      0x07fd34ee   Data           2  pll_vcocal_lut.o(retention_mem_area0)
    vco_calcap_ranges                        0x07fd34f0   Data          16  pll_vcocal_lut.o(retention_mem_area0)
    rf_cal_cap                               0x07fd3500   Data          20  pll_vcocal_lut.o(retention_mem_area0)
    rwip_heap_db_ret                         0x07fd3514   Data        2572  jump_table.o(heap_db_area)
    rwip_heap_env_ret                        0x07fd3f20   Data         628  jump_table.o(heap_env_area)
    dummy                                    0x07fd4000   Data           0  da14585_symbols.txt ABSOLUTE
    rwip_heap_msg_ret                        0x07fd4194   Data        3084  jump_table.o(heap_msg_area)
    ble_wakeup_executed                      0x07fd7600   Data           0  da14585_symbols.txt ABSOLUTE
    rf_in_sleep                              0x07fd7601   Data           0  da14585_symbols.txt ABSOLUTE
    custom_preinit                           0x07fd7604   Data           0  da14585_symbols.txt ABSOLUTE
    custom_postinit                          0x07fd7608   Data           0  da14585_symbols.txt ABSOLUTE
    custom_appinit                           0x07fd760c   Data           0  da14585_symbols.txt ABSOLUTE
    custom_preloop                           0x07fd7610   Data           0  da14585_symbols.txt ABSOLUTE
    custom_preschedule                       0x07fd7614   Data           0  da14585_symbols.txt ABSOLUTE
    custom_postschedule                      0x07fd7618   Data           0  da14585_symbols.txt ABSOLUTE
    custom_postschedule_async                0x07fd761c   Data           0  da14585_symbols.txt ABSOLUTE
    custom_presleepcheck                     0x07fd7620   Data           0  da14585_symbols.txt ABSOLUTE
    custom_appsleepset                       0x07fd7624   Data           0  da14585_symbols.txt ABSOLUTE
    custom_postsleepcheck                    0x07fd7628   Data           0  da14585_symbols.txt ABSOLUTE
    custom_presleepenter                     0x07fd762c   Data           0  da14585_symbols.txt ABSOLUTE
    custom_postsleepexit                     0x07fd7630   Data           0  da14585_symbols.txt ABSOLUTE
    custom_prewakeup                         0x07fd7634   Data           0  da14585_symbols.txt ABSOLUTE
    custom_postwakeup                        0x07fd7638   Data           0  da14585_symbols.txt ABSOLUTE
    custom_preidlecheck                      0x07fd763c   Data           0  da14585_symbols.txt ABSOLUTE
    custom_pti_set                           0x07fd7640   Data           0  da14585_symbols.txt ABSOLUTE
    REG_BLE_EM_TX_BUFFER_SIZE                0x07fd7644   Data           0  da14585_symbols.txt ABSOLUTE
    REG_BLE_EM_RX_BUFFER_SIZE                0x07fd7648   Data           0  da14585_symbols.txt ABSOLUTE
    _ble_base                                0x07fd764c   Data           0  da14585_symbols.txt ABSOLUTE
    gap_cfg_user                             0x07fd7650   Data           0  da14585_symbols.txt ABSOLUTE
    rom_func_addr_table                      0x07fd7654   Data           0  da14585_symbols.txt ABSOLUTE
    rom_cfg_table                            0x07fd7658   Data           0  da14585_symbols.txt ABSOLUTE
    BLE_TX_DESC_DATA_USER                    0x07fd765c   Data           0  da14585_symbols.txt ABSOLUTE
    BLE_TX_DESC_CNTL_USER                    0x07fd7660   Data           0  da14585_symbols.txt ABSOLUTE
    LLM_LE_ADV_DUMMY_IDX                     0x07fd7664   Data           0  da14585_symbols.txt ABSOLUTE
    LLM_LE_SCAN_CON_REQ_ADV_DIR_IDX          0x07fd7668   Data           0  da14585_symbols.txt ABSOLUTE
    LLM_LE_SCAN_RSP_IDX                      0x07fd766c   Data           0  da14585_symbols.txt ABSOLUTE
    LLM_LE_ADV_IDX                           0x07fd7670   Data           0  da14585_symbols.txt ABSOLUTE
    length_exchange_needed                   0x07fd7674   Data           0  da14585_symbols.txt ABSOLUTE
    enh_con_cmp_cnt                          0x07fd7678   Data           0  da14585_symbols.txt ABSOLUTE
    rx_pkt_cnt                               0x07fd7680   Data           0  da14585_symbols.txt ABSOLUTE
    rx_pkt_cnt_bad                           0x07fd7684   Data           0  da14585_symbols.txt ABSOLUTE
    rx_pkt_cnt_bad_adv                       0x07fd7688   Data           0  da14585_symbols.txt ABSOLUTE
    rx_pkt_cnt_bad_scn                       0x07fd768c   Data           0  da14585_symbols.txt ABSOLUTE
    rx_pkt_cnt_bad_oth                       0x07fd7690   Data           0  da14585_symbols.txt ABSOLUTE
    rx_pkt_cnt_bad_wo_sync_err               0x07fd7694   Data           0  da14585_symbols.txt ABSOLUTE
    rx_pkt_cnt_bad_con                       0x07fd7698   Data           0  da14585_symbols.txt ABSOLUTE
    connect_req_cnt                          0x07fd769c   Data           0  da14585_symbols.txt ABSOLUTE
    last_status                              0x07fd76a0   Data           0  da14585_symbols.txt ABSOLUTE
    llc_state                                0x07fd76a4   Data           0  da14585_symbols.txt ABSOLUTE
    lld_sleep_env                            0x07fd76ac   Data           0  da14585_symbols.txt ABSOLUTE
    lld_wlcoex_enable                        0x07fd76b0   Data           0  da14585_symbols.txt ABSOLUTE
    ble_duplicate_filter_max                 0x07fd76b4   Data           0  da14585_symbols.txt ABSOLUTE
    ble_duplicate_filter_found               0x07fd76b5   Data           0  da14585_symbols.txt ABSOLUTE
    alter_conn_adv_all_cnt                   0x07fd76b8   Data           0  da14585_symbols.txt ABSOLUTE
    alter_conn_adv_dir_cnt                   0x07fd76bc   Data           0  da14585_symbols.txt ABSOLUTE
    alter_conn_adv_cnt                       0x07fd76c0   Data           0  da14585_symbols.txt ABSOLUTE
    create_conn_cnt                          0x07fd76c4   Data           0  da14585_symbols.txt ABSOLUTE
    alter_conn_cnt                           0x07fd76c8   Data           0  da14585_symbols.txt ABSOLUTE
    alter_conn_restart_cnt                   0x07fd76cc   Data           0  da14585_symbols.txt ABSOLUTE
    alter_conn_peer_addr                     0x07fd76d0   Data           0  da14585_symbols.txt ABSOLUTE
    alter_conn_local_addr                    0x07fd76d6   Data           0  da14585_symbols.txt ABSOLUTE
    set_adv_data_discard_old                 0x07fd76dc   Data           0  da14585_symbols.txt ABSOLUTE
    llm_resolving_list_max                   0x07fd76dd   Data           0  da14585_symbols.txt ABSOLUTE
    llm_bt_env                               0x07fd76de   Data           0  da14585_symbols.txt ABSOLUTE
    init_tx_cnt_cntl_cnt1                    0x07fd76e8   Data           0  da14585_symbols.txt ABSOLUTE
    init_tx_cnt_cntl_cnt                     0x07fd76ec   Data           0  da14585_symbols.txt ABSOLUTE
    tx_cnt_cntl_cnt                          0x07fd76f0   Data           0  da14585_symbols.txt ABSOLUTE
    llm_state                                0x07fd76f4   Data           0  da14585_symbols.txt ABSOLUTE
    gtl_state                                0x07fd76f8   Data           0  da14585_symbols.txt ABSOLUTE
    use_h4tl                                 0x07fd76f9   Data           0  da14585_symbols.txt ABSOLUTE
    hci_cmd_desc_root_tab                    0x07fd76fc   Data           0  da14585_symbols.txt ABSOLUTE
    gattc_state                              0x07fd772c   Data           0  da14585_symbols.txt ABSOLUTE
    gattm_state                              0x07fd7734   Data           0  da14585_symbols.txt ABSOLUTE
    l2cc_state                               0x07fd7735   Data           0  da14585_symbols.txt ABSOLUTE
    l2cm_env                                 0x07fd773e   Data           0  da14585_symbols.txt ABSOLUTE
    gapc_state                               0x07fd7744   Data           0  da14585_symbols.txt ABSOLUTE
    gapm_state                               0x07fd774c   Data           0  da14585_symbols.txt ABSOLUTE
    ecdh_key_creation_in_progress            0x07fd7750   Data           0  da14585_symbols.txt ABSOLUTE
    ke_free_bad                              0x07fd7754   Data           0  da14585_symbols.txt ABSOLUTE
    rwip_env                                 0x07fd7758   Data           0  da14585_symbols.txt ABSOLUTE
    ble_reg_save                             0x07fd7764   Data           0  da14585_symbols.txt ABSOLUTE
    sleep_env                                0x07fd77b4   Data           0  da14585_symbols.txt ABSOLUTE
    uart_env                                 0x07fd77b8   Data           0  da14585_symbols.txt ABSOLUTE
    ke_mem_heaps_used                        0x07fd77dc   Data           0  da14585_symbols.txt ABSOLUTE
    co_buf_env                               0x07fd77e0   Data           0  da14585_symbols.txt ABSOLUTE
    llc_env                                  0x07fd7918   Data           0  da14585_symbols.txt ABSOLUTE
    lld_evt_env                              0x07fd7938   Data           0  da14585_symbols.txt ABSOLUTE
    llm_le_env                               0x07fd7964   Data           0  da14585_symbols.txt ABSOLUTE
    llm_resolving_list                       0x07fd7a60   Data           0  da14585_symbols.txt ABSOLUTE
    ea_env                                   0x07fd7cb8   Data           0  da14585_symbols.txt ABSOLUTE
    gtl_env                                  0x07fd7cf8   Data           0  da14585_symbols.txt ABSOLUTE
    hci_env                                  0x07fd7d40   Data           0  da14585_symbols.txt ABSOLUTE
    h4tl_env                                 0x07fd7d50   Data           0  da14585_symbols.txt ABSOLUTE
    gattc_env                                0x07fd7d68   Data           0  da14585_symbols.txt ABSOLUTE
    gattm_env                                0x07fd7d88   Data           0  da14585_symbols.txt ABSOLUTE
    l2cc_env                                 0x07fd7dac   Data           0  da14585_symbols.txt ABSOLUTE
    ecdh_key                                 0x07fd7dcc   Data           0  da14585_symbols.txt ABSOLUTE
    gapc_env                                 0x07fd7e2c   Data           0  da14585_symbols.txt ABSOLUTE
    gapm_env                                 0x07fd7e4c   Data           0  da14585_symbols.txt ABSOLUTE
    ke_env                                   0x07fd7e78   Data           0  da14585_symbols.txt ABSOLUTE
    rwip_rf                                  0x07fd7fb4   Data           0  da14585_symbols.txt ABSOLUTE
    timer0_ctrl_reg                          0x50003400   Data           2  timer0.o(.ARM.__AT_0x50003400)
    triple_pwm_ctrl_reg                      0x50003410   Data           2  timer2.o(.ARM.__AT_0x50003410)



==============================================================================

Memory Map of the image

  Image Entry point : 0x07fc0511

  Load Region LR_IROM1 (Base: 0x07fc0000, Size: 0x000000a0, Max: 0x000000c0, ABSOLUTE)

    Execution Region ER_IROM1 (Exec base: 0x07fc0000, Load base: 0x07fc0000, Size: 0x000000a0, Max: 0x000000c0, ABSOLUTE)

    Exec Addr    Load Addr    Size         Type   Attr      Idx    E Section Name        Object

    0x07fc0000   0x07fc0000   0x000000a0   Data   RO          204    RESET               boot_vectors.o



  Load Region LR_IROM2 (Base: 0x07fc00c0, Size: 0x00000000, Max: 0x00000050, ABSOLUTE)

    Execution Region ER_IROM2 (Exec base: 0x07fc00c0, Load base: 0x07fc00c0, Size: 0x00000050, Max: 0x00000050, ABSOLUTE)

    Exec Addr    Load Addr    Size         Type   Attr      Idx    E Section Name        Object

    0x07fc00c0        -       0x00000050   Zero   RW            1    ER_IROM2.bss        anon$$obj.o



  Load Region LR_TRNG_ZI (Base: 0x07fc0110, Size: 0x00000000, Max: 0x00000400, ABSOLUTE)

    Execution Region ER_TRNG_ZI (Exec base: 0x07fc0110, Load base: 0x07fc0110, Size: 0x00000400, Max: 0x00000400, ABSOLUTE)

    Exec Addr    Load Addr    Size         Type   Attr      Idx    E Section Name        Object

    0x07fc0110        -       0x00000400   Zero   RW         1614    trng_buffer_area_zi  trng.o



  Load Region LR_IROM3 (Base: 0x07fc0510, Size: 0x0000d544, Max: 0x000162f0, ABSOLUTE)

    Execution Region ER_IROM3 (Exec base: 0x07fc0510, Load base: 0x07fc0510, Size: 0x0000d544, Max: 0x000162f0, ABSOLUTE)

    Exec Addr    Load Addr    Size         Type   Attr      Idx    E Section Name        Object

    0x07fc0510   0x07fc0510   0x00000000   Code   RO         6383  * .ARM.Collect$$$$00000000  mc_p.l(entry.o)
    0x07fc0510   0x07fc0510   0x00000004   Code   RO         6386    .ARM.Collect$$$$00000001  mc_p.l(entry2.o)
    0x07fc0514   0x07fc0514   0x00000004   Code   RO         6389    .ARM.Collect$$$$00000004  mc_p.l(entry5.o)
    0x07fc0518   0x07fc0518   0x00000000   Code   RO         6391    .ARM.Collect$$$$00000008  mc_p.l(entry7b.o)
    0x07fc0518   0x07fc0518   0x00000000   Code   RO         6393    .ARM.Collect$$$$0000000A  mc_p.l(entry8b.o)
    0x07fc0518   0x07fc0518   0x00000008   Code   RO         6394    .ARM.Collect$$$$0000000B  mc_p.l(entry9a.o)
    0x07fc0520   0x07fc0520   0x00000004   Code   RO         6401    .ARM.Collect$$$$0000000E  mc_p.l(entry12b.o)
    0x07fc0524   0x07fc0524   0x00000000   Code   RO         6396    .ARM.Collect$$$$0000000F  mc_p.l(entry10a.o)
    0x07fc0524   0x07fc0524   0x00000000   Code   RO         6398    .ARM.Collect$$$$00000011  mc_p.l(entry11a.o)
    0x07fc0524   0x07fc0524   0x00000004   Code   RO         6387    .ARM.Collect$$$$00002712  mc_p.l(entry2.o)
    0x07fc0528   0x07fc0528   0x00000048   Code   RO            3    .text               system_armcm0.o
    0x07fc0570   0x07fc0570   0x00000050   Code   RO          205    .text               boot_vectors.o
    0x07fc05c0   0x07fc05c0   0x00000018   Code   RO          210    .text               hardfault_handler.o
    0x07fc05d8   0x07fc05d8   0x00000038   Code   RO          247    .text               nmi_handler.o
    0x07fc0610   0x07fc0610   0x000000c8   Code   RO          323    .text               nvds.o
    0x07fc06d8   0x07fc06d8   0x00000298   Code   RO          341    .text               arch_main.o
    0x07fc0970   0x07fc0970   0x00000042   Code   RO          635    .text               jump_table.o
    0x07fc09b2   0x07fc09b2   0x00000002   PAD
    0x07fc09b4   0x07fc09b4   0x00000134   Code   RO          693    .text               arch_sleep.o
    0x07fc0ae8   0x07fc0ae8   0x000003ec   Code   RO          726    .text               arch_system.o
    0x07fc0ed4   0x07fc0ed4   0x000000c8   Code   RO          822    .text               arch_rom.o
    0x07fc0f9c   0x07fc0f9c   0x00000120   Code   RO          842    .text               adc.o
    0x07fc10bc   0x07fc10bc   0x00000124   Code   RO          863    .text               battery.o
    0x07fc11e0   0x07fc11e0   0x00000310   Code   RO          883    .text               dma.o
    0x07fc14f0   0x07fc14f0   0x00000118   Code   RO          921    .text               gpio.o
    0x07fc1608   0x07fc1608   0x00000020   Code   RO         1003    .text               hw_otpc.o
    0x07fc1628   0x07fc1628   0x00000354   Code   RO         1244    .text               pdm.o
    0x07fc197c   0x07fc197c   0x00000140   Code   RO         1267    .text               pdm_mic.o
    0x07fc1abc   0x07fc1abc   0x0000013c   Code   RO         1303    .text               spi.o
    0x07fc1bf8   0x07fc1bf8   0x00000280   Code   RO         1328    .text               spi_flash.o
    0x07fc1e78   0x07fc1e78   0x0000002c   Code   RO         1413    .text               syscntl.o
    0x07fc1ea4   0x07fc1ea4   0x0000006c   Code   RO         1433    .text               systick.o
    0x07fc1f10   0x07fc1f10   0x00000074   Code   RO         1464    .text               timer0.o
    0x07fc1f84   0x07fc1f84   0x00000024   Code   RO         1539    .text               timer2.o
    0x07fc1fa8   0x07fc1fa8   0x000001ac   Code   RO         1613    .text               trng.o
    0x07fc2154   0x07fc2154   0x000000dc   Code   RO         1630    .text               uart2.o
    0x07fc2230   0x07fc2230   0x0000017c   Code   RO         1701    .text               wkupct_quadec.o
    0x07fc23ac   0x07fc23ac   0x0000017c   Code   RO         1774    .text               rf_585.o
    0x07fc2528   0x07fc2528   0x000002ec   Code   RO         1826    .text               rwble.o
    0x07fc2814   0x07fc2814   0x000001b0   Code   RO         1937    .text               rwip.o
    0x07fc29c4   0x07fc29c4   0x000001e4   Code   RO         1970    .text               attm_db_128.o
    0x07fc2ba8   0x07fc2ba8   0x000003ac   Code   RO         2003    .text               bass.o
    0x07fc2f54   0x07fc2f54   0x000002a4   Code   RO         2064    .text               bass_task.o
    0x07fc31f8   0x07fc31f8   0x00000120   Code   RO         2128    .text               custom_common.o
    0x07fc3318   0x07fc3318   0x00000120   Code   RO         2149    .text               custs1.o
    0x07fc3438   0x07fc3438   0x00000480   Code   RO         2221    .text               custs1_task.o
    0x07fc38b8   0x07fc38b8   0x00000174   Code   RO         2295    .text               diss.o
    0x07fc3a2c   0x07fc3a2c   0x000001d0   Code   RO         2321    .text               diss_task.o
    0x07fc3bfc   0x07fc3bfc   0x00000808   Code   RO         2364    .text               hogpd.o
    0x07fc4404   0x07fc4404   0x0000063c   Code   RO         2379    .text               hogpd_task.o
    0x07fc4a40   0x07fc4a40   0x0000001e   Code   RO         2403    .text               prf_utils.o
    0x07fc4a5e   0x07fc4a5e   0x00000002   PAD
    0x07fc4a60   0x07fc4a60   0x0000022c   Code   RO         2437    .text               prf.o
    0x07fc4c8c   0x07fc4c8c   0x00000358   Code   RO         2471    .text               suotar.o
    0x07fc4fe4   0x07fc4fe4   0x00000310   Code   RO         2492    .text               suotar_task.o
    0x07fc52f4   0x07fc52f4   0x00000034   Code   RO         2511    .text               app_default_handlers.o
    0x07fc5328   0x07fc5328   0x00000318   Code   RO         2611    .text               app.o
    0x07fc5640   0x07fc5640   0x000002c0   Code   RO         2787    .text               app_task.o
    0x07fc5900   0x07fc5900   0x00000144   Code   RO         2859    .text               app_bass.o
    0x07fc5a44   0x07fc5a44   0x000000a8   Code   RO         2897    .text               app_bass_task.o
    0x07fc5aec   0x07fc5aec   0x0000003c   Code   RO         2923    .text               app_diss.o
    0x07fc5b28   0x07fc5b28   0x00000110   Code   RO         2938    .text               app_diss_task.o
    0x07fc5c38   0x07fc5c38   0x0000061c   Code   RO         2958    .text               app_suotar.o
    0x07fc6254   0x07fc6254   0x0000010c   Code   RO         2981    .text               app_suotar_task.o
    0x07fc6360   0x07fc6360   0x00000088   Code   RO         3002    .text               app_entry_point.o
    0x07fc63e8   0x07fc63e8   0x00000028   Code   RO         3154    .text               app_msg_utils.o
    0x07fc6410   0x07fc6410   0x00000048   Code   RO         3182    .text               app_easy_msg_utils.o
    0x07fc6458   0x07fc6458   0x000000a0   Code   RO         3225    .text               app_easy_security.o
    0x07fc64f8   0x07fc64f8   0x00000002   Code   RO         3344    .text               app_easy_timer.o
    0x07fc64fa   0x07fc64fa   0x00000002   PAD
    0x07fc64fc   0x07fc64fc   0x00000288   Code   RO         3345    .text               app_easy_timer.o
    0x07fc6784   0x07fc6784   0x00000060   Code   RO         3369    .text               app_customs.o
    0x07fc67e4   0x07fc67e4   0x00000018   Code   RO         3402    .text               app_customs_task.o
    0x07fc67fc   0x07fc67fc   0x00000698   Code   RO         3418    .text               user_rcu.o
    0x07fc6e94   0x07fc6e94   0x00000804   Code   RO         3487    .text               user_rcu_audio.o
    0x07fc7698   0x07fc7698   0x0000009c   Code   RO         3549    .text               user_rcu_kbd.o
    0x07fc7734   0x07fc7734   0x00000174   Code   RO         3571    .text               user_rcu_motion.o
    0x07fc78a8   0x07fc78a8   0x000000d4   Code   RO         3617    .text               user_modules.o
    0x07fc797c   0x07fc797c   0x00000040   Code   RO         3673    .text               user_pwr_mgr.o
    0x07fc79bc   0x07fc79bc   0x00000080   Code   RO         3695    .text               user_periph_setup_1.o
    0x07fc7a3c   0x07fc7a3c   0x00000158   Code   RO         3749    .text               azotouch_iqs5xx.o
    0x07fc7b94   0x07fc7b94   0x000001cc   Code   RO         5072    .text               i2c_azotouch.o
    0x07fc7d60   0x07fc7d60   0x00000194   Code   RO         5322    .text               app_hogpd_task.o
    0x07fc7ef4   0x07fc7ef4   0x0000014c   Code   RO         5341    .text               app_hogpd.o
    0x07fc8040   0x07fc8040   0x000003e4   Code   RO         5397    .text               app_adv_fsm.o
    0x07fc8424   0x07fc8424   0x00000228   Code   RO         5427    .text               app_audio.o
    0x07fc864c   0x07fc864c   0x000001e0   Code   RO         5450    .text               app_audio_codec.o
    0x07fc882c   0x07fc882c   0x000007c8   Code   RO         5480    .text               app_con_fsm.o
    0x07fc8ff4   0x07fc8ff4   0x00000198   Code   RO         5541    .text               app_flash.o
    0x07fc918c   0x07fc918c   0x000004a0   Code   RO         5570    .text               app_hid_report.o
    0x07fc962c   0x07fc962c   0x00000510   Code   RO         5599    .text               app_kbd.o
    0x07fc9b3c   0x07fc9b3c   0x00000544   Code   RO         5630    .text               app_leds.o
    0x07fca080   0x07fca080   0x00000052   Code   RO         5702    .text               app_nv_prom.o
    0x07fca0d2   0x07fca0d2   0x000000a0   Code   RO         5727    .text               app_pairing.o
    0x07fca172   0x07fca172   0x00000002   PAD
    0x07fca174   0x07fca174   0x00000234   Code   RO         5745    .text               app_stream.o
    0x07fca3a8   0x07fca3a8   0x00000134   Code   RO         5771    .text               app_touchpad.o
    0x07fca4dc   0x07fca4dc   0x0000013c   Code   RO         5866    .text               port_adv_fsm.o
    0x07fca618   0x07fca618   0x0000013c   Code   RO         5878    .text               port_audio.o
    0x07fca754   0x07fca754   0x00000104   Code   RO         5922    .text               port_con_fsm.o
    0x07fca858   0x07fca858   0x00000078   Code   RO         5947    .text               port_con_fsm_task.o
    0x07fca8d0   0x07fca8d0   0x00000868   Code   RO         6017    .text               port_kbd.o
    0x07fcb138   0x07fcb138   0x00000188   Code   RO         6068    .text               port_leds.o
    0x07fcb2c0   0x07fcb2c0   0x00000620   Code   RO         6106    .text               port_multi_bond.o
    0x07fcb8e0   0x07fcb8e0   0x00000150   Code   RO         6164    .text               port_platform.o
    0x07fcba30   0x07fcba30   0x000001d4   Code   RO         6198    .text               port_security.o
    0x07fcbc04   0x07fcbc04   0x000001a8   Code   RO         6219    .text               port_stream.o
    0x07fcbdac   0x07fcbdac   0x000000a8   Code   RO         6239    .text               port_timer.o
    0x07fcbe54   0x07fcbe54   0x00000124   Code   RO         6265    .text               port_touchpad.o
    0x07fcbf78   0x07fcbf78   0x000001b0   Code   RO         6321    .text               port_wkup.o
    0x07fcc128   0x07fcc128   0x0000007c   Code   RO         6340    .text               system_library.lib(patch.o)
    0x07fcc1a4   0x07fcc1a4   0x000000fc   Code   RO         6343    .text               system_library.lib(rf_calibration.o)
    0x07fcc2a0   0x07fcc2a0   0x000000e8   Code   RO         6344    .text               system_library.lib(rf_calibration.o)
    0x07fcc388   0x07fcc388   0x000001a8   Code   RO         6345    .text               system_library.lib(rf_calibration.o)
    0x07fcc530   0x07fcc530   0x00000024   Code   RO         6364    .text               system_library.lib(pll_vcocal_lut.o)
    0x07fcc554   0x07fcc554   0x00000060   Code   RO         6384    .text               mc_p.l(uldiv.o)
    0x07fcc5b4   0x07fcc5b4   0x00000022   Code   RO         6402    .text               mc_p.l(llushr.o)
    0x07fcc5d6   0x07fcc5d6   0x00000002   PAD
    0x07fcc5d8   0x07fcc5d8   0x00000024   Code   RO         6404    .text               mc_p.l(init.o)
    0x07fcc5fc   0x07fcc5fc   0x0000002e   Code   RO         6046    i.__ARM_clz         port_kbd.o
    0x07fcc62a   0x07fcc62a   0x00000030   Code   RO          759    i.__ARM_common_ll_muluu  arch_system.o
    0x07fcc65a   0x07fcc65a   0x0000000e   Code   RO         6408    i.__scatterload_copy  mc_p.l(handlers.o)
    0x07fcc668   0x07fcc668   0x00000002   Code   RO         6409    i.__scatterload_null  mc_p.l(handlers.o)
    0x07fcc66a   0x07fcc66a   0x0000000e   Code   RO         6410    i.__scatterload_zeroinit  mc_p.l(handlers.o)
    0x07fcc678   0x07fcc678   0x0000000c   Code   RO         1518    i.timer0_register_callback  timer0.o
    0x07fcc684   0x07fcc684   0x00000010   Code   RO         1483    i.timer0_start      timer0.o
    0x07fcc694   0x07fcc694   0x00000010   Code   RO         1489    i.timer0_stop       timer0.o
    0x07fcc6a4   0x07fcc6a4   0x00000018   Code   RO         1551    i.timer2_enable     timer2.o
    0x07fcc6bc   0x07fcc6bc   0x00000018   Code   RO         1556    i.timer2_set_hw_pause  timer2.o
    0x07fcc6d4   0x07fcc6d4   0x0000000c   Code   RO         1577    i.timer2_set_pwm2_duty_cycle  timer2.o
    0x07fcc6e0   0x07fcc6e0   0x00000018   Code   RO         1561    i.timer2_set_sw_pause  timer2.o
    0x07fcc6f8   0x07fcc6f8   0x0000000a   Code   RO         1571    i.timer2_stop       timer2.o
    0x07fcc702   0x07fcc702   0x0000000e   Data   RO          324    .constdata          nvds.o
    0x07fcc710   0x07fcc710   0x00000184   Data   RO          636    .constdata          jump_table.o
    0x07fcc894   0x07fcc894   0x000000bc   Data   RO          637    .constdata          jump_table.o
    0x07fcc950   0x07fcc950   0x0000005a   Data   RO          731    .constdata          arch_system.o
    0x07fcc9aa   0x07fcc9aa   0x00000002   PAD
    0x07fcc9ac   0x07fcc9ac   0x0000004c   Data   RO         2004    .constdata          bass.o
    0x07fcc9f8   0x07fcc9f8   0x00000030   Data   RO         2065    .constdata          bass_task.o
    0x07fcca28   0x07fcca28   0x00000008   Data   RO         2066    .constdata          bass_task.o
    0x07fcca30   0x07fcca30   0x00000010   Data   RO         2150    .constdata          custs1.o
    0x07fcca40   0x07fcca40   0x00000030   Data   RO         2222    .constdata          custs1_task.o
    0x07fcca70   0x07fcca70   0x00000008   Data   RO         2223    .constdata          custs1_task.o
    0x07fcca78   0x07fcca78   0x000000f4   Data   RO         2296    .constdata          diss.o
    0x07fccb6c   0x07fccb6c   0x00000018   Data   RO         2322    .constdata          diss_task.o
    0x07fccb84   0x07fccb84   0x00000008   Data   RO         2323    .constdata          diss_task.o
    0x07fccb8c   0x07fccb8c   0x00000124   Data   RO         2365    .constdata          hogpd.o
    0x07fcccb0   0x07fcccb0   0x00000040   Data   RO         2380    .constdata          hogpd_task.o
    0x07fcccf0   0x07fcccf0   0x00000008   Data   RO         2381    .constdata          hogpd_task.o
    0x07fcccf8   0x07fcccf8   0x000001e8   Data   RO         2478    .constdata          suotar.o
    0x07fccee0   0x07fccee0   0x00000020   Data   RO         2493    .constdata          suotar_task.o
    0x07fccf00   0x07fccf00   0x00000008   Data   RO         2494    .constdata          suotar_task.o
    0x07fccf08   0x07fccf08   0x000000f4   Data   RO         2637    .constdata          app.o
    0x07fccffc   0x07fccffc   0x0000005c   Data   RO         2789    .constdata          app_task.o
    0x07fcd058   0x07fcd058   0x00000008   Data   RO         2790    .constdata          app_task.o
    0x07fcd060   0x07fcd060   0x00000008   Data   RO         2791    .constdata          app_task.o
    0x07fcd068   0x07fcd068   0x00000028   Data   RO         2899    .constdata          app_bass_task.o
    0x07fcd090   0x07fcd090   0x00000008   Data   RO         2939    .constdata          app_diss_task.o
    0x07fcd098   0x07fcd098   0x00000020   Data   RO         2982    .constdata          app_suotar_task.o
    0x07fcd0b8   0x07fcd0b8   0x00000020   Data   RO         3003    .constdata          app_entry_point.o
    0x07fcd0d8   0x07fcd0d8   0x00000054   Data   RO         3421    .constdata          user_rcu.o
    0x07fcd12c   0x07fcd12c   0x0000000e   Data   RO         3550    .constdata          user_rcu_kbd.o
    0x07fcd13a   0x07fcd13a   0x00000010   Data   RO         3618    .constdata          user_modules.o
    0x07fcd14a   0x07fcd14a   0x00000004   Data   RO         3619    .constdata          user_modules.o
    0x07fcd14e   0x07fcd14e   0x00000008   Data   RO         3620    .constdata          user_modules.o
    0x07fcd156   0x07fcd156   0x00000004   Data   RO         3621    .constdata          user_modules.o
    0x07fcd15a   0x07fcd15a   0x00000008   Data   RO         3622    .constdata          user_modules.o
    0x07fcd162   0x07fcd162   0x00000004   Data   RO         3623    .constdata          user_modules.o
    0x07fcd166   0x07fcd166   0x00000002   PAD
    0x07fcd168   0x07fcd168   0x000000fc   Data   RO         3624    .constdata          user_modules.o
    0x07fcd264   0x07fcd264   0x0000012a   Data   RO         5324    .constdata          app_hogpd_task.o
    0x07fcd38e   0x07fcd38e   0x00000002   PAD
    0x07fcd390   0x07fcd390   0x00000030   Data   RO         5344    .constdata          app_hogpd.o
    0x07fcd3c0   0x07fcd3c0   0x00000038   Data   RO         5367    .constdata          user_custs_config.o
    0x07fcd3f8   0x07fcd3f8   0x00000080   Data   RO         5398    .constdata          app_adv_fsm.o
    0x07fcd478   0x07fcd478   0x0000010e   Data   RO         5453    .constdata          app_audio_codec.o
    0x07fcd586   0x07fcd586   0x00000002   PAD
    0x07fcd588   0x07fcd588   0x00000030   Data   RO         5486    .constdata          app_con_fsm.o
    0x07fcd5b8   0x07fcd5b8   0x00000004   Data   RO         5546    .constdata          app_flash.o
    0x07fcd5bc   0x07fcd5bc   0x0000003c   Data   RO         5573    .constdata          app_hid_report.o
    0x07fcd5f8   0x07fcd5f8   0x00000058   Data   RO         5601    .constdata          app_kbd.o
    0x07fcd650   0x07fcd650   0x00000014   Data   RO         5637    .constdata          app_leds.o
    0x07fcd664   0x07fcd664   0x00000008   Data   RO         5775    .constdata          app_touchpad.o
    0x07fcd66c   0x07fcd66c   0x0000001c   Data   RO         5884    .constdata          port_audio.o
    0x07fcd688   0x07fcd688   0x00000030   Data   RO         6021    .constdata          port_kbd.o
    0x07fcd6b8   0x07fcd6b8   0x00000018   Data   RO         6069    .constdata          port_leds.o
    0x07fcd6d0   0x07fcd6d0   0x00000030   Data   RO         6113    .constdata          port_multi_bond.o
    0x07fcd700   0x07fcd700   0x00000024   Data   RO         6241    .constdata          port_timer.o
    0x07fcd724   0x07fcd724   0x00000024   Data   RO         6322    .constdata          port_wkup.o
    0x07fcd748   0x07fcd748   0x000000f8   Data   RO         6341    .constdata          system_library.lib(patch.o)
    0x07fcd840   0x07fcd840   0x00000016   Data   RO         6365    .constdata          system_library.lib(pll_vcocal_lut.o)
    0x07fcd856   0x07fcd856   0x00000002   PAD
    0x07fcd858   0x07fcd858   0x00000047   Data   RO         5376    .conststring        user_dlg_audio_svc_def.o
    0x07fcd89f   0x07fcd89f   0x00000001   PAD
    0x07fcd8a0   0x07fcd8a0   0x00000015   Data   RO         5400    .conststrlit        app_adv_fsm.o
    0x07fcd8b5   0x07fcd8b5   0x00000003   PAD
    0x07fcd8b8   0x07fcd8b8   0x00000040   Data   RO         6406    Region$$Table       anon$$obj.o
    0x07fcd8f8   0x07fcd8f8   0x00000004   Data   RW          732    .data               arch_system.o
    0x07fcd8fc   0x07fcd8fc   0x00000010   Data   RW         5377    .data               user_dlg_audio_svc_def.o
    0x07fcd90c   0x07fcd90c   0x00000010   Data   RW         5378    .data               user_dlg_audio_svc_def.o
    0x07fcd91c   0x07fcd91c   0x00000010   Data   RW         5379    .data               user_dlg_audio_svc_def.o
    0x07fcd92c   0x07fcd92c   0x00000010   Data   RW         5380    .data               user_dlg_audio_svc_def.o
    0x07fcd93c   0x07fcd93c   0x00000002   Data   RW         5381    .data               user_dlg_audio_svc_def.o
    0x07fcd93e   0x07fcd93e   0x00000002   Data   RW         5382    .data               user_dlg_audio_svc_def.o
    0x07fcd940   0x07fcd940   0x00000002   Data   RW         5383    .data               user_dlg_audio_svc_def.o
    0x07fcd942   0x07fcd942   0x00000002   Data   RW         5384    .data               user_dlg_audio_svc_def.o
    0x07fcd944   0x07fcd944   0x000000f0   Data   RW         5385    .data               user_dlg_audio_svc_def.o
    0x07fcda34   0x07fcda34   0x00000016   Data   RW         6023    .data               port_kbd.o
    0x07fcda4a   0x07fcda4a   0x00000002   PAD
    0x07fcda4c   0x07fcda4c   0x00000008   Data   RW         6221    .data               port_stream.o


    Execution Region ER_PRODTEST (Exec base: 0x07fcda58, Load base: 0x07fcda54, Size: 0x00000000, Max: 0xffffffff, ABSOLUTE, UNINIT)

    **** No section assigned to this execution region ****


    Execution Region ER_ZI (Exec base: 0x07fcda58, Load base: 0x07fcda54, Size: 0x0000070c, Max: 0xffffffff, ABSOLUTE)

    Exec Addr    Load Addr    Size         Type   Attr      Idx    E Section Name        Object

    0x07fcda58        -       0x00000600   Zero   RW          202    STACK               boot_vectors.o
    0x07fce058        -       0x0000010c   Zero   RW          640    heap_mem_area_not_ret  jump_table.o



  Load Region LR_RETAINED_RAM0 (Base: 0x07fd2574, Size: 0x00000000, Max: 0xffffffff, ABSOLUTE)

    Execution Region RET_DATA_UNINIT (Exec base: 0x07fd2574, Load base: 0x07fd2574, Size: 0x00000000, Max: 0x00000000, ABSOLUTE, UNINIT)

    **** No section assigned to this execution region ****


    Execution Region RET_DATA (Exec base: 0x07fd2574, Load base: 0x07fd2574, Size: 0x00000fa0, Max: 0x00001e00, ABSOLUTE)

    Exec Addr    Load Addr    Size         Type   Attr      Idx    E Section Name        Object

    0x07fd2574        -       0x00000020   Zero   RW          887    .bss                dma.o
    0x07fd2594        -       0x00000014   Zero   RW          931    .bss                gpio.o
    0x07fd25a8        -       0x00000004   Zero   RW         1245    .bss                pdm.o
    0x07fd25ac        -       0x00000030   Zero   RW         1268    .bss                pdm_mic.o
    0x07fd25dc        -       0x00000002   Zero   RW         1305    .bss                spi.o
    0x07fd25de   0x07fd2574   0x00000002   PAD
    0x07fd25e0        -       0x00000010   Zero   RW         1340    .bss                spi_flash.o
    0x07fd25f0        -       0x00000004   Zero   RW         1436    .bss                systick.o
    0x07fd25f4        -       0x00000004   Zero   RW         1467    .bss                timer0.o
    0x07fd25f8        -       0x00000004   Zero   RW         3488    .bss                user_rcu_audio.o
    0x07fd25fc        -       0x00000001   Zero   RW         3572    .bss                user_rcu_motion.o
    0x07fd25fd        -       0x00000001   Zero   RW         5075    .bss                i2c_azotouch.o
    0x07fd25fe   0x07fd2574   0x00000002   PAD
    0x07fd2600        -       0x000000f8   Zero   RW         5428    .bss                app_audio.o
    0x07fd26f8        -       0x00000002   Zero   RW         5543    .bss                app_flash.o
    0x07fd26fa        -       0x00000400   Zero   RW         5747    .bss                app_stream.o
    0x07fd2afa        -       0x0000000a   Zero   RW         5773    .bss                app_touchpad.o
    0x07fd2b04        -       0x000001ec   Zero   RW         5882    .bss                port_audio.o
    0x07fd2cf0        -       0x00000038   Zero   RW         6020    .bss                port_kbd.o
    0x07fd2d28        -       0x00000004   Zero   RW         6112    .bss                port_multi_bond.o
    0x07fd2d2c        -       0x00000003   Zero   RW         6220    .bss                port_stream.o
    0x07fd2d2f   0x07fd2574   0x00000001   PAD
    0x07fd2d30        -       0x00000008   Zero   RW          343    retention_mem_area0  arch_main.o
    0x07fd2d38        -       0x00000004   Zero   RW          696    retention_mem_area0  arch_sleep.o
    0x07fd2d3c   0x07fd2574   0x00000004   PAD
    0x07fd2d40        -       0x00000030   Zero   RW          733    retention_mem_area0  arch_system.o
    0x07fd2d70        -       0x00000024   Zero   RW         1639    retention_mem_area0  uart2.o
    0x07fd2d94        -       0x0000000c   Zero   RW         1707    retention_mem_area0  wkupct_quadec.o
    0x07fd2da0        -       0x00000001   Zero   RW         1778    retention_mem_area0  rf_585.o
    0x07fd2da1   0x07fd2574   0x00000003   PAD
    0x07fd2da4        -       0x00000014   Zero   RW         1827    retention_mem_area0  rwble.o
    0x07fd2db8        -       0x00000004   Zero   RW         1940    retention_mem_area0  rwip.o
    0x07fd2dbc        -       0x00000078   Zero   RW         2438    retention_mem_area0  prf.o
    0x07fd2e34        -       0x00000038   Zero   RW         2639    retention_mem_area0  app.o
    0x07fd2e6c        -       0x00000001   Zero   RW         2792    retention_mem_area0  app_task.o
    0x07fd2e6d   0x07fd2574   0x00000001   PAD
    0x07fd2e6e        -       0x00000008   Zero   RW         2862    retention_mem_area0  app_bass.o
    0x07fd2e76   0x07fd2574   0x00000002   PAD
    0x07fd2e78        -       0x0000022c   Zero   RW         2960    retention_mem_area0  app_suotar.o
    0x07fd30a4        -       0x00000018   Zero   RW         3183    retention_mem_area0  app_easy_msg_utils.o
    0x07fd30bc        -       0x00000018   Zero   RW         3244    retention_mem_area0  app_easy_security.o
    0x07fd30d4        -       0x00000050   Zero   RW         3347    retention_mem_area0  app_easy_timer.o
    0x07fd3124        -       0x0000000e   Zero   RW         3422    retention_mem_area0  user_rcu.o
    0x07fd3132   0x07fd2574   0x00000002   PAD
    0x07fd3134        -       0x00000038   Zero   RW         3491    retention_mem_area0  user_rcu_audio.o
    0x07fd316c        -       0x00000001   Zero   RW         3551    retention_mem_area0  user_rcu_kbd.o
    0x07fd316d   0x07fd2574   0x00000001   PAD
    0x07fd316e        -       0x00000006   Zero   RW         3573    retention_mem_area0  user_rcu_motion.o
    0x07fd3174        -       0x00000004   Zero   RW         3675    retention_mem_area0  user_pwr_mgr.o
    0x07fd3178        -       0x00000001   Zero   RW         5076    retention_mem_area0  i2c_azotouch.o
    0x07fd3179   0x07fd2574   0x00000001   PAD
    0x07fd317a        -       0x00000004   Zero   RW         5345    retention_mem_area0  app_hogpd.o
    0x07fd317e   0x07fd2574   0x00000002   PAD
    0x07fd3180        -       0x0000004d   Zero   RW         5401    retention_mem_area0  app_adv_fsm.o
    0x07fd31cd        -       0x00000002   Zero   RW         5430    retention_mem_area0  app_audio.o
    0x07fd31cf        -       0x0000000a   Zero   RW         5488    retention_mem_area0  app_con_fsm.o
    0x07fd31d9   0x07fd2574   0x00000003   PAD
    0x07fd31dc        -       0x000000e8   Zero   RW         5574    retention_mem_area0  app_hid_report.o
    0x07fd32c4        -       0x00000074   Zero   RW         5604    retention_mem_area0  app_kbd.o
    0x07fd3338        -       0x0000002c   Zero   RW         5639    retention_mem_area0  app_leds.o
    0x07fd3364        -       0x00000028   Zero   RW         5748    retention_mem_area0  app_stream.o
    0x07fd338c        -       0x00000001   Zero   RW         5776    retention_mem_area0  app_touchpad.o
    0x07fd338d   0x07fd2574   0x00000003   PAD
    0x07fd3390        -       0x00000008   Zero   RW         6024    retention_mem_area0  port_kbd.o
    0x07fd3398        -       0x00000004   Zero   RW         6070    retention_mem_area0  port_leds.o
    0x07fd339c        -       0x000000f8   Zero   RW         6115    retention_mem_area0  port_multi_bond.o
    0x07fd3494        -       0x00000006   Zero   RW         6117    retention_mem_area0  port_multi_bond.o
    0x07fd349a        -       0x00000009   Zero   RW         6242    retention_mem_area0  port_timer.o
    0x07fd34a3   0x07fd2574   0x00000001   PAD
    0x07fd34a4        -       0x00000034   Zero   RW         6270    retention_mem_area0  port_touchpad.o
    0x07fd34d8        -       0x00000014   Zero   RW         6323    retention_mem_area0  port_wkup.o
    0x07fd34ec        -       0x00000028   Zero   RW         6366    retention_mem_area0  system_library.lib(pll_vcocal_lut.o)


    Execution Region RET_HEAP (Exec base: 0x07fd3514, Load base: 0x07fd2574, Size: 0x0000188c, Max: 0x0000188c, ABSOLUTE)

    Exec Addr    Load Addr    Size         Type   Attr      Idx    E Section Name        Object

    0x07fd3514        -       0x00000a0c   Zero   RW          638    heap_db_area        jump_table.o
    0x07fd3f20        -       0x00000274   Zero   RW          639    heap_env_area       jump_table.o
    0x07fd4194        -       0x00000c0c   Zero   RW          641    heap_msg_area       jump_table.o



  Load Region LR$$.ARM.__AT_0x50003400 (Base: 0x50003400, Size: 0x00000000, Max: 0x00000004, ABSOLUTE)

    Execution Region ER$$.ARM.__AT_0x50003400 (Exec base: 0x50003400, Load base: 0x50003400, Size: 0x00000004, Max: 0x00000004, ABSOLUTE, UNINIT)

    Exec Addr    Load Addr    Size         Type   Attr      Idx    E Section Name        Object

    0x50003400        -       0x00000002   Zero   RW         1466    .ARM.__AT_0x50003400  timer0.o



  Load Region LR$$.ARM.__AT_0x50003410 (Base: 0x50003410, Size: 0x00000000, Max: 0x00000004, ABSOLUTE)

    Execution Region ER$$.ARM.__AT_0x50003410 (Exec base: 0x50003410, Load base: 0x50003410, Size: 0x00000004, Max: 0x00000004, ABSOLUTE, UNINIT)

    Exec Addr    Load Addr    Size         Type   Attr      Idx    E Section Name        Object

    0x50003410        -       0x00000002   Zero   RW         1540    .ARM.__AT_0x50003410  timer2.o

